#
# There is insufficient memory for the Java Runtime Environment to continue.
# Native memory allocation (malloc) failed to allocate 676096 bytes. Error detail: Chunk::new
# Possible reasons:
#   The system is out of physical RAM or swap space
#   This process is running with CompressedOops enabled, and the Java Heap may be blocking the growth of the native heap
# Possible solutions:
#   Reduce memory load on the system
#   Increase physical memory or swap space
#   Check if swap backing store is full
#   Decrease Java heap size (-Xmx/-Xms)
#   Decrease number of Java threads
#   Decrease Java thread stack sizes (-Xss)
#   Set larger code cache with -XX:ReservedCodeCacheSize=
#   JVM is running with Unscaled Compressed Oops mode in which the Java heap is
#     placed in the first 4GB address space. The Java Heap base address is the
#     maximum limit for the native heap growth. Please use -XX:HeapBaseMinAddress
#     to set the Java Heap base and to place the Java Heap above 4GB virtual address.
# This output file may be truncated or incomplete.
#
#  Out of Memory Error (arena.cpp:168), pid=29832, tid=35736
#
# JRE version: OpenJDK Runtime Environment Temurin-21.0.12.1+1 (21.0.12.1+1) (build 21.0.12.1+1-LTS)
# Java VM: OpenJDK 64-Bit Server VM Temurin-21.0.12.1+1 (21.0.12.1+1-LTS, mixed mode, sharing, tiered, compressed oops, compressed class ptrs, parallel gc, windows-amd64)
# No core dump will be written. Minidumps are not enabled by default on client versions of Windows
#

---------------  S U M M A R Y ------------

Command Line: --add-modules=ALL-SYSTEM --add-opens=java.base/java.util=ALL-UNNAMED --add-opens=java.base/java.lang=ALL-UNNAMED --add-opens=java.base/sun.nio.fs=ALL-UNNAMED -Declipse.application=org.eclipse.jdt.ls.core.id1 -Dosgi.bundles.defaultStartLevel=4 -Declipse.product=org.eclipse.jdt.ls.core.product -Djava.import.generatesMetadataFilesAtProjectRoot=false -Dm2e.project.cache.size=50 -DDetectVMInstallationsJob.disabled=true -Dfile.encoding=utf8 -XX:+UseParallelGC -XX:GCTimeRatio=4 -XX:AdaptiveSizePolicyWeight=90 -Dsun.zip.disableMemoryMapping=true -Xmx2G -Xms100m -Xlog:disable -javaagent:c:\Users\jeeho\.vscode\extensions\redhat.java-1.56.0-win32-x64\lombok\lombok-1.18.39-4050.jar -XX:+HeapDumpOnOutOfMemoryError -XX:HeapDumpPath=c:\Users\jeeho\AppData\Roaming\Code\User\workspaceStorage\7caecd79442af921e5ea7064fd4da5f2\redhat.java -Daether.dependencyCollector.impl=bf c:\Users\jeeho\.vscode\extensions\redhat.java-1.56.0-win32-x64\server\plugins\org.eclipse.equinox.launcher_1.8.0.v20260804-1928.jar -configuration c:\Users\jeeho\AppData\Roaming\Code\User\globalStorage\redhat.java\1.56.0\config_win -data c:\Users\jeeho\AppData\Roaming\Code\User\workspaceStorage\7caecd79442af921e5ea7064fd4da5f2\redhat.java\jdt_ws --pipe=\\.\pipe\lsp-ced22149ba0e5b3720b0147b805c2fde-sock

Host: 12th Gen Intel(R) Core(TM) i7-1255U, 12 cores, 7G,  Windows 11 , 64 bit Build 26100 (10.0.26100.9444)
Time: Mon Sep 21 22:50:45 2026 elapsed time: 24.521079 seconds (0d 0h 0m 24s)

---------------  T H R E A D  ---------------

Current thread (0x000002db2debf670):  JavaThread "C2 CompilerThread0" daemon [_thread_in_native, id=35736, stack(0x000000eb2d300000,0x000000eb2d400000) (1024K)]


Current CompileTask:
C2:24521 4249       4       org.lombokweb.asm.ClassReader::readMethod (1070 bytes)

Stack: [0x000000eb2d300000,0x000000eb2d400000]
Native frames: (J=compiled Java code, j=interpreted, Vv=VM code, C=native code)
V  [jvm.dll+0x6d83e9]
V  [jvm.dll+0x8b5736]
V  [jvm.dll+0x8b7cee]
V  [jvm.dll+0x8b83d3]
V  [jvm.dll+0x284596]
V  [jvm.dll+0xc685d]
V  [jvm.dll+0xc6da1]
V  [jvm.dll+0x2fb5ae]
V  [jvm.dll+0x5fee94]
V  [jvm.dll+0x255d67]
V  [jvm.dll+0x25612d]
V  [jvm.dll+0x24e6a0]
V  [jvm.dll+0x24bbe6]
V  [jvm.dll+0x1cb4ae]
V  [jvm.dll+0x25baad]
V  [jvm.dll+0x25a03a]
V  [jvm.dll+0x3f8aae]
V  [jvm.dll+0x8600cd]
V  [jvm.dll+0x6d6c1d]
C  [ucrtbase.dll+0x2cd30]
C  [KERNEL32.DLL+0x2cd87]
C  [ntdll.dll+0xacaec]


---------------  P R O C E S S  ---------------

Threads class SMR info:
_java_thread_list=0x000002db8d395650, length=23, elements={
0x000002db2de0bad0, 0x000002db2ddb9430, 0x000002db86bea8f0, 0x000002db86bed0a0,
0x000002db86bee150, 0x000002db2deb03a0, 0x000002db2deb0a30, 0x000002db2debf670,
0x000002db2dec36b0, 0x000002db2deb1de0, 0x000002db2deb2470, 0x000002db2deaf680,
0x000002db2deaeff0, 0x000002db2deafd10, 0x000002db2deb10c0, 0x000002db2deb1750,
0x000002db8c7f0470, 0x000002db8c7eea30, 0x000002db8c7edd10, 0x000002db8c7ee3a0,
0x000002db8c7ecff0, 0x000002db8c7ef0c0, 0x000002db8c7ef750
}

Java Threads: ( => current thread )
  0x000002db2de0bad0 JavaThread "main"                              [_thread_blocked, id=2732, stack(0x000000eb2c900000,0x000000eb2ca00000) (1024K)]
  0x000002db2ddb9430 JavaThread "Reference Handler"          daemon [_thread_blocked, id=14040, stack(0x000000eb2cd00000,0x000000eb2ce00000) (1024K)]
  0x000002db86bea8f0 JavaThread "Finalizer"                  daemon [_thread_blocked, id=26052, stack(0x000000eb2ce00000,0x000000eb2cf00000) (1024K)]
  0x000002db86bed0a0 JavaThread "Signal Dispatcher"          daemon [_thread_blocked, id=40888, stack(0x000000eb2cf00000,0x000000eb2d000000) (1024K)]
  0x000002db86bee150 JavaThread "Attach Listener"            daemon [_thread_blocked, id=30280, stack(0x000000eb2d000000,0x000000eb2d100000) (1024K)]
  0x000002db2deb03a0 JavaThread "Service Thread"             daemon [_thread_blocked, id=29148, stack(0x000000eb2d100000,0x000000eb2d200000) (1024K)]
  0x000002db2deb0a30 JavaThread "Monitor Deflation Thread"   daemon [_thread_blocked, id=40540, stack(0x000000eb2d200000,0x000000eb2d300000) (1024K)]
=>0x000002db2debf670 JavaThread "C2 CompilerThread0"         daemon [_thread_in_native, id=35736, stack(0x000000eb2d300000,0x000000eb2d400000) (1024K)]
  0x000002db2dec36b0 JavaThread "C1 CompilerThread0"         daemon [_thread_in_native, id=2728, stack(0x000000eb2d400000,0x000000eb2d500000) (1024K)]
  0x000002db2deb1de0 JavaThread "Common-Cleaner"             daemon [_thread_blocked, id=40368, stack(0x000000eb2d500000,0x000000eb2d600000) (1024K)]
  0x000002db2deb2470 JavaThread "Notification Thread"        daemon [_thread_blocked, id=24764, stack(0x000000eb2d600000,0x000000eb2d700000) (1024K)]
  0x000002db2deaf680 JavaThread "Active Thread: Equinox Container: 644ba889-2986-4d0b-951b-41801490549c"        [_thread_blocked, id=26700, stack(0x000000eb2dd00000,0x000000eb2de00000) (1024K)]
  0x000002db2deaeff0 JavaThread "Refresh Thread: Equinox Container: 644ba889-2986-4d0b-951b-41801490549c" daemon [_thread_blocked, id=31868, stack(0x000000eb2df00000,0x000000eb2e000000) (1024K)]
  0x000002db2deafd10 JavaThread "Framework Event Dispatcher: Equinox Container: 644ba889-2986-4d0b-951b-41801490549c" daemon [_thread_blocked, id=2876, stack(0x000000eb2e000000,0x000000eb2e100000) (1024K)]
  0x000002db2deb10c0 JavaThread "Start Level: Equinox Container: 644ba889-2986-4d0b-951b-41801490549c" daemon [_thread_in_native, id=32516, stack(0x000000eb2e100000,0x000000eb2e200000) (1024K)]
  0x000002db2deb1750 JavaThread "Bundle File Closer"         daemon [_thread_blocked, id=22224, stack(0x000000eb2e400000,0x000000eb2e500000) (1024K)]
  0x000002db8c7f0470 JavaThread "SCR Component Actor"        daemon [_thread_blocked, id=38664, stack(0x000000eb2e500000,0x000000eb2e600000) (1024K)]
  0x000002db8c7eea30 JavaThread "Worker-JM"                         [_thread_blocked, id=29476, stack(0x000000eb2e600000,0x000000eb2e700000) (1024K)]
  0x000002db8c7edd10 JavaThread "JNA Cleaner"                daemon [_thread_blocked, id=34020, stack(0x000000eb2e700000,0x000000eb2e800000) (1024K)]
  0x000002db8c7ee3a0 JavaThread "Worker-0: Repository registry initialization"        [_thread_in_vm, id=41128, stack(0x000000eb2e800000,0x000000eb2e900000) (1024K)]
  0x000002db8c7ecff0 JavaThread "Worker-1: Updating Maven Dependencies"        [_thread_blocked, id=756, stack(0x000000eb2e900000,0x000000eb2ea00000) (1024K)]
  0x000002db8c7ef0c0 JavaThread "Worker-2"                          [_thread_blocked, id=38272, stack(0x000000eb2ea00000,0x000000eb2eb00000) (1024K)]
  0x000002db8c7ef750 JavaThread "Worker-3"                          [_thread_blocked, id=26632, stack(0x000000eb2eb00000,0x000000eb2ec00000) (1024K)]
Total: 23

Other Threads:
  0x000002db86be10a0 VMThread "VM Thread"                           [id=26676, stack(0x000000eb2cc00000,0x000000eb2cd00000) (1024K)]
  0x000002db2dc9ca00 WatcherThread "VM Periodic Task Thread"        [id=5632, stack(0x000000eb2cb00000,0x000000eb2cc00000) (1024K)]
  0x000002db2de2a0d0 WorkerThread "GC Thread#0"                     [id=38740, stack(0x000000eb2ca00000,0x000000eb2cb00000) (1024K)]
  0x000002db8c1de250 WorkerThread "GC Thread#1"                     [id=40160, stack(0x000000eb2d700000,0x000000eb2d800000) (1024K)]
  0x000002db8c1353d0 WorkerThread "GC Thread#2"                     [id=18548, stack(0x000000eb2d800000,0x000000eb2d900000) (1024K)]
  0x000002db8c135780 WorkerThread "GC Thread#3"                     [id=34148, stack(0x000000eb2d900000,0x000000eb2da00000) (1024K)]
  0x000002db8c135b30 WorkerThread "GC Thread#4"                     [id=33840, stack(0x000000eb2da00000,0x000000eb2db00000) (1024K)]
  0x000002db86f92170 WorkerThread "GC Thread#5"                     [id=37020, stack(0x000000eb2db00000,0x000000eb2dc00000) (1024K)]
  0x000002db86f92520 WorkerThread "GC Thread#6"                     [id=32052, stack(0x000000eb2dc00000,0x000000eb2dd00000) (1024K)]
  0x000002db8c5d97a0 WorkerThread "GC Thread#7"                     [id=30640, stack(0x000000eb2de00000,0x000000eb2df00000) (1024K)]
  0x000002db8c0810c0 WorkerThread "GC Thread#8"                     [id=3320, stack(0x000000eb2e200000,0x000000eb2e300000) (1024K)]
  0x000002db86e7d280 WorkerThread "GC Thread#9"                     [id=17092, stack(0x000000eb2e300000,0x000000eb2e400000) (1024K)]
Total: 12

Threads with active compile tasks:
C2 CompilerThread0  24652 4249       4       org.lombokweb.asm.ClassReader::readMethod (1070 bytes)
C1 CompilerThread0  24653 4446       3       com.sun.org.apache.xerces.internal.impl.XMLEntityManager::setFeature (92 bytes)
Total: 2

VM state: not at safepoint (normal execution)

VM Mutex/Monitor currently owned by a thread: None

Heap address: 0x0000000080000000, size: 2048 MB, Compressed Oops mode: 32-bit

CDS archive(s) mapped at: [0x000002db45000000-0x000002db45ba0000-0x000002db45ba0000), size 12189696, SharedBaseAddress: 0x000002db45000000, ArchiveRelocationMode: 1.
Compressed class space mapped at: 0x000002db46000000-0x000002db86000000, reserved size: 1073741824
Narrow klass base: 0x000002db45000000, Narrow klass shift: 0, Narrow klass range: 0x100000000

GC Precious Log:
 CardTable entry size: 512
 CPUs: 12 total, 12 available
 Memory: 7893M
 Large Page Support: Disabled
 NUMA Support: Disabled
 Compressed Oops: Enabled (32-bit)
 Alignments: Space 512K, Generation 512K, Heap 2M
 Heap Min Capacity: 100M
 Heap Initial Capacity: 100M
 Heap Max Capacity: 2G
 Pre-touch: Disabled
 Parallel Workers: 10

Heap:
 PSYoungGen      total 24576K, used 9347K [0x00000000d5580000, 0x00000000d7180000, 0x0000000100000000)
  eden space 23552K, 36% used [0x00000000d5580000,0x00000000d5dcd8c8,0x00000000d6c80000)
  from space 1024K, 82% used [0x00000000d6f00000,0x00000000d6fd3360,0x00000000d7000000)
  to   space 1536K, 0% used [0x00000000d7000000,0x00000000d7000000,0x00000000d7180000)
 ParOldGen       total 68608K, used 16378K [0x0000000080000000, 0x0000000084300000, 0x00000000d5580000)
  object space 68608K, 23% used [0x0000000080000000,0x0000000080ffe9e0,0x0000000084300000)
 Metaspace       used 31229K, committed 32192K, reserved 1114112K
  class space    used 3217K, committed 3648K, reserved 1048576K

Card table byte_map: [0x000002db2d7b0000,0x000002db2dbc0000] _byte_map_base: 0x000002db2d3b0000

Marking Bits: (ParMarkBitMap*) 0x00007ff800d844a0
 Begin Bits: [0x000002db402c0000, 0x000002db422c0000)
 End Bits:   [0x000002db422c0000, 0x000002db442c0000)

Polling page: 0x000002db2bfa0000

Metaspace:

Usage:
  Non-class:     27.36 MB used.
      Class:      3.14 MB used.
       Both:     30.50 MB used.

Virtual space:
  Non-class space:       64.00 MB reserved,      27.88 MB ( 44%) committed,  1 nodes.
      Class space:        1.00 GB reserved,       3.56 MB ( <1%) committed,  1 nodes.
             Both:        1.06 GB reserved,      31.44 MB (  3%) committed. 

Chunk freelists:
   Non-Class:  3.88 MB
       Class:  12.45 MB
        Both:  16.33 MB

MaxMetaspaceSize: unlimited
CompressedClassSpaceSize: 1.00 GB
Initial GC threshold: 21.00 MB
Current GC threshold: 35.00 MB
CDS: on
 - commit_granule_bytes: 65536.
 - commit_granule_words: 8192.
 - virtual_space_node_default_size: 8388608.
 - enlarge_chunks_in_place: 1.
 - use_allocation_guard: 0.


Internal statistics:

num_allocs_failed_limit: 3.
num_arena_births: 744.
num_arena_deaths: 14.
num_vsnodes_births: 2.
num_vsnodes_deaths: 0.
num_space_committed: 503.
num_space_uncommitted: 0.
num_chunks_returned_to_freelist: 17.
num_chunks_taken_from_freelist: 2090.
num_chunk_merges: 4.
num_chunk_splits: 1298.
num_chunks_enlarged: 747.
num_inconsistent_stats: 0.

CodeHeap 'non-profiled nmethods': size=120000Kb used=2033Kb max_used=2033Kb free=117966Kb
 bounds [0x000002db38ae0000, 0x000002db38d50000, 0x000002db40010000]
CodeHeap 'profiled nmethods': size=120000Kb used=9502Kb max_used=9502Kb free=110498Kb
 bounds [0x000002db31010000, 0x000002db31960000, 0x000002db38540000]
CodeHeap 'non-nmethods': size=5760Kb used=1342Kb max_used=1394Kb free=4417Kb
 bounds [0x000002db38540000, 0x000002db387b0000, 0x000002db38ae0000]
CodeCache: size=245760Kb, used=12877Kb, max_used=12929Kb, free=232881Kb
 total_blobs=5070, nmethods=4436, adapters=540, full_count=0
Compilation: enabled, stopped_count=0, restarted_count=0

Compilation events (20 events):
Event: 24.477 Thread 0x000002db2dec36b0 4377       3       java.lang.StringUTF16::checkIndex (9 bytes)
Event: 24.478 Thread 0x000002db2dec36b0 nmethod 4377 0x000002db31938a90 code [0x000002db31938c40, 0x000002db31938e38]
Event: 24.478 Thread 0x000002db2dec36b0 4378       3       java.lang.StringUTF16::putCharSB (12 bytes)
Event: 24.478 Thread 0x000002db2dec36b0 nmethod 4378 0x000002db31938f90 code [0x000002db31939140, 0x000002db319393a0]
Event: 24.478 Thread 0x000002db2dec36b0 4379       3       org.objectweb.asm.ClassReader::readUnsignedShort (26 bytes)
Event: 24.478 Thread 0x000002db2dec36b0 nmethod 4379 0x000002db31939510 code [0x000002db319396c0, 0x000002db31939830]
Event: 24.479 Thread 0x000002db2dec36b0 4380       3       java.lang.AbstractStringBuilder::append (37 bytes)
Event: 24.479 Thread 0x000002db2dec36b0 nmethod 4380 0x000002db31939910 code [0x000002db31939ae0, 0x000002db31939de0]
Event: 24.484 Thread 0x000002db2dec36b0 4381       3       java.nio.HeapByteBuffer::getInt (29 bytes)
Event: 24.486 Thread 0x000002db2dec36b0 nmethod 4381 0x000002db31939f90 code [0x000002db3193a200, 0x000002db3193abe0]
Event: 24.486 Thread 0x000002db2dec36b0 4382   !   3       jdk.internal.misc.ScopedMemoryAccess::getIntUnaligned (18 bytes)
Event: 24.486 Thread 0x000002db2dec36b0 nmethod 4382 0x000002db3193b010 code [0x000002db3193b200, 0x000002db3193b6c8]
Event: 24.510 Thread 0x000002db2dec36b0 4383       3       jdk.internal.org.objectweb.asm.MethodWriter::visitTryCatchBlock (67 bytes)
Event: 24.510 Thread 0x000002db2dec36b0 nmethod 4383 0x000002db3193b990 code [0x000002db3193bb60, 0x000002db3193c000]
Event: 24.510 Thread 0x000002db2dec36b0 4386       3       jdk.internal.org.objectweb.asm.Edge::<init> (20 bytes)
Event: 24.511 Thread 0x000002db2dec36b0 nmethod 4386 0x000002db3193c210 code [0x000002db3193c3c0, 0x000002db3193c560]
Event: 24.511 Thread 0x000002db2dec36b0 4384       3       jdk.internal.org.objectweb.asm.Handler::<init> (32 bytes)
Event: 24.511 Thread 0x000002db2dec36b0 nmethod 4384 0x000002db3193c610 code [0x000002db3193c7c0, 0x000002db3193c980]
Event: 24.511 Thread 0x000002db2dec36b0 4385       3       jdk.internal.org.objectweb.asm.Frame::getConcreteOutputType (111 bytes)
Event: 24.511 Thread 0x000002db2dec36b0 nmethod 4385 0x000002db3193ca10 code [0x000002db3193cbe0, 0x000002db3193cf70]

GC Heap History (20 events):
Event: 7.668 GC heap before
{Heap before GC invocations=3 (full 0):
 PSYoungGen      total 29696K, used 29681K [0x00000000d5580000, 0x00000000d7680000, 0x0000000100000000)
  eden space 25600K, 100% used [0x00000000d5580000,0x00000000d6e80000,0x00000000d6e80000)
  from space 4096K, 99% used [0x00000000d7280000,0x00000000d767c4a8,0x00000000d7680000)
  to   space 4096K, 0% used [0x00000000d6e80000,0x00000000d6e80000,0x00000000d7280000)
 ParOldGen       total 68608K, used 2181K [0x0000000080000000, 0x0000000084300000, 0x00000000d5580000)
  object space 68608K, 3% used [0x0000000080000000,0x00000000802214a0,0x0000000084300000)
 Metaspace       used 9505K, committed 9856K, reserved 1114112K
  class space    used 1013K, committed 1152K, reserved 1048576K
}
Event: 7.682 GC heap after
{Heap after GC invocations=3 (full 0):
 PSYoungGen      total 29696K, used 4070K [0x00000000d5580000, 0x00000000d7680000, 0x0000000100000000)
  eden space 25600K, 0% used [0x00000000d5580000,0x00000000d5580000,0x00000000d6e80000)
  from space 4096K, 99% used [0x00000000d6e80000,0x00000000d72798d8,0x00000000d7280000)
  to   space 4096K, 0% used [0x00000000d7280000,0x00000000d7280000,0x00000000d7680000)
 ParOldGen       total 68608K, used 4899K [0x0000000080000000, 0x0000000084300000, 0x00000000d5580000)
  object space 68608K, 7% used [0x0000000080000000,0x00000000804c8f50,0x0000000084300000)
 Metaspace       used 9505K, committed 9856K, reserved 1114112K
  class space    used 1013K, committed 1152K, reserved 1048576K
}
Event: 11.007 GC heap before
{Heap before GC invocations=4 (full 0):
 PSYoungGen      total 29696K, used 29670K [0x00000000d5580000, 0x00000000d7680000, 0x0000000100000000)
  eden space 25600K, 100% used [0x00000000d5580000,0x00000000d6e80000,0x00000000d6e80000)
  from space 4096K, 99% used [0x00000000d6e80000,0x00000000d72798d8,0x00000000d7280000)
  to   space 4096K, 0% used [0x00000000d7280000,0x00000000d7280000,0x00000000d7680000)
 ParOldGen       total 68608K, used 4899K [0x0000000080000000, 0x0000000084300000, 0x00000000d5580000)
  object space 68608K, 7% used [0x0000000080000000,0x00000000804c8f50,0x0000000084300000)
 Metaspace       used 11591K, committed 12032K, reserved 1114112K
  class space    used 1222K, committed 1408K, reserved 1048576K
}
Event: 11.018 GC heap after
{Heap after GC invocations=4 (full 0):
 PSYoungGen      total 29696K, used 4069K [0x00000000d5580000, 0x00000000d7680000, 0x0000000100000000)
  eden space 25600K, 0% used [0x00000000d5580000,0x00000000d5580000,0x00000000d6e80000)
  from space 4096K, 99% used [0x00000000d7280000,0x00000000d7679700,0x00000000d7680000)
  to   space 4096K, 0% used [0x00000000d6e80000,0x00000000d6e80000,0x00000000d7280000)
 ParOldGen       total 68608K, used 6985K [0x0000000080000000, 0x0000000084300000, 0x00000000d5580000)
  object space 68608K, 10% used [0x0000000080000000,0x00000000806d24d0,0x0000000084300000)
 Metaspace       used 11591K, committed 12032K, reserved 1114112K
  class space    used 1222K, committed 1408K, reserved 1048576K
}
Event: 14.364 GC heap before
{Heap before GC invocations=5 (full 0):
 PSYoungGen      total 29696K, used 29669K [0x00000000d5580000, 0x00000000d7680000, 0x0000000100000000)
  eden space 25600K, 100% used [0x00000000d5580000,0x00000000d6e80000,0x00000000d6e80000)
  from space 4096K, 99% used [0x00000000d7280000,0x00000000d7679700,0x00000000d7680000)
  to   space 4096K, 0% used [0x00000000d6e80000,0x00000000d6e80000,0x00000000d7280000)
 ParOldGen       total 68608K, used 6985K [0x0000000080000000, 0x0000000084300000, 0x00000000d5580000)
  object space 68608K, 10% used [0x0000000080000000,0x00000000806d24d0,0x0000000084300000)
 Metaspace       used 15604K, committed 16256K, reserved 1114112K
  class space    used 1617K, committed 1920K, reserved 1048576K
}
Event: 14.372 GC heap after
{Heap after GC invocations=5 (full 0):
 PSYoungGen      total 29184K, used 4083K [0x00000000d5580000, 0x00000000d7900000, 0x0000000100000000)
  eden space 25088K, 0% used [0x00000000d5580000,0x00000000d5580000,0x00000000d6e00000)
  from space 4096K, 99% used [0x00000000d6e80000,0x00000000d727cee0,0x00000000d7280000)
  to   space 5632K, 0% used [0x00000000d7380000,0x00000000d7380000,0x00000000d7900000)
 ParOldGen       total 68608K, used 8093K [0x0000000080000000, 0x0000000084300000, 0x00000000d5580000)
  object space 68608K, 11% used [0x0000000080000000,0x00000000807e7510,0x0000000084300000)
 Metaspace       used 15604K, committed 16256K, reserved 1114112K
  class space    used 1617K, committed 1920K, reserved 1048576K
}
Event: 19.761 GC heap before
{Heap before GC invocations=6 (full 0):
 PSYoungGen      total 29184K, used 29171K [0x00000000d5580000, 0x00000000d7900000, 0x0000000100000000)
  eden space 25088K, 100% used [0x00000000d5580000,0x00000000d6e00000,0x00000000d6e00000)
  from space 4096K, 99% used [0x00000000d6e80000,0x00000000d727cee0,0x00000000d7280000)
  to   space 5632K, 0% used [0x00000000d7380000,0x00000000d7380000,0x00000000d7900000)
 ParOldGen       total 68608K, used 8093K [0x0000000080000000, 0x0000000084300000, 0x00000000d5580000)
  object space 68608K, 11% used [0x0000000080000000,0x00000000807e7510,0x0000000084300000)
 Metaspace       used 18757K, committed 19456K, reserved 1114112K
  class space    used 1972K, committed 2240K, reserved 1048576K
}
Event: 19.768 GC heap after
{Heap after GC invocations=6 (full 0):
 PSYoungGen      total 30208K, used 5164K [0x00000000d5580000, 0x00000000d7900000, 0x0000000100000000)
  eden space 24576K, 0% used [0x00000000d5580000,0x00000000d5580000,0x00000000d6d80000)
  from space 5632K, 91% used [0x00000000d7380000,0x00000000d788b388,0x00000000d7900000)
  to   space 5632K, 0% used [0x00000000d6e00000,0x00000000d6e00000,0x00000000d7380000)
 ParOldGen       total 68608K, used 8101K [0x0000000080000000, 0x0000000084300000, 0x00000000d5580000)
  object space 68608K, 11% used [0x0000000080000000,0x00000000807e9510,0x0000000084300000)
 Metaspace       used 18757K, committed 19456K, reserved 1114112K
  class space    used 1972K, committed 2240K, reserved 1048576K
}
Event: 21.003 GC heap before
{Heap before GC invocations=7 (full 0):
 PSYoungGen      total 30208K, used 24901K [0x00000000d5580000, 0x00000000d7900000, 0x0000000100000000)
  eden space 24576K, 80% used [0x00000000d5580000,0x00000000d68c6250,0x00000000d6d80000)
  from space 5632K, 91% used [0x00000000d7380000,0x00000000d788b388,0x00000000d7900000)
  to   space 5632K, 0% used [0x00000000d6e00000,0x00000000d6e00000,0x00000000d7380000)
 ParOldGen       total 68608K, used 8101K [0x0000000080000000, 0x0000000084300000, 0x00000000d5580000)
  object space 68608K, 11% used [0x0000000080000000,0x00000000807e9510,0x0000000084300000)
 Metaspace       used 20630K, committed 21504K, reserved 1114112K
  class space    used 2185K, committed 2560K, reserved 1048576K
}
Event: 21.012 GC heap after
{Heap after GC invocations=7 (full 0):
 PSYoungGen      total 29184K, used 4287K [0x00000000d5580000, 0x00000000d7780000, 0x0000000100000000)
  eden space 24576K, 0% used [0x00000000d5580000,0x00000000d5580000,0x00000000d6d80000)
  from space 4608K, 93% used [0x00000000d6e00000,0x00000000d722fc68,0x00000000d7280000)
  to   space 5120K, 0% used [0x00000000d7280000,0x00000000d7280000,0x00000000d7780000)
 ParOldGen       total 68608K, used 9800K [0x0000000080000000, 0x0000000084300000, 0x00000000d5580000)
  object space 68608K, 14% used [0x0000000080000000,0x00000000809920c8,0x0000000084300000)
 Metaspace       used 20630K, committed 21504K, reserved 1114112K
  class space    used 2185K, committed 2560K, reserved 1048576K
}
Event: 21.012 GC heap before
{Heap before GC invocations=8 (full 1):
 PSYoungGen      total 29184K, used 4287K [0x00000000d5580000, 0x00000000d7780000, 0x0000000100000000)
  eden space 24576K, 0% used [0x00000000d5580000,0x00000000d5580000,0x00000000d6d80000)
  from space 4608K, 93% used [0x00000000d6e00000,0x00000000d722fc68,0x00000000d7280000)
  to   space 5120K, 0% used [0x00000000d7280000,0x00000000d7280000,0x00000000d7780000)
 ParOldGen       total 68608K, used 9800K [0x0000000080000000, 0x0000000084300000, 0x00000000d5580000)
  object space 68608K, 14% used [0x0000000080000000,0x00000000809920c8,0x0000000084300000)
 Metaspace       used 20630K, committed 21504K, reserved 1114112K
  class space    used 2185K, committed 2560K, reserved 1048576K
}
Event: 21.095 GC heap after
{Heap after GC invocations=8 (full 1):
 PSYoungGen      total 29184K, used 0K [0x00000000d5580000, 0x00000000d7780000, 0x0000000100000000)
  eden space 24576K, 0% used [0x00000000d5580000,0x00000000d5580000,0x00000000d6d80000)
  from space 4608K, 0% used [0x00000000d6e00000,0x00000000d6e00000,0x00000000d7280000)
  to   space 5120K, 0% used [0x00000000d7280000,0x00000000d7280000,0x00000000d7780000)
 ParOldGen       total 68608K, used 13272K [0x0000000080000000, 0x0000000084300000, 0x00000000d5580000)
  object space 68608K, 19% used [0x0000000080000000,0x0000000080cf6020,0x0000000084300000)
 Metaspace       used 20618K, committed 21504K, reserved 1114112K
  class space    used 2182K, committed 2560K, reserved 1048576K
}
Event: 21.936 GC heap before
{Heap before GC invocations=9 (full 1):
 PSYoungGen      total 29184K, used 24576K [0x00000000d5580000, 0x00000000d7780000, 0x0000000100000000)
  eden space 24576K, 100% used [0x00000000d5580000,0x00000000d6d80000,0x00000000d6d80000)
  from space 4608K, 0% used [0x00000000d6e00000,0x00000000d6e00000,0x00000000d7280000)
  to   space 5120K, 0% used [0x00000000d7280000,0x00000000d7280000,0x00000000d7780000)
 ParOldGen       total 68608K, used 13272K [0x0000000080000000, 0x0000000084300000, 0x00000000d5580000)
  object space 68608K, 19% used [0x0000000080000000,0x0000000080cf6020,0x0000000084300000)
 Metaspace       used 22905K, committed 23744K, reserved 1114112K
  class space    used 2350K, committed 2688K, reserved 1048576K
}
Event: 21.939 GC heap after
{Heap after GC invocations=9 (full 1):
 PSYoungGen      total 25600K, used 1312K [0x00000000d5580000, 0x00000000d7400000, 0x0000000100000000)
  eden space 24064K, 0% used [0x00000000d5580000,0x00000000d5580000,0x00000000d6d00000)
  from space 1536K, 85% used [0x00000000d7280000,0x00000000d73c8208,0x00000000d7400000)
  to   space 2560K, 0% used [0x00000000d6f00000,0x00000000d6f00000,0x00000000d7180000)
 ParOldGen       total 68608K, used 13272K [0x0000000080000000, 0x0000000084300000, 0x00000000d5580000)
  object space 68608K, 19% used [0x0000000080000000,0x0000000080cf6020,0x0000000084300000)
 Metaspace       used 22905K, committed 23744K, reserved 1114112K
  class space    used 2350K, committed 2688K, reserved 1048576K
}
Event: 22.778 GC heap before
{Heap before GC invocations=10 (full 1):
 PSYoungGen      total 25600K, used 25376K [0x00000000d5580000, 0x00000000d7400000, 0x0000000100000000)
  eden space 24064K, 100% used [0x00000000d5580000,0x00000000d6d00000,0x00000000d6d00000)
  from space 1536K, 85% used [0x00000000d7280000,0x00000000d73c8208,0x00000000d7400000)
  to   space 2560K, 0% used [0x00000000d6f00000,0x00000000d6f00000,0x00000000d7180000)
 ParOldGen       total 68608K, used 13276K [0x0000000080000000, 0x0000000084300000, 0x00000000d5580000)
  object space 68608K, 19% used [0x0000000080000000,0x0000000080cf72d0,0x0000000084300000)
 Metaspace       used 26497K, committed 27392K, reserved 1114112K
  class space    used 2709K, committed 3072K, reserved 1048576K
}
Event: 22.780 GC heap after
{Heap after GC invocations=10 (full 1):
 PSYoungGen      total 26112K, used 1604K [0x00000000d5580000, 0x00000000d7300000, 0x0000000100000000)
  eden space 24064K, 0% used [0x00000000d5580000,0x00000000d5580000,0x00000000d6d00000)
  from space 2048K, 78% used [0x00000000d6f00000,0x00000000d70912f0,0x00000000d7100000)
  to   space 2048K, 0% used [0x00000000d7100000,0x00000000d7100000,0x00000000d7300000)
 ParOldGen       total 68608K, used 13284K [0x0000000080000000, 0x0000000084300000, 0x00000000d5580000)
  object space 68608K, 19% used [0x0000000080000000,0x0000000080cf92d0,0x0000000084300000)
 Metaspace       used 26497K, committed 27392K, reserved 1114112K
  class space    used 2709K, committed 3072K, reserved 1048576K
}
Event: 23.193 GC heap before
{Heap before GC invocations=11 (full 1):
 PSYoungGen      total 26112K, used 25668K [0x00000000d5580000, 0x00000000d7300000, 0x0000000100000000)
  eden space 24064K, 100% used [0x00000000d5580000,0x00000000d6d00000,0x00000000d6d00000)
  from space 2048K, 78% used [0x00000000d6f00000,0x00000000d70912f0,0x00000000d7100000)
  to   space 2048K, 0% used [0x00000000d7100000,0x00000000d7100000,0x00000000d7300000)
 ParOldGen       total 68608K, used 13454K [0x0000000080000000, 0x0000000084300000, 0x00000000d5580000)
  object space 68608K, 19% used [0x0000000080000000,0x0000000080d23910,0x0000000084300000)
 Metaspace       used 28652K, committed 29568K, reserved 1114112K
  class space    used 2912K, committed 3328K, reserved 1048576K
}
Event: 23.196 GC heap after
{Heap after GC invocations=11 (full 1):
 PSYoungGen      total 26112K, used 1627K [0x00000000d5580000, 0x00000000d7300000, 0x0000000100000000)
  eden space 24064K, 0% used [0x00000000d5580000,0x00000000d5580000,0x00000000d6d00000)
  from space 2048K, 79% used [0x00000000d7100000,0x00000000d7296da0,0x00000000d7300000)
  to   space 2048K, 0% used [0x00000000d6f00000,0x00000000d6f00000,0x00000000d7100000)
 ParOldGen       total 68608K, used 14967K [0x0000000080000000, 0x0000000084300000, 0x00000000d5580000)
  object space 68608K, 21% used [0x0000000080000000,0x0000000080e9dc18,0x0000000084300000)
 Metaspace       used 28652K, committed 29568K, reserved 1114112K
  class space    used 2912K, committed 3328K, reserved 1048576K
}
Event: 24.129 GC heap before
{Heap before GC invocations=12 (full 1):
 PSYoungGen      total 26112K, used 25691K [0x00000000d5580000, 0x00000000d7300000, 0x0000000100000000)
  eden space 24064K, 100% used [0x00000000d5580000,0x00000000d6d00000,0x00000000d6d00000)
  from space 2048K, 79% used [0x00000000d7100000,0x00000000d7296da0,0x00000000d7300000)
  to   space 2048K, 0% used [0x00000000d6f00000,0x00000000d6f00000,0x00000000d7100000)
 ParOldGen       total 68608K, used 14968K [0x0000000080000000, 0x0000000084300000, 0x00000000d5580000)
  object space 68608K, 21% used [0x0000000080000000,0x0000000080e9e3e0,0x0000000084300000)
 Metaspace       used 30187K, committed 31232K, reserved 1114112K
  class space    used 3115K, committed 3584K, reserved 1048576K
}
Event: 24.133 GC heap after
{Heap after GC invocations=12 (full 1):
 PSYoungGen      total 24576K, used 844K [0x00000000d5580000, 0x00000000d7180000, 0x0000000100000000)
  eden space 23552K, 0% used [0x00000000d5580000,0x00000000d5580000,0x00000000d6c80000)
  from space 1024K, 82% used [0x00000000d6f00000,0x00000000d6fd3360,0x00000000d7000000)
  to   space 1536K, 0% used [0x00000000d7000000,0x00000000d7000000,0x00000000d7180000)
 ParOldGen       total 68608K, used 16378K [0x0000000080000000, 0x0000000084300000, 0x00000000d5580000)
  object space 68608K, 23% used [0x0000000080000000,0x0000000080ffe9e0,0x0000000084300000)
 Metaspace       used 30187K, committed 31232K, reserved 1114112K
  class space    used 3115K, committed 3584K, reserved 1048576K
}

Dll operation events (20 events):
Event: 0.046 Attempting to load shared library c:\Users\jeeho\.vscode\extensions\redhat.java-1.56.0-win32-x64\jre\21.0.12.1-win32-x86_64\bin\java.dll
Event: 0.046 Loaded shared library c:\Users\jeeho\.vscode\extensions\redhat.java-1.56.0-win32-x64\jre\21.0.12.1-win32-x86_64\bin\java.dll
Event: 0.108 Attempting to load shared library c:\Users\jeeho\.vscode\extensions\redhat.java-1.56.0-win32-x64\jre\21.0.12.1-win32-x86_64\bin\zip.dll
Event: 0.111 Loaded shared library c:\Users\jeeho\.vscode\extensions\redhat.java-1.56.0-win32-x64\jre\21.0.12.1-win32-x86_64\bin\zip.dll
Event: 0.280 Attempting to load shared library C:\Users\jeeho\.vscode\extensions\redhat.java-1.56.0-win32-x64\jre\21.0.12.1-win32-x86_64\bin\instrument.dll
Event: 0.280 Loaded shared library C:\Users\jeeho\.vscode\extensions\redhat.java-1.56.0-win32-x64\jre\21.0.12.1-win32-x86_64\bin\instrument.dll
Event: 0.287 Attempting to load shared library C:\Users\jeeho\.vscode\extensions\redhat.java-1.56.0-win32-x64\jre\21.0.12.1-win32-x86_64\bin\net.dll
Event: 0.293 Loaded shared library C:\Users\jeeho\.vscode\extensions\redhat.java-1.56.0-win32-x64\jre\21.0.12.1-win32-x86_64\bin\net.dll
Event: 0.298 Attempting to load shared library C:\Users\jeeho\.vscode\extensions\redhat.java-1.56.0-win32-x64\jre\21.0.12.1-win32-x86_64\bin\nio.dll
Event: 0.300 Loaded shared library C:\Users\jeeho\.vscode\extensions\redhat.java-1.56.0-win32-x64\jre\21.0.12.1-win32-x86_64\bin\nio.dll
Event: 0.307 Attempting to load shared library C:\Users\jeeho\.vscode\extensions\redhat.java-1.56.0-win32-x64\jre\21.0.12.1-win32-x86_64\bin\zip.dll
Event: 0.307 Loaded shared library C:\Users\jeeho\.vscode\extensions\redhat.java-1.56.0-win32-x64\jre\21.0.12.1-win32-x86_64\bin\zip.dll
Event: 0.337 Attempting to load shared library C:\Users\jeeho\.vscode\extensions\redhat.java-1.56.0-win32-x64\jre\21.0.12.1-win32-x86_64\bin\jimage.dll
Event: 0.337 Loaded shared library C:\Users\jeeho\.vscode\extensions\redhat.java-1.56.0-win32-x64\jre\21.0.12.1-win32-x86_64\bin\jimage.dll
Event: 0.494 Attempting to load shared library c:\Users\jeeho\.vscode\extensions\redhat.java-1.56.0-win32-x64\jre\21.0.12.1-win32-x86_64\bin\verify.dll
Event: 0.498 Loaded shared library c:\Users\jeeho\.vscode\extensions\redhat.java-1.56.0-win32-x64\jre\21.0.12.1-win32-x86_64\bin\verify.dll
Event: 5.722 Attempting to load shared library C:\Users\jeeho\AppData\Roaming\Code\User\globalStorage\redhat.java\1.56.0\config_win\org.eclipse.equinox.launcher\org.eclipse.equinox.launcher.win32.win32.x86_64_1.3.100.v20260804-1928\eclipse_11924.dll
Event: 5.737 Loaded shared library C:\Users\jeeho\AppData\Roaming\Code\User\globalStorage\redhat.java\1.56.0\config_win\org.eclipse.equinox.launcher\org.eclipse.equinox.launcher.win32.win32.x86_64_1.3.100.v20260804-1928\eclipse_11924.dll
Event: 16.460 Attempting to load shared library C:\Users\jeeho\AppData\Local\Temp\jna-101002513\jna5870053031173891287.dll
Event: 18.228 Loaded shared library C:\Users\jeeho\AppData\Local\Temp\jna-101002513\jna5870053031173891287.dll

Deoptimization events (20 events):
Event: 23.703 Thread 0x000002db8c7ee3a0 Uncommon trap: trap_request=0xffffffde fr.pc=0x000002db38c6138c relative=0x000000000000038c
Event: 23.703 Thread 0x000002db8c7ee3a0 Uncommon trap: reason=class_check action=maybe_recompile pc=0x000002db38c6138c method=java.util.regex.Pattern$BmpCharPropertyGreedy.match(Ljava/util/regex/Matcher;ILjava/lang/CharSequence;)Z @ 21 c2
Event: 23.703 Thread 0x000002db8c7ee3a0 DEOPT PACKING pc=0x000002db38c6138c sp=0x000000eb2e8fe210
Event: 23.703 Thread 0x000002db8c7ee3a0 DEOPT UNPACKING pc=0x000002db38593aa2 sp=0x000000eb2e8fe1c0 mode 2
Event: 23.703 Thread 0x000002db8c7ee3a0 Uncommon trap: trap_request=0xffffffde fr.pc=0x000002db38c6138c relative=0x000000000000038c
Event: 23.703 Thread 0x000002db8c7ee3a0 Uncommon trap: reason=class_check action=maybe_recompile pc=0x000002db38c6138c method=java.util.regex.Pattern$BmpCharPropertyGreedy.match(Ljava/util/regex/Matcher;ILjava/lang/CharSequence;)Z @ 21 c2
Event: 23.703 Thread 0x000002db8c7ee3a0 DEOPT PACKING pc=0x000002db38c6138c sp=0x000000eb2e8fe110
Event: 23.703 Thread 0x000002db8c7ee3a0 DEOPT UNPACKING pc=0x000002db38593aa2 sp=0x000000eb2e8fe0a0 mode 2
Event: 23.790 Thread 0x000002db8c7ee3a0 Uncommon trap: trap_request=0xffffff45 fr.pc=0x000002db38c08154 relative=0x0000000000000134
Event: 23.790 Thread 0x000002db8c7ee3a0 Uncommon trap: reason=unstable_if action=reinterpret pc=0x000002db38c08154 method=java.util.ArrayList.indexOfRange(Ljava/lang/Object;II)I @ 7 c2
Event: 23.790 Thread 0x000002db8c7ee3a0 DEOPT PACKING pc=0x000002db38c08154 sp=0x000000eb2e8fe690
Event: 23.790 Thread 0x000002db8c7ee3a0 DEOPT UNPACKING pc=0x000002db38593aa2 sp=0x000000eb2e8fe550 mode 2
Event: 23.839 Thread 0x000002db8c7ee3a0 Uncommon trap: trap_request=0xffffff45 fr.pc=0x000002db38bfcd30 relative=0x0000000000000110
Event: 23.840 Thread 0x000002db8c7ee3a0 Uncommon trap: reason=unstable_if action=reinterpret pc=0x000002db38bfcd30 method=java.util.ArrayList.indexOfRange(Ljava/lang/Object;II)I @ 7 c2
Event: 23.840 Thread 0x000002db8c7ee3a0 DEOPT PACKING pc=0x000002db38bfcd30 sp=0x000000eb2e8fe5f0
Event: 23.840 Thread 0x000002db8c7ee3a0 DEOPT UNPACKING pc=0x000002db38593aa2 sp=0x000000eb2e8fe570 mode 2
Event: 24.147 Thread 0x000002db8c7ee3a0 Uncommon trap: trap_request=0xffffff45 fr.pc=0x000002db38cd1eb0 relative=0x0000000000000a50
Event: 24.147 Thread 0x000002db8c7ee3a0 Uncommon trap: reason=unstable_if action=reinterpret pc=0x000002db38cd1eb0 method=org.codehaus.plexus.util.xml.pull.MXParser.nextImpl()I @ 241 c2
Event: 24.147 Thread 0x000002db8c7ee3a0 DEOPT PACKING pc=0x000002db38cd1eb0 sp=0x000000eb2e8fe7c0
Event: 24.147 Thread 0x000002db8c7ee3a0 DEOPT UNPACKING pc=0x000002db38593aa2 sp=0x000000eb2e8fe730 mode 2

Classes loaded (20 events):
Event: 24.480 Loading class com/sun/org/apache/xerces/internal/impl/msg/XMLSerializerMessages
Event: 24.480 Loading class com/sun/org/apache/xerces/internal/impl/msg/XMLSerializerMessages done
Event: 24.480 Loading class com/sun/org/apache/xerces/internal/impl/msg/XMLSerializerMessages
Event: 24.480 Loading class com/sun/org/apache/xerces/internal/impl/msg/XMLSerializerMessages done
Event: 24.485 Loading class com/sun/org/apache/xerces/internal/impl/msg/XMLSerializerMessages_ko
Event: 24.485 Loading class com/sun/org/apache/xerces/internal/impl/msg/XMLSerializerMessages_ko done
Event: 24.485 Loading class com/sun/org/apache/xerces/internal/impl/msg/XMLSerializerMessages_ko
Event: 24.485 Loading class com/sun/org/apache/xerces/internal/impl/msg/XMLSerializerMessages_ko done
Event: 24.494 Loading class com/sun/org/apache/xerces/internal/impl/msg/XMLSerializerMessages_ko_KR
Event: 24.494 Loading class com/sun/org/apache/xerces/internal/impl/msg/XMLSerializerMessages_ko_KR done
Event: 24.494 Loading class com/sun/org/apache/xerces/internal/impl/msg/XMLSerializerMessages_ko_KR
Event: 24.494 Loading class com/sun/org/apache/xerces/internal/impl/msg/XMLSerializerMessages_ko_KR done
Event: 24.495 Loading class com/sun/org/apache/xerces/internal/impl/msg/XMLMessages
Event: 24.495 Loading class com/sun/org/apache/xerces/internal/impl/msg/XMLMessages done
Event: 24.495 Loading class com/sun/org/apache/xerces/internal/impl/msg/XMLMessages
Event: 24.495 Loading class com/sun/org/apache/xerces/internal/impl/msg/XMLMessages done
Event: 24.509 Loading class com/sun/org/apache/xerces/internal/impl/msg/XMLMessages_ko
Event: 24.509 Loading class com/sun/org/apache/xerces/internal/impl/msg/XMLMessages_ko done
Event: 24.509 Loading class com/sun/org/apache/xerces/internal/impl/msg/XMLMessages_ko
Event: 24.509 Loading class com/sun/org/apache/xerces/internal/impl/msg/XMLMessages_ko done

Classes unloaded (7 events):
Event: 21.033 Thread 0x000002db86be10a0 Unloading class 0x000002db461a9000 'java/lang/invoke/LambdaForm$MH+0x000002db461a9000'
Event: 21.033 Thread 0x000002db86be10a0 Unloading class 0x000002db461a8c00 'java/lang/invoke/LambdaForm$MH+0x000002db461a8c00'
Event: 21.033 Thread 0x000002db86be10a0 Unloading class 0x000002db461a8800 'java/lang/invoke/LambdaForm$MH+0x000002db461a8800'
Event: 21.033 Thread 0x000002db86be10a0 Unloading class 0x000002db461a8400 'java/lang/invoke/LambdaForm$MH+0x000002db461a8400'
Event: 21.033 Thread 0x000002db86be10a0 Unloading class 0x000002db461a8000 'java/lang/invoke/LambdaForm$BMH+0x000002db461a8000'
Event: 21.033 Thread 0x000002db86be10a0 Unloading class 0x000002db461a7c00 'java/lang/invoke/LambdaForm$DMH+0x000002db461a7c00'
Event: 21.033 Thread 0x000002db86be10a0 Unloading class 0x000002db461a6c00 'java/lang/invoke/LambdaForm$DMH+0x000002db461a6c00'

Classes redefined (0 events):
No events

Internal exceptions (20 events):
Event: 22.228 Thread 0x000002db8c7ee3a0 Exception <a 'java/lang/NoSuchMethodError'{0x00000000d5bbc2b8}: 'java.lang.Object java.lang.invoke.Invokers$Holder.invoke_MT(java.lang.Object, java.lang.Object, java.lang.Object, java.lang.Object, java.lang.Object, java.lang.Object, java.lang.Object, java.lang.Object, java.lang.Object)'> (0x00000000d5bbc2b8) 
thrown [s\src\hotspot\share\interpreter\linkResolver.cpp, line 773]
Event: 22.273 Thread 0x000002db8c7ee3a0 Exception <a 'java/lang/NoSuchMethodError'{0x00000000d5d043e8}: 'int java.lang.invoke.DirectMethodHandle$Holder.invokeVirtual(java.lang.Object, java.lang.Object, java.lang.Object)'> (0x00000000d5d043e8) 
thrown [s\src\hotspot\share\interpreter\linkResolver.cpp, line 773]
Event: 22.277 Thread 0x000002db8c7ee3a0 Exception <a 'java/lang/NoSuchMethodError'{0x00000000d5d08350}: 'int java.lang.invoke.DirectMethodHandle$Holder.invokeStaticInit(java.lang.Object, int, int)'> (0x00000000d5d08350) 
thrown [s\src\hotspot\share\interpreter\linkResolver.cpp, line 773]
Event: 22.283 Thread 0x000002db8c7ee3a0 Exception <a 'java/lang/NoSuchMethodError'{0x00000000d5d0f670}: 'int java.lang.invoke.DirectMethodHandle$Holder.invokeStaticInit(java.lang.Object, long, long)'> (0x00000000d5d0f670) 
thrown [s\src\hotspot\share\interpreter\linkResolver.cpp, line 773]
Event: 22.286 Thread 0x000002db8c7ee3a0 Exception <a 'java/lang/NoSuchMethodError'{0x00000000d5d15d58}: 'int java.lang.invoke.DirectMethodHandle$Holder.invokeStaticInit(java.lang.Object, float, float)'> (0x00000000d5d15d58) 
thrown [s\src\hotspot\share\interpreter\linkResolver.cpp, line 773]
Event: 22.287 Thread 0x000002db8c7ee3a0 Exception <a 'java/lang/NoSuchMethodError'{0x00000000d5d1c690}: 'int java.lang.invoke.DirectMethodHandle$Holder.invokeStaticInit(java.lang.Object, double, double)'> (0x00000000d5d1c690) 
thrown [s\src\hotspot\share\interpreter\linkResolver.cpp, line 773]
Event: 22.288 Thread 0x000002db8c7ee3a0 Exception <a 'java/lang/NoSuchMethodError'{0x00000000d5d20a40}: 'int java.lang.invoke.DirectMethodHandle$Holder.invokeStatic(java.lang.Object, long)'> (0x00000000d5d20a40) 
thrown [s\src\hotspot\share\interpreter\linkResolver.cpp, line 773]
Event: 22.303 Thread 0x000002db8c7ecff0 Exception <a 'java/lang/NoSuchMethodError'{0x00000000d5db6890}: 'int java.lang.invoke.Invokers$Holder.linkToTargetMethod(java.lang.Object, java.lang.Object)'> (0x00000000d5db6890) 
thrown [s\src\hotspot\share\interpreter\linkResolver.cpp, line 773]
Event: 22.305 Thread 0x000002db8c7ee3a0 Exception <a 'java/lang/NoSuchMethodError'{0x00000000d5dbc150}: 'int java.lang.invoke.Invokers$Holder.linkToTargetMethod(java.lang.Object, java.lang.Object)'> (0x00000000d5dbc150) 
thrown [s\src\hotspot\share\interpreter\linkResolver.cpp, line 773]
Event: 22.312 Thread 0x000002db8c7ecff0 Exception <a 'java/lang/NoSuchMethodError'{0x00000000d5dd9768}: 'int java.lang.invoke.DirectMethodHandle$Holder.invokeSpecial(java.lang.Object, java.lang.Object, java.lang.Object, java.lang.Object)'> (0x00000000d5dd9768) 
thrown [s\src\hotspot\share\interpreter\linkResolver.cpp, line 773]
Event: 22.322 Thread 0x000002db8c7ecff0 Exception <a 'java/lang/NoSuchMethodError'{0x00000000d5e0b830}: 'java.lang.Object java.lang.invoke.DirectMethodHandle$Holder.invokeStatic(java.lang.Object, int, java.lang.Object, java.lang.Object)'> (0x00000000d5e0b830) 
thrown [s\src\hotspot\share\interpreter\linkResolver.cpp, line 773]
Event: 22.322 Thread 0x000002db8c7ecff0 Exception <a 'java/lang/NoSuchMethodError'{0x00000000d5e0f270}: 'java.lang.Object java.lang.invoke.DelegatingMethodHandle$Holder.delegate(java.lang.Object, int, java.lang.Object, java.lang.Object)'> (0x00000000d5e0f270) 
thrown [s\src\hotspot\share\interpreter\linkResolver.cpp, line 773]
Event: 22.333 Thread 0x000002db8c7ecff0 Exception <a 'java/lang/NoSuchMethodError'{0x00000000d5e46260}: 'int java.lang.invoke.Invokers$Holder.linkToTargetMethod(java.lang.Object, java.lang.Object, java.lang.Object)'> (0x00000000d5e46260) 
thrown [s\src\hotspot\share\interpreter\linkResolver.cpp, line 773]
Event: 22.480 Thread 0x000002db8c7ee3a0 Exception <a 'java/lang/NoSuchMethodError'{0x00000000d61fbc48}: 'java.lang.Object java.lang.invoke.DirectMethodHandle$Holder.invokeSpecialIFC(java.lang.Object, java.lang.Object, java.lang.Object, java.lang.Object)'> (0x00000000d61fbc48) 
thrown [s\src\hotspot\share\interpreter\linkResolver.cpp, line 773]
Event: 23.203 Thread 0x000002db2deb10c0 Exception <a 'java/io/FileNotFoundException'{0x00000000d56f7b28}> (0x00000000d56f7b28) 
thrown [s\src\hotspot\share\prims\jni.cpp, line 520]
Event: 23.204 Thread 0x000002db2deb10c0 Exception <a 'java/io/FileNotFoundException'{0x00000000d56f8d78}> (0x00000000d56f8d78) 
thrown [s\src\hotspot\share\prims\jni.cpp, line 520]
Event: 23.690 Thread 0x000002db8c7ee3a0 Exception <a 'java/lang/NoClassDefFoundError'{0x00000000d5fc8078}: javax/enterprise/inject/Typed> (0x00000000d5fc8078) 
thrown [s\src\hotspot\share\classfile\systemDictionary.cpp, line 302]
Event: 24.471 Thread 0x000002db2deb10c0 Exception <a 'java/lang/ClassNotFoundException'{0x00000000d5a347a8}: com/sun/org/apache/xerces/internal/impl/msg/spi/DOMMessagesProvider> (0x00000000d5a347a8) 
thrown [s\src\hotspot\share\classfile\systemDictionary.cpp, line 313]
Event: 24.480 Thread 0x000002db2deb10c0 Exception <a 'java/lang/ClassNotFoundException'{0x00000000d5a57de0}: com/sun/org/apache/xerces/internal/impl/msg/spi/XMLSerializerMessagesProvider> (0x00000000d5a57de0) 
thrown [s\src\hotspot\share\classfile\systemDictionary.cpp, line 313]
Event: 24.495 Thread 0x000002db2deb10c0 Exception <a 'java/lang/ClassNotFoundException'{0x00000000d5a716d0}: com/sun/org/apache/xerces/internal/impl/msg/spi/XMLMessagesProvider> (0x00000000d5a716d0) 
thrown [s\src\hotspot\share\classfile\systemDictionary.cpp, line 313]

ZGC Phase Switch (0 events):
No events

VM Operations (20 events):
Event: 20.775 Executing safepoint VM operation: Cleanup
Event: 20.775 Executing safepoint VM operation: Cleanup done
Event: 21.003 Executing safepoint VM operation: CollectForMetadataAllocation (Metadata GC Threshold)
Event: 21.095 Executing safepoint VM operation: CollectForMetadataAllocation (Metadata GC Threshold) done
Event: 21.936 Executing safepoint VM operation: ParallelGCFailedAllocation (Allocation Failure)
Event: 21.939 Executing safepoint VM operation: ParallelGCFailedAllocation (Allocation Failure) done
Event: 22.321 Executing non-safepoint VM operation: HandshakeAllThreads (Deoptimize)
Event: 22.323 Executing non-safepoint VM operation: HandshakeAllThreads (Deoptimize) done
Event: 22.777 Executing safepoint VM operation: ParallelGCFailedAllocation (Allocation Failure)
Event: 22.777 Executing safepoint VM operation: ParallelGCFailedAllocation (Allocation Failure) done
Event: 22.777 Executing safepoint VM operation: ParallelGCSystemGC (GCLocker Initiated GC)
Event: 22.780 Executing safepoint VM operation: ParallelGCSystemGC (GCLocker Initiated GC) done
Event: 23.193 Executing safepoint VM operation: ParallelGCFailedAllocation (Allocation Failure)
Event: 23.193 Executing safepoint VM operation: ParallelGCFailedAllocation (Allocation Failure) done
Event: 23.193 Executing safepoint VM operation: ParallelGCSystemGC (GCLocker Initiated GC)
Event: 23.196 Executing safepoint VM operation: ParallelGCSystemGC (GCLocker Initiated GC) done
Event: 23.644 Executing non-safepoint VM operation: HandshakeAllThreads (Deoptimize)
Event: 23.644 Executing non-safepoint VM operation: HandshakeAllThreads (Deoptimize) done
Event: 24.129 Executing safepoint VM operation: ParallelGCFailedAllocation (Allocation Failure)
Event: 24.133 Executing safepoint VM operation: ParallelGCFailedAllocation (Allocation Failure) done

Memory protections (0 events):
No events

Nmethod flushes (0 events):
No events

Events (20 events):
Event: 0.143 Thread 0x000002db2de0bad0 Thread added: 0x000002db86bed0a0
Event: 0.143 Thread 0x000002db2de0bad0 Thread added: 0x000002db86bee150
Event: 0.144 Thread 0x000002db2de0bad0 Thread added: 0x000002db2deb03a0
Event: 0.144 Thread 0x000002db2de0bad0 Thread added: 0x000002db2deb0a30
Event: 0.144 Thread 0x000002db2de0bad0 Thread added: 0x000002db2debf670
Event: 0.144 Thread 0x000002db2de0bad0 Thread added: 0x000002db2dec36b0
Event: 0.283 Thread 0x000002db2de0bad0 Thread added: 0x000002db2deb1de0
Event: 0.827 Thread 0x000002db2de0bad0 Thread added: 0x000002db2deb2470
Event: 2.975 Thread 0x000002db2de0bad0 Thread added: 0x000002db2deaf680
Event: 5.708 Thread 0x000002db2de0bad0 Thread added: 0x000002db2deaeff0
Event: 5.856 Thread 0x000002db2deaeff0 Thread added: 0x000002db2deafd10
Event: 5.868 Thread 0x000002db2de0bad0 Thread added: 0x000002db2deb10c0
Event: 8.060 Thread 0x000002db2deb10c0 Thread added: 0x000002db2deb1750
Event: 10.470 Thread 0x000002db2deb10c0 Thread added: 0x000002db8c7f0470
Event: 12.659 Thread 0x000002db2deb10c0 Thread added: 0x000002db8c7eea30
Event: 18.344 Thread 0x000002db2deb10c0 Thread added: 0x000002db8c7edd10
Event: 18.560 Thread 0x000002db2deb10c0 Thread added: 0x000002db8c7ee3a0
Event: 18.730 Thread 0x000002db2deb10c0 Thread added: 0x000002db8c7ecff0
Event: 22.216 Thread 0x000002db8c7ee3a0 Thread added: 0x000002db8c7ef0c0
Event: 22.373 Thread 0x000002db8c7ef0c0 Thread added: 0x000002db8c7ef750


Dynamic libraries:
0x00007ff6d40a0000 - 0x00007ff6d40ae000 	c:\Users\jeeho\.vscode\extensions\redhat.java-1.56.0-win32-x64\jre\21.0.12.1-win32-x86_64\bin\java.exe
0x00007ff89e780000 - 0x00007ff89e9e7000 	C:\WINDOWS\SYSTEM32\ntdll.dll
0x00007ff89d520000 - 0x00007ff89d5eb000 	C:\WINDOWS\System32\KERNEL32.DLL
0x00007ff89bc80000 - 0x00007ff89c082000 	C:\WINDOWS\System32\KERNELBASE.dll
0x00007ff89c340000 - 0x00007ff89c48c000 	C:\WINDOWS\System32\ucrtbase.dll
0x00007ff887a50000 - 0x00007ff887a6e000 	c:\Users\jeeho\.vscode\extensions\redhat.java-1.56.0-win32-x64\jre\21.0.12.1-win32-x86_64\bin\VCRUNTIME140.dll
0x00007ff887920000 - 0x00007ff887938000 	c:\Users\jeeho\.vscode\extensions\redhat.java-1.56.0-win32-x64\jre\21.0.12.1-win32-x86_64\bin\jli.dll
0x00007ff89e4e0000 - 0x00007ff89e6af000 	C:\WINDOWS\System32\USER32.dll
0x00007ff89ba30000 - 0x00007ff89ba57000 	C:\WINDOWS\System32\win32u.dll
0x00007ff89cc40000 - 0x00007ff89cc6b000 	C:\WINDOWS\System32\GDI32.dll
0x00007ff89c210000 - 0x00007ff89c339000 	C:\WINDOWS\System32\gdi32full.dll
0x00007ff87f080000 - 0x00007ff87f310000 	C:\WINDOWS\WinSxS\amd64_microsoft.windows.common-controls_6595b64144ccf1df_6.0.26100.9278_none_3e0d1ba8e3303201\COMCTL32.dll
0x00007ff89b980000 - 0x00007ff89ba23000 	C:\WINDOWS\System32\msvcp_win.dll
0x00007ff89d8d0000 - 0x00007ff89d979000 	C:\WINDOWS\System32\msvcrt.dll
0x00007ff89dbc0000 - 0x00007ff89dbf1000 	C:\WINDOWS\System32\IMM32.DLL
0x00007ff8960e0000 - 0x00007ff8960ec000 	c:\Users\jeeho\.vscode\extensions\redhat.java-1.56.0-win32-x64\jre\21.0.12.1-win32-x86_64\bin\vcruntime140_1.dll
0x00007ff844d90000 - 0x00007ff844e1d000 	c:\Users\jeeho\.vscode\extensions\redhat.java-1.56.0-win32-x64\jre\21.0.12.1-win32-x86_64\bin\msvcp140.dll
0x00007ff8000c0000 - 0x00007ff800e62000 	c:\Users\jeeho\.vscode\extensions\redhat.java-1.56.0-win32-x64\jre\21.0.12.1-win32-x86_64\bin\server\jvm.dll
0x00007ff89dc00000 - 0x00007ff89dcbc000 	C:\WINDOWS\System32\ADVAPI32.dll
0x00007ff89e350000 - 0x00007ff89e3f9000 	C:\WINDOWS\System32\sechost.dll
0x00007ff89c4b0000 - 0x00007ff89c5c8000 	C:\WINDOWS\System32\RPCRT4.dll
0x00007ff89d980000 - 0x00007ff89da00000 	C:\WINDOWS\System32\WS2_32.dll
0x00007ff883e70000 - 0x00007ff883ea6000 	C:\WINDOWS\SYSTEM32\WINMM.dll
0x00007ff89b7e0000 - 0x00007ff89b83e000 	C:\WINDOWS\SYSTEM32\POWRPROF.dll
0x00007ff87f4b0000 - 0x00007ff87f4bb000 	C:\WINDOWS\SYSTEM32\VERSION.dll
0x00007ff89b7c0000 - 0x00007ff89b7d5000 	C:\WINDOWS\SYSTEM32\UMPDC.dll
0x00007ff89a5b0000 - 0x00007ff89a5cb000 	C:\WINDOWS\SYSTEM32\kernel.appcore.dll
0x00007ff8960c0000 - 0x00007ff8960ca000 	c:\Users\jeeho\.vscode\extensions\redhat.java-1.56.0-win32-x64\jre\21.0.12.1-win32-x86_64\bin\jimage.dll
0x00007ff898ed0000 - 0x00007ff89911c000 	C:\WINDOWS\SYSTEM32\DBGHELP.DLL
0x00007ff89df00000 - 0x00007ff89e285000 	C:\WINDOWS\System32\combase.dll
0x00007ff89e400000 - 0x00007ff89e4d9000 	C:\WINDOWS\System32\OLEAUT32.dll
0x00007ff885300000 - 0x00007ff88533b000 	C:\WINDOWS\SYSTEM32\dbgcore.DLL
0x00007ff89c150000 - 0x00007ff89c1fc000 	C:\WINDOWS\System32\bcryptPrimitives.dll
0x00007ff891ba0000 - 0x00007ff891baf000 	c:\Users\jeeho\.vscode\extensions\redhat.java-1.56.0-win32-x64\jre\21.0.12.1-win32-x86_64\bin\instrument.dll
0x00007ff8836c0000 - 0x00007ff8836e0000 	c:\Users\jeeho\.vscode\extensions\redhat.java-1.56.0-win32-x64\jre\21.0.12.1-win32-x86_64\bin\java.dll
0x00007ff89cc70000 - 0x00007ff89d408000 	C:\WINDOWS\System32\SHELL32.dll
0x00007ff8993e0000 - 0x00007ff899c8e000 	C:\WINDOWS\SYSTEM32\windows.storage.dll
0x00007ff89d700000 - 0x00007ff89d7fb000 	C:\WINDOWS\System32\SHCORE.dll
0x00007ff89d850000 - 0x00007ff89d8b6000 	C:\WINDOWS\System32\shlwapi.dll
0x00007ff89b8a0000 - 0x00007ff89b8c9000 	C:\WINDOWS\SYSTEM32\profapi.dll
0x00007ff882690000 - 0x00007ff8826a8000 	c:\Users\jeeho\.vscode\extensions\redhat.java-1.56.0-win32-x64\jre\21.0.12.1-win32-x86_64\bin\zip.dll
0x00007ff895fb0000 - 0x00007ff895fc0000 	C:\Users\jeeho\.vscode\extensions\redhat.java-1.56.0-win32-x64\jre\21.0.12.1-win32-x86_64\bin\net.dll
0x00007ff88fb00000 - 0x00007ff88fc2a000 	C:\WINDOWS\SYSTEM32\WINHTTP.dll
0x00007ff89ac10000 - 0x00007ff89ac7c000 	C:\WINDOWS\system32\mswsock.dll
0x00007ff8825c0000 - 0x00007ff8825d6000 	C:\Users\jeeho\.vscode\extensions\redhat.java-1.56.0-win32-x64\jre\21.0.12.1-win32-x86_64\bin\nio.dll
0x00007ff889e60000 - 0x00007ff889e70000 	c:\Users\jeeho\.vscode\extensions\redhat.java-1.56.0-win32-x64\jre\21.0.12.1-win32-x86_64\bin\verify.dll
0x00007ff8819f0000 - 0x00007ff881a35000 	C:\Users\jeeho\AppData\Roaming\Code\User\globalStorage\redhat.java\1.56.0\config_win\org.eclipse.equinox.launcher\org.eclipse.equinox.launcher.win32.win32.x86_64_1.3.100.v20260804-1928\eclipse_11924.dll
0x00007ff89dcd0000 - 0x00007ff89de6a000 	C:\WINDOWS\System32\ole32.dll
0x00007ff89af00000 - 0x00007ff89af1b000 	C:\WINDOWS\SYSTEM32\CRYPTSP.dll
0x00007ff89a5d0000 - 0x00007ff89a609000 	C:\WINDOWS\system32\rsaenh.dll
0x00007ff89acc0000 - 0x00007ff89acf4000 	C:\WINDOWS\SYSTEM32\USERENV.dll
0x00007ff89b870000 - 0x00007ff89b89a000 	C:\WINDOWS\SYSTEM32\bcrypt.dll
0x00007ff89af20000 - 0x00007ff89af2c000 	C:\WINDOWS\SYSTEM32\CRYPTBASE.dll
0x00007ff89a0b0000 - 0x00007ff89a0e3000 	C:\WINDOWS\SYSTEM32\IPHLPAPI.DLL
0x00007ff89d8c0000 - 0x00007ff89d8ca000 	C:\WINDOWS\System32\NSI.dll
0x00007ff859780000 - 0x00007ff8597c9000 	C:\Users\jeeho\AppData\Local\Temp\jna-101002513\jna5870053031173891287.dll
0x00007ff89d5f0000 - 0x00007ff89d5f8000 	C:\WINDOWS\System32\PSAPI.DLL

JVMTI agents:
c:\Users\jeeho\.vscode\extensions\redhat.java-1.56.0-win32-x64\lombok\lombok-1.18.39-4050.jar path:c:\Users\jeeho\.vscode\extensions\redhat.java-1.56.0-win32-x64\jre\21.0.12.1-win32-x86_64\bin\instrument.dll, loaded, initialized, instrumentlib options:none

dbghelp: loaded successfully - version: 4.0.5 - missing functions: none
symbol engine: initialized successfully - sym options: 0x614 - pdb path: .;c:\Users\jeeho\.vscode\extensions\redhat.java-1.56.0-win32-x64\jre\21.0.12.1-win32-x86_64\bin;C:\WINDOWS\SYSTEM32;C:\WINDOWS\WinSxS\amd64_microsoft.windows.common-controls_6595b64144ccf1df_6.0.26100.9278_none_3e0d1ba8e3303201;c:\Users\jeeho\.vscode\extensions\redhat.java-1.56.0-win32-x64\jre\21.0.12.1-win32-x86_64\bin\server;C:\Users\jeeho\AppData\Roaming\Code\User\globalStorage\redhat.java\1.56.0\config_win\org.eclipse.equinox.launcher\org.eclipse.equinox.launcher.win32.win32.x86_64_1.3.100.v20260804-1928;C:\Users\jeeho\AppData\Local\Temp\jna-101002513

VM Arguments:
jvm_args: --add-modules=ALL-SYSTEM --add-opens=java.base/java.util=ALL-UNNAMED --add-opens=java.base/java.lang=ALL-UNNAMED --add-opens=java.base/sun.nio.fs=ALL-UNNAMED -Declipse.application=org.eclipse.jdt.ls.core.id1 -Dosgi.bundles.defaultStartLevel=4 -Declipse.product=org.eclipse.jdt.ls.core.product -Djava.import.generatesMetadataFilesAtProjectRoot=false -Dm2e.project.cache.size=50 -DDetectVMInstallationsJob.disabled=true -Dfile.encoding=utf8 -XX:+UseParallelGC -XX:GCTimeRatio=4 -XX:AdaptiveSizePolicyWeight=90 -Dsun.zip.disableMemoryMapping=true -Xmx2G -Xms100m -Xlog:disable -javaagent:c:\Users\jeeho\.vscode\extensions\redhat.java-1.56.0-win32-x64\lombok\lombok-1.18.39-4050.jar -XX:+HeapDumpOnOutOfMemoryError -XX:HeapDumpPath=c:\Users\jeeho\AppData\Roaming\Code\User\workspaceStorage\7caecd79442af921e5ea7064fd4da5f2\redhat.java -Daether.dependencyCollector.impl=bf 
java_command: c:\Users\jeeho\.vscode\extensions\redhat.java-1.56.0-win32-x64\server\plugins\org.eclipse.equinox.launcher_1.8.0.v20260804-1928.jar -configuration c:\Users\jeeho\AppData\Roaming\Code\User\globalStorage\redhat.java\1.56.0\config_win -data c:\Users\jeeho\AppData\Roaming\Code\User\workspaceStorage\7caecd79442af921e5ea7064fd4da5f2\redhat.java\jdt_ws --pipe=\\.\pipe\lsp-ced22149ba0e5b3720b0147b805c2fde-sock
java_class_path (initial): c:\Users\jeeho\.vscode\extensions\redhat.java-1.56.0-win32-x64\server\plugins\org.eclipse.equinox.launcher_1.8.0.v20260804-1928.jar
Launcher Type: SUN_STANDARD

[Global flags]
    uintx AdaptiveSizePolicyWeight                 = 90                                        {product} {command line}
     intx CICompilerCount                          = 4                                         {product} {ergonomic}
    uintx GCTimeRatio                              = 4                                         {product} {command line}
     bool HeapDumpOnOutOfMemoryError               = true                                   {manageable} {command line}
    ccstr HeapDumpPath                             = c:\Users\jeeho\AppData\Roaming\Code\User\workspaceStorage\7caecd79442af921e5ea7064fd4da5f2\redhat.java         {manageable} {command line}
   size_t InitialHeapSize                          = 104857600                                 {product} {command line}
   size_t MaxHeapSize                              = 2147483648                                {product} {command line}
   size_t MaxNewSize                               = 715653120                                 {product} {ergonomic}
   size_t MinHeapDeltaBytes                        = 524288                                    {product} {ergonomic}
   size_t MinHeapSize                              = 104857600                                 {product} {command line}
   size_t NewSize                                  = 34603008                                  {product} {ergonomic}
    uintx NonNMethodCodeHeapSize                   = 5839372                                {pd product} {ergonomic}
    uintx NonProfiledCodeHeapSize                  = 122909434                              {pd product} {ergonomic}
   size_t OldSize                                  = 70254592                                  {product} {ergonomic}
    uintx ProfiledCodeHeapSize                     = 122909434                              {pd product} {ergonomic}
    uintx ReservedCodeCacheSize                    = 251658240                              {pd product} {ergonomic}
     bool SegmentedCodeCache                       = true                                      {product} {ergonomic}
   size_t SoftMaxHeapSize                          = 2147483648                             {manageable} {ergonomic}
     bool UseCompressedOops                        = true                           {product lp64_product} {ergonomic}
     bool UseLargePagesIndividualAllocation        = false                                  {pd product} {ergonomic}
     bool UseParallelGC                            = true                                      {product} {command line}

Logging:
Log output configuration:
 #0: stdout all=off uptime,level,tags foldmultilines=false
 #1: stderr all=off uptime,level,tags foldmultilines=false

Release file:
JAVA_VERSION="21.0.12.1" 
MODULES="java.base java.compiler java.datatransfer java.xml java.prefs java.desktop java.instrument java.logging java.management java.security.sasl java.naming java.rmi java.management.rmi java.net.http java.scripting java.security.jgss java.transaction.xa java.sql java.sql.rowset java.xml.crypto java.se java.smartcardio jdk.accessibility jdk.internal.jvmstat jdk.attach jdk.charsets jdk.internal.opt jdk.zipfs jdk.compiler jdk.crypto.ec jdk.crypto.cryptoki jdk.crypto.mscapi jdk.dynalink jdk.internal.ed jdk.editpad jdk.hotspot.agent jdk.httpserver jdk.internal.le jdk.internal.vm.ci jdk.internal.vm.compiler jdk.internal.vm.compiler.management jdk.jartool jdk.javadoc jdk.jcmd jdk.management jdk.management.agent jdk.jconsole jdk.jdeps jdk.jdwp.agent jdk.jdi jdk.jfr jdk.jshell jdk.jsobject jdk.jstatd jdk.localedata jdk.management.jfr jdk.naming.dns jdk.naming.rmi jdk.net jdk.nio.mapmode jdk.random jdk.sctp jdk.security.auth jdk.security.jgss jdk.unsupported jdk.unsupported.desktop jdk.xml.dom" 

Environment Variables:
JAVA_HOME=C:\Program Files\Java\jdk-21.0.10
PATH=C:\Program Files\Common Files\Oracle\Java\javapath;C:\Program Files (x86)\NAT Service;C:\WINDOWS\system32;C:\WINDOWS;C:\WINDOWS\System32\Wbem;C:\WINDOWS\System32\WindowsPowerShell\v1.0\;C:\WINDOWS\System32\OpenSSH\;C:\Program Files\dotnet\;C:\Program Files\Git\cmd;C:\Program Files\Java\jdk-21.0.10\bin;C:\Program Files (x86)\Windows Kits\10\Windows Performance Toolkit\;C:\Users\jeeho\.local\bin;C:\Users\jeeho\AppData\Local\Programs\Python\Python313\Scripts\;C:\Users\jeeho\AppData\Local\Programs\Python\Python313\;C:\Users\jeeho\AppData\Local\Programs\Python\Launcher\;C:\Users\jeeho\AppData\Local\Microsoft\WindowsApps;C:\Users\jeeho\AppData\Local\Python\bin;C:\Users\jeeho\AppData\Local\SOOP;C:\Users\jeeho\AppData\Local\Programs\Microsoft VS Code\bin;C:\Users\jeeho\AppData\Local\GitHubDesktop\bin;C:\Users\jeeho\.dotnet\tools
USERNAME=jeeho
OS=Windows_NT
PROCESSOR_IDENTIFIER=Intel64 Family 6 Model 154 Stepping 4, GenuineIntel
TMP=C:\Users\jeeho\AppData\Local\Temp
TEMP=C:\Users\jeeho\AppData\Local\Temp




Periodic native trim disabled

---------------  S Y S T E M  ---------------

OS:
 Windows 11 , 64 bit Build 26100 (10.0.26100.9444)
OS uptime: 1 days 5:25 hours
Hyper-V role detected

CPU: total 12 (initial active 12) (6 cores per cpu, 2 threads per core) family 6 model 154 stepping 4 microcode 0x423, cx8, cmov, fxsr, ht, mmx, 3dnowpref, sse, sse2, sse3, ssse3, sse4.1, sse4.2, popcnt, lzcnt, tsc, tscinvbit, avx, avx2, aes, erms, clmul, bmi1, bmi2, adx, sha, fma, vzeroupper, clflush, clflushopt, clwb, hv, serialize, rdtscp, rdpid, fsrm, f16c, cet_ibt, cet_ss
Processor Information for processor 0
  Max Mhz: 1700, Current Mhz: 1700, Mhz Limit: 1700
Processor Information for processor 1
  Max Mhz: 1700, Current Mhz: 1700, Mhz Limit: 1700
Processor Information for processor 2
  Max Mhz: 1700, Current Mhz: 1700, Mhz Limit: 1700
Processor Information for processor 3
  Max Mhz: 1700, Current Mhz: 1700, Mhz Limit: 1700
Processor Information for processor 4
  Max Mhz: 1700, Current Mhz: 1200, Mhz Limit: 1190
Processor Information for processor 5
  Max Mhz: 1700, Current Mhz: 1200, Mhz Limit: 1190
Processor Information for processor 6
  Max Mhz: 1700, Current Mhz: 1200, Mhz Limit: 1190
Processor Information for processor 7
  Max Mhz: 1700, Current Mhz: 1200, Mhz Limit: 1190
Processor Information for processor 8
  Max Mhz: 1700, Current Mhz: 1200, Mhz Limit: 1190
Processor Information for processor 9
  Max Mhz: 1700, Current Mhz: 1200, Mhz Limit: 1190
Processor Information for processor 10
  Max Mhz: 1700, Current Mhz: 1200, Mhz Limit: 1190
Processor Information for processor 11
  Max Mhz: 1700, Current Mhz: 1200, Mhz Limit: 1190

Memory: 4k page, system-wide physical 7893M (170M free)
TotalPageFile size 32469M (AvailPageFile size 323M)
current process WorkingSet (physical memory assigned to process): 168M, peak: 169M
current process commit charge ("private bytes"): 304M, peak: 307M

vm_info: OpenJDK 64-Bit Server VM (21.0.12.1+1-LTS) for windows-amd64 JRE (21.0.12.1+1-LTS), built on 2026-08-18T00:00:00Z by "admin" with MS VC++ 17.12 (VS2022)

END.
