#
# There is insufficient memory for the Java Runtime Environment to continue.
# Native memory allocation (malloc) failed to allocate 131088 bytes. Error detail: Chunk::new
# Possible reasons:
#   The system is out of physical RAM or swap space
#   This process is running with CompressedOops enabled, and the Java Heap may be blocking the growth of the native heap
# Possible solutions:
#   Reduce memory load on the system
#   Increase physical memory or swap space
#   Check if swap backing store is full
#   Decrease Java heap size (-Xmx/-Xms)
#   Decrease number of Java threads
#   Decrease Java thread stack sizes (-Xss)
#   Set larger code cache with -XX:ReservedCodeCacheSize=
#   JVM is running with Unscaled Compressed Oops mode in which the Java heap is
#     placed in the first 4GB address space. The Java Heap base address is the
#     maximum limit for the native heap growth. Please use -XX:HeapBaseMinAddress
#     to set the Java Heap base and to place the Java Heap above 4GB virtual address.
# This output file may be truncated or incomplete.
#
#  Out of Memory Error (arena.cpp:168), pid=12180, tid=26200
#
# JRE version: OpenJDK Runtime Environment Temurin-21.0.12.1+1 (21.0.12.1+1) (build 21.0.12.1+1-LTS)
# Java VM: OpenJDK 64-Bit Server VM Temurin-21.0.12.1+1 (21.0.12.1+1-LTS, mixed mode, sharing, tiered, compressed oops, compressed class ptrs, parallel gc, windows-amd64)
# No core dump will be written. Minidumps are not enabled by default on client versions of Windows
#

---------------  S U M M A R Y ------------

Command Line: --add-modules=ALL-SYSTEM --add-opens=java.base/java.util=ALL-UNNAMED --add-opens=java.base/java.lang=ALL-UNNAMED --add-opens=java.base/sun.nio.fs=ALL-UNNAMED -Declipse.application=org.eclipse.jdt.ls.core.id1 -Dosgi.bundles.defaultStartLevel=4 -Declipse.product=org.eclipse.jdt.ls.core.product -Djava.import.generatesMetadataFilesAtProjectRoot=false -Dm2e.project.cache.size=50 -DDetectVMInstallationsJob.disabled=true -Dfile.encoding=utf8 -XX:+UseParallelGC -XX:GCTimeRatio=4 -XX:AdaptiveSizePolicyWeight=90 -Dsun.zip.disableMemoryMapping=true -Xmx2G -Xms100m -Xlog:disable -javaagent:c:\Users\jeeho\.vscode\extensions\redhat.java-1.56.0-win32-x64\lombok\lombok-1.18.39-4050.jar -XX:+HeapDumpOnOutOfMemoryError -XX:HeapDumpPath=c:\Users\jeeho\AppData\Roaming\Code\User\workspaceStorage\7caecd79442af921e5ea7064fd4da5f2\redhat.java -Daether.dependencyCollector.impl=bf c:\Users\jeeho\.vscode\extensions\redhat.java-1.56.0-win32-x64\server\plugins\org.eclipse.equinox.launcher_1.8.0.v20260804-1928.jar -configuration c:\Users\jeeho\AppData\Roaming\Code\User\globalStorage\redhat.java\1.56.0\config_win -data c:\Users\jeeho\AppData\Roaming\Code\User\workspaceStorage\7caecd79442af921e5ea7064fd4da5f2\redhat.java\jdt_ws --stdio

Host: 12th Gen Intel(R) Core(TM) i7-1255U, 12 cores, 7G,  Windows 11 , 64 bit Build 26100 (10.0.26100.9444)
Time: Mon Sep 21 23:02:30 2026 elapsed time: 74.513259 seconds (0d 0h 1m 14s)

---------------  T H R E A D  ---------------

Current thread (0x000001ab60672030):  JavaThread "C2 CompilerThread0" daemon [_thread_in_native, id=26200, stack(0x0000003a9b000000,0x0000003a9b100000) (1024K)]


Current CompileTask:
C2:74519 11343   !   4       org.eclipse.osgi.internal.loader.BundleLoader::findRequiredSource (283 bytes)

Stack: [0x0000003a9b000000,0x0000003a9b100000]
Native frames: (J=compiled Java code, j=interpreted, Vv=VM code, C=native code)
V  [jvm.dll+0x6d83e9]
V  [jvm.dll+0x8b5736]
V  [jvm.dll+0x8b7cee]
V  [jvm.dll+0x8b83d3]
V  [jvm.dll+0x284596]
V  [jvm.dll+0xc685d]
V  [jvm.dll+0xc6da1]
V  [jvm.dll+0xc6985]
V  [jvm.dll+0x72e45c]
V  [jvm.dll+0x609747]
V  [jvm.dll+0x5eec1a]
V  [jvm.dll+0x5f0326]
V  [jvm.dll+0x5f35e5]
V  [jvm.dll+0x5f87f7]
V  [jvm.dll+0x5f826d]
V  [jvm.dll+0x5f8150]
V  [jvm.dll+0x5f82d0]
V  [jvm.dll+0x5f82d0]
V  [jvm.dll+0x5ff652]
V  [jvm.dll+0x255d67]
V  [jvm.dll+0x25612d]
V  [jvm.dll+0x24e6a0]
V  [jvm.dll+0x24bbe6]
V  [jvm.dll+0x1cb4ae]
V  [jvm.dll+0x25baad]
V  [jvm.dll+0x25a03a]
V  [jvm.dll+0x3f8aae]
V  [jvm.dll+0x8600cd]
V  [jvm.dll+0x6d6c1d]
C  [ucrtbase.dll+0x2cd30]
C  [KERNEL32.DLL+0x2cd87]
C  [ntdll.dll+0xacaec]


---------------  P R O C E S S  ---------------

Threads class SMR info:
_java_thread_list=0x000001ab68b2d070, length=107, elements={
0x000001ab47dcc960, 0x000001ab606669c0, 0x000001ab60667880, 0x000001ab6066c3d0,
0x000001ab6066d8a0, 0x000001ab6066e780, 0x000001ab606711f0, 0x000001ab60672030,
0x000001ab606e6f40, 0x000001ab60827860, 0x000001ab609ce3f0, 0x000001ab65531e20,
0x000001ab606a3360, 0x000001ab657377e0, 0x000001ab650ad610, 0x000001ab6599f7c0,
0x000001ab60977a60, 0x000001ab60a57af0, 0x000001ab606baeb0, 0x000001ab606bb540,
0x000001ab606bbbd0, 0x000001ab606b9470, 0x000001ab606bc260, 0x000001ab606bc8f0,
0x000001ab606b9b00, 0x000001ab606ba190, 0x000001ab606ba820, 0x000001ab66054b60,
0x000001ab66053120, 0x000001ab66052a90, 0x000001ab66055880, 0x000001ab66052400,
0x000001ab660551f0, 0x000001ab66056c30, 0x000001ab66055f10, 0x000001ab660544d0,
0x000001ab660565a0, 0x000001ab660537b0, 0x000001ab66058670, 0x000001ab66057fe0,
0x000001ab660572c0, 0x000001ab66059390, 0x000001ab66058d00, 0x000001ab66059a20,
0x000001ab66d989b0, 0x000001ab66d996d0, 0x000001ab66d97600, 0x000001ab66d99d60,
0x000001ab66d9a3f0, 0x000001ab66d9aa80, 0x000001ab66d98320, 0x000001ab66d96f70,
0x000001ab66d9b110, 0x000001ab66d97c90, 0x000001ab66d9be30, 0x000001ab66d9b7a0,
0x000001ab66d9c4c0, 0x000001ab66d9d1e0, 0x000001ab66d9d870, 0x000001ab66d99040,
0x000001ab66d9df00, 0x000001ab72c086e0, 0x000001ab72c079c0, 0x000001ab72c09a90,
0x000001ab72c0b4d0, 0x000001ab72c0a7b0, 0x000001ab72c08d70, 0x000001ab72c0e2c0,
0x000001ab72c0efe0, 0x000001ab725dcbe0, 0x000001ab725decb0, 0x000001ab725e34e0,
0x000001ab725e1410, 0x000001ab725e0060, 0x000001ab725e2e50, 0x000001ab68281ed0,
0x000001ab6827fe00, 0x000001ab68282560, 0x000001ab68283280, 0x000001ab68282bf0,
0x000001ab68283fa0, 0x000001ab68286070, 0x000001ab68285350, 0x000001ab6916e780,
0x000001ab69171570, 0x000001ab69170850, 0x000001ab6916f4a0, 0x000001ab6916e0f0,
0x000001ab6916fb30, 0x000001ab691701c0, 0x000001ab6916cd40, 0x000001ab6916da60,
0x000001ab69170ee0, 0x000001ab69171c00, 0x000001ab6916ee10, 0x000001ab69173640,
0x000001ab69173cd0, 0x000001ab725dd270, 0x000001ab725dd900, 0x000001ab725ddf90,
0x000001ab725e1aa0, 0x000001ab725e06f0, 0x000001ab725e0d80, 0x000001ab725de620,
0x000001ab725e27c0, 0x000001ab68538010, 0x000001ab725df340
}

Java Threads: ( => current thread )
  0x000001ab47dcc960 JavaThread "main"                              [_thread_blocked, id=36188, stack(0x0000003a9a600000,0x0000003a9a700000) (1024K)]
  0x000001ab606669c0 JavaThread "Reference Handler"          daemon [_thread_blocked, id=32412, stack(0x0000003a9aa00000,0x0000003a9ab00000) (1024K)]
  0x000001ab60667880 JavaThread "Finalizer"                  daemon [_thread_blocked, id=14560, stack(0x0000003a9ab00000,0x0000003a9ac00000) (1024K)]
  0x000001ab6066c3d0 JavaThread "Signal Dispatcher"          daemon [_thread_blocked, id=42572, stack(0x0000003a9ac00000,0x0000003a9ad00000) (1024K)]
  0x000001ab6066d8a0 JavaThread "Attach Listener"            daemon [_thread_blocked, id=41992, stack(0x0000003a9ad00000,0x0000003a9ae00000) (1024K)]
  0x000001ab6066e780 JavaThread "Service Thread"             daemon [_thread_blocked, id=14880, stack(0x0000003a9ae00000,0x0000003a9af00000) (1024K)]
  0x000001ab606711f0 JavaThread "Monitor Deflation Thread"   daemon [_thread_blocked, id=40744, stack(0x0000003a9af00000,0x0000003a9b000000) (1024K)]
=>0x000001ab60672030 JavaThread "C2 CompilerThread0"         daemon [_thread_in_native, id=26200, stack(0x0000003a9b000000,0x0000003a9b100000) (1024K)]
  0x000001ab606e6f40 JavaThread "C1 CompilerThread0"         daemon [_thread_blocked, id=22548, stack(0x0000003a9b100000,0x0000003a9b200000) (1024K)]
  0x000001ab60827860 JavaThread "Common-Cleaner"             daemon [_thread_blocked, id=16868, stack(0x0000003a9b200000,0x0000003a9b300000) (1024K)]
  0x000001ab609ce3f0 JavaThread "Notification Thread"        daemon [_thread_blocked, id=27208, stack(0x0000003a9b300000,0x0000003a9b400000) (1024K)]
  0x000001ab65531e20 JavaThread "Active Thread: Equinox Container: 4cfc5e6a-db9f-4d4e-ad36-b17c04487863"        [_thread_blocked, id=29440, stack(0x0000003a9ba00000,0x0000003a9bb00000) (1024K)]
  0x000001ab606a3360 JavaThread "Refresh Thread: Equinox Container: 4cfc5e6a-db9f-4d4e-ad36-b17c04487863" daemon [_thread_blocked, id=40216, stack(0x0000003a9bc00000,0x0000003a9bd00000) (1024K)]
  0x000001ab657377e0 JavaThread "Framework Event Dispatcher: Equinox Container: 4cfc5e6a-db9f-4d4e-ad36-b17c04487863" daemon [_thread_blocked, id=22144, stack(0x0000003a9bd00000,0x0000003a9be00000) (1024K)]
  0x000001ab650ad610 JavaThread "Start Level: Equinox Container: 4cfc5e6a-db9f-4d4e-ad36-b17c04487863" daemon [_thread_blocked, id=12740, stack(0x0000003a9be00000,0x0000003a9bf00000) (1024K)]
  0x000001ab6599f7c0 JavaThread "Bundle File Closer"         daemon [_thread_blocked, id=43276, stack(0x0000003a9c100000,0x0000003a9c200000) (1024K)]
  0x000001ab60977a60 JavaThread "SCR Component Actor"        daemon [_thread_blocked, id=43704, stack(0x0000003a9c200000,0x0000003a9c300000) (1024K)]
  0x000001ab60a57af0 JavaThread "Worker-JM"                         [_thread_blocked, id=43872, stack(0x0000003a9c300000,0x0000003a9c400000) (1024K)]
  0x000001ab606baeb0 JavaThread "JNA Cleaner"                daemon [_thread_blocked, id=43084, stack(0x0000003a9c400000,0x0000003a9c500000) (1024K)]
  0x000001ab606bb540 JavaThread "Worker-0: Initialize workspace"        [_thread_blocked, id=43120, stack(0x0000003a9c500000,0x0000003a9c600000) (1024K)]
  0x000001ab606bbbd0 JavaThread "Worker-1: Initialize workspace"        [_thread_blocked, id=42112, stack(0x0000003a9c600000,0x0000003a9c700000) (1024K)]
  0x000001ab606b9470 JavaThread "Worker-2: Initialize workspace"        [_thread_blocked, id=43220, stack(0x0000003a9c700000,0x0000003a9c800000) (1024K)]
  0x000001ab606bc260 JavaThread "Worker-3: Initialize workspace"        [_thread_blocked, id=43196, stack(0x0000003a9c800000,0x0000003a9c900000) (1024K)]
  0x000001ab606bc8f0 JavaThread "Java indexing"              daemon [_thread_blocked, id=40384, stack(0x0000003a9c900000,0x0000003a9ca00000) (1024K)]
  0x000001ab606b9b00 JavaThread "Worker-4: Initialize workspace"        [_thread_blocked, id=43992, stack(0x0000003a9ca00000,0x0000003a9cb00000) (1024K)]
  0x000001ab606ba190 JavaThread "Worker-5: Download Gradle Wrapper checksums"        [_thread_blocked, id=10012, stack(0x0000003a9cd00000,0x0000003a9ce00000) (1024K)]
  0x000001ab606ba820 JavaThread "pool-2-thread-1"                   [_thread_blocked, id=42084, stack(0x0000003a9ce00000,0x0000003a9cf00000) (1024K)]
  0x000001ab66054b60 JavaThread "WorkspaceEventsHandler"            [_thread_blocked, id=43500, stack(0x0000003a9cf00000,0x0000003a9d000000) (1024K)]
  0x000001ab66053120 JavaThread "pool-1-thread-1"                   [_thread_blocked, id=43248, stack(0x0000003a9d000000,0x0000003a9d100000) (1024K)]
  0x000001ab66052a90 JavaThread "PatternSearchJob-worker-1"  daemon [_thread_blocked, id=43096, stack(0x0000003a9d100000,0x0000003a9d200000) (1024K)]
  0x000001ab66055880 JavaThread "PatternSearchJob-worker-2"  daemon [_thread_blocked, id=37736, stack(0x0000003a9d200000,0x0000003a9d300000) (1024K)]
  0x000001ab66052400 JavaThread "PatternSearchJob-worker-3"  daemon [_thread_blocked, id=13908, stack(0x0000003a9d300000,0x0000003a9d400000) (1024K)]
  0x000001ab660551f0 JavaThread "PatternSearchJob-worker-4"  daemon [_thread_blocked, id=39676, stack(0x0000003a9d400000,0x0000003a9d500000) (1024K)]
  0x000001ab66056c30 JavaThread "PatternSearchJob-worker-5"  daemon [_thread_blocked, id=43124, stack(0x0000003a9d500000,0x0000003a9d600000) (1024K)]
  0x000001ab66055f10 JavaThread "PatternSearchJob-worker-6"  daemon [_thread_blocked, id=15240, stack(0x0000003a9d600000,0x0000003a9d700000) (1024K)]
  0x000001ab660544d0 JavaThread "PatternSearchJob-worker-8"  daemon [_thread_blocked, id=43316, stack(0x0000003a9d700000,0x0000003a9d800000) (1024K)]
  0x000001ab660565a0 JavaThread "PatternSearchJob-worker-7"  daemon [_thread_blocked, id=37748, stack(0x0000003a9d800000,0x0000003a9d900000) (1024K)]
  0x000001ab660537b0 JavaThread "PatternSearchJob-worker-9"  daemon [_thread_blocked, id=14272, stack(0x0000003a9d900000,0x0000003a9da00000) (1024K)]
  0x000001ab66058670 JavaThread "PatternSearchJob-worker-10" daemon [_thread_blocked, id=6376, stack(0x0000003a9da00000,0x0000003a9db00000) (1024K)]
  0x000001ab66057fe0 JavaThread "PatternSearchJob-worker-11" daemon [_thread_blocked, id=19776, stack(0x0000003a9db00000,0x0000003a9dc00000) (1024K)]
  0x000001ab660572c0 JavaThread "Timer-0"                           [_thread_blocked, id=44192, stack(0x0000003a9dd00000,0x0000003a9de00000) (1024K)]
  0x000001ab66059390 JavaThread "Timer-1"                           [_thread_blocked, id=46616, stack(0x0000003a9de00000,0x0000003a9df00000) (1024K)]
  0x000001ab66058d00 JavaThread "Worker-6: Initialize workspace"        [_thread_blocked, id=46632, stack(0x0000003a9dc00000,0x0000003a9dd00000) (1024K)]
  0x000001ab66059a20 JavaThread "Worker-7: Initialize workspace"        [_thread_blocked, id=46636, stack(0x0000003a9df00000,0x0000003a9e000000) (1024K)]
  0x000001ab66d989b0 JavaThread "Worker-8: Initialize workspace"        [_thread_blocked, id=46656, stack(0x0000003a9e000000,0x0000003a9e100000) (1024K)]
  0x000001ab66d996d0 JavaThread "Timer-2"                           [_thread_blocked, id=46664, stack(0x0000003a9e200000,0x0000003a9e300000) (1024K)]
  0x000001ab66d97600 JavaThread "Worker-9: Initialize workspace"        [_thread_blocked, id=46676, stack(0x0000003a9e400000,0x0000003a9e500000) (1024K)]
  0x000001ab66d99d60 JavaThread "Worker-10: Initialize workspace"        [_thread_blocked, id=46696, stack(0x0000003a9e100000,0x0000003a9e200000) (1024K)]
  0x000001ab66d9a3f0 JavaThread "Worker-11: Initialize workspace"        [_thread_blocked, id=46700, stack(0x0000003a9e300000,0x0000003a9e400000) (1024K)]
  0x000001ab66d9aa80 JavaThread "Timer-3"                           [_thread_blocked, id=46708, stack(0x0000003a9e600000,0x0000003a9e700000) (1024K)]
  0x000001ab66d98320 JavaThread "Worker-12: Initialize workspace"        [_thread_blocked, id=46716, stack(0x0000003a9e700000,0x0000003a9e800000) (1024K)]
  0x000001ab66d96f70 JavaThread "Worker-13: Initialize workspace"        [_thread_blocked, id=46720, stack(0x0000003a9e500000,0x0000003a9e600000) (1024K)]
  0x000001ab66d9b110 JavaThread "Worker-14: Initialize workspace"        [_thread_blocked, id=47032, stack(0x0000003a9e900000,0x0000003a9ea00000) (1024K)]
  0x000001ab66d97c90 JavaThread "Worker-15"                         [_thread_blocked, id=47036, stack(0x0000003a9ea00000,0x0000003a9eb00000) (1024K)]
  0x000001ab66d9be30 JavaThread "Timer-4"                           [_thread_blocked, id=42524, stack(0x0000003a9ee00000,0x0000003a9ef00000) (1024K)]
  0x000001ab66d9b7a0 JavaThread "Worker-16: Initialize workspace"        [_thread_blocked, id=26688, stack(0x0000003a9ed00000,0x0000003a9ee00000) (1024K)]
  0x000001ab66d9c4c0 JavaThread "Worker-17: Initialize workspace"        [_thread_blocked, id=47068, stack(0x0000003a9ef00000,0x0000003a9f000000) (1024K)]
  0x000001ab66d9d1e0 JavaThread "Timer-5"                           [_thread_blocked, id=47096, stack(0x0000003a9f100000,0x0000003a9f200000) (1024K)]
  0x000001ab66d9d870 JavaThread "Worker-18: Initialize workspace"        [_thread_blocked, id=45372, stack(0x0000003a9f200000,0x0000003a9f300000) (1024K)]
  0x000001ab66d99040 JavaThread "Worker-19: Initialize workspace"        [_thread_blocked, id=46264, stack(0x0000003a9f000000,0x0000003a9f100000) (1024K)]
  0x000001ab66d9df00 JavaThread "Timer-6"                           [_thread_blocked, id=46648, stack(0x0000003a9f400000,0x0000003a9f500000) (1024K)]
  0x000001ab72c086e0 JavaThread "Timer-7"                           [_thread_blocked, id=44312, stack(0x0000003a9f500000,0x0000003a9f600000) (1024K)]
  0x000001ab72c079c0 JavaThread "Timer-8"                           [_thread_blocked, id=46268, stack(0x0000003a9f700000,0x0000003a9f800000) (1024K)]
  0x000001ab72c09a90 JavaThread "Timer-9"                           [_thread_blocked, id=44628, stack(0x0000003a9f800000,0x0000003a9f900000) (1024K)]
  0x000001ab72c0b4d0 JavaThread "Timer-10"                          [_thread_blocked, id=36024, stack(0x0000003a9f900000,0x0000003a9fa00000) (1024K)]
  0x000001ab72c0a7b0 JavaThread "Timer-11"                          [_thread_blocked, id=34836, stack(0x0000003a9f600000,0x0000003a9f700000) (1024K)]
  0x000001ab72c08d70 JavaThread "Connection worker"                 [_thread_blocked, id=39700, stack(0x0000003a9fb00000,0x0000003a9fc00000) (1024K)]
  0x000001ab72c0e2c0 JavaThread "Connection worker"                 [_thread_blocked, id=38496, stack(0x0000003aa0300000,0x0000003aa0400000) (1024K)]
  0x000001ab72c0efe0 JavaThread "Timer-12"                          [_thread_blocked, id=43716, stack(0x0000003aa0500000,0x0000003aa0600000) (1024K)]
  0x000001ab725dcbe0 JavaThread "Timer-13"                          [_thread_blocked, id=3728, stack(0x0000003aa0700000,0x0000003aa0800000) (1024K)]
  0x000001ab725decb0 JavaThread "pool-6-thread-1"                   [_thread_blocked, id=43688, stack(0x0000003aa0800000,0x0000003aa0900000) (1024K)]
  0x000001ab725e34e0 JavaThread "pool-14-thread-1"                  [_thread_blocked, id=37296, stack(0x0000003aa1000000,0x0000003aa1100000) (1024K)]
  0x000001ab725e1410 JavaThread "Connection worker"                 [_thread_blocked, id=43608, stack(0x0000003aa1400000,0x0000003aa1500000) (1024K)]
  0x000001ab725e0060 JavaThread "pool-15-thread-1"                  [_thread_blocked, id=9956, stack(0x0000003aa1300000,0x0000003aa1400000) (1024K)]
  0x000001ab725e2e50 JavaThread "Timer-14"                          [_thread_blocked, id=44052, stack(0x0000003aa1600000,0x0000003aa1700000) (1024K)]
  0x000001ab68281ed0 JavaThread "Timer-15"                          [_thread_blocked, id=4808, stack(0x0000003aa1900000,0x0000003aa1a00000) (1024K)]
  0x000001ab6827fe00 JavaThread "Connection worker"                 [_thread_blocked, id=42908, stack(0x0000003aa1800000,0x0000003aa1900000) (1024K)]
  0x000001ab68282560 JavaThread "pool-17-thread-1"                  [_thread_blocked, id=43748, stack(0x0000003a9ec00000,0x0000003a9ed00000) (1024K)]
  0x000001ab68283280 JavaThread "Timer-16"                          [_thread_blocked, id=42016, stack(0x0000003aa1b00000,0x0000003aa1c00000) (1024K)]
  0x000001ab68282bf0 JavaThread "Worker-20: Initialize workspace"        [_thread_blocked, id=44172, stack(0x0000003aa1a00000,0x0000003aa1b00000) (1024K)]
  0x000001ab68283fa0 JavaThread "Exec process"                      [_thread_in_native, id=40756, stack(0x0000003aa1e00000,0x0000003aa1f00000) (1024K)]
  0x000001ab68286070 JavaThread "Connection worker"                 [_thread_blocked, id=41976, stack(0x0000003aa2600000,0x0000003aa2700000) (1024K)]
  0x000001ab68285350 JavaThread "pool-18-thread-1"                  [_thread_blocked, id=34012, stack(0x0000003aa2800000,0x0000003aa2900000) (1024K)]
  0x000001ab6916e780 JavaThread "Exec process Thread 2"             [_thread_blocked, id=44404, stack(0x0000003aa2900000,0x0000003aa2a00000) (1024K)]
  0x000001ab69171570 JavaThread "Timer-17"                          [_thread_blocked, id=26132, stack(0x0000003aa2b00000,0x0000003aa2c00000) (1024K)]
  0x000001ab69170850 JavaThread "Exec process"                      [_thread_blocked, id=42000, stack(0x0000003aa3000000,0x0000003aa3100000) (1024K)]
  0x000001ab6916f4a0 JavaThread "Exec process"                      [_thread_in_native, id=7964, stack(0x0000003aa3100000,0x0000003aa3200000) (1024K)]
  0x000001ab6916e0f0 JavaThread "Worker-21: Validating Gradle wrapper checksum..."        [_thread_blocked, id=46536, stack(0x0000003aa2e00000,0x0000003aa2f00000) (1024K)]
  0x000001ab6916fb30 JavaThread "Connection worker"                 [_thread_blocked, id=45380, stack(0x0000003a9fa00000,0x0000003a9fb00000) (1024K)]
  0x000001ab691701c0 JavaThread "Connection worker"                 [_thread_blocked, id=47092, stack(0x0000003a9ff00000,0x0000003aa0000000) (1024K)]
  0x000001ab6916cd40 JavaThread "Connection worker"                 [_thread_blocked, id=20640, stack(0x0000003aa0100000,0x0000003aa0200000) (1024K)]
  0x000001ab6916da60 JavaThread "Connection worker"                 [_thread_blocked, id=12608, stack(0x0000003aa0600000,0x0000003aa0700000) (1024K)]
  0x000001ab69170ee0 JavaThread "Connection worker"                 [_thread_blocked, id=40160, stack(0x0000003aa0b00000,0x0000003aa0c00000) (1024K)]
  0x000001ab69171c00 JavaThread "Connection worker"                 [_thread_blocked, id=44708, stack(0x0000003aa0e00000,0x0000003aa0f00000) (1024K)]
  0x000001ab6916ee10 JavaThread "pool-19-thread-1"                  [_thread_blocked, id=25820, stack(0x0000003aa1200000,0x0000003aa1300000) (1024K)]
  0x000001ab69173640 JavaThread "Connection worker"                 [_thread_blocked, id=44636, stack(0x0000003a9fe00000,0x0000003a9ff00000) (1024K)]
  0x000001ab69173cd0 JavaThread "Connection worker"                 [_thread_blocked, id=46712, stack(0x0000003aa0200000,0x0000003aa0300000) (1024K)]
  0x000001ab725dd270 JavaThread "Exec process Thread 2"             [_thread_blocked, id=9848, stack(0x0000003aa1500000,0x0000003aa1600000) (1024K)]
  0x000001ab725dd900 JavaThread "Timer-18"                          [_thread_blocked, id=43928, stack(0x0000003aa1d00000,0x0000003aa1e00000) (1024K)]
  0x000001ab725ddf90 JavaThread "Connection worker"                 [_thread_blocked, id=43844, stack(0x0000003a9fc00000,0x0000003a9fd00000) (1024K)]
  0x000001ab725e1aa0 JavaThread "Connection worker"                 [_thread_blocked, id=43544, stack(0x0000003aa0000000,0x0000003aa0100000) (1024K)]
  0x000001ab725e06f0 JavaThread "Exec process"                      [_thread_blocked, id=42060, stack(0x0000003a9fd00000,0x0000003a9fe00000) (1024K)]
  0x000001ab725e0d80 JavaThread "Connection worker"                 [_thread_blocked, id=10660, stack(0x0000003aa0400000,0x0000003aa0500000) (1024K)]
  0x000001ab725de620 JavaThread "Worker-22"                         [_thread_blocked, id=33840, stack(0x0000003aa0900000,0x0000003aa0a00000) (1024K)]
  0x000001ab725e27c0 JavaThread "Exec process Thread 2"             [_thread_blocked, id=32564, stack(0x0000003aa0c00000,0x0000003aa0d00000) (1024K)]
  0x000001ab68538010 JavaThread "C2 CompilerThread1"         daemon [_thread_blocked, id=47040, stack(0x0000003aa0a00000,0x0000003aa0b00000) (1024K)]
  0x000001ab725df340 JavaThread "Exec process Thread 2"             [_thread_blocked, id=17932, stack(0x0000003aa1100000,0x0000003aa1200000) (1024K)]
Total: 107

Other Threads:
  0x000001ab47e8e9c0 VMThread "VM Thread"                           [id=13964, stack(0x0000003a9a900000,0x0000003a9aa00000) (1024K)]
  0x000001ab47c5ca00 WatcherThread "VM Periodic Task Thread"        [id=18604, stack(0x0000003a9a800000,0x0000003a9a900000) (1024K)]
  0x000001ab47deaf60 WorkerThread "GC Thread#0"                     [id=22112, stack(0x0000003a9a700000,0x0000003a9a800000) (1024K)]
  0x000001ab656e0f40 WorkerThread "GC Thread#1"                     [id=15716, stack(0x0000003a9b400000,0x0000003a9b500000) (1024K)]
  0x000001ab6528b450 WorkerThread "GC Thread#2"                     [id=21876, stack(0x0000003a9b500000,0x0000003a9b600000) (1024K)]
  0x000001ab65323b90 WorkerThread "GC Thread#3"                     [id=27816, stack(0x0000003a9b600000,0x0000003a9b700000) (1024K)]
  0x000001ab65324ab0 WorkerThread "GC Thread#4"                     [id=15688, stack(0x0000003a9b700000,0x0000003a9b800000) (1024K)]
  0x000001ab653592c0 WorkerThread "GC Thread#5"                     [id=24804, stack(0x0000003a9b800000,0x0000003a9b900000) (1024K)]
  0x000001ab65359a80 WorkerThread "GC Thread#6"                     [id=28728, stack(0x0000003a9b900000,0x0000003a9ba00000) (1024K)]
  0x000001ab6552b640 WorkerThread "GC Thread#7"                     [id=31788, stack(0x0000003a9bb00000,0x0000003a9bc00000) (1024K)]
  0x000001ab65bc0c90 WorkerThread "GC Thread#8"                     [id=43112, stack(0x0000003a9bf00000,0x0000003a9c000000) (1024K)]
  0x000001ab65bc1040 WorkerThread "GC Thread#9"                     [id=43116, stack(0x0000003a9c000000,0x0000003a9c100000) (1024K)]
Total: 12

Threads with active compile tasks:
C2 CompilerThread0  74974 11343   !   4       org.eclipse.osgi.internal.loader.BundleLoader::findRequiredSource (283 bytes)
Total: 1

VM state: at safepoint (normal execution)

VM Mutex/Monitor currently owned by a thread:  ([mutex/lock_event])
[0x00007ff800d7f5b0] Threads_lock - owner thread: 0x000001ab47e8e9c0
[0x00007ff800d7f6b0] Heap_lock - owner thread: 0x000001ab6916fb30

Heap address: 0x0000000080000000, size: 2048 MB, Compressed Oops mode: 32-bit

CDS archive(s) mapped at: [0x000001ab00000000-0x000001ab00ba0000-0x000001ab00ba0000), size 12189696, SharedBaseAddress: 0x000001ab00000000, ArchiveRelocationMode: 1.
Compressed class space mapped at: 0x000001ab01000000-0x000001ab41000000, reserved size: 1073741824
Narrow klass base: 0x000001ab00000000, Narrow klass shift: 0, Narrow klass range: 0x100000000

GC Precious Log:
 CardTable entry size: 512
 CPUs: 12 total, 12 available
 Memory: 7893M
 Large Page Support: Disabled
 NUMA Support: Disabled
 Compressed Oops: Enabled (32-bit)
 Alignments: Space 512K, Generation 512K, Heap 2M
 Heap Min Capacity: 100M
 Heap Initial Capacity: 100M
 Heap Max Capacity: 2G
 Pre-touch: Disabled
 Parallel Workers: 10

Heap:
 PSYoungGen      total 5632K, used 5632K [0x00000000d5580000, 0x00000000d5d00000, 0x0000000100000000)
  eden space 4096K, 100% used [0x00000000d5580000,0x00000000d5980000,0x00000000d5980000)
  from space 1536K, 100% used [0x00000000d5980000,0x00000000d5b00000,0x00000000d5b00000)
  to   space 1536K, 60% used [0x00000000d5b80000,0x00000000d5c68000,0x00000000d5d00000)
 ParOldGen       total 200192K, used 199801K [0x0000000080000000, 0x000000008c380000, 0x00000000d5580000)
  object space 200192K, 99% used [0x0000000080000000,0x000000008c31e510,0x000000008c380000)
 Metaspace       used 68857K, committed 70784K, reserved 1114112K
  class space    used 8201K, committed 9088K, reserved 1048576K

Card table byte_map: [0x000001ab47770000,0x000001ab47b80000] _byte_map_base: 0x000001ab47370000

Marking Bits: (ParMarkBitMap*) 0x00007ff800d844a0
 Begin Bits: [0x000001ab5a280000, 0x000001ab5c280000)
 End Bits:   [0x000001ab5c280000, 0x000001ab5e280000)

Polling page: 0x000001ab45cd0000

Metaspace:

Usage:
  Non-class:     59.23 MB used.
      Class:      8.01 MB used.
       Both:     67.24 MB used.

Virtual space:
  Non-class space:       64.00 MB reserved,      60.25 MB ( 94%) committed,  1 nodes.
      Class space:        1.00 GB reserved,       8.88 MB ( <1%) committed,  1 nodes.
             Both:        1.06 GB reserved,      69.12 MB (  6%) committed. 

Chunk freelists:
   Non-Class:  3.52 MB
       Class:  7.09 MB
        Both:  10.61 MB

MaxMetaspaceSize: unlimited
CompressedClassSpaceSize: 1.00 GB
Initial GC threshold: 21.00 MB
Current GC threshold: 97.31 MB
CDS: on
 - commit_granule_bytes: 65536.
 - commit_granule_words: 8192.
 - virtual_space_node_default_size: 8388608.
 - enlarge_chunks_in_place: 1.
 - use_allocation_guard: 0.


Internal statistics:

num_allocs_failed_limit: 9.
num_arena_births: 2120.
num_arena_deaths: 26.
num_vsnodes_births: 2.
num_vsnodes_deaths: 0.
num_space_committed: 1106.
num_space_uncommitted: 0.
num_chunks_returned_to_freelist: 35.
num_chunks_taken_from_freelist: 5408.
num_chunk_merges: 15.
num_chunk_splits: 3233.
num_chunks_enlarged: 1569.
num_inconsistent_stats: 0.

CodeHeap 'non-profiled nmethods': size=120000Kb used=6574Kb max_used=7141Kb free=113426Kb
 bounds [0x000001ab52aa0000, 0x000001ab531a0000, 0x000001ab59fd0000]
CodeHeap 'profiled nmethods': size=120000Kb used=20551Kb max_used=22348Kb free=99449Kb
 bounds [0x000001ab4afd0000, 0x000001ab4c5b0000, 0x000001ab52500000]
CodeHeap 'non-nmethods': size=5760Kb used=1438Kb max_used=1490Kb free=4321Kb
 bounds [0x000001ab52500000, 0x000001ab52770000, 0x000001ab52aa0000]
CodeCache: size=245760Kb, used=28563Kb, max_used=30979Kb, free=217196Kb
 total_blobs=10862, nmethods=10112, adapters=656, full_count=0
Compilation: enabled, stopped_count=0, restarted_count=0

Compilation events (20 events):
Event: 74.257 Thread 0x000001ab606e6f40 nmethod 11379 0x000001ab4c597b10 code [0x000001ab4c597ca0, 0x000001ab4c597db8]
Event: 74.257 Thread 0x000001ab606e6f40 11380       3       org.gradle.initialization.ParallelismBuildOptions::getAllOptions (4 bytes)
Event: 74.257 Thread 0x000001ab606e6f40 nmethod 11380 0x000001ab4c597e90 code [0x000001ab4c598020, 0x000001ab4c598138]
Event: 74.257 Thread 0x000001ab606e6f40 11381       1       org.gradle.cli.ProjectPropertiesCommandLineConverter::getPropertyOption (3 bytes)
Event: 74.257 Thread 0x000001ab606e6f40 nmethod 11381 0x000001ab5318df90 code [0x000001ab5318e120, 0x000001ab5318e1f0]
Event: 74.257 Thread 0x000001ab606e6f40 11382       3       org.gradle.internal.service.RelevantMethods::getMethods (42 bytes)
Event: 74.258 Thread 0x000001ab606e6f40 nmethod 11382 0x000001ab4c598210 code [0x000001ab4c598400, 0x000001ab4c598830]
Event: 74.260 Thread 0x000001ab606e6f40 11383       3       java.io.File::toString (5 bytes)
Event: 74.260 Thread 0x000001ab606e6f40 nmethod 11383 0x000001ab4c598a10 code [0x000001ab4c598ba0, 0x000001ab4c598cc0]
Event: 74.277 Thread 0x000001ab606e6f40 11384       3       sun.security.util.math.intpoly.IntegerPolynomial$Element::asBigInteger (12 bytes)
Event: 74.278 Thread 0x000001ab606e6f40 nmethod 11384 0x000001ab4c598d90 code [0x000001ab4c598f40, 0x000001ab4c599118]
Event: 74.329 Thread 0x000001ab606e6f40 11386       1       java.util.TimeZone::getID (5 bytes)
Event: 74.329 Thread 0x000001ab606e6f40 nmethod 11386 0x000001ab5318e290 code [0x000001ab5318e420, 0x000001ab5318e4e8]
Event: 74.330 Thread 0x000001ab68538010 11385   !   4       java.util.jar.JarFile::getManifestFromReference (197 bytes)
Event: 74.393 Thread 0x000001ab606e6f40 11388       1       org.slf4j.helpers.FormattingTuple::getThrowable (5 bytes)
Event: 74.393 Thread 0x000001ab606e6f40 nmethod 11388 0x000001ab5318e590 code [0x000001ab5318e720, 0x000001ab5318e7e8]
Event: 74.393 Thread 0x000001ab606e6f40 11389       1       org.slf4j.helpers.FormattingTuple::getMessage (5 bytes)
Event: 74.393 Thread 0x000001ab606e6f40 nmethod 11389 0x000001ab5318e890 code [0x000001ab5318ea20, 0x000001ab5318eae8]
Event: 74.416 Thread 0x000001ab606e6f40 11390       3       org.gradle.internal.serialize.AbstractSerializer::<init> (5 bytes)
Event: 74.416 Thread 0x000001ab606e6f40 nmethod 11390 0x000001ab4c599210 code [0x000001ab4c5993c0, 0x000001ab4c599528]

GC Heap History (20 events):
Event: 72.402 GC heap after
{Heap after GC invocations=210 (full 3):
 PSYoungGen      total 7168K, used 2224K [0x00000000d5580000, 0x00000000d5f00000, 0x0000000100000000)
  eden space 4608K, 0% used [0x00000000d5580000,0x00000000d5580000,0x00000000d5a00000)
  from space 2560K, 86% used [0x00000000d5a00000,0x00000000d5c2c010,0x00000000d5c80000)
  to   space 2560K, 0% used [0x00000000d5c80000,0x00000000d5c80000,0x00000000d5f00000)
 ParOldGen       total 190464K, used 190381K [0x0000000080000000, 0x000000008ba00000, 0x00000000d5580000)
  object space 190464K, 99% used [0x0000000080000000,0x000000008b9eb7d0,0x000000008ba00000)
 Metaspace       used 68786K, committed 70656K, reserved 1114112K
  class space    used 8201K, committed 9088K, reserved 1048576K
}
Event: 72.984 GC heap before
{Heap before GC invocations=211 (full 3):
 PSYoungGen      total 7168K, used 6831K [0x00000000d5580000, 0x00000000d5f00000, 0x0000000100000000)
  eden space 4608K, 99% used [0x00000000d5580000,0x00000000d59fff20,0x00000000d5a00000)
  from space 2560K, 86% used [0x00000000d5a00000,0x00000000d5c2c010,0x00000000d5c80000)
  to   space 2560K, 0% used [0x00000000d5c80000,0x00000000d5c80000,0x00000000d5f00000)
 ParOldGen       total 190464K, used 190381K [0x0000000080000000, 0x000000008ba00000, 0x00000000d5580000)
  object space 190464K, 99% used [0x0000000080000000,0x000000008b9eb7d0,0x000000008ba00000)
 Metaspace       used 68795K, committed 70656K, reserved 1114112K
  class space    used 8201K, committed 9088K, reserved 1048576K
}
Event: 72.992 GC heap after
{Heap after GC invocations=211 (full 3):
 PSYoungGen      total 5120K, used 512K [0x00000000d5580000, 0x00000000d5d00000, 0x0000000100000000)
  eden space 4608K, 0% used [0x00000000d5580000,0x00000000d5580000,0x00000000d5a00000)
  from space 512K, 100% used [0x00000000d5c80000,0x00000000d5d00000,0x00000000d5d00000)
  to   space 1536K, 0% used [0x00000000d5a00000,0x00000000d5a00000,0x00000000d5b80000)
 ParOldGen       total 192512K, used 192478K [0x0000000080000000, 0x000000008bc00000, 0x00000000d5580000)
  object space 192512K, 99% used [0x0000000080000000,0x000000008bbf7800,0x000000008bc00000)
 Metaspace       used 68795K, committed 70656K, reserved 1114112K
  class space    used 8201K, committed 9088K, reserved 1048576K
}
Event: 73.262 GC heap before
{Heap before GC invocations=212 (full 3):
 PSYoungGen      total 5120K, used 5119K [0x00000000d5580000, 0x00000000d5d00000, 0x0000000100000000)
  eden space 4608K, 99% used [0x00000000d5580000,0x00000000d59fffe8,0x00000000d5a00000)
  from space 512K, 100% used [0x00000000d5c80000,0x00000000d5d00000,0x00000000d5d00000)
  to   space 1536K, 0% used [0x00000000d5a00000,0x00000000d5a00000,0x00000000d5b80000)
 ParOldGen       total 192512K, used 192478K [0x0000000080000000, 0x000000008bc00000, 0x00000000d5580000)
  object space 192512K, 99% used [0x0000000080000000,0x000000008bbf7800,0x000000008bc00000)
 Metaspace       used 68804K, committed 70656K, reserved 1114112K
  class space    used 8201K, committed 9088K, reserved 1048576K
}
Event: 73.274 GC heap after
{Heap after GC invocations=212 (full 3):
 PSYoungGen      total 6144K, used 576K [0x00000000d5580000, 0x00000000d5d00000, 0x0000000100000000)
  eden space 4608K, 0% used [0x00000000d5580000,0x00000000d5580000,0x00000000d5a00000)
  from space 1536K, 37% used [0x00000000d5a00000,0x00000000d5a90000,0x00000000d5b80000)
  to   space 1024K, 0% used [0x00000000d5c00000,0x00000000d5c00000,0x00000000d5d00000)
 ParOldGen       total 193024K, used 192742K [0x0000000080000000, 0x000000008bc80000, 0x00000000d5580000)
  object space 193024K, 99% used [0x0000000080000000,0x000000008bc39820,0x000000008bc80000)
 Metaspace       used 68804K, committed 70656K, reserved 1114112K
  class space    used 8201K, committed 9088K, reserved 1048576K
}
Event: 73.429 GC heap before
{Heap before GC invocations=213 (full 3):
 PSYoungGen      total 6144K, used 5184K [0x00000000d5580000, 0x00000000d5d00000, 0x0000000100000000)
  eden space 4608K, 100% used [0x00000000d5580000,0x00000000d5a00000,0x00000000d5a00000)
  from space 1536K, 37% used [0x00000000d5a00000,0x00000000d5a90000,0x00000000d5b80000)
  to   space 1024K, 0% used [0x00000000d5c00000,0x00000000d5c00000,0x00000000d5d00000)
 ParOldGen       total 193024K, used 192742K [0x0000000080000000, 0x000000008bc80000, 0x00000000d5580000)
  object space 193024K, 99% used [0x0000000080000000,0x000000008bc39820,0x000000008bc80000)
 Metaspace       used 68809K, committed 70720K, reserved 1114112K
  class space    used 8201K, committed 9088K, reserved 1048576K
}
Event: 73.433 GC heap after
{Heap after GC invocations=213 (full 3):
 PSYoungGen      total 5120K, used 512K [0x00000000d5580000, 0x00000000d5c80000, 0x0000000100000000)
  eden space 4608K, 0% used [0x00000000d5580000,0x00000000d5580000,0x00000000d5a00000)
  from space 512K, 100% used [0x00000000d5c00000,0x00000000d5c80000,0x00000000d5c80000)
  to   space 1024K, 0% used [0x00000000d5a80000,0x00000000d5a80000,0x00000000d5b80000)
 ParOldGen       total 193536K, used 193046K [0x0000000080000000, 0x000000008bd00000, 0x00000000d5580000)
  object space 193536K, 99% used [0x0000000080000000,0x000000008bc85860,0x000000008bd00000)
 Metaspace       used 68809K, committed 70720K, reserved 1114112K
  class space    used 8201K, committed 9088K, reserved 1048576K
}
Event: 73.688 GC heap before
{Heap before GC invocations=214 (full 3):
 PSYoungGen      total 5120K, used 5119K [0x00000000d5580000, 0x00000000d5c80000, 0x0000000100000000)
  eden space 4608K, 99% used [0x00000000d5580000,0x00000000d59fffb0,0x00000000d5a00000)
  from space 512K, 100% used [0x00000000d5c00000,0x00000000d5c80000,0x00000000d5c80000)
  to   space 1024K, 0% used [0x00000000d5a80000,0x00000000d5a80000,0x00000000d5b80000)
 ParOldGen       total 193536K, used 193046K [0x0000000080000000, 0x000000008bd00000, 0x00000000d5580000)
  object space 193536K, 99% used [0x0000000080000000,0x000000008bc85860,0x000000008bd00000)
 Metaspace       used 68812K, committed 70720K, reserved 1114112K
  class space    used 8201K, committed 9088K, reserved 1048576K
}
Event: 73.692 GC heap after
{Heap after GC invocations=214 (full 3):
 PSYoungGen      total 5632K, used 480K [0x00000000d5580000, 0x00000000d5c80000, 0x0000000100000000)
  eden space 4608K, 0% used [0x00000000d5580000,0x00000000d5580000,0x00000000d5a00000)
  from space 1024K, 46% used [0x00000000d5a80000,0x00000000d5af8000,0x00000000d5b80000)
  to   space 512K, 0% used [0x00000000d5c00000,0x00000000d5c00000,0x00000000d5c80000)
 ParOldGen       total 193536K, used 193342K [0x0000000080000000, 0x000000008bd00000, 0x00000000d5580000)
  object space 193536K, 99% used [0x0000000080000000,0x000000008bccf8a0,0x000000008bd00000)
 Metaspace       used 68812K, committed 70720K, reserved 1114112K
  class space    used 8201K, committed 9088K, reserved 1048576K
}
Event: 73.949 GC heap before
{Heap before GC invocations=215 (full 3):
 PSYoungGen      total 5632K, used 5078K [0x00000000d5580000, 0x00000000d5c80000, 0x0000000100000000)
  eden space 4608K, 99% used [0x00000000d5580000,0x00000000d59fdae8,0x00000000d5a00000)
  from space 1024K, 46% used [0x00000000d5a80000,0x00000000d5af8000,0x00000000d5b80000)
  to   space 512K, 0% used [0x00000000d5c00000,0x00000000d5c00000,0x00000000d5c80000)
 ParOldGen       total 193536K, used 193342K [0x0000000080000000, 0x000000008bd00000, 0x00000000d5580000)
  object space 193536K, 99% used [0x0000000080000000,0x000000008bccf8a0,0x000000008bd00000)
 Metaspace       used 68819K, committed 70720K, reserved 1114112K
  class space    used 8201K, committed 9088K, reserved 1048576K
}
Event: 73.952 GC heap after
{Heap after GC invocations=215 (full 3):
 PSYoungGen      total 5120K, used 384K [0x00000000d5580000, 0x00000000d5c80000, 0x0000000100000000)
  eden space 4608K, 0% used [0x00000000d5580000,0x00000000d5580000,0x00000000d5a00000)
  from space 512K, 75% used [0x00000000d5c00000,0x00000000d5c60000,0x00000000d5c80000)
  to   space 512K, 0% used [0x00000000d5b80000,0x00000000d5b80000,0x00000000d5c00000)
 ParOldGen       total 194048K, used 193638K [0x0000000080000000, 0x000000008bd80000, 0x00000000d5580000)
  object space 194048K, 99% used [0x0000000080000000,0x000000008bd198b0,0x000000008bd80000)
 Metaspace       used 68819K, committed 70720K, reserved 1114112K
  class space    used 8201K, committed 9088K, reserved 1048576K
}
Event: 74.058 GC heap before
{Heap before GC invocations=216 (full 3):
 PSYoungGen      total 5120K, used 4992K [0x00000000d5580000, 0x00000000d5c80000, 0x0000000100000000)
  eden space 4608K, 100% used [0x00000000d5580000,0x00000000d5a00000,0x00000000d5a00000)
  from space 512K, 75% used [0x00000000d5c00000,0x00000000d5c60000,0x00000000d5c80000)
  to   space 512K, 0% used [0x00000000d5b80000,0x00000000d5b80000,0x00000000d5c00000)
 ParOldGen       total 194048K, used 193638K [0x0000000080000000, 0x000000008bd80000, 0x00000000d5580000)
  object space 194048K, 99% used [0x0000000080000000,0x000000008bd198b0,0x000000008bd80000)
 Metaspace       used 68824K, committed 70720K, reserved 1114112K
  class space    used 8201K, committed 9088K, reserved 1048576K
}
Event: 74.065 GC heap after
{Heap after GC invocations=216 (full 3):
 PSYoungGen      total 5120K, used 512K [0x00000000d5580000, 0x00000000d5d00000, 0x0000000100000000)
  eden space 4608K, 0% used [0x00000000d5580000,0x00000000d5580000,0x00000000d5a00000)
  from space 512K, 100% used [0x00000000d5b80000,0x00000000d5c00000,0x00000000d5c00000)
  to   space 1024K, 0% used [0x00000000d5c00000,0x00000000d5c00000,0x00000000d5d00000)
 ParOldGen       total 194560K, used 194458K [0x0000000080000000, 0x000000008be00000, 0x00000000d5580000)
  object space 194560K, 99% used [0x0000000080000000,0x000000008bde6978,0x000000008be00000)
 Metaspace       used 68824K, committed 70720K, reserved 1114112K
  class space    used 8201K, committed 9088K, reserved 1048576K
}
Event: 74.147 GC heap before
{Heap before GC invocations=217 (full 3):
 PSYoungGen      total 5120K, used 5119K [0x00000000d5580000, 0x00000000d5d00000, 0x0000000100000000)
  eden space 4608K, 99% used [0x00000000d5580000,0x00000000d59fff88,0x00000000d5a00000)
  from space 512K, 100% used [0x00000000d5b80000,0x00000000d5c00000,0x00000000d5c00000)
  to   space 1024K, 0% used [0x00000000d5c00000,0x00000000d5c00000,0x00000000d5d00000)
 ParOldGen       total 194560K, used 194458K [0x0000000080000000, 0x000000008be00000, 0x00000000d5580000)
  object space 194560K, 99% used [0x0000000080000000,0x000000008bde6978,0x000000008be00000)
 Metaspace       used 68832K, committed 70784K, reserved 1114112K
  class space    used 8201K, committed 9088K, reserved 1048576K
}
Event: 74.152 GC heap after
{Heap after GC invocations=217 (full 3):
 PSYoungGen      total 5120K, used 999K [0x00000000d5580000, 0x00000000d5f00000, 0x0000000100000000)
  eden space 4096K, 0% used [0x00000000d5580000,0x00000000d5580000,0x00000000d5980000)
  from space 1024K, 97% used [0x00000000d5c00000,0x00000000d5cf9f48,0x00000000d5d00000)
  to   space 2560K, 0% used [0x00000000d5980000,0x00000000d5980000,0x00000000d5c00000)
 ParOldGen       total 195584K, used 195502K [0x0000000080000000, 0x000000008bf00000, 0x00000000d5580000)
  object space 195584K, 99% used [0x0000000080000000,0x000000008beeb8e0,0x000000008bf00000)
 Metaspace       used 68832K, committed 70784K, reserved 1114112K
  class space    used 8201K, committed 9088K, reserved 1048576K
}
Event: 74.271 GC heap before
{Heap before GC invocations=218 (full 3):
 PSYoungGen      total 5120K, used 5095K [0x00000000d5580000, 0x00000000d5f00000, 0x0000000100000000)
  eden space 4096K, 99% used [0x00000000d5580000,0x00000000d597fe50,0x00000000d5980000)
  from space 1024K, 97% used [0x00000000d5c00000,0x00000000d5cf9f48,0x00000000d5d00000)
  to   space 2560K, 0% used [0x00000000d5980000,0x00000000d5980000,0x00000000d5c00000)
 ParOldGen       total 195584K, used 195502K [0x0000000080000000, 0x000000008bf00000, 0x00000000d5580000)
  object space 195584K, 99% used [0x0000000080000000,0x000000008beeb8e0,0x000000008bf00000)
 Metaspace       used 68849K, committed 70784K, reserved 1114112K
  class space    used 8201K, committed 9088K, reserved 1048576K
}
Event: 74.276 GC heap after
{Heap after GC invocations=218 (full 3):
 PSYoungGen      total 5632K, used 1312K [0x00000000d5580000, 0x00000000d5d80000, 0x0000000100000000)
  eden space 4096K, 0% used [0x00000000d5580000,0x00000000d5580000,0x00000000d5980000)
  from space 1536K, 85% used [0x00000000d5980000,0x00000000d5ac8020,0x00000000d5b00000)
  to   space 2048K, 0% used [0x00000000d5b80000,0x00000000d5b80000,0x00000000d5d80000)
 ParOldGen       total 196608K, used 196494K [0x0000000080000000, 0x000000008c000000, 0x00000000d5580000)
  object space 196608K, 99% used [0x0000000080000000,0x000000008bfe3828,0x000000008c000000)
 Metaspace       used 68849K, committed 70784K, reserved 1114112K
  class space    used 8201K, committed 9088K, reserved 1048576K
}
Event: 74.362 GC heap before
{Heap before GC invocations=219 (full 3):
 PSYoungGen      total 5632K, used 5408K [0x00000000d5580000, 0x00000000d5d80000, 0x0000000100000000)
  eden space 4096K, 99% used [0x00000000d5580000,0x00000000d597fff8,0x00000000d5980000)
  from space 1536K, 85% used [0x00000000d5980000,0x00000000d5ac8020,0x00000000d5b00000)
  to   space 2048K, 0% used [0x00000000d5b80000,0x00000000d5b80000,0x00000000d5d80000)
 ParOldGen       total 196608K, used 196494K [0x0000000080000000, 0x000000008c000000, 0x00000000d5580000)
  object space 196608K, 99% used [0x0000000080000000,0x000000008bfe3828,0x000000008c000000)
 Metaspace       used 68849K, committed 70784K, reserved 1114112K
  class space    used 8201K, committed 9088K, reserved 1048576K
}
Event: 74.367 GC heap after
{Heap after GC invocations=219 (full 3):
 PSYoungGen      total 5632K, used 1320K [0x00000000d5580000, 0x00000000d5d00000, 0x0000000100000000)
  eden space 4096K, 0% used [0x00000000d5580000,0x00000000d5580000,0x00000000d5980000)
  from space 1536K, 85% used [0x00000000d5b80000,0x00000000d5cca0d8,0x00000000d5d00000)
  to   space 1536K, 0% used [0x00000000d5980000,0x00000000d5980000,0x00000000d5b00000)
 ParOldGen       total 197632K, used 197542K [0x0000000080000000, 0x000000008c100000, 0x00000000d5580000)
  object space 197632K, 99% used [0x0000000080000000,0x000000008c0e9898,0x000000008c100000)
 Metaspace       used 68849K, committed 70784K, reserved 1114112K
  class space    used 8201K, committed 9088K, reserved 1048576K
}
Event: 74.472 GC heap before
{Heap before GC invocations=220 (full 3):
 PSYoungGen      total 5632K, used 5416K [0x00000000d5580000, 0x00000000d5d00000, 0x0000000100000000)
  eden space 4096K, 100% used [0x00000000d5580000,0x00000000d5980000,0x00000000d5980000)
  from space 1536K, 85% used [0x00000000d5b80000,0x00000000d5cca0d8,0x00000000d5d00000)
  to   space 1536K, 0% used [0x00000000d5980000,0x00000000d5980000,0x00000000d5b00000)
 ParOldGen       total 197632K, used 197542K [0x0000000080000000, 0x000000008c100000, 0x00000000d5580000)
  object space 197632K, 99% used [0x0000000080000000,0x000000008c0e9a80,0x000000008c100000)
 Metaspace       used 68849K, committed 70784K, reserved 1114112K
  class space    used 8201K, committed 9088K, reserved 1048576K
}

Dll operation events (20 events):
Event: 0.939 Attempting to load shared library C:\Users\jeeho\.vscode\extensions\redhat.java-1.56.0-win32-x64\jre\21.0.12.1-win32-x86_64\bin\zip.dll
Event: 0.939 Loaded shared library C:\Users\jeeho\.vscode\extensions\redhat.java-1.56.0-win32-x64\jre\21.0.12.1-win32-x86_64\bin\zip.dll
Event: 1.036 Attempting to load shared library C:\Users\jeeho\.vscode\extensions\redhat.java-1.56.0-win32-x64\jre\21.0.12.1-win32-x86_64\bin\jimage.dll
Event: 1.036 Loaded shared library C:\Users\jeeho\.vscode\extensions\redhat.java-1.56.0-win32-x64\jre\21.0.12.1-win32-x86_64\bin\jimage.dll
Event: 1.837 Attempting to load shared library c:\Users\jeeho\.vscode\extensions\redhat.java-1.56.0-win32-x64\jre\21.0.12.1-win32-x86_64\bin\verify.dll
Event: 1.846 Loaded shared library c:\Users\jeeho\.vscode\extensions\redhat.java-1.56.0-win32-x64\jre\21.0.12.1-win32-x86_64\bin\verify.dll
Event: 8.511 Attempting to load shared library C:\Users\jeeho\AppData\Roaming\Code\User\globalStorage\redhat.java\1.56.0\config_win\org.eclipse.equinox.launcher\org.eclipse.equinox.launcher.win32.win32.x86_64_1.3.100.v20260804-1928\eclipse_11924.dll
Event: 8.538 Loaded shared library C:\Users\jeeho\AppData\Roaming\Code\User\globalStorage\redhat.java\1.56.0\config_win\org.eclipse.equinox.launcher\org.eclipse.equinox.launcher.win32.win32.x86_64_1.3.100.v20260804-1928\eclipse_11924.dll
Event: 17.965 Attempting to load shared library C:\Users\jeeho\AppData\Local\Temp\jna-101002513\jna5278716864420799107.dll
Event: 18.402 Loaded shared library C:\Users\jeeho\AppData\Local\Temp\jna-101002513\jna5278716864420799107.dll
Event: 39.090 Attempting to load shared library C:\Users\jeeho\.gradle\native\660c5614fbf4a5f2a75b1949f50a0caf5cd603558e7d8a26e50b933a0cfb79d1\windows-amd64\native-platform.dll
Event: 39.100 Loaded shared library C:\Users\jeeho\.gradle\native\660c5614fbf4a5f2a75b1949f50a0caf5cd603558e7d8a26e50b933a0cfb79d1\windows-amd64\native-platform.dll
Event: 49.484 Attempting to load shared library C:\Users\jeeho\.vscode\extensions\redhat.java-1.56.0-win32-x64\jre\21.0.12.1-win32-x86_64\bin\management.dll
Event: 49.514 Loaded shared library C:\Users\jeeho\.vscode\extensions\redhat.java-1.56.0-win32-x64\jre\21.0.12.1-win32-x86_64\bin\management.dll
Event: 49.542 Attempting to load shared library C:\Users\jeeho\.vscode\extensions\redhat.java-1.56.0-win32-x64\jre\21.0.12.1-win32-x86_64\bin\management_ext.dll
Event: 49.554 Loaded shared library C:\Users\jeeho\.vscode\extensions\redhat.java-1.56.0-win32-x64\jre\21.0.12.1-win32-x86_64\bin\management_ext.dll
Event: 51.516 Attempting to load shared library C:\Users\jeeho\.vscode\extensions\redhat.java-1.56.0-win32-x64\jre\21.0.12.1-win32-x86_64\bin\sunmscapi.dll
Event: 51.843 Loaded shared library C:\Users\jeeho\.vscode\extensions\redhat.java-1.56.0-win32-x64\jre\21.0.12.1-win32-x86_64\bin\sunmscapi.dll
Event: 54.831 Attempting to load shared library C:\Users\jeeho\.vscode\extensions\redhat.java-1.56.0-win32-x64\jre\21.0.12.1-win32-x86_64\bin\extnet.dll
Event: 54.916 Loaded shared library C:\Users\jeeho\.vscode\extensions\redhat.java-1.56.0-win32-x64\jre\21.0.12.1-win32-x86_64\bin\extnet.dll

Deoptimization events (20 events):
Event: 72.704 Thread 0x000001ab68280490 Uncommon trap: trap_request=0xffffffc6 fr.pc=0x000001ab52e4fa70 relative=0x0000000000000130
Event: 72.704 Thread 0x000001ab68280490 Uncommon trap: reason=bimorphic_or_optimized_type_check action=maybe_recompile pc=0x000001ab52e4fa70 method=java.lang.Character.codePointBefore(Ljava/lang/CharSequence;I)I @ 5 c2
Event: 72.704 Thread 0x000001ab68280490 DEOPT PACKING pc=0x000001ab52e4fa70 sp=0x0000003aa1dfed80
Event: 72.704 Thread 0x000001ab68280490 DEOPT UNPACKING pc=0x000001ab52553aa2 sp=0x0000003aa1dfed08 mode 2
Event: 72.704 Thread 0x000001ab68280490 Uncommon trap: trap_request=0xffffffc6 fr.pc=0x000001ab52e4fa70 relative=0x0000000000000130
Event: 72.704 Thread 0x000001ab68280490 Uncommon trap: reason=bimorphic_or_optimized_type_check action=maybe_recompile pc=0x000001ab52e4fa70 method=java.lang.Character.codePointBefore(Ljava/lang/CharSequence;I)I @ 5 c2
Event: 72.704 Thread 0x000001ab68280490 DEOPT PACKING pc=0x000001ab52e4fa70 sp=0x0000003aa1dfed80
Event: 72.704 Thread 0x000001ab68280490 DEOPT UNPACKING pc=0x000001ab52553aa2 sp=0x0000003aa1dfed08 mode 2
Event: 72.705 Thread 0x000001ab68280490 Uncommon trap: trap_request=0xffffffc6 fr.pc=0x000001ab52e4fa70 relative=0x0000000000000130
Event: 72.705 Thread 0x000001ab68280490 Uncommon trap: reason=bimorphic_or_optimized_type_check action=maybe_recompile pc=0x000001ab52e4fa70 method=java.lang.Character.codePointBefore(Ljava/lang/CharSequence;I)I @ 5 c2
Event: 72.705 Thread 0x000001ab68280490 DEOPT PACKING pc=0x000001ab52e4fa70 sp=0x0000003aa1dfed80
Event: 72.705 Thread 0x000001ab68280490 DEOPT UNPACKING pc=0x000001ab52553aa2 sp=0x0000003aa1dfed08 mode 2
Event: 72.705 Thread 0x000001ab68280490 Uncommon trap: trap_request=0xffffffc6 fr.pc=0x000001ab52e4fa70 relative=0x0000000000000130
Event: 72.705 Thread 0x000001ab68280490 Uncommon trap: reason=bimorphic_or_optimized_type_check action=maybe_recompile pc=0x000001ab52e4fa70 method=java.lang.Character.codePointBefore(Ljava/lang/CharSequence;I)I @ 5 c2
Event: 72.705 Thread 0x000001ab68280490 DEOPT PACKING pc=0x000001ab52e4fa70 sp=0x0000003aa1dfed80
Event: 72.705 Thread 0x000001ab68280490 DEOPT UNPACKING pc=0x000001ab52553aa2 sp=0x0000003aa1dfed08 mode 2
Event: 73.104 Thread 0x000001ab606bb540 DEOPT PACKING pc=0x000001ab4c504b7e sp=0x0000003a9c5fe2a0
Event: 73.104 Thread 0x000001ab606bb540 DEOPT UNPACKING pc=0x000001ab52554242 sp=0x0000003a9c5fd710 mode 0
Event: 74.066 Thread 0x000001ab68282bf0 DEOPT PACKING pc=0x000001ab4c504b7e sp=0x0000003aa1afe9a0
Event: 74.066 Thread 0x000001ab68282bf0 DEOPT UNPACKING pc=0x000001ab52554242 sp=0x0000003aa1afde10 mode 0

Classes loaded (20 events):
Event: 71.275 Loading class java/lang/ProcessBuilder$NullInputStream
Event: 71.275 Loading class java/lang/ProcessBuilder$NullInputStream done
Event: 71.276 Loading class jdk/internal/event/ProcessStartEvent
Event: 71.276 Loading class jdk/internal/event/ProcessStartEvent done
Event: 71.320 Loading class java/util/Scanner
Event: 71.322 Loading class java/util/Scanner done
Event: 71.342 Loading class java/util/Scanner$PatternLRUCache
Event: 71.349 Loading class java/util/Scanner$PatternLRUCache done
Event: 71.896 Loading class java/util/regex/Matcher$ImmutableMatchResult
Event: 71.897 Loading class java/util/regex/Matcher$ImmutableMatchResult done
Event: 71.953 Loading class java/util/concurrent/ConcurrentLinkedQueue$Itr
Event: 71.965 Loading class java/util/concurrent/ConcurrentLinkedQueue$Itr done
Event: 72.010 Loading class java/util/AbstractList$RandomAccessSubList
Event: 72.011 Loading class java/util/AbstractList$SubList
Event: 72.012 Loading class java/util/AbstractList$SubList done
Event: 72.012 Loading class java/util/AbstractList$RandomAccessSubList done
Event: 72.050 Loading class java/util/AbstractList$SubList$1
Event: 72.050 Loading class java/util/AbstractList$SubList$1 done
Event: 72.052 Loading class java/util/LinkedList$LLSpliterator
Event: 72.054 Loading class java/util/LinkedList$LLSpliterator done

Classes unloaded (13 events):
Event: 21.861 Thread 0x000001ab47e8e9c0 Unloading class 0x000001ab011af000 'java/lang/invoke/LambdaForm$MH+0x000001ab011af000'
Event: 21.862 Thread 0x000001ab47e8e9c0 Unloading class 0x000001ab011aec00 'java/lang/invoke/LambdaForm$MH+0x000001ab011aec00'
Event: 21.862 Thread 0x000001ab47e8e9c0 Unloading class 0x000001ab011ae800 'java/lang/invoke/LambdaForm$MH+0x000001ab011ae800'
Event: 21.862 Thread 0x000001ab47e8e9c0 Unloading class 0x000001ab011ae400 'java/lang/invoke/LambdaForm$MH+0x000001ab011ae400'
Event: 21.862 Thread 0x000001ab47e8e9c0 Unloading class 0x000001ab011ae000 'java/lang/invoke/LambdaForm$BMH+0x000001ab011ae000'
Event: 21.862 Thread 0x000001ab47e8e9c0 Unloading class 0x000001ab011adc00 'java/lang/invoke/LambdaForm$DMH+0x000001ab011adc00'
Event: 21.862 Thread 0x000001ab47e8e9c0 Unloading class 0x000001ab011acc00 'java/lang/invoke/LambdaForm$DMH+0x000001ab011acc00'
Event: 27.582 Thread 0x000001ab47e8e9c0 Unloading class 0x000001ab012b5800 'java/lang/invoke/LambdaForm$MH+0x000001ab012b5800'
Event: 27.582 Thread 0x000001ab47e8e9c0 Unloading class 0x000001ab012b5400 'java/lang/invoke/LambdaForm$MH+0x000001ab012b5400'
Event: 27.582 Thread 0x000001ab47e8e9c0 Unloading class 0x000001ab012b4800 'java/lang/invoke/LambdaForm$MH+0x000001ab012b4800'
Event: 27.582 Thread 0x000001ab47e8e9c0 Unloading class 0x000001ab012b4400 'java/lang/invoke/LambdaForm$DMH+0x000001ab012b4400'
Event: 27.582 Thread 0x000001ab47e8e9c0 Unloading class 0x000001ab012b3800 'java/lang/invoke/LambdaForm$MH+0x000001ab012b3800'
Event: 27.582 Thread 0x000001ab47e8e9c0 Unloading class 0x000001ab012b0000 'java/lang/invoke/LambdaForm$MH+0x000001ab012b0000'

Classes redefined (0 events):
No events

Internal exceptions (20 events):
Event: 71.857 Thread 0x000001ab66d96f70 Exception <a 'sun/nio/fs/WindowsException'{0x00000000d56726d8}> (0x00000000d56726d8) 
thrown [s\src\hotspot\share\prims\jni.cpp, line 520]
Event: 71.858 Thread 0x000001ab66d96f70 Exception <a 'sun/nio/fs/WindowsException'{0x00000000d5676370}> (0x00000000d5676370) 
thrown [s\src\hotspot\share\prims\jni.cpp, line 520]
Event: 71.864 Thread 0x000001ab66d96f70 Exception <a 'sun/nio/fs/WindowsException'{0x00000000d5678008}> (0x00000000d5678008) 
thrown [s\src\hotspot\share\prims\jni.cpp, line 520]
Event: 71.865 Thread 0x000001ab66d96f70 Exception <a 'sun/nio/fs/WindowsException'{0x00000000d5678658}> (0x00000000d5678658) 
thrown [s\src\hotspot\share\prims\jni.cpp, line 520]
Event: 72.113 Thread 0x000001ab66d99d60 Exception <a 'sun/nio/fs/WindowsException'{0x00000000d5622b08}> (0x00000000d5622b08) 
thrown [s\src\hotspot\share\prims\jni.cpp, line 520]
Event: 72.245 Thread 0x000001ab66d99040 Exception <a 'sun/nio/fs/WindowsException'{0x00000000d583eec0}> (0x00000000d583eec0) 
thrown [s\src\hotspot\share\prims\jni.cpp, line 520]
Event: 72.262 Thread 0x000001ab66d989b0 Exception <a 'sun/nio/fs/WindowsException'{0x00000000d587e4c0}> (0x00000000d587e4c0) 
thrown [s\src\hotspot\share\prims\jni.cpp, line 520]
Event: 73.053 Thread 0x000001ab606bb540 Exception <a 'sun/nio/fs/WindowsException'{0x00000000d5636c80}> (0x00000000d5636c80) 
thrown [s\src\hotspot\share\prims\jni.cpp, line 520]
Event: 73.152 Thread 0x000001ab66d9c4c0 Exception <a 'sun/nio/fs/WindowsException'{0x00000000d568aff8}> (0x00000000d568aff8) 
thrown [s\src\hotspot\share\prims\jni.cpp, line 520]
Event: 73.395 Thread 0x000001ab66d97c90 Exception <a 'sun/nio/fs/WindowsException'{0x00000000d5997198}> (0x00000000d5997198) 
thrown [s\src\hotspot\share\prims\jni.cpp, line 520]
Event: 73.396 Thread 0x000001ab66d97c90 Exception <a 'sun/nio/fs/WindowsException'{0x00000000d599a4d8}> (0x00000000d599a4d8) 
thrown [s\src\hotspot\share\prims\jni.cpp, line 520]
Event: 73.520 Thread 0x000001ab66d97600 Exception <a 'sun/nio/fs/WindowsException'{0x00000000d56b9408}> (0x00000000d56b9408) 
thrown [s\src\hotspot\share\prims\jni.cpp, line 520]
Event: 73.853 Thread 0x000001ab66d9d870 Exception <a 'sun/nio/fs/WindowsException'{0x00000000d58a4318}> (0x00000000d58a4318) 
thrown [s\src\hotspot\share\prims\jni.cpp, line 520]
Event: 73.969 Thread 0x000001ab66d9a3f0 Exception <a 'sun/nio/fs/WindowsException'{0x00000000d5657c40}> (0x00000000d5657c40) 
thrown [s\src\hotspot\share\prims\jni.cpp, line 520]
Event: 74.152 Thread 0x000001ab68282bf0 Exception <a 'sun/nio/fs/WindowsException'{0x00000000d5587a28}> (0x00000000d5587a28) 
thrown [s\src\hotspot\share\prims\jni.cpp, line 520]
Event: 74.156 Thread 0x000001ab68282bf0 Exception <a 'sun/nio/fs/WindowsException'{0x00000000d5588078}> (0x00000000d5588078) 
thrown [s\src\hotspot\share\prims\jni.cpp, line 520]
Event: 74.164 Thread 0x000001ab68282bf0 Exception <a 'sun/nio/fs/WindowsException'{0x00000000d5649f00}> (0x00000000d5649f00) 
thrown [s\src\hotspot\share\prims\jni.cpp, line 520]
Event: 74.165 Thread 0x000001ab68282bf0 Exception <a 'sun/nio/fs/WindowsException'{0x00000000d567d240}> (0x00000000d567d240) 
thrown [s\src\hotspot\share\prims\jni.cpp, line 520]
Event: 74.172 Thread 0x000001ab68282bf0 Exception <a 'sun/nio/fs/WindowsException'{0x00000000d56d35f8}> (0x00000000d56d35f8) 
thrown [s\src\hotspot\share\prims\jni.cpp, line 520]
Event: 74.173 Thread 0x000001ab68282bf0 Exception <a 'sun/nio/fs/WindowsException'{0x00000000d56d8ec8}> (0x00000000d56d8ec8) 
thrown [s\src\hotspot\share\prims\jni.cpp, line 520]

ZGC Phase Switch (0 events):
No events

VM Operations (20 events):
Event: 72.992 Executing safepoint VM operation: ParallelGCFailedAllocation (Allocation Failure) done
Event: 73.248 Executing safepoint VM operation: ParallelGCFailedAllocation (Allocation Failure)
Event: 73.274 Executing safepoint VM operation: ParallelGCFailedAllocation (Allocation Failure) done
Event: 73.429 Executing safepoint VM operation: ParallelGCFailedAllocation (Allocation Failure)
Event: 73.433 Executing safepoint VM operation: ParallelGCFailedAllocation (Allocation Failure) done
Event: 73.688 Executing safepoint VM operation: ParallelGCFailedAllocation (Allocation Failure)
Event: 73.692 Executing safepoint VM operation: ParallelGCFailedAllocation (Allocation Failure) done
Event: 73.938 Executing safepoint VM operation: ParallelGCFailedAllocation (Allocation Failure)
Event: 73.952 Executing safepoint VM operation: ParallelGCFailedAllocation (Allocation Failure) done
Event: 74.058 Executing safepoint VM operation: ParallelGCFailedAllocation (Allocation Failure)
Event: 74.065 Executing safepoint VM operation: ParallelGCFailedAllocation (Allocation Failure) done
Event: 74.143 Executing safepoint VM operation: ParallelGCFailedAllocation (Allocation Failure)
Event: 74.152 Executing safepoint VM operation: ParallelGCFailedAllocation (Allocation Failure) done
Event: 74.261 Executing safepoint VM operation: ParallelGCFailedAllocation (Allocation Failure)
Event: 74.277 Executing safepoint VM operation: ParallelGCFailedAllocation (Allocation Failure) done
Event: 74.353 Executing safepoint VM operation: ParallelGCFailedAllocation (Allocation Failure)
Event: 74.367 Executing safepoint VM operation: ParallelGCFailedAllocation (Allocation Failure) done
Event: 74.449 Executing safepoint VM operation: ParallelGCFailedAllocation (Allocation Failure)
Event: 74.470 Executing safepoint VM operation: ParallelGCFailedAllocation (Allocation Failure) done
Event: 74.472 Executing safepoint VM operation: ParallelGCFailedAllocation (Allocation Failure)

Memory protections (0 events):
No events

Nmethod flushes (20 events):
Event: 52.577 Thread 0x000001ab47e8e9c0 flushing  nmethod 0x000001ab4b893b90
Event: 52.577 Thread 0x000001ab47e8e9c0 flushing  nmethod 0x000001ab4b8a2a90
Event: 52.577 Thread 0x000001ab47e8e9c0 flushing  nmethod 0x000001ab4b8a6490
Event: 52.577 Thread 0x000001ab47e8e9c0 flushing  nmethod 0x000001ab4b8a7f10
Event: 52.577 Thread 0x000001ab47e8e9c0 flushing  nmethod 0x000001ab4b8aaa90
Event: 52.577 Thread 0x000001ab47e8e9c0 flushing  nmethod 0x000001ab4b8ab090
Event: 52.577 Thread 0x000001ab47e8e9c0 flushing  nmethod 0x000001ab4b8ab510
Event: 52.577 Thread 0x000001ab47e8e9c0 flushing  nmethod 0x000001ab4b8b4b10
Event: 52.577 Thread 0x000001ab47e8e9c0 flushing  nmethod 0x000001ab4b8b9910
Event: 52.577 Thread 0x000001ab47e8e9c0 flushing  nmethod 0x000001ab4b8cd210
Event: 52.577 Thread 0x000001ab47e8e9c0 flushing  nmethod 0x000001ab4b8d8310
Event: 52.577 Thread 0x000001ab47e8e9c0 flushing  nmethod 0x000001ab4b8da910
Event: 52.577 Thread 0x000001ab47e8e9c0 flushing  nmethod 0x000001ab4b8e7190
Event: 52.577 Thread 0x000001ab47e8e9c0 flushing  nmethod 0x000001ab4b8f8c90
Event: 52.577 Thread 0x000001ab47e8e9c0 flushing  nmethod 0x000001ab4b902590
Event: 52.577 Thread 0x000001ab47e8e9c0 flushing  nmethod 0x000001ab4b90a090
Event: 52.577 Thread 0x000001ab47e8e9c0 flushing  nmethod 0x000001ab4b90d010
Event: 52.577 Thread 0x000001ab47e8e9c0 flushing  nmethod 0x000001ab4b91f790
Event: 52.577 Thread 0x000001ab47e8e9c0 flushing  nmethod 0x000001ab4b920810
Event: 52.577 Thread 0x000001ab47e8e9c0 flushing  nmethod 0x000001ab4b921010

Events (20 events):
Event: 73.839 Thread 0x000001ab725e1aa0 Thread exited: 0x000001ab725e1aa0
Event: 73.842 Thread 0x000001ab72c0e950 Thread exited: 0x000001ab72c0e950
Event: 73.919 Thread 0x000001ab66d9d870 Thread added: 0x000001ab725e1aa0
Event: 73.920 Thread 0x000001ab725e0d80 Thread exited: 0x000001ab725e0d80
Event: 73.955 Thread 0x000001ab682811b0 Thread exited: 0x000001ab682811b0
Event: 73.955 Thread 0x000001ab69172920 Thread exited: 0x000001ab69172920
Event: 73.957 Thread 0x000001ab725e06f0 Thread exited: 0x000001ab725e06f0
Event: 73.965 Thread 0x000001ab72c0d5a0 Thread exited: 0x000001ab72c0d5a0
Event: 74.028 Thread 0x000001ab68286070 Thread added: 0x000001ab725e06f0
Event: 74.052 Thread 0x000001ab66d9a3f0 Thread added: 0x000001ab725e0d80
Event: 74.140 Thread 0x000001ab606ba190 Thread added: 0x000001ab725de620
Event: 74.168 Thread 0x000001ab69170850 Thread added: 0x000001ab725e2130
Event: 74.169 Thread 0x000001ab69170850 Thread added: 0x000001ab725e27c0
Event: 74.191 Thread 0x000001ab725e2130 Thread exited: 0x000001ab725e2130
Event: 74.330 Thread 0x000001ab606e6f40 Thread added: 0x000001ab68538010
Event: 74.370 Thread 0x000001ab606ba190 Thread added: 0x000001ab725e2130
Event: 74.392 Thread 0x000001ab6916d3d0 Thread added: 0x000001ab725df340
Event: 74.411 Thread 0x000001ab6916d3d0 Thread added: 0x000001ab725e3b70
Event: 74.411 Thread 0x000001ab725e2130 Thread exited: 0x000001ab725e2130
Event: 74.411 Thread 0x000001ab725df340 Thread exited: 0x000001ab725df340


Dynamic libraries:
0x00007ff6d40a0000 - 0x00007ff6d40ae000 	c:\Users\jeeho\.vscode\extensions\redhat.java-1.56.0-win32-x64\jre\21.0.12.1-win32-x86_64\bin\java.exe
0x00007ff89e780000 - 0x00007ff89e9e7000 	C:\WINDOWS\SYSTEM32\ntdll.dll
0x00007ff89d520000 - 0x00007ff89d5eb000 	C:\WINDOWS\System32\KERNEL32.DLL
0x00007ff89bc80000 - 0x00007ff89c082000 	C:\WINDOWS\System32\KERNELBASE.dll
0x00007ff89c340000 - 0x00007ff89c48c000 	C:\WINDOWS\System32\ucrtbase.dll
0x00007ff887920000 - 0x00007ff887938000 	c:\Users\jeeho\.vscode\extensions\redhat.java-1.56.0-win32-x64\jre\21.0.12.1-win32-x86_64\bin\jli.dll
0x00007ff89e4e0000 - 0x00007ff89e6af000 	C:\WINDOWS\System32\USER32.dll
0x00007ff89ba30000 - 0x00007ff89ba57000 	C:\WINDOWS\System32\win32u.dll
0x00007ff887a50000 - 0x00007ff887a6e000 	c:\Users\jeeho\.vscode\extensions\redhat.java-1.56.0-win32-x64\jre\21.0.12.1-win32-x86_64\bin\VCRUNTIME140.dll
0x00007ff89cc40000 - 0x00007ff89cc6b000 	C:\WINDOWS\System32\GDI32.dll
0x00007ff89c210000 - 0x00007ff89c339000 	C:\WINDOWS\System32\gdi32full.dll
0x00007ff89b980000 - 0x00007ff89ba23000 	C:\WINDOWS\System32\msvcp_win.dll
0x00007ff87f080000 - 0x00007ff87f310000 	C:\WINDOWS\WinSxS\amd64_microsoft.windows.common-controls_6595b64144ccf1df_6.0.26100.9278_none_3e0d1ba8e3303201\COMCTL32.dll
0x00007ff89d8d0000 - 0x00007ff89d979000 	C:\WINDOWS\System32\msvcrt.dll
0x00007ff89dbc0000 - 0x00007ff89dbf1000 	C:\WINDOWS\System32\IMM32.DLL
0x00007ff8960e0000 - 0x00007ff8960ec000 	c:\Users\jeeho\.vscode\extensions\redhat.java-1.56.0-win32-x64\jre\21.0.12.1-win32-x86_64\bin\vcruntime140_1.dll
0x00007ff844d90000 - 0x00007ff844e1d000 	c:\Users\jeeho\.vscode\extensions\redhat.java-1.56.0-win32-x64\jre\21.0.12.1-win32-x86_64\bin\msvcp140.dll
0x00007ff8000c0000 - 0x00007ff800e62000 	c:\Users\jeeho\.vscode\extensions\redhat.java-1.56.0-win32-x64\jre\21.0.12.1-win32-x86_64\bin\server\jvm.dll
0x00007ff89dc00000 - 0x00007ff89dcbc000 	C:\WINDOWS\System32\ADVAPI32.dll
0x00007ff89e350000 - 0x00007ff89e3f9000 	C:\WINDOWS\System32\sechost.dll
0x00007ff89c4b0000 - 0x00007ff89c5c8000 	C:\WINDOWS\System32\RPCRT4.dll
0x00007ff89d980000 - 0x00007ff89da00000 	C:\WINDOWS\System32\WS2_32.dll
0x00007ff883e70000 - 0x00007ff883ea6000 	C:\WINDOWS\SYSTEM32\WINMM.dll
0x00007ff89b7e0000 - 0x00007ff89b83e000 	C:\WINDOWS\SYSTEM32\POWRPROF.dll
0x00007ff87f4b0000 - 0x00007ff87f4bb000 	C:\WINDOWS\SYSTEM32\VERSION.dll
0x00007ff89b7c0000 - 0x00007ff89b7d5000 	C:\WINDOWS\SYSTEM32\UMPDC.dll
0x00007ff89a5b0000 - 0x00007ff89a5cb000 	C:\WINDOWS\SYSTEM32\kernel.appcore.dll
0x00007ff8960c0000 - 0x00007ff8960ca000 	c:\Users\jeeho\.vscode\extensions\redhat.java-1.56.0-win32-x64\jre\21.0.12.1-win32-x86_64\bin\jimage.dll
0x00007ff898ed0000 - 0x00007ff89911c000 	C:\WINDOWS\SYSTEM32\DBGHELP.DLL
0x00007ff89df00000 - 0x00007ff89e285000 	C:\WINDOWS\System32\combase.dll
0x00007ff89e400000 - 0x00007ff89e4d9000 	C:\WINDOWS\System32\OLEAUT32.dll
0x00007ff885300000 - 0x00007ff88533b000 	C:\WINDOWS\SYSTEM32\dbgcore.DLL
0x00007ff89c150000 - 0x00007ff89c1fc000 	C:\WINDOWS\System32\bcryptPrimitives.dll
0x00007ff891ba0000 - 0x00007ff891baf000 	c:\Users\jeeho\.vscode\extensions\redhat.java-1.56.0-win32-x64\jre\21.0.12.1-win32-x86_64\bin\instrument.dll
0x00007ff8836c0000 - 0x00007ff8836e0000 	c:\Users\jeeho\.vscode\extensions\redhat.java-1.56.0-win32-x64\jre\21.0.12.1-win32-x86_64\bin\java.dll
0x00007ff89cc70000 - 0x00007ff89d408000 	C:\WINDOWS\System32\SHELL32.dll
0x00007ff8993e0000 - 0x00007ff899c8e000 	C:\WINDOWS\SYSTEM32\windows.storage.dll
0x00007ff89d700000 - 0x00007ff89d7fb000 	C:\WINDOWS\System32\SHCORE.dll
0x00007ff89d850000 - 0x00007ff89d8b6000 	C:\WINDOWS\System32\shlwapi.dll
0x00007ff89b8a0000 - 0x00007ff89b8c9000 	C:\WINDOWS\SYSTEM32\profapi.dll
0x00007ff882690000 - 0x00007ff8826a8000 	c:\Users\jeeho\.vscode\extensions\redhat.java-1.56.0-win32-x64\jre\21.0.12.1-win32-x86_64\bin\zip.dll
0x00007ff895fb0000 - 0x00007ff895fc0000 	C:\Users\jeeho\.vscode\extensions\redhat.java-1.56.0-win32-x64\jre\21.0.12.1-win32-x86_64\bin\net.dll
0x00007ff88fb00000 - 0x00007ff88fc2a000 	C:\WINDOWS\SYSTEM32\WINHTTP.dll
0x00007ff89ac10000 - 0x00007ff89ac7c000 	C:\WINDOWS\system32\mswsock.dll
0x00007ff8825c0000 - 0x00007ff8825d6000 	C:\Users\jeeho\.vscode\extensions\redhat.java-1.56.0-win32-x64\jre\21.0.12.1-win32-x86_64\bin\nio.dll
0x00007ff889e60000 - 0x00007ff889e70000 	c:\Users\jeeho\.vscode\extensions\redhat.java-1.56.0-win32-x64\jre\21.0.12.1-win32-x86_64\bin\verify.dll
0x00007ff85b300000 - 0x00007ff85b345000 	C:\Users\jeeho\AppData\Roaming\Code\User\globalStorage\redhat.java\1.56.0\config_win\org.eclipse.equinox.launcher\org.eclipse.equinox.launcher.win32.win32.x86_64_1.3.100.v20260804-1928\eclipse_11924.dll
0x00007ff89dcd0000 - 0x00007ff89de6a000 	C:\WINDOWS\System32\ole32.dll
0x00007ff89af00000 - 0x00007ff89af1b000 	C:\WINDOWS\SYSTEM32\CRYPTSP.dll
0x00007ff89a5d0000 - 0x00007ff89a609000 	C:\WINDOWS\system32\rsaenh.dll
0x00007ff89acc0000 - 0x00007ff89acf4000 	C:\WINDOWS\SYSTEM32\USERENV.dll
0x00007ff89b870000 - 0x00007ff89b89a000 	C:\WINDOWS\SYSTEM32\bcrypt.dll
0x00007ff89af20000 - 0x00007ff89af2c000 	C:\WINDOWS\SYSTEM32\CRYPTBASE.dll
0x00007ff89a0b0000 - 0x00007ff89a0e3000 	C:\WINDOWS\SYSTEM32\IPHLPAPI.DLL
0x00007ff89d8c0000 - 0x00007ff89d8ca000 	C:\WINDOWS\System32\NSI.dll
0x00007ff852860000 - 0x00007ff8528a9000 	C:\Users\jeeho\AppData\Local\Temp\jna-101002513\jna5278716864420799107.dll
0x00007ff89d5f0000 - 0x00007ff89d5f8000 	C:\WINDOWS\System32\PSAPI.DLL
0x00007ff8924f0000 - 0x00007ff89250d000 	C:\WINDOWS\SYSTEM32\dhcpcsvc6.DLL
0x00007ff8924b0000 - 0x00007ff8924d5000 	C:\WINDOWS\SYSTEM32\dhcpcsvc.DLL
0x00007ff886930000 - 0x00007ff886957000 	C:\Users\jeeho\.gradle\native\660c5614fbf4a5f2a75b1949f50a0caf5cd603558e7d8a26e50b933a0cfb79d1\windows-amd64\native-platform.dll
0x00007ff8896e0000 - 0x00007ff8896ea000 	C:\Users\jeeho\.vscode\extensions\redhat.java-1.56.0-win32-x64\jre\21.0.12.1-win32-x86_64\bin\management.dll
0x00007ff8869b0000 - 0x00007ff8869bc000 	C:\Users\jeeho\.vscode\extensions\redhat.java-1.56.0-win32-x64\jre\21.0.12.1-win32-x86_64\bin\management_ext.dll
0x00007ff889e70000 - 0x00007ff889e7e000 	C:\Users\jeeho\.vscode\extensions\redhat.java-1.56.0-win32-x64\jre\21.0.12.1-win32-x86_64\bin\sunmscapi.dll
0x00007ff89baf0000 - 0x00007ff89bc6e000 	C:\WINDOWS\System32\CRYPT32.dll
0x00007ff89b140000 - 0x00007ff89b170000 	C:\WINDOWS\SYSTEM32\ncrypt.dll
0x00007ff89b0f0000 - 0x00007ff89b12f000 	C:\WINDOWS\SYSTEM32\NTASN1.dll
0x00007ff89a0f0000 - 0x00007ff89a248000 	C:\WINDOWS\SYSTEM32\DNSAPI.dll
0x00007ff89a9a0000 - 0x00007ff89a9ad000 	C:\WINDOWS\SYSTEM32\DSPARSE.dll
0x00007ff891750000 - 0x00007ff89175b000 	C:\Windows\System32\rasadhlp.dll
0x00007ff894c40000 - 0x00007ff894cc6000 	C:\WINDOWS\System32\fwpuclnt.dll
0x00007ff886920000 - 0x00007ff886929000 	C:\Users\jeeho\.vscode\extensions\redhat.java-1.56.0-win32-x64\jre\21.0.12.1-win32-x86_64\bin\extnet.dll
0x00007ff86f5e0000 - 0x00007ff86f5e8000 	C:\WINDOWS\system32\wshunix.dll

JVMTI agents:
c:\Users\jeeho\.vscode\extensions\redhat.java-1.56.0-win32-x64\lombok\lombok-1.18.39-4050.jar path:c:\Users\jeeho\.vscode\extensions\redhat.java-1.56.0-win32-x64\jre\21.0.12.1-win32-x86_64\bin\instrument.dll, loaded, initialized, instrumentlib options:none

dbghelp: loaded successfully - version: 4.0.5 - missing functions: none
symbol engine: initialized successfully - sym options: 0x614 - pdb path: .;c:\Users\jeeho\.vscode\extensions\redhat.java-1.56.0-win32-x64\jre\21.0.12.1-win32-x86_64\bin;C:\WINDOWS\SYSTEM32;C:\WINDOWS\WinSxS\amd64_microsoft.windows.common-controls_6595b64144ccf1df_6.0.26100.9278_none_3e0d1ba8e3303201;c:\Users\jeeho\.vscode\extensions\redhat.java-1.56.0-win32-x64\jre\21.0.12.1-win32-x86_64\bin\server;C:\Users\jeeho\AppData\Roaming\Code\User\globalStorage\redhat.java\1.56.0\config_win\org.eclipse.equinox.launcher\org.eclipse.equinox.launcher.win32.win32.x86_64_1.3.100.v20260804-1928;C:\Users\jeeho\AppData\Local\Temp\jna-101002513;C:\Users\jeeho\.gradle\native\660c5614fbf4a5f2a75b1949f50a0caf5cd603558e7d8a26e50b933a0cfb79d1\windows-amd64

VM Arguments:
jvm_args: --add-modules=ALL-SYSTEM --add-opens=java.base/java.util=ALL-UNNAMED --add-opens=java.base/java.lang=ALL-UNNAMED --add-opens=java.base/sun.nio.fs=ALL-UNNAMED -Declipse.application=org.eclipse.jdt.ls.core.id1 -Dosgi.bundles.defaultStartLevel=4 -Declipse.product=org.eclipse.jdt.ls.core.product -Djava.import.generatesMetadataFilesAtProjectRoot=false -Dm2e.project.cache.size=50 -DDetectVMInstallationsJob.disabled=true -Dfile.encoding=utf8 -XX:+UseParallelGC -XX:GCTimeRatio=4 -XX:AdaptiveSizePolicyWeight=90 -Dsun.zip.disableMemoryMapping=true -Xmx2G -Xms100m -Xlog:disable -javaagent:c:\Users\jeeho\.vscode\extensions\redhat.java-1.56.0-win32-x64\lombok\lombok-1.18.39-4050.jar -XX:+HeapDumpOnOutOfMemoryError -XX:HeapDumpPath=c:\Users\jeeho\AppData\Roaming\Code\User\workspaceStorage\7caecd79442af921e5ea7064fd4da5f2\redhat.java -Daether.dependencyCollector.impl=bf 
java_command: c:\Users\jeeho\.vscode\extensions\redhat.java-1.56.0-win32-x64\server\plugins\org.eclipse.equinox.launcher_1.8.0.v20260804-1928.jar -configuration c:\Users\jeeho\AppData\Roaming\Code\User\globalStorage\redhat.java\1.56.0\config_win -data c:\Users\jeeho\AppData\Roaming\Code\User\workspaceStorage\7caecd79442af921e5ea7064fd4da5f2\redhat.java\jdt_ws --stdio
java_class_path (initial): c:\Users\jeeho\.vscode\extensions\redhat.java-1.56.0-win32-x64\server\plugins\org.eclipse.equinox.launcher_1.8.0.v20260804-1928.jar
Launcher Type: SUN_STANDARD

[Global flags]
    uintx AdaptiveSizePolicyWeight                 = 90                                        {product} {command line}
     intx CICompilerCount                          = 4                                         {product} {ergonomic}
    uintx GCTimeRatio                              = 4                                         {product} {command line}
     bool HeapDumpOnOutOfMemoryError               = true                                   {manageable} {command line}
    ccstr HeapDumpPath                             = c:\Users\jeeho\AppData\Roaming\Code\User\workspaceStorage\7caecd79442af921e5ea7064fd4da5f2\redhat.java         {manageable} {command line}
   size_t InitialHeapSize                          = 104857600                                 {product} {command line}
   size_t MaxHeapSize                              = 2147483648                                {product} {command line}
   size_t MaxNewSize                               = 715653120                                 {product} {ergonomic}
   size_t MinHeapDeltaBytes                        = 524288                                    {product} {ergonomic}
   size_t MinHeapSize                              = 104857600                                 {product} {command line}
   size_t NewSize                                  = 34603008                                  {product} {ergonomic}
    uintx NonNMethodCodeHeapSize                   = 5839372                                {pd product} {ergonomic}
    uintx NonProfiledCodeHeapSize                  = 122909434                              {pd product} {ergonomic}
   size_t OldSize                                  = 70254592                                  {product} {ergonomic}
    uintx ProfiledCodeHeapSize                     = 122909434                              {pd product} {ergonomic}
    uintx ReservedCodeCacheSize                    = 251658240                              {pd product} {ergonomic}
     bool SegmentedCodeCache                       = true                                      {product} {ergonomic}
   size_t SoftMaxHeapSize                          = 2147483648                             {manageable} {ergonomic}
     bool UseCompressedOops                        = true                           {product lp64_product} {ergonomic}
     bool UseLargePagesIndividualAllocation        = false                                  {pd product} {ergonomic}
     bool UseParallelGC                            = true                                      {product} {command line}

Logging:
Log output configuration:
 #0: stdout all=off uptime,level,tags foldmultilines=false
 #1: stderr all=off uptime,level,tags foldmultilines=false

Release file:
JAVA_VERSION="21.0.12.1" 
MODULES="java.base java.compiler java.datatransfer java.xml java.prefs java.desktop java.instrument java.logging java.management java.security.sasl java.naming java.rmi java.management.rmi java.net.http java.scripting java.security.jgss java.transaction.xa java.sql java.sql.rowset java.xml.crypto java.se java.smartcardio jdk.accessibility jdk.internal.jvmstat jdk.attach jdk.charsets jdk.internal.opt jdk.zipfs jdk.compiler jdk.crypto.ec jdk.crypto.cryptoki jdk.crypto.mscapi jdk.dynalink jdk.internal.ed jdk.editpad jdk.hotspot.agent jdk.httpserver jdk.internal.le jdk.internal.vm.ci jdk.internal.vm.compiler jdk.internal.vm.compiler.management jdk.jartool jdk.javadoc jdk.jcmd jdk.management jdk.management.agent jdk.jconsole jdk.jdeps jdk.jdwp.agent jdk.jdi jdk.jfr jdk.jshell jdk.jsobject jdk.jstatd jdk.localedata jdk.management.jfr jdk.naming.dns jdk.naming.rmi jdk.net jdk.nio.mapmode jdk.random jdk.sctp jdk.security.auth jdk.security.jgss jdk.unsupported jdk.unsupported.desktop jdk.xml.dom" 

Environment Variables:
JAVA_HOME=C:\Program Files\Java\jdk-21.0.10
PATH=C:\Program Files\Common Files\Oracle\Java\javapath;C:\Program Files (x86)\NAT Service;C:\WINDOWS\system32;C:\WINDOWS;C:\WINDOWS\System32\Wbem;C:\WINDOWS\System32\WindowsPowerShell\v1.0\;C:\WINDOWS\System32\OpenSSH\;C:\Program Files\dotnet\;C:\Program Files\Git\cmd;C:\Program Files\Java\jdk-21.0.10\bin;C:\Program Files (x86)\Windows Kits\10\Windows Performance Toolkit\;C:\Users\jeeho\.local\bin;C:\Users\jeeho\AppData\Local\Programs\Python\Python313\Scripts\;C:\Users\jeeho\AppData\Local\Programs\Python\Python313\;C:\Users\jeeho\AppData\Local\Programs\Python\Launcher\;C:\Users\jeeho\AppData\Local\Microsoft\WindowsApps;C:\Users\jeeho\AppData\Local\Python\bin;C:\Users\jeeho\AppData\Local\SOOP;C:\Users\jeeho\AppData\Local\Programs\Microsoft VS Code\bin;C:\Users\jeeho\AppData\Local\GitHubDesktop\bin;C:\Users\jeeho\.dotnet\tools
USERNAME=jeeho
OS=Windows_NT
PROCESSOR_IDENTIFIER=Intel64 Family 6 Model 154 Stepping 4, GenuineIntel
TMP=C:\Users\jeeho\AppData\Local\Temp
TEMP=C:\Users\jeeho\AppData\Local\Temp




Periodic native trim disabled

---------------  S Y S T E M  ---------------

OS:
 Windows 11 , 64 bit Build 26100 (10.0.26100.9444)
OS uptime: 1 days 5:37 hours
Hyper-V role detected

CPU: total 12 (initial active 12) (6 cores per cpu, 2 threads per core) family 6 model 154 stepping 4 microcode 0x423, cx8, cmov, fxsr, ht, mmx, 3dnowpref, sse, sse2, sse3, ssse3, sse4.1, sse4.2, popcnt, lzcnt, tsc, tscinvbit, avx, avx2, aes, erms, clmul, bmi1, bmi2, adx, sha, fma, vzeroupper, clflush, clflushopt, clwb, hv, serialize, rdtscp, rdpid, fsrm, f16c, cet_ibt, cet_ss
Processor Information for processor 0
  Max Mhz: 1700, Current Mhz: 1700, Mhz Limit: 1700
Processor Information for processor 1
  Max Mhz: 1700, Current Mhz: 1700, Mhz Limit: 1700
Processor Information for processor 2
  Max Mhz: 1700, Current Mhz: 1700, Mhz Limit: 1700
Processor Information for processor 3
  Max Mhz: 1700, Current Mhz: 1700, Mhz Limit: 1700
Processor Information for processor 4
  Max Mhz: 1700, Current Mhz: 1200, Mhz Limit: 1190
Processor Information for processor 5
  Max Mhz: 1700, Current Mhz: 1200, Mhz Limit: 1190
Processor Information for processor 6
  Max Mhz: 1700, Current Mhz: 1200, Mhz Limit: 1190
Processor Information for processor 7
  Max Mhz: 1700, Current Mhz: 1200, Mhz Limit: 1190
Processor Information for processor 8
  Max Mhz: 1700, Current Mhz: 1200, Mhz Limit: 1190
Processor Information for processor 9
  Max Mhz: 1700, Current Mhz: 1200, Mhz Limit: 1190
Processor Information for processor 10
  Max Mhz: 1700, Current Mhz: 1200, Mhz Limit: 1190
Processor Information for processor 11
  Max Mhz: 1700, Current Mhz: 1200, Mhz Limit: 1190

Memory: 4k page, system-wide physical 7893M (316M free)
TotalPageFile size 32469M (AvailPageFile size 23M)
current process WorkingSet (physical memory assigned to process): 419M, peak: 419M
current process commit charge ("private bytes"): 520M, peak: 1690M

vm_info: OpenJDK 64-Bit Server VM (21.0.12.1+1-LTS) for windows-amd64 JRE (21.0.12.1+1-LTS), built on 2026-08-18T00:00:00Z by "admin" with MS VC++ 17.12 (VS2022)

END.
