#
# There is insufficient memory for the Java Runtime Environment to continue.
# Native memory allocation (malloc) failed to allocate 1445152 bytes. Error detail: Chunk::new
# Possible reasons:
#   The system is out of physical RAM or swap space
#   This process is running with CompressedOops enabled, and the Java Heap may be blocking the growth of the native heap
# Possible solutions:
#   Reduce memory load on the system
#   Increase physical memory or swap space
#   Check if swap backing store is full
#   Decrease Java heap size (-Xmx/-Xms)
#   Decrease number of Java threads
#   Decrease Java thread stack sizes (-Xss)
#   Set larger code cache with -XX:ReservedCodeCacheSize=
#   JVM is running with Unscaled Compressed Oops mode in which the Java heap is
#     placed in the first 4GB address space. The Java Heap base address is the
#     maximum limit for the native heap growth. Please use -XX:HeapBaseMinAddress
#     to set the Java Heap base and to place the Java Heap above 4GB virtual address.
# This output file may be truncated or incomplete.
#
#  Out of Memory Error (arena.cpp:168), pid=39824, tid=11876
#
# JRE version: OpenJDK Runtime Environment Temurin-21.0.12.1+1 (21.0.12.1+1) (build 21.0.12.1+1-LTS)
# Java VM: OpenJDK 64-Bit Server VM Temurin-21.0.12.1+1 (21.0.12.1+1-LTS, mixed mode, sharing, tiered, compressed oops, compressed class ptrs, parallel gc, windows-amd64)
# No core dump will be written. Minidumps are not enabled by default on client versions of Windows
#

---------------  S U M M A R Y ------------

Command Line: --add-modules=ALL-SYSTEM --add-opens=java.base/java.util=ALL-UNNAMED --add-opens=java.base/java.lang=ALL-UNNAMED --add-opens=java.base/sun.nio.fs=ALL-UNNAMED -Declipse.application=org.eclipse.jdt.ls.core.id1 -Dosgi.bundles.defaultStartLevel=4 -Declipse.product=org.eclipse.jdt.ls.core.product -Djava.import.generatesMetadataFilesAtProjectRoot=false -Dm2e.project.cache.size=50 -DDetectVMInstallationsJob.disabled=true -Dfile.encoding=utf8 -XX:+UseParallelGC -XX:GCTimeRatio=4 -XX:AdaptiveSizePolicyWeight=90 -Dsun.zip.disableMemoryMapping=true -Xmx2G -Xms100m -Xlog:disable -javaagent:c:\Users\jeeho\.vscode\extensions\redhat.java-1.56.0-win32-x64\lombok\lombok-1.18.39-4050.jar -XX:+HeapDumpOnOutOfMemoryError -XX:HeapDumpPath=c:\Users\jeeho\AppData\Roaming\Code\User\workspaceStorage\7caecd79442af921e5ea7064fd4da5f2\redhat.java -Daether.dependencyCollector.impl=bf c:\Users\jeeho\.vscode\extensions\redhat.java-1.56.0-win32-x64\server\plugins\org.eclipse.equinox.launcher_1.8.0.v20260804-1928.jar -configuration c:\Users\jeeho\AppData\Roaming\Code\User\globalStorage\redhat.java\1.56.0\config_win -data c:\Users\jeeho\AppData\Roaming\Code\User\workspaceStorage\7caecd79442af921e5ea7064fd4da5f2\redhat.java\jdt_ws --stdio

Host: 12th Gen Intel(R) Core(TM) i7-1255U, 12 cores, 7G,  Windows 11 , 64 bit Build 26100 (10.0.26100.9444)
Time: Mon Sep 21 22:14:00 2026 elapsed time: 92.387408 seconds (0d 0h 1m 32s)

---------------  T H R E A D  ---------------

Current thread (0x0000021fe6470ba0):  JavaThread "C2 CompilerThread0" daemon [_thread_in_native, id=11876, stack(0x000000e10ac00000,0x000000e10ad00000) (1024K)]


Current CompileTask:
C2:92395 11449       4       java.lang.invoke.MethodType::makeImpl (109 bytes)

Stack: [0x000000e10ac00000,0x000000e10ad00000]
Native frames: (J=compiled Java code, j=interpreted, Vv=VM code, C=native code)
V  [jvm.dll+0x6d83e9]
V  [jvm.dll+0x8b5736]
V  [jvm.dll+0x8b7cee]
V  [jvm.dll+0x8b83d3]
V  [jvm.dll+0x284596]
V  [jvm.dll+0xc685d]
V  [jvm.dll+0xc6da1]
V  [jvm.dll+0x3bf18b]
V  [jvm.dll+0x1e4149]
V  [jvm.dll+0x24c853]
V  [jvm.dll+0x24bce0]
V  [jvm.dll+0x1cb4ae]
V  [jvm.dll+0x25baad]
V  [jvm.dll+0x25a03a]
V  [jvm.dll+0x3f8aae]
V  [jvm.dll+0x8600cd]
V  [jvm.dll+0x6d6c1d]
C  [ucrtbase.dll+0x2cd30]
C  [KERNEL32.DLL+0x2cd87]
C  [ntdll.dll+0xacaec]


---------------  P R O C E S S  ---------------

Threads class SMR info:
_java_thread_list=0x0000021fee713810, length=166, elements={
0x0000021fcdb8a9c0, 0x0000021fe64569c0, 0x0000021fe6458d40, 0x0000021fe645d8c0,
0x0000021fe645e520, 0x0000021fe6464bf0, 0x0000021fe646e770, 0x0000021fe6470ba0,
0x0000021fe6475500, 0x0000021fe664bdf0, 0x0000021fe6798f40, 0x0000021feb311f60,
0x0000021feb5bad70, 0x0000021feb30be70, 0x0000021feb6957b0, 0x0000021febb70710,
0x0000021feb1092c0, 0x0000021fe66bb430, 0x0000021feb5f1140, 0x0000021feb5f24f0,
0x0000021feb5f17d0, 0x0000021feb5f2b80, 0x0000021feb5f0420, 0x0000021feb5f1e60,
0x0000021feb5ef700, 0x0000021feb5efd90, 0x0000021feb5f0ab0, 0x0000021fed9942c0,
0x0000021fed995d00, 0x0000021fed993c30, 0x0000021fed994950, 0x0000021fed994fe0,
0x0000021fed992880, 0x0000021fed995670, 0x0000021fed996390, 0x0000021fed992f10,
0x0000021fed996a20, 0x0000021fed9935a0, 0x0000021fed997740, 0x0000021fed999ea0,
0x0000021fed998460, 0x0000021fed999810, 0x0000021fed997dd0, 0x0000021fed998af0,
0x0000021fed999180, 0x0000021feb9cd470, 0x0000021feb9ce190, 0x0000021feb9cdb00,
0x0000021feb9ce820, 0x0000021feb9ceeb0, 0x0000021feb9cba30, 0x0000021feb9cb3a0,
0x0000021feb9ccde0, 0x0000021feb9cf540, 0x0000021feb9d1610, 0x0000021feb9cc0c0,
0x0000021feb9d29c0, 0x0000021feb9cfbd0, 0x0000021feb9d1ca0, 0x0000021feb9d0260,
0x0000021feb9d08f0, 0x0000021feb73b600, 0x0000021feb73a8e0, 0x0000021feb73bc90,
0x0000021feb73d040, 0x0000021feb73a250, 0x0000021feb73c320, 0x0000021feb73dd60,
0x0000021feb73e3f0, 0x0000021feb73fe30, 0x0000021feb73ea80, 0x0000021feb73c9b0,
0x0000021feb7404c0, 0x0000021feb73f110, 0x0000021feb740b50, 0x0000021feb7411e0,
0x0000021feb741870, 0x0000021fee75a1b0, 0x0000021fee75d630, 0x0000021fee75dcc0,
0x0000021fee75a840, 0x0000021fee75aed0, 0x0000021fee75e350, 0x0000021fee75b560,
0x0000021fee75c280, 0x0000021fee75cfa0, 0x0000021fee75f070, 0x0000021fee75e9e0,
0x0000021fee75f700, 0x0000021fee75c910, 0x0000021fee760420, 0x0000021fee75bbf0,
0x0000021fee760ab0, 0x0000021fee75fd90, 0x0000021feb73f7a0, 0x0000021fee5e1530,
0x0000021fee5e1bc0, 0x0000021fee5e2250, 0x0000021fee5e0180, 0x0000021fee5e28e0,
0x0000021fee5df460, 0x0000021fee5e0810, 0x0000021fee5e3600, 0x0000021fee5e2f70,
0x0000021fee5e3c90, 0x0000021fee5e4320, 0x0000021fee5e49b0, 0x0000021fee5e0ea0,
0x0000021fee5e56d0, 0x0000021fee5e5d60, 0x0000021fee5e5040, 0x0000021fee5e63f0,
0x0000021fee761140, 0x0000021fee5e6a80, 0x0000021fec4d04b0, 0x0000021fec4cd030,
0x0000021fec4cea70, 0x0000021fec4cf100, 0x0000021fec4ce3e0, 0x0000021fec4cd6c0,
0x0000021fec4cdd50, 0x0000021fec4cf790, 0x0000021fefce4c50, 0x0000021fefce7a40,
0x0000021fefce73b0, 0x0000021fefce80d0, 0x0000021fefce8760, 0x0000021fefce52e0,
0x0000021fefce8df0, 0x0000021fefce9480, 0x0000021fefce6000, 0x0000021fefce6690,
0x0000021fefcea1a0, 0x0000021fefcea830, 0x0000021fefceb550, 0x0000021fefea1a10,
0x0000021fefe9f940, 0x0000021fefea1380, 0x0000021fefea2dc0, 0x0000021fefea3ae0,
0x0000021fefea0660, 0x0000021fefea20a0, 0x0000021fefea4170, 0x0000021fefea2730,
0x0000021fefea0cf0, 0x0000021fefea68d0, 0x0000021fefe9ffd0, 0x0000021fefea5520,
0x0000021fefea4800, 0x0000021fefea5bb0, 0x0000021fefea6240, 0x0000021fefea6f60,
0x0000021fed7d0680, 0x0000021fed7cf960, 0x0000021fed7cf2d0, 0x0000021fed7d1a30,
0x0000021fed7cfff0, 0x0000021fed7d20c0, 0x0000021fed7d3b00, 0x0000021fed7d4820,
0x0000021fed7d2750, 0x0000021fed7cec40, 0x0000021fed7d13a0, 0x0000021fed7d4190,
0x0000021fed7d0d10, 0x0000021fed7d3470
}

Java Threads: ( => current thread )
  0x0000021fcdb8a9c0 JavaThread "main"                              [_thread_blocked, id=13456, stack(0x000000e10a200000,0x000000e10a300000) (1024K)]
  0x0000021fe64569c0 JavaThread "Reference Handler"          daemon [_thread_blocked, id=21296, stack(0x000000e10a600000,0x000000e10a700000) (1024K)]
  0x0000021fe6458d40 JavaThread "Finalizer"                  daemon [_thread_blocked, id=33616, stack(0x000000e10a700000,0x000000e10a800000) (1024K)]
  0x0000021fe645d8c0 JavaThread "Signal Dispatcher"          daemon [_thread_blocked, id=29568, stack(0x000000e10a800000,0x000000e10a900000) (1024K)]
  0x0000021fe645e520 JavaThread "Attach Listener"            daemon [_thread_blocked, id=4476, stack(0x000000e10a900000,0x000000e10aa00000) (1024K)]
  0x0000021fe6464bf0 JavaThread "Service Thread"             daemon [_thread_blocked, id=38288, stack(0x000000e10aa00000,0x000000e10ab00000) (1024K)]
  0x0000021fe646e770 JavaThread "Monitor Deflation Thread"   daemon [_thread_blocked, id=16164, stack(0x000000e10ab00000,0x000000e10ac00000) (1024K)]
=>0x0000021fe6470ba0 JavaThread "C2 CompilerThread0"         daemon [_thread_in_native, id=11876, stack(0x000000e10ac00000,0x000000e10ad00000) (1024K)]
  0x0000021fe6475500 JavaThread "C1 CompilerThread0"         daemon [_thread_blocked, id=37984, stack(0x000000e10ad00000,0x000000e10ae00000) (1024K)]
  0x0000021fe664bdf0 JavaThread "Common-Cleaner"             daemon [_thread_blocked, id=7876, stack(0x000000e10ae00000,0x000000e10af00000) (1024K)]
  0x0000021fe6798f40 JavaThread "Notification Thread"        daemon [_thread_blocked, id=11884, stack(0x000000e10af00000,0x000000e10b000000) (1024K)]
  0x0000021feb311f60 JavaThread "Active Thread: Equinox Container: bed03ec2-1de6-42d7-8bf7-c0b1e6d4f5e5"        [_thread_blocked, id=16072, stack(0x000000e10b600000,0x000000e10b700000) (1024K)]
  0x0000021feb5bad70 JavaThread "Refresh Thread: Equinox Container: bed03ec2-1de6-42d7-8bf7-c0b1e6d4f5e5" daemon [_thread_blocked, id=30884, stack(0x000000e10b800000,0x000000e10b900000) (1024K)]
  0x0000021feb30be70 JavaThread "Framework Event Dispatcher: Equinox Container: bed03ec2-1de6-42d7-8bf7-c0b1e6d4f5e5" daemon [_thread_blocked, id=40032, stack(0x000000e10b900000,0x000000e10ba00000) (1024K)]
  0x0000021feb6957b0 JavaThread "Start Level: Equinox Container: bed03ec2-1de6-42d7-8bf7-c0b1e6d4f5e5" daemon [_thread_blocked, id=28976, stack(0x000000e10ba00000,0x000000e10bb00000) (1024K)]
  0x0000021febb70710 JavaThread "Bundle File Closer"         daemon [_thread_blocked, id=28756, stack(0x000000e10bd00000,0x000000e10be00000) (1024K)]
  0x0000021feb1092c0 JavaThread "SCR Component Actor"        daemon [_thread_blocked, id=32548, stack(0x000000e10be00000,0x000000e10bf00000) (1024K)]
  0x0000021fe66bb430 JavaThread "Worker-JM"                         [_thread_blocked, id=41308, stack(0x000000e10bf00000,0x000000e10c000000) (1024K)]
  0x0000021feb5f1140 JavaThread "JNA Cleaner"                daemon [_thread_blocked, id=8920, stack(0x000000e10c000000,0x000000e10c100000) (1024K)]
  0x0000021feb5f24f0 JavaThread "Worker-0: Initialize workspace"        [_thread_blocked, id=16088, stack(0x000000e10c100000,0x000000e10c200000) (1024K)]
  0x0000021feb5f17d0 JavaThread "Worker-1: Initialize workspace"        [_thread_blocked, id=27956, stack(0x000000e10c200000,0x000000e10c300000) (1024K)]
  0x0000021feb5f2b80 JavaThread "Worker-2: Initialize workspace"        [_thread_blocked, id=21284, stack(0x000000e10c300000,0x000000e10c400000) (1024K)]
  0x0000021feb5f0420 JavaThread "Worker-3: Initialize workspace"        [_thread_blocked, id=36268, stack(0x000000e10c500000,0x000000e10c600000) (1024K)]
  0x0000021feb5f1e60 JavaThread "Java indexing"              daemon [_thread_blocked, id=35980, stack(0x000000e10c600000,0x000000e10c700000) (1024K)]
  0x0000021feb5ef700 JavaThread "Worker-4: Initialize workspace"        [_thread_blocked, id=38588, stack(0x000000e10c900000,0x000000e10ca00000) (1024K)]
  0x0000021feb5efd90 JavaThread "Worker-5: Initialize workspace"        [_thread_blocked, id=25376, stack(0x000000e10ca00000,0x000000e10cb00000) (1024K)]
  0x0000021feb5f0ab0 JavaThread "pool-2-thread-1"                   [_thread_blocked, id=35952, stack(0x000000e10cb00000,0x000000e10cc00000) (1024K)]
  0x0000021fed9942c0 JavaThread "WorkspaceEventsHandler"            [_thread_blocked, id=27368, stack(0x000000e10cc00000,0x000000e10cd00000) (1024K)]
  0x0000021fed995d00 JavaThread "pool-1-thread-1"                   [_thread_in_native, id=40268, stack(0x000000e10cd00000,0x000000e10ce00000) (1024K)]
  0x0000021fed993c30 JavaThread "PatternSearchJob-worker-1"  daemon [_thread_blocked, id=39028, stack(0x000000e10ce00000,0x000000e10cf00000) (1024K)]
  0x0000021fed994950 JavaThread "PatternSearchJob-worker-2"  daemon [_thread_in_Java, id=7148, stack(0x000000e10cf00000,0x000000e10d000000) (1024K)]
  0x0000021fed994fe0 JavaThread "PatternSearchJob-worker-3"  daemon [_thread_blocked, id=36408, stack(0x000000e10d000000,0x000000e10d100000) (1024K)]
  0x0000021fed992880 JavaThread "PatternSearchJob-worker-4"  daemon [_thread_blocked, id=39056, stack(0x000000e10d100000,0x000000e10d200000) (1024K)]
  0x0000021fed995670 JavaThread "PatternSearchJob-worker-5"  daemon [_thread_blocked, id=30820, stack(0x000000e10d200000,0x000000e10d300000) (1024K)]
  0x0000021fed996390 JavaThread "PatternSearchJob-worker-6"  daemon [_thread_blocked, id=23324, stack(0x000000e10d300000,0x000000e10d400000) (1024K)]
  0x0000021fed992f10 JavaThread "PatternSearchJob-worker-7"  daemon [_thread_blocked, id=30620, stack(0x000000e10d400000,0x000000e10d500000) (1024K)]
  0x0000021fed996a20 JavaThread "PatternSearchJob-worker-8"  daemon [_thread_blocked, id=35184, stack(0x000000e10d500000,0x000000e10d600000) (1024K)]
  0x0000021fed9935a0 JavaThread "PatternSearchJob-worker-9"  daemon [_thread_blocked, id=6904, stack(0x000000e10d600000,0x000000e10d700000) (1024K)]
  0x0000021fed997740 JavaThread "PatternSearchJob-worker-10" daemon [_thread_blocked, id=41276, stack(0x000000e10d700000,0x000000e10d800000) (1024K)]
  0x0000021fed999ea0 JavaThread "PatternSearchJob-worker-11" daemon [_thread_blocked, id=33408, stack(0x000000e10d800000,0x000000e10d900000) (1024K)]
  0x0000021fed998460 JavaThread "Timer-0"                           [_thread_blocked, id=21516, stack(0x000000e10da00000,0x000000e10db00000) (1024K)]
  0x0000021fed999810 JavaThread "Timer-1"                           [_thread_blocked, id=2780, stack(0x000000e10d900000,0x000000e10da00000) (1024K)]
  0x0000021fed997dd0 JavaThread "Worker-6: Initialize workspace"        [_thread_blocked, id=36180, stack(0x000000e10db00000,0x000000e10dc00000) (1024K)]
  0x0000021fed998af0 JavaThread "Worker-7: Initialize workspace"        [_thread_blocked, id=24932, stack(0x000000e10dc00000,0x000000e10dd00000) (1024K)]
  0x0000021fed999180 JavaThread "Worker-8: Initialize workspace"        [_thread_blocked, id=27548, stack(0x000000e10de00000,0x000000e10df00000) (1024K)]
  0x0000021feb9cd470 JavaThread "Timer-2"                           [_thread_blocked, id=9888, stack(0x000000e10e000000,0x000000e10e100000) (1024K)]
  0x0000021feb9ce190 JavaThread "Worker-9: Initialize workspace"        [_thread_blocked, id=34656, stack(0x000000e10df00000,0x000000e10e000000) (1024K)]
  0x0000021feb9cdb00 JavaThread "Worker-10: Initialize workspace"        [_thread_blocked, id=38864, stack(0x000000e10e100000,0x000000e10e200000) (1024K)]
  0x0000021feb9ce820 JavaThread "Timer-3"                           [_thread_blocked, id=34148, stack(0x000000e10e300000,0x000000e10e400000) (1024K)]
  0x0000021feb9ceeb0 JavaThread "Timer-4"                           [_thread_blocked, id=40296, stack(0x000000e10e400000,0x000000e10e500000) (1024K)]
  0x0000021feb9cba30 JavaThread "Timer-5"                           [_thread_blocked, id=40768, stack(0x000000e10e200000,0x000000e10e300000) (1024K)]
  0x0000021feb9cb3a0 JavaThread "Timer-6"                           [_thread_blocked, id=41244, stack(0x000000e10e500000,0x000000e10e600000) (1024K)]
  0x0000021feb9ccde0 JavaThread "Timer-7"                           [_thread_blocked, id=38200, stack(0x000000e10dd00000,0x000000e10de00000) (1024K)]
  0x0000021feb9cf540 JavaThread "Worker-11: Initialize workspace"        [_thread_blocked, id=3728, stack(0x000000e109f00000,0x000000e10a000000) (1024K)]
  0x0000021feb9d1610 JavaThread "Worker-12: Initialize workspace"        [_thread_blocked, id=37184, stack(0x000000e10e800000,0x000000e10e900000) (1024K)]
  0x0000021feb9cc0c0 JavaThread "Connection worker"                 [_thread_blocked, id=39128, stack(0x000000e10e600000,0x000000e10e700000) (1024K)]
  0x0000021feb9d29c0 JavaThread "Connection worker"                 [_thread_blocked, id=32332, stack(0x000000e10e700000,0x000000e10e800000) (1024K)]
  0x0000021feb9cfbd0 JavaThread "Connection worker"                 [_thread_blocked, id=10752, stack(0x000000e10e900000,0x000000e10ea00000) (1024K)]
  0x0000021feb9d1ca0 JavaThread "Connection worker"                 [_thread_blocked, id=14604, stack(0x000000e10ea00000,0x000000e10eb00000) (1024K)]
  0x0000021feb9d0260 JavaThread "Connection worker"                 [_thread_blocked, id=40552, stack(0x000000e10eb00000,0x000000e10ec00000) (1024K)]
  0x0000021feb9d08f0 JavaThread "Connection worker"                 [_thread_blocked, id=31868, stack(0x000000e10ec00000,0x000000e10ed00000) (1024K)]
  0x0000021feb73b600 JavaThread "Timer-8"                           [_thread_blocked, id=22568, stack(0x000000e10ef00000,0x000000e10f000000) (1024K)]
  0x0000021feb73a8e0 JavaThread "Connection worker"                 [_thread_in_native, id=31716, stack(0x000000e10f000000,0x000000e10f100000) (1024K)]
  0x0000021feb73bc90 JavaThread "Timer-9"                           [_thread_blocked, id=16200, stack(0x000000e10f200000,0x000000e10f300000) (1024K)]
  0x0000021feb73d040 JavaThread "Worker-13: Initialize workspace"        [_thread_blocked, id=21072, stack(0x000000e10f100000,0x000000e10f200000) (1024K)]
  0x0000021feb73a250 JavaThread "Connection worker"                 [_thread_blocked, id=30580, stack(0x000000e10f300000,0x000000e10f400000) (1024K)]
  0x0000021feb73c320 JavaThread "Worker-14: Initialize workspace"        [_thread_blocked, id=31872, stack(0x000000e10f400000,0x000000e10f500000) (1024K)]
  0x0000021feb73dd60 JavaThread "Timer-10"                          [_thread_blocked, id=12164, stack(0x000000e10f600000,0x000000e10f700000) (1024K)]
  0x0000021feb73e3f0 JavaThread "Connection worker"                 [_thread_blocked, id=36736, stack(0x000000e10f500000,0x000000e10f600000) (1024K)]
  0x0000021feb73fe30 JavaThread "pool-3-thread-1"                   [_thread_blocked, id=25972, stack(0x000000e10f700000,0x000000e10f800000) (1024K)]
  0x0000021feb73ea80 JavaThread "pool-5-thread-1"                   [_thread_blocked, id=10064, stack(0x000000e10f800000,0x000000e10f900000) (1024K)]
  0x0000021feb73c9b0 JavaThread "pool-6-thread-1"                   [_thread_blocked, id=38068, stack(0x000000e10f900000,0x000000e10fa00000) (1024K)]
  0x0000021feb7404c0 JavaThread "pool-7-thread-1"                   [_thread_blocked, id=24764, stack(0x000000e10fa00000,0x000000e10fb00000) (1024K)]
  0x0000021feb73f110 JavaThread "pool-4-thread-1"                   [_thread_blocked, id=33520, stack(0x000000e10fb00000,0x000000e10fc00000) (1024K)]
  0x0000021feb740b50 JavaThread "pool-9-thread-1"                   [_thread_blocked, id=24448, stack(0x000000e10fc00000,0x000000e10fd00000) (1024K)]
  0x0000021feb7411e0 JavaThread "pool-8-thread-1"                   [_thread_blocked, id=39164, stack(0x000000e10fd00000,0x000000e10fe00000) (1024K)]
  0x0000021feb741870 JavaThread "pool-10-thread-1"                  [_thread_blocked, id=34988, stack(0x000000e10fe00000,0x000000e10ff00000) (1024K)]
  0x0000021fee75a1b0 JavaThread "pool-12-thread-1"                  [_thread_blocked, id=33212, stack(0x000000e110000000,0x000000e110100000) (1024K)]
  0x0000021fee75d630 JavaThread "Timer-11"                          [_thread_blocked, id=17376, stack(0x000000e110100000,0x000000e110200000) (1024K)]
  0x0000021fee75dcc0 JavaThread "Worker-15: Initialize workspace"        [_thread_blocked, id=39072, stack(0x000000e10ee00000,0x000000e10ef00000) (1024K)]
  0x0000021fee75a840 JavaThread "Connection worker"                 [_thread_blocked, id=22376, stack(0x000000e110200000,0x000000e110300000) (1024K)]
  0x0000021fee75aed0 JavaThread "pool-13-thread-1"                  [_thread_blocked, id=24992, stack(0x000000e110300000,0x000000e110400000) (1024K)]
  0x0000021fee75e350 JavaThread "Worker-16: Initialize workspace"        [_thread_blocked, id=19216, stack(0x000000e110400000,0x000000e110500000) (1024K)]
  0x0000021fee75b560 JavaThread "Timer-12"                          [_thread_blocked, id=416, stack(0x000000e110500000,0x000000e110600000) (1024K)]
  0x0000021fee75c280 JavaThread "Connection worker"                 [_thread_blocked, id=19312, stack(0x000000e110600000,0x000000e110700000) (1024K)]
  0x0000021fee75cfa0 JavaThread "pool-14-thread-1"                  [_thread_blocked, id=13972, stack(0x000000e110700000,0x000000e110800000) (1024K)]
  0x0000021fee75f070 JavaThread "Worker-17: Initialize workspace"        [_thread_blocked, id=29180, stack(0x000000e110800000,0x000000e110900000) (1024K)]
  0x0000021fee75e9e0 JavaThread "Timer-13"                          [_thread_blocked, id=25360, stack(0x000000e110a00000,0x000000e110b00000) (1024K)]
  0x0000021fee75f700 JavaThread "Connection worker"                 [_thread_blocked, id=28132, stack(0x000000e110b00000,0x000000e110c00000) (1024K)]
  0x0000021fee75c910 JavaThread "pool-15-thread-1"                  [_thread_blocked, id=40292, stack(0x000000e110900000,0x000000e110a00000) (1024K)]
  0x0000021fee760420 JavaThread "Timer-14"                          [_thread_blocked, id=6308, stack(0x000000e110d00000,0x000000e110e00000) (1024K)]
  0x0000021fee75bbf0 JavaThread "Worker-18: Initialize workspace"        [_thread_blocked, id=3088, stack(0x000000e110c00000,0x000000e110d00000) (1024K)]
  0x0000021fee760ab0 JavaThread "Connection worker"                 [_thread_blocked, id=13284, stack(0x000000e111000000,0x000000e111100000) (1024K)]
  0x0000021fee75fd90 JavaThread "pool-16-thread-1"                  [_thread_blocked, id=40948, stack(0x000000e110f00000,0x000000e111000000) (1024K)]
  0x0000021feb73f7a0 JavaThread "Timer-15"                          [_thread_blocked, id=31604, stack(0x000000e111100000,0x000000e111200000) (1024K)]
  0x0000021fee5e1530 JavaThread "Worker-19: Initialize workspace"        [_thread_blocked, id=34516, stack(0x000000e111200000,0x000000e111300000) (1024K)]
  0x0000021fee5e1bc0 JavaThread "Connection worker"                 [_thread_blocked, id=38256, stack(0x000000e110e00000,0x000000e110f00000) (1024K)]
  0x0000021fee5e2250 JavaThread "pool-17-thread-1"                  [_thread_blocked, id=20184, stack(0x000000e111400000,0x000000e111500000) (1024K)]
  0x0000021fee5e0180 JavaThread "Timer-16"                          [_thread_blocked, id=15716, stack(0x000000e111500000,0x000000e111600000) (1024K)]
  0x0000021fee5e28e0 JavaThread "Worker-20: Initialize workspace"        [_thread_in_Java, id=34952, stack(0x000000e111300000,0x000000e111400000) (1024K)]
  0x0000021fee5df460 JavaThread "Connection worker"                 [_thread_blocked, id=31544, stack(0x000000e111600000,0x000000e111700000) (1024K)]
  0x0000021fee5e0810 JavaThread "pool-18-thread-1"                  [_thread_blocked, id=13772, stack(0x000000e111700000,0x000000e111800000) (1024K)]
  0x0000021fee5e3600 JavaThread "Timer-17"                          [_thread_blocked, id=33732, stack(0x000000e111900000,0x000000e111a00000) (1024K)]
  0x0000021fee5e2f70 JavaThread "Worker-21: Initialize workspace"        [_thread_blocked, id=32928, stack(0x000000e111800000,0x000000e111900000) (1024K)]
  0x0000021fee5e3c90 JavaThread "Exec process"                      [_thread_in_native, id=20808, stack(0x000000e111a00000,0x000000e111b00000) (1024K)]
  0x0000021fee5e4320 JavaThread "Connection worker"                 [_thread_blocked, id=39432, stack(0x000000e111b00000,0x000000e111c00000) (1024K)]
  0x0000021fee5e49b0 JavaThread "Exec process Thread 2"             [_thread_blocked, id=35440, stack(0x000000e111d00000,0x000000e111e00000) (1024K)]
  0x0000021fee5e0ea0 JavaThread "pool-19-thread-1"                  [_thread_blocked, id=34020, stack(0x000000e111e00000,0x000000e111f00000) (1024K)]
  0x0000021fee5e56d0 JavaThread "Timer-18"                          [_thread_blocked, id=21372, stack(0x000000e111f00000,0x000000e112000000) (1024K)]
  0x0000021fee5e5d60 JavaThread "Worker-22: Initialize workspace"        [_thread_blocked, id=27568, stack(0x000000e112000000,0x000000e112100000) (1024K)]
  0x0000021fee5e5040 JavaThread "Exec process"                      [_thread_in_native, id=23536, stack(0x000000e111c00000,0x000000e111d00000) (1024K)]
  0x0000021fee5e63f0 JavaThread "Connection worker"                 [_thread_blocked, id=34600, stack(0x000000e112100000,0x000000e112200000) (1024K)]
  0x0000021fee761140 JavaThread "Exec process Thread 2"             [_thread_blocked, id=37028, stack(0x000000e112300000,0x000000e112400000) (1024K)]
  0x0000021fee5e6a80 JavaThread "pool-20-thread-1"                  [_thread_blocked, id=22644, stack(0x000000e112200000,0x000000e112300000) (1024K)]
  0x0000021fec4d04b0 JavaThread "Timer-19"                          [_thread_blocked, id=36224, stack(0x000000e112500000,0x000000e112600000) (1024K)]
  0x0000021fec4cd030 JavaThread "Exec process"                      [_thread_in_native, id=23248, stack(0x000000e112700000,0x000000e112800000) (1024K)]
  0x0000021fec4cea70 JavaThread "Exec process Thread 2"             [_thread_blocked, id=38612, stack(0x000000e112800000,0x000000e112900000) (1024K)]
  0x0000021fec4cf100 JavaThread "Worker-23: Initialize workspace"        [_thread_blocked, id=704, stack(0x000000e112400000,0x000000e112500000) (1024K)]
  0x0000021fec4ce3e0 JavaThread "Exec process"                      [_thread_in_native, id=35244, stack(0x000000e112900000,0x000000e112a00000) (1024K)]
  0x0000021fec4cd6c0 JavaThread "Connection worker"                 [_thread_blocked, id=30264, stack(0x000000e112600000,0x000000e112700000) (1024K)]
  0x0000021fec4cdd50 JavaThread "Exec process Thread 2"             [_thread_blocked, id=36272, stack(0x000000e112b00000,0x000000e112c00000) (1024K)]
  0x0000021fec4cf790 JavaThread "pool-21-thread-1"                  [_thread_blocked, id=37232, stack(0x000000e112a00000,0x000000e112b00000) (1024K)]
  0x0000021fefce4c50 JavaThread "Timer-20"                          [_thread_blocked, id=41476, stack(0x000000e112d00000,0x000000e112e00000) (1024K)]
  0x0000021fefce7a40 JavaThread "Exec process"                      [_thread_in_native, id=38692, stack(0x000000e112f00000,0x000000e113000000) (1024K)]
  0x0000021fefce73b0 JavaThread "Exec process"                      [_thread_in_native, id=33868, stack(0x000000e113000000,0x000000e113100000) (1024K)]
  0x0000021fefce80d0 JavaThread "Exec process Thread 2"             [_thread_blocked, id=35552, stack(0x000000e112c00000,0x000000e112d00000) (1024K)]
  0x0000021fefce8760 JavaThread "Worker-24: Download Gradle Wrapper checksums"        [_thread_in_Java, id=37996, stack(0x000000e112e00000,0x000000e112f00000) (1024K)]
  0x0000021fefce52e0 JavaThread "Exec process Thread 2"             [_thread_blocked, id=34548, stack(0x000000e113200000,0x000000e113300000) (1024K)]
  0x0000021fefce8df0 JavaThread "Timer-21"                          [_thread_blocked, id=32084, stack(0x000000e113500000,0x000000e113600000) (1024K)]
  0x0000021fefce9480 JavaThread "Exec process"                      [_thread_in_native, id=36540, stack(0x000000e113600000,0x000000e113700000) (1024K)]
  0x0000021fefce6000 JavaThread "Worker-25: Validating Gradle wrapper checksum..."        [_thread_blocked, id=41912, stack(0x000000e113300000,0x000000e113400000) (1024K)]
  0x0000021fefce6690 JavaThread "Exec process Thread 2"             [_thread_blocked, id=30624, stack(0x000000e113800000,0x000000e113900000) (1024K)]
  0x0000021fefcea1a0 JavaThread "Timer-22"                          [_thread_blocked, id=25800, stack(0x000000e113b00000,0x000000e113c00000) (1024K)]
  0x0000021fefcea830 JavaThread "Worker-26: Initialize workspace"        [_thread_blocked, id=34160, stack(0x000000e113a00000,0x000000e113b00000) (1024K)]
  0x0000021fefceb550 JavaThread "Exec process"                      [_thread_in_native, id=19076, stack(0x000000e113d00000,0x000000e113e00000) (1024K)]
  0x0000021fefea1a10 JavaThread "Exec process Thread 2"             [_thread_blocked, id=19420, stack(0x000000e114000000,0x000000e114100000) (1024K)]
  0x0000021fefe9f940 JavaThread "Exec process"                      [_thread_in_native, id=9240, stack(0x000000e113f00000,0x000000e114000000) (1024K)]
  0x0000021fefea1380 JavaThread "Exec process Thread 2"             [_thread_blocked, id=17096, stack(0x000000e114200000,0x000000e114300000) (1024K)]
  0x0000021fefea2dc0 JavaThread "Timer-23"                          [_thread_blocked, id=39520, stack(0x000000e114300000,0x000000e114400000) (1024K)]
  0x0000021fefea3ae0 JavaThread "Exec process"                      [_thread_in_native, id=36548, stack(0x000000e114500000,0x000000e114600000) (1024K)]
  0x0000021fefea0660 JavaThread "Exec process"                      [_thread_in_native, id=41104, stack(0x000000e114600000,0x000000e114700000) (1024K)]
  0x0000021fefea20a0 JavaThread "Exec process Thread 2"             [_thread_blocked, id=36780, stack(0x000000e114800000,0x000000e114900000) (1024K)]
  0x0000021fefea4170 JavaThread "Exec process"                      [_thread_in_native, id=20452, stack(0x000000e114700000,0x000000e114800000) (1024K)]
  0x0000021fefea2730 JavaThread "Exec process Thread 2"             [_thread_blocked, id=40748, stack(0x000000e114900000,0x000000e114a00000) (1024K)]
  0x0000021fefea0cf0 JavaThread "Exec process"                      [_thread_in_native, id=35916, stack(0x000000e114400000,0x000000e114500000) (1024K)]
  0x0000021fefea68d0 JavaThread "Exec process Thread 2"             [_thread_blocked, id=30340, stack(0x000000e114b00000,0x000000e114c00000) (1024K)]
  0x0000021fefe9ffd0 JavaThread "Worker-27"                         [_thread_blocked, id=26888, stack(0x000000e114100000,0x000000e114200000) (1024K)]
  0x0000021fefea5520 JavaThread "Exec process"                      [_thread_in_native, id=19148, stack(0x000000e114a00000,0x000000e114b00000) (1024K)]
  0x0000021fefea4800 JavaThread "Exec process"                      [_thread_in_native, id=33292, stack(0x000000e114c00000,0x000000e114d00000) (1024K)]
  0x0000021fefea5bb0 JavaThread "Exec process Thread 2"             [_thread_blocked, id=25340, stack(0x000000e114f00000,0x000000e115000000) (1024K)]
  0x0000021fefea6f60 JavaThread "Exec process Thread 2"             [_thread_blocked, id=12180, stack(0x000000e115100000,0x000000e115200000) (1024K)]
  0x0000021fed7d0680 JavaThread "Exec process Thread 2"             [_thread_blocked, id=36520, stack(0x000000e115300000,0x000000e115400000) (1024K)]
  0x0000021fed7cf960 JavaThread "Exec process"                      [_thread_in_native, id=10788, stack(0x000000e115200000,0x000000e115300000) (1024K)]
  0x0000021fed7d1a30 JavaThread "Exec process Thread 2"             [_thread_blocked, id=36964, stack(0x000000e115700000,0x000000e115800000) (1024K)]
  0x0000021fed7cfff0 JavaThread "Timer-24"                          [_thread_blocked, id=34588, stack(0x000000e115600000,0x000000e115700000) (1024K)]
  0x0000021fed7d4820 JavaThread "pool-26-thread-1"                  [_thread_blocked, id=40740, stack(0x000000e10a000000,0x000000e10a100000) (1024K)]
  0x0000021fed7d2750 JavaThread "Timer-25"                          [_thread_blocked, id=40228, stack(0x000000e113700000,0x000000e113800000) (1024K)]
  0x0000021fed7cec40 JavaThread "Connection worker"                 [_thread_in_native, id=30248, stack(0x000000e10a100000,0x000000e10a200000) (1024K)]
  0x0000021fed7d13a0 JavaThread "Connection worker"                 [_thread_in_native, id=39100, stack(0x000000e10ff00000,0x000000e110000000) (1024K)]
  0x0000021fed7d4190 JavaThread "Connection worker"                 [_thread_in_native, id=41748, stack(0x000000e113400000,0x000000e113500000) (1024K)]
  0x0000021fed7d0d10 JavaThread "Connection worker"                 [_thread_blocked, id=34188, stack(0x000000e113900000,0x000000e113a00000) (1024K)]
  0x0000021fed7d3470 JavaThread "Connection worker"                 [_thread_blocked, id=32784, stack(0x000000e10ed00000,0x000000e10ee00000) (1024K)]
  0x0000021fed7d3470 JavaThread "Connection worker"                 [_thread_blocked, id=32784, stack(0x000000e10ed00000,0x000000e10ee00000) (1024K)]
  0x0000021fed7d3470 JavaThread "Connection worker"                 [_thread_blocked, id=32784, stack(0x000000e10ed00000,0x000000e10ee00000) (1024K)]
Total: 166

Other Threads:
  0x0000021fcdb22c80 VMThread "VM Thread"                           [id=22752, stack(0x000000e10a500000,0x000000e10a600000) (1024K)]
  0x0000021fcda1ca00 WatcherThread "VM Periodic Task Thread"        [id=34000, stack(0x000000e10a400000,0x000000e10a500000) (1024K)]
  0x0000021fcdba9fd0 WorkerThread "GC Thread#0"                     [id=10140, stack(0x000000e10a300000,0x000000e10a400000) (1024K)]
  0x0000021feb029740 WorkerThread "GC Thread#1"                     [id=30880, stack(0x000000e10b000000,0x000000e10b100000) (1024K)]
  0x0000021feb283800 WorkerThread "GC Thread#2"                     [id=37532, stack(0x000000e10b100000,0x000000e10b200000) (1024K)]
  0x0000021feb4111d0 WorkerThread "GC Thread#3"                     [id=29864, stack(0x000000e10b200000,0x000000e10b300000) (1024K)]
  0x0000021feb411580 WorkerThread "GC Thread#4"                     [id=37908, stack(0x000000e10b300000,0x000000e10b400000) (1024K)]
  0x0000021feb0187b0 WorkerThread "GC Thread#5"                     [id=18552, stack(0x000000e10b400000,0x000000e10b500000) (1024K)]
  0x0000021feb018b60 WorkerThread "GC Thread#6"                     [id=31940, stack(0x000000e10b500000,0x000000e10b600000) (1024K)]
  0x0000021feb5be1a0 WorkerThread "GC Thread#7"                     [id=32064, stack(0x000000e10b700000,0x000000e10b800000) (1024K)]
  0x0000021feb8cad50 WorkerThread "GC Thread#8"                     [id=38004, stack(0x000000e10bb00000,0x000000e10bc00000) (1024K)]
  0x0000021feb8cb100 WorkerThread "GC Thread#9"                     [id=30568, stack(0x000000e10bc00000,0x000000e10bd00000) (1024K)]
Total: 12

Threads with active compile tasks:
C2 CompilerThread0  93238 11449       4       java.lang.invoke.MethodType::makeImpl (109 bytes)
Total: 1

VM state: not at safepoint (normal execution)

VM Mutex/Monitor currently owned by a thread: None

Heap address: 0x0000000080000000, size: 2048 MB, Compressed Oops mode: 32-bit

CDS archive(s) mapped at: [0x0000021f80000000-0x0000021f80ba0000-0x0000021f80ba0000), size 12189696, SharedBaseAddress: 0x0000021f80000000, ArchiveRelocationMode: 1.
Compressed class space mapped at: 0x0000021f81000000-0x0000021fc1000000, reserved size: 1073741824
Narrow klass base: 0x0000021f80000000, Narrow klass shift: 0, Narrow klass range: 0x100000000

GC Precious Log:
 CardTable entry size: 512
 CPUs: 12 total, 12 available
 Memory: 7893M
 Large Page Support: Disabled
 NUMA Support: Disabled
 Compressed Oops: Enabled (32-bit)
 Alignments: Space 512K, Generation 512K, Heap 2M
 Heap Min Capacity: 100M
 Heap Initial Capacity: 100M
 Heap Max Capacity: 2G
 Pre-touch: Disabled
 Parallel Workers: 10

Heap:
 PSYoungGen      total 14848K, used 13249K [0x00000000d5580000, 0x00000000d6680000, 0x0000000100000000)
  eden space 13824K, 91% used [0x00000000d5580000,0x00000000d61e8780,0x00000000d6300000)
  from space 1024K, 53% used [0x00000000d6300000,0x00000000d6388020,0x00000000d6400000)
  to   space 1536K, 0% used [0x00000000d6500000,0x00000000d6500000,0x00000000d6680000)
 ParOldGen       total 126976K, used 126873K [0x0000000080000000, 0x0000000087c00000, 0x00000000d5580000)
  object space 126976K, 99% used [0x0000000080000000,0x0000000087be6440,0x0000000087c00000)
 Metaspace       used 68314K, committed 70016K, reserved 1114112K
  class space    used 8021K, committed 8768K, reserved 1048576K

Card table byte_map: [0x0000021fcd530000,0x0000021fcd940000] _byte_map_base: 0x0000021fcd130000

Marking Bits: (ParMarkBitMap*) 0x00007ff800d844a0
 Begin Bits: [0x0000021fe0040000, 0x0000021fe2040000)
 End Bits:   [0x0000021fe2040000, 0x0000021fe4040000)

Polling page: 0x0000021fcba20000

Metaspace:

Usage:
  Non-class:     58.88 MB used.
      Class:      7.83 MB used.
       Both:     66.71 MB used.

Virtual space:
  Non-class space:       64.00 MB reserved,      59.81 MB ( 93%) committed,  1 nodes.
      Class space:        1.00 GB reserved,       8.56 MB ( <1%) committed,  1 nodes.
             Both:        1.06 GB reserved,      68.38 MB (  6%) committed. 

Chunk freelists:
   Non-Class:  3.72 MB
       Class:  7.37 MB
        Both:  11.09 MB

MaxMetaspaceSize: unlimited
CompressedClassSpaceSize: 1.00 GB
Initial GC threshold: 21.00 MB
Current GC threshold: 97.31 MB
CDS: on
 - commit_granule_bytes: 65536.
 - commit_granule_words: 8192.
 - virtual_space_node_default_size: 8388608.
 - enlarge_chunks_in_place: 1.
 - use_allocation_guard: 0.


Internal statistics:

num_allocs_failed_limit: 9.
num_arena_births: 1640.
num_arena_deaths: 14.
num_vsnodes_births: 2.
num_vsnodes_deaths: 0.
num_space_committed: 1094.
num_space_uncommitted: 0.
num_chunks_returned_to_freelist: 23.
num_chunks_taken_from_freelist: 4687.
num_chunk_merges: 7.
num_chunk_splits: 2868.
num_chunks_enlarged: 1538.
num_inconsistent_stats: 0.

CodeHeap 'non-profiled nmethods': size=120000Kb used=7861Kb max_used=7861Kb free=112138Kb
 bounds [0x0000021fd8860000, 0x0000021fd9010000, 0x0000021fdfd90000]
CodeHeap 'profiled nmethods': size=120000Kb used=22451Kb max_used=22451Kb free=97548Kb
 bounds [0x0000021fd0d90000, 0x0000021fd2380000, 0x0000021fd82c0000]
CodeHeap 'non-nmethods': size=5760Kb used=1439Kb max_used=1495Kb free=4320Kb
 bounds [0x0000021fd82c0000, 0x0000021fd8530000, 0x0000021fd8860000]
CodeCache: size=245760Kb, used=31751Kb, max_used=31807Kb, free=214006Kb
 total_blobs=11522, nmethods=10770, adapters=656, full_count=0
Compilation: enabled, stopped_count=0, restarted_count=0

Compilation events (20 events):
Event: 92.039 Thread 0x0000021fe6475500 11467       3       org.gradle.tooling.internal.consumer.DefaultModelBuilder::getThis (2 bytes)
Event: 92.039 Thread 0x0000021fe6475500 nmethod 11467 0x0000021fd235ec90 code [0x0000021fd235ee20, 0x0000021fd235ef30]
Event: 92.058 Thread 0x0000021fe6475500 11468       3       org.eclipse.jdt.ls.core.internal.handlers.ProgressReporterManager$MulticastProgressReporter::worked (40 bytes)
Event: 92.060 Thread 0x0000021fe6475500 nmethod 11468 0x0000021fd235f010 code [0x0000021fd235f220, 0x0000021fd235f818]
Event: 92.074 Thread 0x0000021fe6475500 11469       3       java.lang.invoke.LambdaForm$MH/0x0000021f8117f000::invoke (57 bytes)
Event: 92.075 Thread 0x0000021fe6475500 nmethod 11469 0x0000021fd235fa10 code [0x0000021fd235fc20, 0x0000021fd2360520]
Event: 92.155 Thread 0x0000021fe6475500 11470       3       java.util.concurrent.ConcurrentHashMap::keySet (26 bytes)
Event: 92.157 Thread 0x0000021fe6475500 nmethod 11470 0x0000021fd2360710 code [0x0000021fd23608e0, 0x0000021fd2360bf0]
Event: 92.280 Thread 0x0000021fe6475500 11471       3       java.lang.Thread$FieldHolder::<init> (36 bytes)
Event: 92.281 Thread 0x0000021fe6475500 nmethod 11471 0x0000021fd2360d10 code [0x0000021fd2360ec0, 0x0000021fd23610a0]
Event: 92.281 Thread 0x0000021fe6475500 11472       3       java.lang.Thread$ThreadIdentifiers::next (12 bytes)
Event: 92.281 Thread 0x0000021fe6475500 nmethod 11472 0x0000021fd2361190 code [0x0000021fd2361320, 0x0000021fd2361430]
Event: 92.302 Thread 0x0000021fe6475500 11473       3       java.util.Spliterators::spliterator (16 bytes)
Event: 92.303 Thread 0x0000021fe6475500 nmethod 11473 0x0000021fd2361490 code [0x0000021fd2361660, 0x0000021fd2361958]
Event: 92.303 Thread 0x0000021fe6475500 11474       3       java.util.Spliterators$ArraySpliterator::<init> (10 bytes)
Event: 92.303 Thread 0x0000021fe6475500 nmethod 11474 0x0000021fd2361a90 code [0x0000021fd2361c40, 0x0000021fd2361d88]
Event: 92.307 Thread 0x0000021fe6475500 11475       1       org.gradle.util.internal.DisconnectableInputStream::access$200 (5 bytes)
Event: 92.308 Thread 0x0000021fe6475500 nmethod 11475 0x0000021fd900bd10 code [0x0000021fd900bea0, 0x0000021fd900bf50]
Event: 92.308 Thread 0x0000021fe6475500 11476       1       org.gradle.util.internal.DisconnectableInputStream::access$300 (5 bytes)
Event: 92.308 Thread 0x0000021fe6475500 nmethod 11476 0x0000021fd900c010 code [0x0000021fd900c1a0, 0x0000021fd900c250]

GC Heap History (20 events):
Event: 77.817 GC heap before
{Heap before GC invocations=109 (full 3):
 PSYoungGen      total 18944K, used 15980K [0x00000000d5580000, 0x00000000d6c80000, 0x0000000100000000)
  eden space 15360K, 99% used [0x00000000d5580000,0x00000000d647f1f8,0x00000000d6480000)
  from space 3584K, 17% used [0x00000000d6700000,0x00000000d679c030,0x00000000d6a80000)
  to   space 1536K, 0% used [0x00000000d6b00000,0x00000000d6b00000,0x00000000d6c80000)
 ParOldGen       total 118784K, used 118760K [0x0000000080000000, 0x0000000087400000, 0x00000000d5580000)
  object space 118784K, 99% used [0x0000000080000000,0x00000000873fa138,0x0000000087400000)
 Metaspace       used 67952K, committed 69696K, reserved 1114112K
  class space    used 8010K, committed 8768K, reserved 1048576K
}
Event: 77.821 GC heap after
{Heap after GC invocations=109 (full 3):
 PSYoungGen      total 16896K, used 1524K [0x00000000d5580000, 0x00000000d6c80000, 0x0000000100000000)
  eden space 15360K, 0% used [0x00000000d5580000,0x00000000d5580000,0x00000000d6480000)
  from space 1536K, 99% used [0x00000000d6b00000,0x00000000d6c7d0d8,0x00000000d6c80000)
  to   space 3072K, 0% used [0x00000000d6680000,0x00000000d6680000,0x00000000d6980000)
 ParOldGen       total 120320K, used 119812K [0x0000000080000000, 0x0000000087580000, 0x00000000d5580000)
  object space 120320K, 99% used [0x0000000080000000,0x00000000875011b8,0x0000000087580000)
 Metaspace       used 67952K, committed 69696K, reserved 1114112K
  class space    used 8010K, committed 8768K, reserved 1048576K
}
Event: 79.199 GC heap before
{Heap before GC invocations=110 (full 3):
 PSYoungGen      total 16896K, used 16883K [0x00000000d5580000, 0x00000000d6c80000, 0x0000000100000000)
  eden space 15360K, 99% used [0x00000000d5580000,0x00000000d647fb68,0x00000000d6480000)
  from space 1536K, 99% used [0x00000000d6b00000,0x00000000d6c7d0d8,0x00000000d6c80000)
  to   space 3072K, 0% used [0x00000000d6680000,0x00000000d6680000,0x00000000d6980000)
 ParOldGen       total 120320K, used 119812K [0x0000000080000000, 0x0000000087580000, 0x00000000d5580000)
  object space 120320K, 99% used [0x0000000080000000,0x00000000875011b8,0x0000000087580000)
 Metaspace       used 67982K, committed 69696K, reserved 1114112K
  class space    used 8010K, committed 8768K, reserved 1048576K
}
Event: 79.201 GC heap after
{Heap after GC invocations=110 (full 3):
 PSYoungGen      total 18432K, used 736K [0x00000000d5580000, 0x00000000d6b80000, 0x0000000100000000)
  eden space 15360K, 0% used [0x00000000d5580000,0x00000000d5580000,0x00000000d6480000)
  from space 3072K, 23% used [0x00000000d6680000,0x00000000d6738000,0x00000000d6980000)
  to   space 1536K, 0% used [0x00000000d6a00000,0x00000000d6a00000,0x00000000d6b80000)
 ParOldGen       total 120320K, used 120240K [0x0000000080000000, 0x0000000087580000, 0x00000000d5580000)
  object space 120320K, 99% used [0x0000000080000000,0x000000008756c248,0x0000000087580000)
 Metaspace       used 67982K, committed 69696K, reserved 1114112K
  class space    used 8010K, committed 8768K, reserved 1048576K
}
Event: 82.313 GC heap before
{Heap before GC invocations=111 (full 3):
 PSYoungGen      total 18432K, used 16096K [0x00000000d5580000, 0x00000000d6b80000, 0x0000000100000000)
  eden space 15360K, 100% used [0x00000000d5580000,0x00000000d6480000,0x00000000d6480000)
  from space 3072K, 23% used [0x00000000d6680000,0x00000000d6738000,0x00000000d6980000)
  to   space 1536K, 0% used [0x00000000d6a00000,0x00000000d6a00000,0x00000000d6b80000)
 ParOldGen       total 120320K, used 120240K [0x0000000080000000, 0x0000000087580000, 0x00000000d5580000)
  object space 120320K, 99% used [0x0000000080000000,0x000000008756c248,0x0000000087580000)
 Metaspace       used 68085K, committed 69760K, reserved 1114112K
  class space    used 8010K, committed 8768K, reserved 1048576K
}
Event: 82.316 GC heap after
{Heap after GC invocations=111 (full 3):
 PSYoungGen      total 16896K, used 1516K [0x00000000d5580000, 0x00000000d6f80000, 0x0000000100000000)
  eden space 15360K, 0% used [0x00000000d5580000,0x00000000d5580000,0x00000000d6480000)
  from space 1536K, 98% used [0x00000000d6a00000,0x00000000d6b7b010,0x00000000d6b80000)
  to   space 5632K, 0% used [0x00000000d6480000,0x00000000d6480000,0x00000000d6a00000)
 ParOldGen       total 123392K, used 123304K [0x0000000080000000, 0x0000000087880000, 0x00000000d5580000)
  object space 123392K, 99% used [0x0000000080000000,0x000000008786a1a0,0x0000000087880000)
 Metaspace       used 68085K, committed 69760K, reserved 1114112K
  class space    used 8010K, committed 8768K, reserved 1048576K
}
Event: 83.611 GC heap before
{Heap before GC invocations=112 (full 3):
 PSYoungGen      total 16896K, used 16876K [0x00000000d5580000, 0x00000000d6f80000, 0x0000000100000000)
  eden space 15360K, 100% used [0x00000000d5580000,0x00000000d6480000,0x00000000d6480000)
  from space 1536K, 98% used [0x00000000d6a00000,0x00000000d6b7b010,0x00000000d6b80000)
  to   space 5632K, 0% used [0x00000000d6480000,0x00000000d6480000,0x00000000d6a00000)
 ParOldGen       total 123392K, used 123304K [0x0000000080000000, 0x0000000087880000, 0x00000000d5580000)
  object space 123392K, 99% used [0x0000000080000000,0x000000008786a1a0,0x0000000087880000)
 Metaspace       used 68092K, committed 69760K, reserved 1114112K
  class space    used 8011K, committed 8768K, reserved 1048576K
}
Event: 83.612 GC heap after
{Heap after GC invocations=112 (full 3):
 PSYoungGen      total 16384K, used 704K [0x00000000d5580000, 0x00000000d6a80000, 0x0000000100000000)
  eden space 15360K, 0% used [0x00000000d5580000,0x00000000d5580000,0x00000000d6480000)
  from space 1024K, 68% used [0x00000000d6480000,0x00000000d6530020,0x00000000d6580000)
  to   space 2560K, 0% used [0x00000000d6800000,0x00000000d6800000,0x00000000d6a80000)
 ParOldGen       total 123904K, used 123564K [0x0000000080000000, 0x0000000087900000, 0x00000000d5580000)
  object space 123904K, 99% used [0x0000000080000000,0x00000000878ab1c0,0x0000000087900000)
 Metaspace       used 68092K, committed 69760K, reserved 1114112K
  class space    used 8011K, committed 8768K, reserved 1048576K
}
Event: 84.850 GC heap before
{Heap before GC invocations=113 (full 3):
 PSYoungGen      total 16384K, used 16064K [0x00000000d5580000, 0x00000000d6a80000, 0x0000000100000000)
  eden space 15360K, 100% used [0x00000000d5580000,0x00000000d6480000,0x00000000d6480000)
  from space 1024K, 68% used [0x00000000d6480000,0x00000000d6530020,0x00000000d6580000)
  to   space 2560K, 0% used [0x00000000d6800000,0x00000000d6800000,0x00000000d6a80000)
 ParOldGen       total 123904K, used 123564K [0x0000000080000000, 0x0000000087900000, 0x00000000d5580000)
  object space 123904K, 99% used [0x0000000080000000,0x00000000878ab1c0,0x0000000087900000)
 Metaspace       used 68117K, committed 69760K, reserved 1114112K
  class space    used 8011K, committed 8768K, reserved 1048576K
}
Event: 84.853 GC heap after
{Heap after GC invocations=113 (full 3):
 PSYoungGen      total 17408K, used 2036K [0x00000000d5580000, 0x00000000d6a00000, 0x0000000100000000)
  eden space 15360K, 0% used [0x00000000d5580000,0x00000000d5580000,0x00000000d6480000)
  from space 2048K, 99% used [0x00000000d6800000,0x00000000d69fd0b8,0x00000000d6a00000)
  to   space 2560K, 0% used [0x00000000d6500000,0x00000000d6500000,0x00000000d6780000)
 ParOldGen       total 124416K, used 124076K [0x0000000080000000, 0x0000000087980000, 0x00000000d5580000)
  object space 124416K, 99% used [0x0000000080000000,0x000000008792b200,0x0000000087980000)
 Metaspace       used 68117K, committed 69760K, reserved 1114112K
  class space    used 8011K, committed 8768K, reserved 1048576K
}
Event: 85.340 GC heap before
{Heap before GC invocations=114 (full 3):
 PSYoungGen      total 17408K, used 17396K [0x00000000d5580000, 0x00000000d6a00000, 0x0000000100000000)
  eden space 15360K, 100% used [0x00000000d5580000,0x00000000d6480000,0x00000000d6480000)
  from space 2048K, 99% used [0x00000000d6800000,0x00000000d69fd0b8,0x00000000d6a00000)
  to   space 2560K, 0% used [0x00000000d6500000,0x00000000d6500000,0x00000000d6780000)
 ParOldGen       total 124416K, used 124076K [0x0000000080000000, 0x0000000087980000, 0x00000000d5580000)
  object space 124416K, 99% used [0x0000000080000000,0x000000008792b200,0x0000000087980000)
 Metaspace       used 68148K, committed 69888K, reserved 1114112K
  class space    used 8011K, committed 8768K, reserved 1048576K
}
Event: 85.342 GC heap after
{Heap after GC invocations=114 (full 3):
 PSYoungGen      total 15872K, used 480K [0x00000000d5580000, 0x00000000d6880000, 0x0000000100000000)
  eden space 15360K, 0% used [0x00000000d5580000,0x00000000d5580000,0x00000000d6480000)
  from space 512K, 93% used [0x00000000d6500000,0x00000000d6578020,0x00000000d6580000)
  to   space 1536K, 0% used [0x00000000d6700000,0x00000000d6700000,0x00000000d6880000)
 ParOldGen       total 124928K, used 124476K [0x0000000080000000, 0x0000000087a00000, 0x00000000d5580000)
  object space 124928K, 99% used [0x0000000080000000,0x000000008798f210,0x0000000087a00000)
 Metaspace       used 68148K, committed 69888K, reserved 1114112K
  class space    used 8011K, committed 8768K, reserved 1048576K
}
Event: 86.694 GC heap before
{Heap before GC invocations=115 (full 3):
 PSYoungGen      total 15872K, used 15839K [0x00000000d5580000, 0x00000000d6880000, 0x0000000100000000)
  eden space 15360K, 99% used [0x00000000d5580000,0x00000000d647fc60,0x00000000d6480000)
  from space 512K, 93% used [0x00000000d6500000,0x00000000d6578020,0x00000000d6580000)
  to   space 1536K, 0% used [0x00000000d6700000,0x00000000d6700000,0x00000000d6880000)
 ParOldGen       total 124928K, used 124476K [0x0000000080000000, 0x0000000087a00000, 0x00000000d5580000)
  object space 124928K, 99% used [0x0000000080000000,0x000000008798f210,0x0000000087a00000)
 Metaspace       used 68159K, committed 69888K, reserved 1114112K
  class space    used 8011K, committed 8768K, reserved 1048576K
}
Event: 86.696 GC heap after
{Heap after GC invocations=115 (full 3):
 PSYoungGen      total 16384K, used 1524K [0x00000000d5580000, 0x00000000d6a80000, 0x0000000100000000)
  eden space 14848K, 0% used [0x00000000d5580000,0x00000000d5580000,0x00000000d6400000)
  from space 1536K, 99% used [0x00000000d6700000,0x00000000d687d0b8,0x00000000d6880000)
  to   space 3072K, 0% used [0x00000000d6400000,0x00000000d6400000,0x00000000d6700000)
 ParOldGen       total 125952K, used 125444K [0x0000000080000000, 0x0000000087b00000, 0x00000000d5580000)
  object space 125952K, 99% used [0x0000000080000000,0x0000000087a81280,0x0000000087b00000)
 Metaspace       used 68159K, committed 69888K, reserved 1114112K
  class space    used 8011K, committed 8768K, reserved 1048576K
}
Event: 87.690 GC heap before
{Heap before GC invocations=116 (full 3):
 PSYoungGen      total 16384K, used 16372K [0x00000000d5580000, 0x00000000d6a80000, 0x0000000100000000)
  eden space 14848K, 100% used [0x00000000d5580000,0x00000000d6400000,0x00000000d6400000)
  from space 1536K, 99% used [0x00000000d6700000,0x00000000d687d0b8,0x00000000d6880000)
  to   space 3072K, 0% used [0x00000000d6400000,0x00000000d6400000,0x00000000d6700000)
 ParOldGen       total 125952K, used 125444K [0x0000000080000000, 0x0000000087b00000, 0x00000000d5580000)
  object space 125952K, 99% used [0x0000000080000000,0x0000000087a81280,0x0000000087b00000)
 Metaspace       used 68186K, committed 69888K, reserved 1114112K
  class space    used 8011K, committed 8768K, reserved 1048576K
}
Event: 87.692 GC heap after
{Heap after GC invocations=116 (full 3):
 PSYoungGen      total 15872K, used 624K [0x00000000d5580000, 0x00000000d6780000, 0x0000000100000000)
  eden space 14848K, 0% used [0x00000000d5580000,0x00000000d5580000,0x00000000d6400000)
  from space 1024K, 60% used [0x00000000d6400000,0x00000000d649c030,0x00000000d6500000)
  to   space 1536K, 0% used [0x00000000d6600000,0x00000000d6600000,0x00000000d6780000)
 ParOldGen       total 125952K, used 125944K [0x0000000080000000, 0x0000000087b00000, 0x00000000d5580000)
  object space 125952K, 99% used [0x0000000080000000,0x0000000087afe330,0x0000000087b00000)
 Metaspace       used 68186K, committed 69888K, reserved 1114112K
  class space    used 8011K, committed 8768K, reserved 1048576K
}
Event: 89.341 GC heap before
{Heap before GC invocations=117 (full 3):
 PSYoungGen      total 15872K, used 15470K [0x00000000d5580000, 0x00000000d6780000, 0x0000000100000000)
  eden space 14848K, 99% used [0x00000000d5580000,0x00000000d63ffae0,0x00000000d6400000)
  from space 1024K, 60% used [0x00000000d6400000,0x00000000d649c030,0x00000000d6500000)
  to   space 1536K, 0% used [0x00000000d6600000,0x00000000d6600000,0x00000000d6780000)
 ParOldGen       total 125952K, used 125944K [0x0000000080000000, 0x0000000087b00000, 0x00000000d5580000)
  object space 125952K, 99% used [0x0000000080000000,0x0000000087afe330,0x0000000087b00000)
 Metaspace       used 68195K, committed 69888K, reserved 1114112K
  class space    used 8011K, committed 8768K, reserved 1048576K
}
Event: 89.344 GC heap after
{Heap after GC invocations=117 (full 3):
 PSYoungGen      total 15360K, used 1524K [0x00000000d5580000, 0x00000000d6a00000, 0x0000000100000000)
  eden space 13824K, 0% used [0x00000000d5580000,0x00000000d5580000,0x00000000d6300000)
  from space 1536K, 99% used [0x00000000d6600000,0x00000000d677d0b8,0x00000000d6780000)
  to   space 3072K, 0% used [0x00000000d6300000,0x00000000d6300000,0x00000000d6600000)
 ParOldGen       total 126976K, used 126681K [0x0000000080000000, 0x0000000087c00000, 0x00000000d5580000)
  object space 126976K, 99% used [0x0000000080000000,0x0000000087bb6420,0x0000000087c00000)
 Metaspace       used 68195K, committed 69888K, reserved 1114112K
  class space    used 8011K, committed 8768K, reserved 1048576K
}
Event: 91.672 GC heap before
{Heap before GC invocations=118 (full 3):
 PSYoungGen      total 15360K, used 15348K [0x00000000d5580000, 0x00000000d6a00000, 0x0000000100000000)
  eden space 13824K, 99% used [0x00000000d5580000,0x00000000d62fffe8,0x00000000d6300000)
  from space 1536K, 99% used [0x00000000d6600000,0x00000000d677d0b8,0x00000000d6780000)
  to   space 3072K, 0% used [0x00000000d6300000,0x00000000d6300000,0x00000000d6600000)
 ParOldGen       total 126976K, used 126681K [0x0000000080000000, 0x0000000087c00000, 0x00000000d5580000)
  object space 126976K, 99% used [0x0000000080000000,0x0000000087bb6420,0x0000000087c00000)
 Metaspace       used 68286K, committed 69952K, reserved 1114112K
  class space    used 8021K, committed 8768K, reserved 1048576K
}
Event: 91.677 GC heap after
{Heap after GC invocations=118 (full 3):
 PSYoungGen      total 14848K, used 544K [0x00000000d5580000, 0x00000000d6680000, 0x0000000100000000)
  eden space 13824K, 0% used [0x00000000d5580000,0x00000000d5580000,0x00000000d6300000)
  from space 1024K, 53% used [0x00000000d6300000,0x00000000d6388020,0x00000000d6400000)
  to   space 1536K, 0% used [0x00000000d6500000,0x00000000d6500000,0x00000000d6680000)
 ParOldGen       total 126976K, used 126873K [0x0000000080000000, 0x0000000087c00000, 0x00000000d5580000)
  object space 126976K, 99% used [0x0000000080000000,0x0000000087be6440,0x0000000087c00000)
 Metaspace       used 68286K, committed 69952K, reserved 1114112K
  class space    used 8021K, committed 8768K, reserved 1048576K
}

Dll operation events (20 events):
Event: 0.488 Attempting to load shared library C:\Users\jeeho\.vscode\extensions\redhat.java-1.56.0-win32-x64\jre\21.0.12.1-win32-x86_64\bin\zip.dll
Event: 0.488 Loaded shared library C:\Users\jeeho\.vscode\extensions\redhat.java-1.56.0-win32-x64\jre\21.0.12.1-win32-x86_64\bin\zip.dll
Event: 0.568 Attempting to load shared library C:\Users\jeeho\.vscode\extensions\redhat.java-1.56.0-win32-x64\jre\21.0.12.1-win32-x86_64\bin\jimage.dll
Event: 0.568 Loaded shared library C:\Users\jeeho\.vscode\extensions\redhat.java-1.56.0-win32-x64\jre\21.0.12.1-win32-x86_64\bin\jimage.dll
Event: 1.009 Attempting to load shared library c:\Users\jeeho\.vscode\extensions\redhat.java-1.56.0-win32-x64\jre\21.0.12.1-win32-x86_64\bin\verify.dll
Event: 1.022 Loaded shared library c:\Users\jeeho\.vscode\extensions\redhat.java-1.56.0-win32-x64\jre\21.0.12.1-win32-x86_64\bin\verify.dll
Event: 6.004 Attempting to load shared library C:\Users\jeeho\AppData\Roaming\Code\User\globalStorage\redhat.java\1.56.0\config_win\org.eclipse.equinox.launcher\org.eclipse.equinox.launcher.win32.win32.x86_64_1.3.100.v20260804-1928\eclipse_11924.dll
Event: 6.695 Loaded shared library C:\Users\jeeho\AppData\Roaming\Code\User\globalStorage\redhat.java\1.56.0\config_win\org.eclipse.equinox.launcher\org.eclipse.equinox.launcher.win32.win32.x86_64_1.3.100.v20260804-1928\eclipse_11924.dll
Event: 14.072 Attempting to load shared library C:\Users\jeeho\AppData\Local\Temp\jna-101002513\jna7076515715572989631.dll
Event: 14.323 Loaded shared library C:\Users\jeeho\AppData\Local\Temp\jna-101002513\jna7076515715572989631.dll
Event: 27.723 Attempting to load shared library C:\Users\jeeho\.gradle\native\660c5614fbf4a5f2a75b1949f50a0caf5cd603558e7d8a26e50b933a0cfb79d1\windows-amd64\native-platform.dll
Event: 27.729 Loaded shared library C:\Users\jeeho\.gradle\native\660c5614fbf4a5f2a75b1949f50a0caf5cd603558e7d8a26e50b933a0cfb79d1\windows-amd64\native-platform.dll
Event: 41.625 Attempting to load shared library C:\Users\jeeho\.vscode\extensions\redhat.java-1.56.0-win32-x64\jre\21.0.12.1-win32-x86_64\bin\management.dll
Event: 41.908 Loaded shared library C:\Users\jeeho\.vscode\extensions\redhat.java-1.56.0-win32-x64\jre\21.0.12.1-win32-x86_64\bin\management.dll
Event: 41.960 Attempting to load shared library C:\Users\jeeho\.vscode\extensions\redhat.java-1.56.0-win32-x64\jre\21.0.12.1-win32-x86_64\bin\management_ext.dll
Event: 42.199 Loaded shared library C:\Users\jeeho\.vscode\extensions\redhat.java-1.56.0-win32-x64\jre\21.0.12.1-win32-x86_64\bin\management_ext.dll
Event: 45.688 Attempting to load shared library C:\Users\jeeho\.vscode\extensions\redhat.java-1.56.0-win32-x64\jre\21.0.12.1-win32-x86_64\bin\sunmscapi.dll
Event: 46.223 Loaded shared library C:\Users\jeeho\.vscode\extensions\redhat.java-1.56.0-win32-x64\jre\21.0.12.1-win32-x86_64\bin\sunmscapi.dll
Event: 47.332 Attempting to load shared library C:\Users\jeeho\.vscode\extensions\redhat.java-1.56.0-win32-x64\jre\21.0.12.1-win32-x86_64\bin\extnet.dll
Event: 47.393 Loaded shared library C:\Users\jeeho\.vscode\extensions\redhat.java-1.56.0-win32-x64\jre\21.0.12.1-win32-x86_64\bin\extnet.dll

Deoptimization events (20 events):
Event: 90.242 Thread 0x0000021fefea6240 Uncommon trap: trap_request=0xffffffbe fr.pc=0x0000021fd8c2add4 relative=0x0000000000000294
Event: 90.242 Thread 0x0000021fefea6240 Uncommon trap: reason=profile_predicate action=maybe_recompile pc=0x0000021fd8c2add4 method=java.util.regex.Pattern$Slice.match(Ljava/util/regex/Matcher;ILjava/lang/CharSequence;)Z @ 18 c2
Event: 90.242 Thread 0x0000021fefea6240 DEOPT PACKING pc=0x0000021fd8c2add4 sp=0x000000e114efedc0
Event: 90.242 Thread 0x0000021fefea6240 DEOPT UNPACKING pc=0x0000021fd8313aa2 sp=0x000000e114efed50 mode 2
Event: 90.242 Thread 0x0000021fefea6240 Uncommon trap: trap_request=0xffffffc6 fr.pc=0x0000021fd8bfbc18 relative=0x00000000000002b8
Event: 90.242 Thread 0x0000021fefea6240 Uncommon trap: reason=bimorphic_or_optimized_type_check action=maybe_recompile pc=0x0000021fd8bfbc18 method=java.util.regex.Pattern$BmpCharProperty.match(Ljava/util/regex/Matcher;ILjava/lang/CharSequence;)Z @ 14 c2
Event: 90.242 Thread 0x0000021fefea6240 DEOPT PACKING pc=0x0000021fd8bfbc18 sp=0x000000e114efedd0
Event: 90.242 Thread 0x0000021fefea6240 DEOPT UNPACKING pc=0x0000021fd8313aa2 sp=0x000000e114efed60 mode 2
Event: 90.242 Thread 0x0000021fefea6240 Uncommon trap: trap_request=0xffffffc6 fr.pc=0x0000021fd8c705b8 relative=0x00000000000000f8
Event: 90.242 Thread 0x0000021fefea6240 Uncommon trap: reason=bimorphic_or_optimized_type_check action=maybe_recompile pc=0x0000021fd8c705b8 method=java.util.regex.Pattern.lambda$union$3(Ljava/util/regex/Pattern$CharPredicate;Ljava/util/regex/Pattern$CharPredicate;I)Z @ 12 c2
Event: 90.242 Thread 0x0000021fefea6240 DEOPT PACKING pc=0x0000021fd8c705b8 sp=0x000000e114efed30
Event: 90.242 Thread 0x0000021fefea6240 DEOPT UNPACKING pc=0x0000021fd8313aa2 sp=0x000000e114efec48 mode 2
Event: 90.242 Thread 0x0000021fefea6240 Uncommon trap: trap_request=0xffffff45 fr.pc=0x0000021fd8a3328c relative=0x00000000000006ac
Event: 90.242 Thread 0x0000021fefea6240 Uncommon trap: reason=unstable_if action=reinterpret pc=0x0000021fd8a3328c method=sun.nio.cs.StreamDecoder.implRead([CII)I @ 36 c2
Event: 90.243 Thread 0x0000021fefea6240 DEOPT PACKING pc=0x0000021fd8a3328c sp=0x000000e114efedb0
Event: 90.243 Thread 0x0000021fefea6240 DEOPT UNPACKING pc=0x0000021fd8313aa2 sp=0x000000e114efed80 mode 2
Event: 92.022 Thread 0x0000021fee5e5d60 Uncommon trap: trap_request=0xffffff45 fr.pc=0x0000021fd8ac7f1c relative=0x000000000000099c
Event: 92.022 Thread 0x0000021fee5e5d60 Uncommon trap: reason=unstable_if action=reinterpret pc=0x0000021fd8ac7f1c method=java.util.concurrent.locks.ReentrantReadWriteLock$Sync.tryReleaseShared(I)Z @ 129 c2
Event: 92.023 Thread 0x0000021fee5e5d60 DEOPT PACKING pc=0x0000021fd8ac7f1c sp=0x000000e1120fe370
Event: 92.023 Thread 0x0000021fee5e5d60 DEOPT UNPACKING pc=0x0000021fd8313aa2 sp=0x000000e1120fdff8 mode 2

Classes loaded (20 events):
Event: 73.318 Loading class jdk/internal/event/ProcessStartEvent
Event: 73.322 Loading class jdk/internal/event/ProcessStartEvent done
Event: 73.338 Loading class java/util/Scanner
Event: 73.342 Loading class java/util/Scanner done
Event: 73.353 Loading class java/util/Scanner$PatternLRUCache
Event: 73.365 Loading class java/util/Scanner$PatternLRUCache done
Event: 82.392 Loading class java/lang/invoke/MethodHandleImpl$CountingWrapper$1
Event: 82.437 Loading class java/lang/invoke/MethodHandleImpl$CountingWrapper$1 done
Event: 90.211 Loading class java/util/regex/Matcher$ImmutableMatchResult
Event: 90.213 Loading class java/util/regex/Matcher$ImmutableMatchResult done
Event: 91.125 Loading class java/util/concurrent/ConcurrentLinkedQueue$Itr
Event: 91.148 Loading class java/util/concurrent/ConcurrentLinkedQueue$Itr done
Event: 91.312 Loading class java/util/AbstractList$RandomAccessSubList
Event: 91.329 Loading class java/util/AbstractList$SubList
Event: 91.353 Loading class java/util/AbstractList$SubList done
Event: 91.353 Loading class java/util/AbstractList$RandomAccessSubList done
Event: 91.366 Loading class java/util/AbstractList$SubList$1
Event: 91.366 Loading class java/util/AbstractList$SubList$1 done
Event: 91.367 Loading class java/util/LinkedList$LLSpliterator
Event: 91.379 Loading class java/util/LinkedList$LLSpliterator done

Classes unloaded (7 events):
Event: 16.336 Thread 0x0000021fcdb22c80 Unloading class 0x0000021f811ad000 'java/lang/invoke/LambdaForm$MH+0x0000021f811ad000'
Event: 16.336 Thread 0x0000021fcdb22c80 Unloading class 0x0000021f811acc00 'java/lang/invoke/LambdaForm$MH+0x0000021f811acc00'
Event: 16.336 Thread 0x0000021fcdb22c80 Unloading class 0x0000021f811ac800 'java/lang/invoke/LambdaForm$MH+0x0000021f811ac800'
Event: 16.336 Thread 0x0000021fcdb22c80 Unloading class 0x0000021f811ac400 'java/lang/invoke/LambdaForm$MH+0x0000021f811ac400'
Event: 16.336 Thread 0x0000021fcdb22c80 Unloading class 0x0000021f811ac000 'java/lang/invoke/LambdaForm$BMH+0x0000021f811ac000'
Event: 16.336 Thread 0x0000021fcdb22c80 Unloading class 0x0000021f811abc00 'java/lang/invoke/LambdaForm$DMH+0x0000021f811abc00'
Event: 16.336 Thread 0x0000021fcdb22c80 Unloading class 0x0000021f811aac00 'java/lang/invoke/LambdaForm$DMH+0x0000021f811aac00'

Classes redefined (0 events):
No events

Internal exceptions (20 events):
Event: 85.612 Thread 0x0000021fefcea830 Exception <a 'sun/nio/fs/WindowsException'{0x00000000d58b72e0}> (0x00000000d58b72e0) 
thrown [s\src\hotspot\share\prims\jni.cpp, line 520]
Event: 86.806 Thread 0x0000021fec4cf100 Exception <a 'sun/nio/fs/WindowsException'{0x00000000d59df128}> (0x00000000d59df128) 
thrown [s\src\hotspot\share\prims\jni.cpp, line 520]
Event: 86.809 Thread 0x0000021fec4cf100 Exception <a 'sun/nio/fs/WindowsException'{0x00000000d59df760}> (0x00000000d59df760) 
thrown [s\src\hotspot\share\prims\jni.cpp, line 520]
Event: 86.839 Thread 0x0000021fec4cf100 Exception <a 'sun/nio/fs/WindowsException'{0x00000000d59e02b8}> (0x00000000d59e02b8) 
thrown [s\src\hotspot\share\prims\jni.cpp, line 520]
Event: 86.842 Thread 0x0000021fec4cf100 Exception <a 'sun/nio/fs/WindowsException'{0x00000000d59e08f0}> (0x00000000d59e08f0) 
thrown [s\src\hotspot\share\prims\jni.cpp, line 520]
Event: 86.864 Thread 0x0000021fec4cf100 Exception <a 'sun/nio/fs/WindowsException'{0x00000000d5b2b620}> (0x00000000d5b2b620) 
thrown [s\src\hotspot\share\prims\jni.cpp, line 520]
Event: 86.867 Thread 0x0000021fec4cf100 Exception <a 'sun/nio/fs/WindowsException'{0x00000000d5b2bc58}> (0x00000000d5b2bc58) 
thrown [s\src\hotspot\share\prims\jni.cpp, line 520]
Event: 87.770 Thread 0x0000021fee5e28e0 Exception <a 'sun/nio/fs/WindowsException'{0x00000000d56402e8}> (0x00000000d56402e8) 
thrown [s\src\hotspot\share\prims\jni.cpp, line 520]
Event: 87.776 Thread 0x0000021fee5e28e0 Exception <a 'sun/nio/fs/WindowsException'{0x00000000d5640860}> (0x00000000d5640860) 
thrown [s\src\hotspot\share\prims\jni.cpp, line 520]
Event: 89.441 Thread 0x0000021fefcea830 Exception <a 'sun/nio/fs/WindowsException'{0x00000000d56a13e0}> (0x00000000d56a13e0) 
thrown [s\src\hotspot\share\prims\jni.cpp, line 520]
Event: 89.445 Thread 0x0000021fefcea830 Exception <a 'sun/nio/fs/WindowsException'{0x00000000d56a1a18}> (0x00000000d56a1a18) 
thrown [s\src\hotspot\share\prims\jni.cpp, line 520]
Event: 89.460 Thread 0x0000021fefcea830 Exception <a 'sun/nio/fs/WindowsException'{0x00000000d56a2570}> (0x00000000d56a2570) 
thrown [s\src\hotspot\share\prims\jni.cpp, line 520]
Event: 89.462 Thread 0x0000021fefcea830 Exception <a 'sun/nio/fs/WindowsException'{0x00000000d56a2ba8}> (0x00000000d56a2ba8) 
thrown [s\src\hotspot\share\prims\jni.cpp, line 520]
Event: 89.479 Thread 0x0000021fefcea830 Exception <a 'sun/nio/fs/WindowsException'{0x00000000d5acbd78}> (0x00000000d5acbd78) 
thrown [s\src\hotspot\share\prims\jni.cpp, line 520]
Event: 89.482 Thread 0x0000021fefcea830 Exception <a 'sun/nio/fs/WindowsException'{0x00000000d5acc3b0}> (0x00000000d5acc3b0) 
thrown [s\src\hotspot\share\prims\jni.cpp, line 520]
Event: 91.106 Thread 0x0000021fefce8760 Exception <a 'sun/nio/fs/WindowsException'{0x00000000d61f0108}> (0x00000000d61f0108) 
thrown [s\src\hotspot\share\prims\jni.cpp, line 520]
Event: 91.107 Thread 0x0000021fefce8760 Exception <a 'sun/nio/fs/WindowsException'{0x00000000d61f0680}> (0x00000000d61f0680) 
thrown [s\src\hotspot\share\prims\jni.cpp, line 520]
Event: 91.583 Thread 0x0000021fee5e5d60 Exception <a 'sun/nio/fs/WindowsException'{0x00000000d62749b8}> (0x00000000d62749b8) 
thrown [s\src\hotspot\share\prims\jni.cpp, line 520]
Event: 91.626 Thread 0x0000021feb5f24f0 Exception <a 'sun/nio/fs/WindowsException'{0x00000000d62d75b8}> (0x00000000d62d75b8) 
thrown [s\src\hotspot\share\prims\jni.cpp, line 520]
Event: 92.020 Thread 0x0000021fee75e350 Exception <a 'sun/nio/fs/WindowsException'{0x00000000d5727cc0}> (0x00000000d5727cc0) 
thrown [s\src\hotspot\share\prims\jni.cpp, line 520]

ZGC Phase Switch (0 events):
No events

VM Operations (20 events):
Event: 82.313 Executing safepoint VM operation: ParallelGCFailedAllocation (Allocation Failure)
Event: 82.316 Executing safepoint VM operation: ParallelGCFailedAllocation (Allocation Failure) done
Event: 83.611 Executing safepoint VM operation: ParallelGCFailedAllocation (Allocation Failure)
Event: 83.612 Executing safepoint VM operation: ParallelGCFailedAllocation (Allocation Failure) done
Event: 84.850 Executing safepoint VM operation: ParallelGCFailedAllocation (Allocation Failure)
Event: 84.853 Executing safepoint VM operation: ParallelGCFailedAllocation (Allocation Failure) done
Event: 85.340 Executing safepoint VM operation: ParallelGCFailedAllocation (Allocation Failure)
Event: 85.342 Executing safepoint VM operation: ParallelGCFailedAllocation (Allocation Failure) done
Event: 86.343 Executing safepoint VM operation: Cleanup
Event: 86.343 Executing safepoint VM operation: Cleanup done
Event: 86.688 Executing safepoint VM operation: ParallelGCFailedAllocation (Allocation Failure)
Event: 86.697 Executing safepoint VM operation: ParallelGCFailedAllocation (Allocation Failure) done
Event: 87.685 Executing safepoint VM operation: ParallelGCFailedAllocation (Allocation Failure)
Event: 87.692 Executing safepoint VM operation: ParallelGCFailedAllocation (Allocation Failure) done
Event: 89.341 Executing safepoint VM operation: ParallelGCFailedAllocation (Allocation Failure)
Event: 89.344 Executing safepoint VM operation: ParallelGCFailedAllocation (Allocation Failure) done
Event: 91.350 Executing safepoint VM operation: Cleanup
Event: 91.365 Executing safepoint VM operation: Cleanup done
Event: 91.672 Executing safepoint VM operation: ParallelGCFailedAllocation (Allocation Failure)
Event: 91.677 Executing safepoint VM operation: ParallelGCFailedAllocation (Allocation Failure) done

Memory protections (0 events):
No events

Nmethod flushes (20 events):
Event: 47.197 Thread 0x0000021fcdb22c80 flushing  nmethod 0x0000021fd15d6f10
Event: 47.197 Thread 0x0000021fcdb22c80 flushing  nmethod 0x0000021fd15dea90
Event: 47.197 Thread 0x0000021fcdb22c80 flushing  nmethod 0x0000021fd15e2310
Event: 47.197 Thread 0x0000021fcdb22c80 flushing  nmethod 0x0000021fd15e2790
Event: 47.197 Thread 0x0000021fcdb22c80 flushing  nmethod 0x0000021fd15e4c10
Event: 47.197 Thread 0x0000021fcdb22c80 flushing  nmethod 0x0000021fd15e6490
Event: 47.197 Thread 0x0000021fcdb22c80 flushing  nmethod 0x0000021fd15e8610
Event: 47.197 Thread 0x0000021fcdb22c80 flushing  nmethod 0x0000021fd15e8c10
Event: 47.197 Thread 0x0000021fcdb22c80 flushing  nmethod 0x0000021fd15e9090
Event: 47.197 Thread 0x0000021fcdb22c80 flushing  nmethod 0x0000021fd15eab90
Event: 47.197 Thread 0x0000021fcdb22c80 flushing  nmethod 0x0000021fd15f8d10
Event: 47.197 Thread 0x0000021fcdb22c80 flushing  nmethod 0x0000021fd15ff410
Event: 47.197 Thread 0x0000021fcdb22c80 flushing  nmethod 0x0000021fd1603890
Event: 47.197 Thread 0x0000021fcdb22c80 flushing  nmethod 0x0000021fd1618710
Event: 47.197 Thread 0x0000021fcdb22c80 flushing  nmethod 0x0000021fd161ad10
Event: 47.197 Thread 0x0000021fcdb22c80 flushing  nmethod 0x0000021fd163b990
Event: 47.197 Thread 0x0000021fcdb22c80 flushing  nmethod 0x0000021fd16b0a90
Event: 47.197 Thread 0x0000021fcdb22c80 flushing  nmethod 0x0000021fd16b1690
Event: 47.197 Thread 0x0000021fcdb22c80 flushing  nmethod 0x0000021fd16d2d90
Event: 47.197 Thread 0x0000021fcdb22c80 flushing  nmethod 0x0000021fd16f4310

Events (20 events):
Event: 91.437 Thread 0x0000021fed7d4eb0 Thread added: 0x0000021fed7cec40
Event: 91.451 Thread 0x0000021fefce8760 Thread added: 0x0000021fed7d2750
Event: 91.462 Thread 0x0000021fed7d13a0 Thread exited: 0x0000021fed7d13a0
Event: 91.486 Thread 0x0000021fefce8760 Thread added: 0x0000021fed7d2de0
Event: 91.587 Thread 0x0000021fed7d0d10 Thread exited: 0x0000021fed7d0d10
Event: 91.587 Thread 0x0000021fed7d5540 Thread exited: 0x0000021fed7d5540
Event: 91.588 Thread 0x0000021fee759b20 Thread exited: 0x0000021fee759b20
Event: 91.624 Thread 0x0000021feb9d0f80 Thread exited: 0x0000021feb9d0f80
Event: 91.880 Thread 0x0000021fefea4e90 Thread added: 0x0000021fed7d3470
Event: 91.990 Thread 0x0000021fed7d4eb0 Thread exited: 0x0000021fed7d4eb0
Event: 91.991 Thread 0x0000021fed7cec40 Thread exited: 0x0000021fed7cec40
Event: 91.992 Thread 0x0000021fefcebbe0 Thread exited: 0x0000021fefcebbe0
Event: 92.020 Thread 0x0000021fefceaec0 Thread exited: 0x0000021fefceaec0
Event: 92.024 Thread 0x0000021feb5f24f0 Thread added: 0x0000021fed7cec40
Event: 92.039 Thread 0x0000021fee5e5d60 Thread added: 0x0000021fed7d13a0
Event: 92.047 Thread 0x0000021fee5e2f70 Thread added: 0x0000021fed7d4190
Event: 92.233 Thread 0x0000021fee75e350 Thread added: 0x0000021fed7d0d10
Event: 92.280 Thread 0x0000021fed7d3470 Thread added: 0x0000021fed7d4eb0
Event: 92.281 Thread 0x0000021fed7d3470 Thread added: 0x0000021fed7d5540
Event: 92.307 Thread 0x0000021fed7d4eb0 Thread exited: 0x0000021fed7d4eb0


Dynamic libraries:
0x00007ff6d40a0000 - 0x00007ff6d40ae000 	c:\Users\jeeho\.vscode\extensions\redhat.java-1.56.0-win32-x64\jre\21.0.12.1-win32-x86_64\bin\java.exe
0x00007ff89e780000 - 0x00007ff89e9e7000 	C:\WINDOWS\SYSTEM32\ntdll.dll
0x00007ff89d520000 - 0x00007ff89d5eb000 	C:\WINDOWS\System32\KERNEL32.DLL
0x00007ff89bc80000 - 0x00007ff89c082000 	C:\WINDOWS\System32\KERNELBASE.dll
0x00007ff89c340000 - 0x00007ff89c48c000 	C:\WINDOWS\System32\ucrtbase.dll
0x00007ff887a50000 - 0x00007ff887a6e000 	c:\Users\jeeho\.vscode\extensions\redhat.java-1.56.0-win32-x64\jre\21.0.12.1-win32-x86_64\bin\VCRUNTIME140.dll
0x00007ff887920000 - 0x00007ff887938000 	c:\Users\jeeho\.vscode\extensions\redhat.java-1.56.0-win32-x64\jre\21.0.12.1-win32-x86_64\bin\jli.dll
0x00007ff89e4e0000 - 0x00007ff89e6af000 	C:\WINDOWS\System32\USER32.dll
0x00007ff89ba30000 - 0x00007ff89ba57000 	C:\WINDOWS\System32\win32u.dll
0x00007ff89cc40000 - 0x00007ff89cc6b000 	C:\WINDOWS\System32\GDI32.dll
0x00007ff89c210000 - 0x00007ff89c339000 	C:\WINDOWS\System32\gdi32full.dll
0x00007ff89b980000 - 0x00007ff89ba23000 	C:\WINDOWS\System32\msvcp_win.dll
0x00007ff87f080000 - 0x00007ff87f310000 	C:\WINDOWS\WinSxS\amd64_microsoft.windows.common-controls_6595b64144ccf1df_6.0.26100.9278_none_3e0d1ba8e3303201\COMCTL32.dll
0x00007ff89d8d0000 - 0x00007ff89d979000 	C:\WINDOWS\System32\msvcrt.dll
0x00007ff89dbc0000 - 0x00007ff89dbf1000 	C:\WINDOWS\System32\IMM32.DLL
0x00007ff8960e0000 - 0x00007ff8960ec000 	c:\Users\jeeho\.vscode\extensions\redhat.java-1.56.0-win32-x64\jre\21.0.12.1-win32-x86_64\bin\vcruntime140_1.dll
0x00007ff844d90000 - 0x00007ff844e1d000 	c:\Users\jeeho\.vscode\extensions\redhat.java-1.56.0-win32-x64\jre\21.0.12.1-win32-x86_64\bin\msvcp140.dll
0x00007ff8000c0000 - 0x00007ff800e62000 	c:\Users\jeeho\.vscode\extensions\redhat.java-1.56.0-win32-x64\jre\21.0.12.1-win32-x86_64\bin\server\jvm.dll
0x00007ff89dc00000 - 0x00007ff89dcbc000 	C:\WINDOWS\System32\ADVAPI32.dll
0x00007ff89e350000 - 0x00007ff89e3f9000 	C:\WINDOWS\System32\sechost.dll
0x00007ff89c4b0000 - 0x00007ff89c5c8000 	C:\WINDOWS\System32\RPCRT4.dll
0x00007ff89d980000 - 0x00007ff89da00000 	C:\WINDOWS\System32\WS2_32.dll
0x00007ff883e70000 - 0x00007ff883ea6000 	C:\WINDOWS\SYSTEM32\WINMM.dll
0x00007ff89b7e0000 - 0x00007ff89b83e000 	C:\WINDOWS\SYSTEM32\POWRPROF.dll
0x00007ff87f4b0000 - 0x00007ff87f4bb000 	C:\WINDOWS\SYSTEM32\VERSION.dll
0x00007ff89b7c0000 - 0x00007ff89b7d5000 	C:\WINDOWS\SYSTEM32\UMPDC.dll
0x00007ff89a5b0000 - 0x00007ff89a5cb000 	C:\WINDOWS\SYSTEM32\kernel.appcore.dll
0x00007ff8960c0000 - 0x00007ff8960ca000 	c:\Users\jeeho\.vscode\extensions\redhat.java-1.56.0-win32-x64\jre\21.0.12.1-win32-x86_64\bin\jimage.dll
0x00007ff898ed0000 - 0x00007ff89911c000 	C:\WINDOWS\SYSTEM32\DBGHELP.DLL
0x00007ff89df00000 - 0x00007ff89e285000 	C:\WINDOWS\System32\combase.dll
0x00007ff89e400000 - 0x00007ff89e4d9000 	C:\WINDOWS\System32\OLEAUT32.dll
0x00007ff885300000 - 0x00007ff88533b000 	C:\WINDOWS\SYSTEM32\dbgcore.DLL
0x00007ff89c150000 - 0x00007ff89c1fc000 	C:\WINDOWS\System32\bcryptPrimitives.dll
0x00007ff891ba0000 - 0x00007ff891baf000 	c:\Users\jeeho\.vscode\extensions\redhat.java-1.56.0-win32-x64\jre\21.0.12.1-win32-x86_64\bin\instrument.dll
0x00007ff8836c0000 - 0x00007ff8836e0000 	c:\Users\jeeho\.vscode\extensions\redhat.java-1.56.0-win32-x64\jre\21.0.12.1-win32-x86_64\bin\java.dll
0x00007ff89cc70000 - 0x00007ff89d408000 	C:\WINDOWS\System32\SHELL32.dll
0x00007ff8993e0000 - 0x00007ff899c8e000 	C:\WINDOWS\SYSTEM32\windows.storage.dll
0x00007ff89d700000 - 0x00007ff89d7fb000 	C:\WINDOWS\System32\SHCORE.dll
0x00007ff89d850000 - 0x00007ff89d8b6000 	C:\WINDOWS\System32\shlwapi.dll
0x00007ff89b8a0000 - 0x00007ff89b8c9000 	C:\WINDOWS\SYSTEM32\profapi.dll
0x00007ff882690000 - 0x00007ff8826a8000 	c:\Users\jeeho\.vscode\extensions\redhat.java-1.56.0-win32-x64\jre\21.0.12.1-win32-x86_64\bin\zip.dll
0x00007ff895fb0000 - 0x00007ff895fc0000 	C:\Users\jeeho\.vscode\extensions\redhat.java-1.56.0-win32-x64\jre\21.0.12.1-win32-x86_64\bin\net.dll
0x00007ff88fb00000 - 0x00007ff88fc2a000 	C:\WINDOWS\SYSTEM32\WINHTTP.dll
0x00007ff89ac10000 - 0x00007ff89ac7c000 	C:\WINDOWS\system32\mswsock.dll
0x00007ff8825c0000 - 0x00007ff8825d6000 	C:\Users\jeeho\.vscode\extensions\redhat.java-1.56.0-win32-x64\jre\21.0.12.1-win32-x86_64\bin\nio.dll
0x00007ff889e60000 - 0x00007ff889e70000 	c:\Users\jeeho\.vscode\extensions\redhat.java-1.56.0-win32-x64\jre\21.0.12.1-win32-x86_64\bin\verify.dll
0x00007ff85ef80000 - 0x00007ff85efc5000 	C:\Users\jeeho\AppData\Roaming\Code\User\globalStorage\redhat.java\1.56.0\config_win\org.eclipse.equinox.launcher\org.eclipse.equinox.launcher.win32.win32.x86_64_1.3.100.v20260804-1928\eclipse_11924.dll
0x00007ff89dcd0000 - 0x00007ff89de6a000 	C:\WINDOWS\System32\ole32.dll
0x00007ff89af00000 - 0x00007ff89af1b000 	C:\WINDOWS\SYSTEM32\CRYPTSP.dll
0x00007ff89a5d0000 - 0x00007ff89a609000 	C:\WINDOWS\system32\rsaenh.dll
0x00007ff89acc0000 - 0x00007ff89acf4000 	C:\WINDOWS\SYSTEM32\USERENV.dll
0x00007ff89b870000 - 0x00007ff89b89a000 	C:\WINDOWS\SYSTEM32\bcrypt.dll
0x00007ff89af20000 - 0x00007ff89af2c000 	C:\WINDOWS\SYSTEM32\CRYPTBASE.dll
0x00007ff89a0b0000 - 0x00007ff89a0e3000 	C:\WINDOWS\SYSTEM32\IPHLPAPI.DLL
0x00007ff89d8c0000 - 0x00007ff89d8ca000 	C:\WINDOWS\System32\NSI.dll
0x00007ff850dd0000 - 0x00007ff850e19000 	C:\Users\jeeho\AppData\Local\Temp\jna-101002513\jna7076515715572989631.dll
0x00007ff89d5f0000 - 0x00007ff89d5f8000 	C:\WINDOWS\System32\PSAPI.DLL
0x00007ff8924f0000 - 0x00007ff89250d000 	C:\WINDOWS\SYSTEM32\dhcpcsvc6.DLL
0x00007ff8924b0000 - 0x00007ff8924d5000 	C:\WINDOWS\SYSTEM32\dhcpcsvc.DLL
0x00007ff886930000 - 0x00007ff886957000 	C:\Users\jeeho\.gradle\native\660c5614fbf4a5f2a75b1949f50a0caf5cd603558e7d8a26e50b933a0cfb79d1\windows-amd64\native-platform.dll
0x00007ff8896e0000 - 0x00007ff8896ea000 	C:\Users\jeeho\.vscode\extensions\redhat.java-1.56.0-win32-x64\jre\21.0.12.1-win32-x86_64\bin\management.dll
0x00007ff8869b0000 - 0x00007ff8869bc000 	C:\Users\jeeho\.vscode\extensions\redhat.java-1.56.0-win32-x64\jre\21.0.12.1-win32-x86_64\bin\management_ext.dll
0x00007ff8879d0000 - 0x00007ff8879de000 	C:\Users\jeeho\.vscode\extensions\redhat.java-1.56.0-win32-x64\jre\21.0.12.1-win32-x86_64\bin\sunmscapi.dll
0x00007ff89baf0000 - 0x00007ff89bc6e000 	C:\WINDOWS\System32\CRYPT32.dll
0x00007ff89b140000 - 0x00007ff89b170000 	C:\WINDOWS\SYSTEM32\ncrypt.dll
0x00007ff89b0f0000 - 0x00007ff89b12f000 	C:\WINDOWS\SYSTEM32\NTASN1.dll
0x00007ff89a0f0000 - 0x00007ff89a248000 	C:\WINDOWS\SYSTEM32\DNSAPI.dll
0x00007ff89a9a0000 - 0x00007ff89a9ad000 	C:\WINDOWS\SYSTEM32\DSPARSE.dll
0x00007ff891750000 - 0x00007ff89175b000 	C:\Windows\System32\rasadhlp.dll
0x00007ff894c40000 - 0x00007ff894cc6000 	C:\WINDOWS\System32\fwpuclnt.dll
0x00007ff886920000 - 0x00007ff886929000 	C:\Users\jeeho\.vscode\extensions\redhat.java-1.56.0-win32-x64\jre\21.0.12.1-win32-x86_64\bin\extnet.dll
0x00007ff86f5e0000 - 0x00007ff86f5e8000 	C:\WINDOWS\system32\wshunix.dll

JVMTI agents:
c:\Users\jeeho\.vscode\extensions\redhat.java-1.56.0-win32-x64\lombok\lombok-1.18.39-4050.jar path:c:\Users\jeeho\.vscode\extensions\redhat.java-1.56.0-win32-x64\jre\21.0.12.1-win32-x86_64\bin\instrument.dll, loaded, initialized, instrumentlib options:none

dbghelp: loaded successfully - version: 4.0.5 - missing functions: none
symbol engine: initialized successfully - sym options: 0x614 - pdb path: .;c:\Users\jeeho\.vscode\extensions\redhat.java-1.56.0-win32-x64\jre\21.0.12.1-win32-x86_64\bin;C:\WINDOWS\SYSTEM32;C:\WINDOWS\WinSxS\amd64_microsoft.windows.common-controls_6595b64144ccf1df_6.0.26100.9278_none_3e0d1ba8e3303201;c:\Users\jeeho\.vscode\extensions\redhat.java-1.56.0-win32-x64\jre\21.0.12.1-win32-x86_64\bin\server;C:\Users\jeeho\AppData\Roaming\Code\User\globalStorage\redhat.java\1.56.0\config_win\org.eclipse.equinox.launcher\org.eclipse.equinox.launcher.win32.win32.x86_64_1.3.100.v20260804-1928;C:\Users\jeeho\AppData\Local\Temp\jna-101002513;C:\Users\jeeho\.gradle\native\660c5614fbf4a5f2a75b1949f50a0caf5cd603558e7d8a26e50b933a0cfb79d1\windows-amd64

VM Arguments:
jvm_args: --add-modules=ALL-SYSTEM --add-opens=java.base/java.util=ALL-UNNAMED --add-opens=java.base/java.lang=ALL-UNNAMED --add-opens=java.base/sun.nio.fs=ALL-UNNAMED -Declipse.application=org.eclipse.jdt.ls.core.id1 -Dosgi.bundles.defaultStartLevel=4 -Declipse.product=org.eclipse.jdt.ls.core.product -Djava.import.generatesMetadataFilesAtProjectRoot=false -Dm2e.project.cache.size=50 -DDetectVMInstallationsJob.disabled=true -Dfile.encoding=utf8 -XX:+UseParallelGC -XX:GCTimeRatio=4 -XX:AdaptiveSizePolicyWeight=90 -Dsun.zip.disableMemoryMapping=true -Xmx2G -Xms100m -Xlog:disable -javaagent:c:\Users\jeeho\.vscode\extensions\redhat.java-1.56.0-win32-x64\lombok\lombok-1.18.39-4050.jar -XX:+HeapDumpOnOutOfMemoryError -XX:HeapDumpPath=c:\Users\jeeho\AppData\Roaming\Code\User\workspaceStorage\7caecd79442af921e5ea7064fd4da5f2\redhat.java -Daether.dependencyCollector.impl=bf 
java_command: c:\Users\jeeho\.vscode\extensions\redhat.java-1.56.0-win32-x64\server\plugins\org.eclipse.equinox.launcher_1.8.0.v20260804-1928.jar -configuration c:\Users\jeeho\AppData\Roaming\Code\User\globalStorage\redhat.java\1.56.0\config_win -data c:\Users\jeeho\AppData\Roaming\Code\User\workspaceStorage\7caecd79442af921e5ea7064fd4da5f2\redhat.java\jdt_ws --stdio
java_class_path (initial): c:\Users\jeeho\.vscode\extensions\redhat.java-1.56.0-win32-x64\server\plugins\org.eclipse.equinox.launcher_1.8.0.v20260804-1928.jar
Launcher Type: SUN_STANDARD

[Global flags]
    uintx AdaptiveSizePolicyWeight                 = 90                                        {product} {command line}
     intx CICompilerCount                          = 4                                         {product} {ergonomic}
    uintx GCTimeRatio                              = 4                                         {product} {command line}
     bool HeapDumpOnOutOfMemoryError               = true                                   {manageable} {command line}
    ccstr HeapDumpPath                             = c:\Users\jeeho\AppData\Roaming\Code\User\workspaceStorage\7caecd79442af921e5ea7064fd4da5f2\redhat.java         {manageable} {command line}
   size_t InitialHeapSize                          = 104857600                                 {product} {command line}
   size_t MaxHeapSize                              = 2147483648                                {product} {command line}
   size_t MaxNewSize                               = 715653120                                 {product} {ergonomic}
   size_t MinHeapDeltaBytes                        = 524288                                    {product} {ergonomic}
   size_t MinHeapSize                              = 104857600                                 {product} {command line}
   size_t NewSize                                  = 34603008                                  {product} {ergonomic}
    uintx NonNMethodCodeHeapSize                   = 5839372                                {pd product} {ergonomic}
    uintx NonProfiledCodeHeapSize                  = 122909434                              {pd product} {ergonomic}
   size_t OldSize                                  = 70254592                                  {product} {ergonomic}
    uintx ProfiledCodeHeapSize                     = 122909434                              {pd product} {ergonomic}
    uintx ReservedCodeCacheSize                    = 251658240                              {pd product} {ergonomic}
     bool SegmentedCodeCache                       = true                                      {product} {ergonomic}
   size_t SoftMaxHeapSize                          = 2147483648                             {manageable} {ergonomic}
     bool UseCompressedOops                        = true                           {product lp64_product} {ergonomic}
     bool UseLargePagesIndividualAllocation        = false                                  {pd product} {ergonomic}
     bool UseParallelGC                            = true                                      {product} {command line}

Logging:
Log output configuration:
 #0: stdout all=off uptime,level,tags foldmultilines=false
 #1: stderr all=off uptime,level,tags foldmultilines=false

Release file:
JAVA_VERSION="21.0.12.1" 
MODULES="java.base java.compiler java.datatransfer java.xml java.prefs java.desktop java.instrument java.logging java.management java.security.sasl java.naming java.rmi java.management.rmi java.net.http java.scripting java.security.jgss java.transaction.xa java.sql java.sql.rowset java.xml.crypto java.se java.smartcardio jdk.accessibility jdk.internal.jvmstat jdk.attach jdk.charsets jdk.internal.opt jdk.zipfs jdk.compiler jdk.crypto.ec jdk.crypto.cryptoki jdk.crypto.mscapi jdk.dynalink jdk.internal.ed jdk.editpad jdk.hotspot.agent jdk.httpserver jdk.internal.le jdk.internal.vm.ci jdk.internal.vm.compiler jdk.internal.vm.compiler.management jdk.jartool jdk.javadoc jdk.jcmd jdk.management jdk.management.agent jdk.jconsole jdk.jdeps jdk.jdwp.agent jdk.jdi jdk.jfr jdk.jshell jdk.jsobject jdk.jstatd jdk.localedata jdk.management.jfr jdk.naming.dns jdk.naming.rmi jdk.net jdk.nio.mapmode jdk.random jdk.sctp jdk.security.auth jdk.security.jgss jdk.unsupported jdk.unsupported.desktop jdk.xml.dom" 

Environment Variables:
JAVA_HOME=C:\Program Files\Java\jdk-21.0.10
PATH=C:\Program Files\Common Files\Oracle\Java\javapath;C:\Program Files (x86)\NAT Service;C:\WINDOWS\system32;C:\WINDOWS;C:\WINDOWS\System32\Wbem;C:\WINDOWS\System32\WindowsPowerShell\v1.0\;C:\WINDOWS\System32\OpenSSH\;C:\Program Files\dotnet\;C:\Program Files\Git\cmd;C:\Program Files\Java\jdk-21.0.10\bin;C:\Program Files (x86)\Windows Kits\10\Windows Performance Toolkit\;C:\Users\jeeho\.local\bin;C:\Users\jeeho\AppData\Local\Programs\Python\Python313\Scripts\;C:\Users\jeeho\AppData\Local\Programs\Python\Python313\;C:\Users\jeeho\AppData\Local\Programs\Python\Launcher\;C:\Users\jeeho\AppData\Local\Microsoft\WindowsApps;C:\Users\jeeho\AppData\Local\Python\bin;C:\Users\jeeho\AppData\Local\SOOP;C:\Users\jeeho\AppData\Local\Programs\Microsoft VS Code\bin;C:\Users\jeeho\AppData\Local\GitHubDesktop\bin;C:\Users\jeeho\.dotnet\tools
USERNAME=jeeho
OS=Windows_NT
PROCESSOR_IDENTIFIER=Intel64 Family 6 Model 154 Stepping 4, GenuineIntel
TMP=C:\Users\jeeho\AppData\Local\Temp
TEMP=C:\Users\jeeho\AppData\Local\Temp




Periodic native trim disabled

---------------  S Y S T E M  ---------------

OS:
 Windows 11 , 64 bit Build 26100 (10.0.26100.9444)
OS uptime: 1 days 4:48 hours
Hyper-V role detected

CPU: total 12 (initial active 12) (6 cores per cpu, 2 threads per core) family 6 model 154 stepping 4 microcode 0x423, cx8, cmov, fxsr, ht, mmx, 3dnowpref, sse, sse2, sse3, ssse3, sse4.1, sse4.2, popcnt, lzcnt, tsc, tscinvbit, avx, avx2, aes, erms, clmul, bmi1, bmi2, adx, sha, fma, vzeroupper, clflush, clflushopt, clwb, hv, serialize, rdtscp, rdpid, fsrm, f16c, cet_ibt, cet_ss
Processor Information for processor 0
  Max Mhz: 1700, Current Mhz: 1700, Mhz Limit: 1700
Processor Information for processor 1
  Max Mhz: 1700, Current Mhz: 1700, Mhz Limit: 1700
Processor Information for processor 2
  Max Mhz: 1700, Current Mhz: 1700, Mhz Limit: 1700
Processor Information for processor 3
  Max Mhz: 1700, Current Mhz: 1700, Mhz Limit: 1700
Processor Information for processor 4
  Max Mhz: 1700, Current Mhz: 1200, Mhz Limit: 1190
Processor Information for processor 5
  Max Mhz: 1700, Current Mhz: 1200, Mhz Limit: 1190
Processor Information for processor 6
  Max Mhz: 1700, Current Mhz: 1200, Mhz Limit: 1190
Processor Information for processor 7
  Max Mhz: 1700, Current Mhz: 1200, Mhz Limit: 1190
Processor Information for processor 8
  Max Mhz: 1700, Current Mhz: 1200, Mhz Limit: 1190
Processor Information for processor 9
  Max Mhz: 1700, Current Mhz: 1200, Mhz Limit: 1190
Processor Information for processor 10
  Max Mhz: 1700, Current Mhz: 1200, Mhz Limit: 1190
Processor Information for processor 11
  Max Mhz: 1700, Current Mhz: 1200, Mhz Limit: 1190

Memory: 4k page, system-wide physical 7893M (378M free)
TotalPageFile size 32469M (AvailPageFile size 83M)
current process WorkingSet (physical memory assigned to process): 236M, peak: 292M
current process commit charge ("private bytes"): 460M, peak: 468M

vm_info: OpenJDK 64-Bit Server VM (21.0.12.1+1-LTS) for windows-amd64 JRE (21.0.12.1+1-LTS), built on 2026-08-18T00:00:00Z by "admin" with MS VC++ 17.12 (VS2022)

END.
