#
# There is insufficient memory for the Java Runtime Environment to continue.
# Native memory allocation (malloc) failed to allocate 222480 bytes. Error detail: Chunk::new
# Possible reasons:
#   The system is out of physical RAM or swap space
#   This process is running with CompressedOops enabled, and the Java Heap may be blocking the growth of the native heap
# Possible solutions:
#   Reduce memory load on the system
#   Increase physical memory or swap space
#   Check if swap backing store is full
#   Decrease Java heap size (-Xmx/-Xms)
#   Decrease number of Java threads
#   Decrease Java thread stack sizes (-Xss)
#   Set larger code cache with -XX:ReservedCodeCacheSize=
#   JVM is running with Unscaled Compressed Oops mode in which the Java heap is
#     placed in the first 4GB address space. The Java Heap base address is the
#     maximum limit for the native heap growth. Please use -XX:HeapBaseMinAddress
#     to set the Java Heap base and to place the Java Heap above 4GB virtual address.
# This output file may be truncated or incomplete.
#
#  Out of Memory Error (arena.cpp:168), pid=39612, tid=31332
#
# JRE version: OpenJDK Runtime Environment Temurin-21.0.12.1+1 (21.0.12.1+1) (build 21.0.12.1+1-LTS)
# Java VM: OpenJDK 64-Bit Server VM Temurin-21.0.12.1+1 (21.0.12.1+1-LTS, mixed mode, sharing, tiered, compressed oops, compressed class ptrs, g1 gc, windows-amd64)
# No core dump will be written. Minidumps are not enabled by default on client versions of Windows
#

---------------  S U M M A R Y ------------

Command Line: --add-opens=java.base/java.lang=ALL-UNNAMED --add-opens=java.base/java.lang.invoke=ALL-UNNAMED --add-opens=java.base/java.util=ALL-UNNAMED --add-opens=java.prefs/java.util.prefs=ALL-UNNAMED --add-exports=jdk.compiler/com.sun.tools.javac.api=ALL-UNNAMED --add-exports=jdk.compiler/com.sun.tools.javac.util=ALL-UNNAMED --add-opens=java.base/java.util=ALL-UNNAMED --add-opens=java.prefs/java.util.prefs=ALL-UNNAMED --add-opens=java.base/java.nio.charset=ALL-UNNAMED --add-opens=java.base/java.net=ALL-UNNAMED --add-opens=java.base/java.util.concurrent=ALL-UNNAMED --add-opens=java.base/java.util.concurrent.atomic=ALL-UNNAMED --add-opens=java.xml/javax.xml.namespace=ALL-UNNAMED --add-opens=java.base/java.time=ALL-UNNAMED -XX:MaxMetaspaceSize=384m -XX:+HeapDumpOnOutOfMemoryError -Xms256m -Xmx512m -Dfile.encoding=UTF-8 -Duser.country=KR -Duser.language=ko -Duser.variant -javaagent:C:\Users\jeeho\.gradle\wrapper\dists\gradle-9.2.0-bin\11i5gvueggl8a5cioxuftxrik\gradle-9.2.0\lib\agents\gradle-instrumentation-agent-9.2.0.jar org.gradle.launcher.daemon.bootstrap.GradleDaemon 9.2.0

Host: 12th Gen Intel(R) Core(TM) i7-1255U, 12 cores, 7G,  Windows 11 , 64 bit Build 26100 (10.0.26100.9444)
Time: Mon Sep 21 21:55:23 2026 elapsed time: 344.487701 seconds (0d 0h 5m 44s)

---------------  T H R E A D  ---------------

Current thread (0x000002903018a600):  JavaThread "C2 CompilerThread0" daemon [_thread_in_native, id=31332, stack(0x0000009b47800000,0x0000009b47900000) (1024K)]


Current CompileTask:
C2:344492 10429   !   4       org.gradle.internal.deprecation.DeprecationLogger::whileDisabled (22 bytes)

Stack: [0x0000009b47800000,0x0000009b47900000]
Native frames: (J=compiled Java code, j=interpreted, Vv=VM code, C=native code)
V  [jvm.dll+0x6d83e9]
V  [jvm.dll+0x8b5736]
V  [jvm.dll+0x8b7cee]
V  [jvm.dll+0x8b83d3]
V  [jvm.dll+0x284596]
V  [jvm.dll+0xc685d]
V  [jvm.dll+0xc6da1]
V  [jvm.dll+0x3bf18b]
V  [jvm.dll+0x1e4149]
V  [jvm.dll+0x24c853]
V  [jvm.dll+0x24bce0]
V  [jvm.dll+0x1cb4ae]
V  [jvm.dll+0x25baad]
V  [jvm.dll+0x25a03a]
V  [jvm.dll+0x3f8aae]
V  [jvm.dll+0x8600cd]
V  [jvm.dll+0x6d6c1d]
C  [ucrtbase.dll+0x2cd30]
C  [KERNEL32.DLL+0x2cd87]
C  [ntdll.dll+0xacaec]


---------------  P R O C E S S  ---------------

Threads class SMR info:
_java_thread_list=0x000002904e01e600, length=63, elements={
0x000002901a36e270, 0x000002903016ff70, 0x0000029030170c30, 0x0000029030175dc0,
0x0000029030176820, 0x00000290301833d0, 0x0000029030187460, 0x000002903018a600,
0x000002903018b1d0, 0x0000029030425eb0, 0x0000029030452e90, 0x000002904ae6c4d0,
0x0000029030894a70, 0x0000029030aa5270, 0x00000290304dbcb0, 0x00000290304dc340,
0x00000290304d9be0, 0x000002904bac86f0, 0x000002904baca130, 0x000002904bac79d0,
0x000002904bace2d0, 0x000002904bace960, 0x000002904b827820, 0x000002904b825de0,
0x000002904b82b9c0, 0x000002904b82c050, 0x000002904c6a4fc0, 0x000002904c6a3c10,
0x00000290304d8ec0, 0x00000290304daf90, 0x000002904c6a4930, 0x000002904b829260,
0x000002904b826b00, 0x000002904bac7340, 0x000002904baccf20, 0x000002904bacd5b0,
0x000002904b03e7d0, 0x000002904b03ee60, 0x000002904b03b9e0, 0x000002904b03d420,
0x000002904b03f4f0, 0x000002904b03fb80, 0x000002904b03c700, 0x000002904b0408a0,
0x000002904b040f30, 0x000002904b0422e0, 0x000002904b041c50, 0x000002904b040210,
0x000002904b0415c0, 0x000002904b829f80, 0x000002904b82a610, 0x000002904b827190,
0x000002904b82b330, 0x000002904b827eb0, 0x000002904b828540, 0x000002904b82c6e0,
0x000002904bacae50, 0x000002904bac8d80, 0x000002904bacb4e0, 0x000002904bac9410,
0x000002904bacc200, 0x000002904c6a6370, 0x000002904c6a6a00
}

Java Threads: ( => current thread )
  0x000002901a36e270 JavaThread "main"                              [_thread_blocked, id=24272, stack(0x0000009b46a00000,0x0000009b46b00000) (1024K)]
  0x000002903016ff70 JavaThread "Reference Handler"          daemon [_thread_blocked, id=3112, stack(0x0000009b47200000,0x0000009b47300000) (1024K)]
  0x0000029030170c30 JavaThread "Finalizer"                  daemon [_thread_blocked, id=13460, stack(0x0000009b47300000,0x0000009b47400000) (1024K)]
  0x0000029030175dc0 JavaThread "Signal Dispatcher"          daemon [_thread_blocked, id=22676, stack(0x0000009b47400000,0x0000009b47500000) (1024K)]
  0x0000029030176820 JavaThread "Attach Listener"            daemon [_thread_blocked, id=41688, stack(0x0000009b47500000,0x0000009b47600000) (1024K)]
  0x00000290301833d0 JavaThread "Service Thread"             daemon [_thread_blocked, id=17428, stack(0x0000009b47600000,0x0000009b47700000) (1024K)]
  0x0000029030187460 JavaThread "Monitor Deflation Thread"   daemon [_thread_blocked, id=41576, stack(0x0000009b47700000,0x0000009b47800000) (1024K)]
=>0x000002903018a600 JavaThread "C2 CompilerThread0"         daemon [_thread_in_native, id=31332, stack(0x0000009b47800000,0x0000009b47900000) (1024K)]
  0x000002903018b1d0 JavaThread "C1 CompilerThread0"         daemon [_thread_blocked, id=33872, stack(0x0000009b47900000,0x0000009b47a00000) (1024K)]
  0x0000029030425eb0 JavaThread "Common-Cleaner"             daemon [_thread_blocked, id=19220, stack(0x0000009b47b00000,0x0000009b47c00000) (1024K)]
  0x0000029030452e90 JavaThread "Notification Thread"        daemon [_thread_blocked, id=41492, stack(0x0000009b47c00000,0x0000009b47d00000) (1024K)]
  0x000002904ae6c4d0 JavaThread "Daemon health stats"               [_thread_blocked, id=31260, stack(0x0000009b47a00000,0x0000009b47b00000) (1024K)]
  0x0000029030894a70 JavaThread "Incoming local TCP Connector on port 55566"        [_thread_in_native, id=22040, stack(0x0000009b48200000,0x0000009b48300000) (1024K)]
  0x0000029030aa5270 JavaThread "Daemon periodic checks"            [_thread_blocked, id=36728, stack(0x0000009b48300000,0x0000009b48400000) (1024K)]
  0x00000290304dbcb0 JavaThread "Cache worker for journal cache (C:\Users\jeeho\.gradle\caches\journal-1)"        [_thread_blocked, id=31280, stack(0x0000009b48b00000,0x0000009b48c00000) (1024K)]
  0x00000290304dc340 JavaThread "File lock request listener"        [_thread_in_native, id=41840, stack(0x0000009b48c00000,0x0000009b48d00000) (1024K)]
  0x00000290304d9be0 JavaThread "Cache worker for file hash cache (C:\Users\jeeho\.gradle\caches\9.2.0\fileHashes)"        [_thread_blocked, id=9932, stack(0x0000009b48d00000,0x0000009b48e00000) (1024K)]
  0x000002904bac86f0 JavaThread "File watcher server"        daemon [_thread_in_native, id=31876, stack(0x0000009b49700000,0x0000009b49800000) (1024K)]
  0x000002904baca130 JavaThread "File watcher consumer"      daemon [_thread_blocked, id=26056, stack(0x0000009b49800000,0x0000009b49900000) (1024K)]
  0x000002904bac79d0 JavaThread "Cache worker for file content cache (C:\Users\jeeho\.gradle\caches\9.2.0\fileContent)"        [_thread_blocked, id=24932, stack(0x0000009b49a00000,0x0000009b49b00000) (1024K)]
  0x000002904bace2d0 JavaThread "jar transforms"                    [_thread_blocked, id=31188, stack(0x0000009b49d00000,0x0000009b49e00000) (1024K)]
  0x000002904bace960 JavaThread "jar transforms Thread 2"           [_thread_blocked, id=33784, stack(0x0000009b49e00000,0x0000009b49f00000) (1024K)]
  0x000002904b827820 JavaThread "Memory manager"                    [_thread_blocked, id=32552, stack(0x0000009b4c200000,0x0000009b4c300000) (1024K)]
  0x000002904b825de0 JavaThread "Daemon worker Thread 2"            [_thread_in_vm, id=416, stack(0x0000009b49600000,0x0000009b49700000) (1024K)]
  0x000002904b82b9c0 JavaThread "jar transforms Thread 3"           [_thread_blocked, id=36256, stack(0x0000009b4a100000,0x0000009b4a200000) (1024K)]
  0x000002904b82c050 JavaThread "jar transforms Thread 4"           [_thread_blocked, id=41096, stack(0x0000009b4a200000,0x0000009b4a300000) (1024K)]
  0x000002904c6a4fc0 JavaThread "jar transforms Thread 5"           [_thread_blocked, id=34460, stack(0x0000009b4a400000,0x0000009b4a500000) (1024K)]
  0x000002904c6a3c10 JavaThread "jar transforms Thread 6"           [_thread_blocked, id=20116, stack(0x0000009b4a600000,0x0000009b4a700000) (1024K)]
  0x00000290304d8ec0 JavaThread "Daemon Thread 3"                   [_thread_blocked, id=12160, stack(0x0000009b48400000,0x0000009b48500000) (1024K)]
  0x00000290304daf90 JavaThread "Handler for socket connection from /127.0.0.1:55566 to /127.0.0.1:64266"        [_thread_in_native, id=13964, stack(0x0000009b48500000,0x0000009b48600000) (1024K)]
  0x000002904c6a4930 JavaThread "Cancel handler"                    [_thread_blocked, id=6140, stack(0x0000009b48800000,0x0000009b48900000) (1024K)]
  0x000002904b829260 JavaThread "Asynchronous log dispatcher for DefaultDaemonConnection: socket connection from /127.0.0.1:55566 to /127.0.0.1:64266"        [_thread_blocked, id=36180, stack(0x0000009b46800000,0x0000009b46900000) (1024K)]
  0x000002904b826b00 JavaThread "Stdin handler"                     [_thread_blocked, id=23144, stack(0x0000009b4aa00000,0x0000009b4ab00000) (1024K)]
  0x000002904bac7340 JavaThread "Daemon client event forwarder"        [_thread_blocked, id=1468, stack(0x0000009b4af00000,0x0000009b4b000000) (1024K)]
  0x000002904baccf20 JavaThread "Cache worker for file hash cache (C:\25 Treasure Hunt\.gradle\9.2.0\fileHashes)"        [_thread_blocked, id=35640, stack(0x0000009b4b500000,0x0000009b4b600000) (1024K)]
  0x000002904bacd5b0 JavaThread "Cache worker for Build Output Cleanup Cache (C:\25 Treasure Hunt\.gradle\buildOutputCleanup)"        [_thread_blocked, id=26124, stack(0x0000009b4b600000,0x0000009b4b700000) (1024K)]
  0x000002904b03e7d0 JavaThread "Cache worker for checksums cache (C:\25 Treasure Hunt\.gradle\9.2.0\checksums)"        [_thread_blocked, id=27344, stack(0x0000009b48700000,0x0000009b48800000) (1024K)]
  0x000002904b03ee60 JavaThread "Cache worker for cache directory md-supplier (C:\Users\jeeho\.gradle\caches\9.2.0\md-supplier)"        [_thread_blocked, id=40424, stack(0x0000009b49900000,0x0000009b49a00000) (1024K)]
  0x000002904b03b9e0 JavaThread "Cache worker for cache directory md-rule (C:\Users\jeeho\.gradle\caches\9.2.0\md-rule)"        [_thread_blocked, id=34372, stack(0x0000009b49c00000,0x0000009b49d00000) (1024K)]
  0x000002904b03d420 JavaThread "Unconstrained build operations"        [_thread_blocked, id=35716, stack(0x0000009b4a000000,0x0000009b4a100000) (1024K)]
  0x000002904b03f4f0 JavaThread "Unconstrained build operations Thread 2"        [_thread_blocked, id=41116, stack(0x0000009b4a300000,0x0000009b4a400000) (1024K)]
  0x000002904b03fb80 JavaThread "Unconstrained build operations Thread 3"        [_thread_blocked, id=38924, stack(0x0000009b4a700000,0x0000009b4a800000) (1024K)]
  0x000002904b03c700 JavaThread "Unconstrained build operations Thread 4"        [_thread_blocked, id=41796, stack(0x0000009b4a800000,0x0000009b4a900000) (1024K)]
  0x000002904b0408a0 JavaThread "Unconstrained build operations Thread 5"        [_thread_blocked, id=17700, stack(0x0000009b4a900000,0x0000009b4aa00000) (1024K)]
  0x000002904b040f30 JavaThread "Unconstrained build operations Thread 6"        [_thread_blocked, id=28848, stack(0x0000009b4ac00000,0x0000009b4ad00000) (1024K)]
  0x000002904b0422e0 JavaThread "Unconstrained build operations Thread 7"        [_thread_blocked, id=9708, stack(0x0000009b4ae00000,0x0000009b4af00000) (1024K)]
  0x000002904b041c50 JavaThread "Unconstrained build operations Thread 8"        [_thread_blocked, id=36068, stack(0x0000009b4b100000,0x0000009b4b200000) (1024K)]
  0x000002904b040210 JavaThread "Unconstrained build operations Thread 9"        [_thread_blocked, id=33724, stack(0x0000009b4b200000,0x0000009b4b300000) (1024K)]
  0x000002904b0415c0 JavaThread "Unconstrained build operations Thread 10"        [_thread_blocked, id=37336, stack(0x0000009b4b300000,0x0000009b4b400000) (1024K)]
  0x000002904b829f80 JavaThread "Unconstrained build operations Thread 11"        [_thread_blocked, id=19508, stack(0x0000009b4b400000,0x0000009b4b500000) (1024K)]
  0x000002904b82a610 JavaThread "Unconstrained build operations Thread 12"        [_thread_blocked, id=26460, stack(0x0000009b4b900000,0x0000009b4ba00000) (1024K)]
  0x000002904b827190 JavaThread "Unconstrained build operations Thread 13"        [_thread_blocked, id=31036, stack(0x0000009b4be00000,0x0000009b4bf00000) (1024K)]
  0x000002904b82b330 JavaThread "Unconstrained build operations Thread 14"        [_thread_blocked, id=40444, stack(0x0000009b4bf00000,0x0000009b4c000000) (1024K)]
  0x000002904b827eb0 JavaThread "Unconstrained build operations Thread 15"        [_thread_blocked, id=25212, stack(0x0000009b4c000000,0x0000009b4c100000) (1024K)]
  0x000002904b828540 JavaThread "Unconstrained build operations Thread 16"        [_thread_blocked, id=33832, stack(0x0000009b4c100000,0x0000009b4c200000) (1024K)]
  0x000002904b82c6e0 JavaThread "Unconstrained build operations Thread 17"        [_thread_blocked, id=19012, stack(0x0000009b4c300000,0x0000009b4c400000) (1024K)]
  0x000002904bacae50 JavaThread "Unconstrained build operations Thread 18"        [_thread_blocked, id=23588, stack(0x0000009b4c400000,0x0000009b4c500000) (1024K)]
  0x000002904bac8d80 JavaThread "Unconstrained build operations Thread 19"        [_thread_blocked, id=35152, stack(0x0000009b4c500000,0x0000009b4c600000) (1024K)]
  0x000002904bacb4e0 JavaThread "Unconstrained build operations Thread 20"        [_thread_blocked, id=23248, stack(0x0000009b4c600000,0x0000009b4c700000) (1024K)]
  0x000002904bac9410 JavaThread "Unconstrained build operations Thread 21"        [_thread_blocked, id=35244, stack(0x0000009b4c700000,0x0000009b4c800000) (1024K)]
  0x000002904bacc200 JavaThread "Unconstrained build operations Thread 22"        [_thread_blocked, id=25956, stack(0x0000009b4c800000,0x0000009b4c900000) (1024K)]
  0x000002904c6a6370 JavaThread "Unconstrained build operations Thread 23"        [_thread_blocked, id=20300, stack(0x0000009b4c900000,0x0000009b4ca00000) (1024K)]
  0x000002904c6a6a00 JavaThread "Unconstrained build operations Thread 24"        [_thread_blocked, id=34920, stack(0x0000009b4ca00000,0x0000009b4cb00000) (1024K)]
Total: 63

Other Threads:
  0x0000029030148e60 VMThread "VM Thread"                           [id=19360, stack(0x0000009b47100000,0x0000009b47200000) (1024K)]
  0x000002903013ac70 WatcherThread "VM Periodic Task Thread"        [id=34344, stack(0x0000009b47000000,0x0000009b47100000) (1024K)]
  0x000002901a398ac0 WorkerThread "GC Thread#0"                     [id=39044, stack(0x0000009b46b00000,0x0000009b46c00000) (1024K)]
  0x00000290304cf120 WorkerThread "GC Thread#1"                     [id=34684, stack(0x0000009b47d00000,0x0000009b47e00000) (1024K)]
  0x0000029030640bf0 WorkerThread "GC Thread#2"                     [id=37176, stack(0x0000009b47e00000,0x0000009b47f00000) (1024K)]
  0x00000290306417b0 WorkerThread "GC Thread#3"                     [id=32696, stack(0x0000009b47f00000,0x0000009b48000000) (1024K)]
  0x0000029030641b60 WorkerThread "GC Thread#4"                     [id=5432, stack(0x0000009b48000000,0x0000009b48100000) (1024K)]
  0x000002903055a020 WorkerThread "GC Thread#5"                     [id=41268, stack(0x0000009b48100000,0x0000009b48200000) (1024K)]
  0x000002904c3912d0 WorkerThread "GC Thread#6"                     [id=32068, stack(0x0000009b48e00000,0x0000009b48f00000) (1024K)]
  0x000002904c391de0 WorkerThread "GC Thread#7"                     [id=23780, stack(0x0000009b48f00000,0x0000009b49000000) (1024K)]
  0x000002904c392190 WorkerThread "GC Thread#8"                     [id=7388, stack(0x0000009b49000000,0x0000009b49100000) (1024K)]
  0x000002904c391a30 WorkerThread "GC Thread#9"                     [id=19604, stack(0x0000009b49100000,0x0000009b49200000) (1024K)]
  0x000002901a39da40 ConcurrentGCThread "G1 Main Marker"            [id=6128, stack(0x0000009b46c00000,0x0000009b46d00000) (1024K)]
  0x000002901a3a0b00 WorkerThread "G1 Conc#0"                       [id=41740, stack(0x0000009b46d00000,0x0000009b46e00000) (1024K)]
  0x000002904c390b70 WorkerThread "G1 Conc#1"                       [id=26144, stack(0x0000009b49200000,0x0000009b49300000) (1024K)]
  0x000002904c390f20 WorkerThread "G1 Conc#2"                       [id=34724, stack(0x0000009b49300000,0x0000009b49400000) (1024K)]
  0x00000290300029e0 ConcurrentGCThread "G1 Refine#0"               [id=37332, stack(0x0000009b46e00000,0x0000009b46f00000) (1024K)]
  0x0000029030004220 ConcurrentGCThread "G1 Service"                [id=22472, stack(0x0000009b46f00000,0x0000009b47000000) (1024K)]
Total: 18

Threads with active compile tasks:
C2 CompilerThread0  345122 10429   !   4       org.gradle.internal.deprecation.DeprecationLogger::whileDisabled (22 bytes)
C1 CompilerThread0  345128 10433   !   3       org.gradle.cache.internal.DefaultFileLockManager::lock (136 bytes)
Total: 2

VM state: not at safepoint (normal execution)

VM Mutex/Monitor currently owned by a thread:  ([mutex/lock_event])
[0x00007ff800d7e0b0] MethodCompileQueue_lock - owner thread: 0x000002903018b1d0
[0x00007ff800d7f4b0] CodeCache_lock - owner thread: 0x000002903018b1d0
[0x00007ff800d7f630] Compile_lock - owner thread: 0x000002903018b1d0

Heap address: 0x00000000e0000000, size: 512 MB, Compressed Oops mode: 32-bit

CDS archive(s) mapped at: [0x0000029031000000-0x0000029031ba0000-0x0000029031ba0000), size 12189696, SharedBaseAddress: 0x0000029031000000, ArchiveRelocationMode: 1.
Compressed class space mapped at: 0x0000029032000000-0x0000029046000000, reserved size: 335544320
Narrow klass base: 0x0000029031000000, Narrow klass shift: 0, Narrow klass range: 0x100000000

GC Precious Log:
 CardTable entry size: 512
 Card Set container configuration: InlinePtr #cards 5 size 8 Array Of Cards #cards 12 size 40 Howl #buckets 4 coarsen threshold 1843 Howl Bitmap #cards 512 size 80 coarsen threshold 460 Card regions per heap region 1 cards per card region 2048
 CPUs: 12 total, 12 available
 Memory: 7893M
 Large Page Support: Disabled
 NUMA Support: Disabled
 Compressed Oops: Enabled (32-bit)
 Heap Region Size: 1M
 Heap Min Capacity: 256M
 Heap Initial Capacity: 256M
 Heap Max Capacity: 512M
 Pre-touch: Disabled
 Parallel Workers: 10
 Concurrent Workers: 3
 Concurrent Refinement Workers: 10
 Periodic GC: Disabled

Heap:
 garbage-first heap   total 262144K, used 150266K [0x00000000e0000000, 0x0000000100000000)
  region size 1024K, 99 young (101376K), 4 survivors (4096K)
 Metaspace       used 65698K, committed 67968K, reserved 393216K
  class space    used 9755K, committed 10880K, reserved 327680K

Heap Regions: E=young(eden), S=young(survivor), O=old, HS=humongous(starts), HC=humongous(continues), CS=collection set, F=free, TAMS=top-at-mark-start, PB=parsable bottom
|   0|0x00000000e0000000, 0x00000000e0100000, 0x00000000e0100000|100%|HS|  |TAMS 0x00000000e0000000| PB 0x00000000e0000000| Complete 
|   1|0x00000000e0100000, 0x00000000e0200000, 0x00000000e0200000|100%|HC|  |TAMS 0x00000000e0100000| PB 0x00000000e0100000| Complete 
|   2|0x00000000e0200000, 0x00000000e0300000, 0x00000000e0300000|100%|HC|  |TAMS 0x00000000e0200000| PB 0x00000000e0200000| Complete 
|   3|0x00000000e0300000, 0x00000000e0400000, 0x00000000e0400000|100%|HC|  |TAMS 0x00000000e0300000| PB 0x00000000e0300000| Complete 
|   4|0x00000000e0400000, 0x00000000e0500000, 0x00000000e0500000|100%| O|  |TAMS 0x00000000e0400000| PB 0x00000000e0400000| Untracked 
|   5|0x00000000e0500000, 0x00000000e0600000, 0x00000000e0600000|100%| O|  |TAMS 0x00000000e0500000| PB 0x00000000e0500000| Untracked 
|   6|0x00000000e0600000, 0x00000000e0700000, 0x00000000e0700000|100%| O|  |TAMS 0x00000000e0600000| PB 0x00000000e0600000| Untracked 
|   7|0x00000000e0700000, 0x00000000e0800000, 0x00000000e0800000|100%|HS|  |TAMS 0x00000000e0700000| PB 0x00000000e0700000| Complete 
|   8|0x00000000e0800000, 0x00000000e0900000, 0x00000000e0900000|100%| O|  |TAMS 0x00000000e0800000| PB 0x00000000e0800000| Untracked 
|   9|0x00000000e0900000, 0x00000000e0a00000, 0x00000000e0a00000|100%| O|  |TAMS 0x00000000e0900000| PB 0x00000000e0900000| Untracked 
|  10|0x00000000e0a00000, 0x00000000e0b00000, 0x00000000e0b00000|100%| O|  |TAMS 0x00000000e0a00000| PB 0x00000000e0a00000| Untracked 
|  11|0x00000000e0b00000, 0x00000000e0c00000, 0x00000000e0c00000|100%| O|  |TAMS 0x00000000e0b00000| PB 0x00000000e0b00000| Untracked 
|  12|0x00000000e0c00000, 0x00000000e0c00000, 0x00000000e0d00000|  0%| F|  |TAMS 0x00000000e0c00000| PB 0x00000000e0c00000| Untracked 
|  13|0x00000000e0d00000, 0x00000000e0e00000, 0x00000000e0e00000|100%| O|  |TAMS 0x00000000e0d00000| PB 0x00000000e0d00000| Untracked 
|  14|0x00000000e0e00000, 0x00000000e0f00000, 0x00000000e0f00000|100%| O|  |TAMS 0x00000000e0e00000| PB 0x00000000e0e00000| Untracked 
|  15|0x00000000e0f00000, 0x00000000e1000000, 0x00000000e1000000|100%| O|  |TAMS 0x00000000e0f00000| PB 0x00000000e0f00000| Untracked 
|  16|0x00000000e1000000, 0x00000000e1100000, 0x00000000e1100000|100%| O|  |TAMS 0x00000000e1000000| PB 0x00000000e1000000| Untracked 
|  17|0x00000000e1100000, 0x00000000e1200000, 0x00000000e1200000|100%| O|  |TAMS 0x00000000e1100000| PB 0x00000000e1100000| Untracked 
|  18|0x00000000e1200000, 0x00000000e1300000, 0x00000000e1300000|100%| O|  |TAMS 0x00000000e1200000| PB 0x00000000e1200000| Untracked 
|  19|0x00000000e1300000, 0x00000000e1400000, 0x00000000e1400000|100%| O|  |TAMS 0x00000000e1300000| PB 0x00000000e1300000| Untracked 
|  20|0x00000000e1400000, 0x00000000e1500000, 0x00000000e1500000|100%| O|  |TAMS 0x00000000e1400000| PB 0x00000000e1400000| Untracked 
|  21|0x00000000e1500000, 0x00000000e1600000, 0x00000000e1600000|100%| O|  |TAMS 0x00000000e1500000| PB 0x00000000e1500000| Untracked 
|  22|0x00000000e1600000, 0x00000000e1700000, 0x00000000e1700000|100%| O|  |TAMS 0x00000000e1600000| PB 0x00000000e1600000| Untracked 
|  23|0x00000000e1700000, 0x00000000e1800000, 0x00000000e1800000|100%| O|  |TAMS 0x00000000e1700000| PB 0x00000000e1700000| Untracked 
|  24|0x00000000e1800000, 0x00000000e1900000, 0x00000000e1900000|100%| O|  |TAMS 0x00000000e1800000| PB 0x00000000e1800000| Untracked 
|  25|0x00000000e1900000, 0x00000000e1a00000, 0x00000000e1a00000|100%| O|  |TAMS 0x00000000e1900000| PB 0x00000000e1900000| Untracked 
|  26|0x00000000e1a00000, 0x00000000e1b00000, 0x00000000e1b00000|100%| O|  |TAMS 0x00000000e1a00000| PB 0x00000000e1a00000| Untracked 
|  27|0x00000000e1b00000, 0x00000000e1c00000, 0x00000000e1c00000|100%| O|  |TAMS 0x00000000e1b00000| PB 0x00000000e1b00000| Untracked 
|  28|0x00000000e1c00000, 0x00000000e1d00000, 0x00000000e1d00000|100%| O|  |TAMS 0x00000000e1c00000| PB 0x00000000e1c00000| Untracked 
|  29|0x00000000e1d00000, 0x00000000e1e00000, 0x00000000e1e00000|100%| O|  |TAMS 0x00000000e1d00000| PB 0x00000000e1d00000| Untracked 
|  30|0x00000000e1e00000, 0x00000000e1f00000, 0x00000000e1f00000|100%| O|  |TAMS 0x00000000e1e00000| PB 0x00000000e1e00000| Untracked 
|  31|0x00000000e1f00000, 0x00000000e2000000, 0x00000000e2000000|100%| O|  |TAMS 0x00000000e1f00000| PB 0x00000000e1f00000| Untracked 
|  32|0x00000000e2000000, 0x00000000e2100000, 0x00000000e2100000|100%| O|  |TAMS 0x00000000e2000000| PB 0x00000000e2000000| Untracked 
|  33|0x00000000e2100000, 0x00000000e2200000, 0x00000000e2200000|100%| O|  |TAMS 0x00000000e2100000| PB 0x00000000e2100000| Untracked 
|  34|0x00000000e2200000, 0x00000000e2300000, 0x00000000e2300000|100%| O|  |TAMS 0x00000000e2200000| PB 0x00000000e2200000| Untracked 
|  35|0x00000000e2300000, 0x00000000e2400000, 0x00000000e2400000|100%| O|  |TAMS 0x00000000e2300000| PB 0x00000000e2300000| Untracked 
|  36|0x00000000e2400000, 0x00000000e2500000, 0x00000000e2500000|100%| O|  |TAMS 0x00000000e2400000| PB 0x00000000e2400000| Untracked 
|  37|0x00000000e2500000, 0x00000000e2600000, 0x00000000e2600000|100%| O|  |TAMS 0x00000000e2500000| PB 0x00000000e2500000| Untracked 
|  38|0x00000000e2600000, 0x00000000e2700000, 0x00000000e2700000|100%| O|  |TAMS 0x00000000e2600000| PB 0x00000000e2600000| Untracked 
|  39|0x00000000e2700000, 0x00000000e2800000, 0x00000000e2800000|100%| O|  |TAMS 0x00000000e2700000| PB 0x00000000e2700000| Untracked 
|  40|0x00000000e2800000, 0x00000000e2900000, 0x00000000e2900000|100%| O|  |TAMS 0x00000000e2800000| PB 0x00000000e2800000| Untracked 
|  41|0x00000000e2900000, 0x00000000e2a00000, 0x00000000e2a00000|100%| O|  |TAMS 0x00000000e2900000| PB 0x00000000e2900000| Untracked 
|  42|0x00000000e2a00000, 0x00000000e2b00000, 0x00000000e2b00000|100%| O|  |TAMS 0x00000000e2a00000| PB 0x00000000e2a00000| Untracked 
|  43|0x00000000e2b00000, 0x00000000e2c00000, 0x00000000e2c00000|100%| O|  |TAMS 0x00000000e2b00000| PB 0x00000000e2b00000| Untracked 
|  44|0x00000000e2c00000, 0x00000000e2d00000, 0x00000000e2d00000|100%| O|  |TAMS 0x00000000e2c00000| PB 0x00000000e2c00000| Untracked 
|  45|0x00000000e2d00000, 0x00000000e2e00000, 0x00000000e2e00000|100%| O|  |TAMS 0x00000000e2d00000| PB 0x00000000e2d00000| Untracked 
|  46|0x00000000e2e00000, 0x00000000e2f00000, 0x00000000e2f00000|100%| O|  |TAMS 0x00000000e2e00000| PB 0x00000000e2e00000| Untracked 
|  47|0x00000000e2f00000, 0x00000000e3000000, 0x00000000e3000000|100%| O|  |TAMS 0x00000000e2f00000| PB 0x00000000e2f00000| Untracked 
|  48|0x00000000e3000000, 0x00000000e3100000, 0x00000000e3100000|100%| O|  |TAMS 0x00000000e3000000| PB 0x00000000e3000000| Untracked 
|  49|0x00000000e3100000, 0x00000000e3200000, 0x00000000e3200000|100%| O|  |TAMS 0x00000000e3100000| PB 0x00000000e3100000| Untracked 
|  50|0x00000000e3200000, 0x00000000e3278660, 0x00000000e3300000| 47%| O|  |TAMS 0x00000000e3200000| PB 0x00000000e3200000| Untracked 
|  51|0x00000000e3300000, 0x00000000e3300000, 0x00000000e3400000|  0%| F|  |TAMS 0x00000000e3300000| PB 0x00000000e3300000| Untracked 
|  52|0x00000000e3400000, 0x00000000e3400000, 0x00000000e3500000|  0%| F|  |TAMS 0x00000000e3400000| PB 0x00000000e3400000| Untracked 
|  53|0x00000000e3500000, 0x00000000e3500000, 0x00000000e3600000|  0%| F|  |TAMS 0x00000000e3500000| PB 0x00000000e3500000| Untracked 
|  54|0x00000000e3600000, 0x00000000e3600000, 0x00000000e3700000|  0%| F|  |TAMS 0x00000000e3600000| PB 0x00000000e3600000| Untracked 
|  55|0x00000000e3700000, 0x00000000e3700000, 0x00000000e3800000|  0%| F|  |TAMS 0x00000000e3700000| PB 0x00000000e3700000| Untracked 
|  56|0x00000000e3800000, 0x00000000e3800000, 0x00000000e3900000|  0%| F|  |TAMS 0x00000000e3800000| PB 0x00000000e3800000| Untracked 
|  57|0x00000000e3900000, 0x00000000e3900000, 0x00000000e3a00000|  0%| F|  |TAMS 0x00000000e3900000| PB 0x00000000e3900000| Untracked 
|  58|0x00000000e3a00000, 0x00000000e3a00000, 0x00000000e3b00000|  0%| F|  |TAMS 0x00000000e3a00000| PB 0x00000000e3a00000| Untracked 
|  59|0x00000000e3b00000, 0x00000000e3b00000, 0x00000000e3c00000|  0%| F|  |TAMS 0x00000000e3b00000| PB 0x00000000e3b00000| Untracked 
|  60|0x00000000e3c00000, 0x00000000e3c00000, 0x00000000e3d00000|  0%| F|  |TAMS 0x00000000e3c00000| PB 0x00000000e3c00000| Untracked 
|  61|0x00000000e3d00000, 0x00000000e3d00000, 0x00000000e3e00000|  0%| F|  |TAMS 0x00000000e3d00000| PB 0x00000000e3d00000| Untracked 
|  62|0x00000000e3e00000, 0x00000000e3e00000, 0x00000000e3f00000|  0%| F|  |TAMS 0x00000000e3e00000| PB 0x00000000e3e00000| Untracked 
|  63|0x00000000e3f00000, 0x00000000e3f00000, 0x00000000e4000000|  0%| F|  |TAMS 0x00000000e3f00000| PB 0x00000000e3f00000| Untracked 
|  64|0x00000000e4000000, 0x00000000e4000000, 0x00000000e4100000|  0%| F|  |TAMS 0x00000000e4000000| PB 0x00000000e4000000| Untracked 
|  65|0x00000000e4100000, 0x00000000e4100000, 0x00000000e4200000|  0%| F|  |TAMS 0x00000000e4100000| PB 0x00000000e4100000| Untracked 
|  66|0x00000000e4200000, 0x00000000e4200000, 0x00000000e4300000|  0%| F|  |TAMS 0x00000000e4200000| PB 0x00000000e4200000| Untracked 
|  67|0x00000000e4300000, 0x00000000e4300000, 0x00000000e4400000|  0%| F|  |TAMS 0x00000000e4300000| PB 0x00000000e4300000| Untracked 
|  68|0x00000000e4400000, 0x00000000e4400000, 0x00000000e4500000|  0%| F|  |TAMS 0x00000000e4400000| PB 0x00000000e4400000| Untracked 
|  69|0x00000000e4500000, 0x00000000e4500000, 0x00000000e4600000|  0%| F|  |TAMS 0x00000000e4500000| PB 0x00000000e4500000| Untracked 
|  70|0x00000000e4600000, 0x00000000e4600000, 0x00000000e4700000|  0%| F|  |TAMS 0x00000000e4600000| PB 0x00000000e4600000| Untracked 
|  71|0x00000000e4700000, 0x00000000e4700000, 0x00000000e4800000|  0%| F|  |TAMS 0x00000000e4700000| PB 0x00000000e4700000| Untracked 
|  72|0x00000000e4800000, 0x00000000e4800000, 0x00000000e4900000|  0%| F|  |TAMS 0x00000000e4800000| PB 0x00000000e4800000| Untracked 
|  73|0x00000000e4900000, 0x00000000e4900000, 0x00000000e4a00000|  0%| F|  |TAMS 0x00000000e4900000| PB 0x00000000e4900000| Untracked 
|  74|0x00000000e4a00000, 0x00000000e4a00000, 0x00000000e4b00000|  0%| F|  |TAMS 0x00000000e4a00000| PB 0x00000000e4a00000| Untracked 
|  75|0x00000000e4b00000, 0x00000000e4b00000, 0x00000000e4c00000|  0%| F|  |TAMS 0x00000000e4b00000| PB 0x00000000e4b00000| Untracked 
|  76|0x00000000e4c00000, 0x00000000e4c00000, 0x00000000e4d00000|  0%| F|  |TAMS 0x00000000e4c00000| PB 0x00000000e4c00000| Untracked 
|  77|0x00000000e4d00000, 0x00000000e4d00000, 0x00000000e4e00000|  0%| F|  |TAMS 0x00000000e4d00000| PB 0x00000000e4d00000| Untracked 
|  78|0x00000000e4e00000, 0x00000000e4e00000, 0x00000000e4f00000|  0%| F|  |TAMS 0x00000000e4e00000| PB 0x00000000e4e00000| Untracked 
|  79|0x00000000e4f00000, 0x00000000e4f00000, 0x00000000e5000000|  0%| F|  |TAMS 0x00000000e4f00000| PB 0x00000000e4f00000| Untracked 
|  80|0x00000000e5000000, 0x00000000e5000000, 0x00000000e5100000|  0%| F|  |TAMS 0x00000000e5000000| PB 0x00000000e5000000| Untracked 
|  81|0x00000000e5100000, 0x00000000e5100000, 0x00000000e5200000|  0%| F|  |TAMS 0x00000000e5100000| PB 0x00000000e5100000| Untracked 
|  82|0x00000000e5200000, 0x00000000e5200000, 0x00000000e5300000|  0%| F|  |TAMS 0x00000000e5200000| PB 0x00000000e5200000| Untracked 
|  83|0x00000000e5300000, 0x00000000e5300000, 0x00000000e5400000|  0%| F|  |TAMS 0x00000000e5300000| PB 0x00000000e5300000| Untracked 
|  84|0x00000000e5400000, 0x00000000e5400000, 0x00000000e5500000|  0%| F|  |TAMS 0x00000000e5400000| PB 0x00000000e5400000| Untracked 
|  85|0x00000000e5500000, 0x00000000e5500000, 0x00000000e5600000|  0%| F|  |TAMS 0x00000000e5500000| PB 0x00000000e5500000| Untracked 
|  86|0x00000000e5600000, 0x00000000e5600000, 0x00000000e5700000|  0%| F|  |TAMS 0x00000000e5600000| PB 0x00000000e5600000| Untracked 
|  87|0x00000000e5700000, 0x00000000e5700000, 0x00000000e5800000|  0%| F|  |TAMS 0x00000000e5700000| PB 0x00000000e5700000| Untracked 
|  88|0x00000000e5800000, 0x00000000e5800000, 0x00000000e5900000|  0%| F|  |TAMS 0x00000000e5800000| PB 0x00000000e5800000| Untracked 
|  89|0x00000000e5900000, 0x00000000e5900000, 0x00000000e5a00000|  0%| F|  |TAMS 0x00000000e5900000| PB 0x00000000e5900000| Untracked 
|  90|0x00000000e5a00000, 0x00000000e5a00000, 0x00000000e5b00000|  0%| F|  |TAMS 0x00000000e5a00000| PB 0x00000000e5a00000| Untracked 
|  91|0x00000000e5b00000, 0x00000000e5b00000, 0x00000000e5c00000|  0%| F|  |TAMS 0x00000000e5b00000| PB 0x00000000e5b00000| Untracked 
|  92|0x00000000e5c00000, 0x00000000e5c00000, 0x00000000e5d00000|  0%| F|  |TAMS 0x00000000e5c00000| PB 0x00000000e5c00000| Untracked 
|  93|0x00000000e5d00000, 0x00000000e5d00000, 0x00000000e5e00000|  0%| F|  |TAMS 0x00000000e5d00000| PB 0x00000000e5d00000| Untracked 
|  94|0x00000000e5e00000, 0x00000000e5e00000, 0x00000000e5f00000|  0%| F|  |TAMS 0x00000000e5e00000| PB 0x00000000e5e00000| Untracked 
|  95|0x00000000e5f00000, 0x00000000e5f00000, 0x00000000e6000000|  0%| F|  |TAMS 0x00000000e5f00000| PB 0x00000000e5f00000| Untracked 
|  96|0x00000000e6000000, 0x00000000e6000000, 0x00000000e6100000|  0%| F|  |TAMS 0x00000000e6000000| PB 0x00000000e6000000| Untracked 
|  97|0x00000000e6100000, 0x00000000e6100000, 0x00000000e6200000|  0%| F|  |TAMS 0x00000000e6100000| PB 0x00000000e6100000| Untracked 
|  98|0x00000000e6200000, 0x00000000e6200000, 0x00000000e6300000|  0%| F|  |TAMS 0x00000000e6200000| PB 0x00000000e6200000| Untracked 
|  99|0x00000000e6300000, 0x00000000e6300000, 0x00000000e6400000|  0%| F|  |TAMS 0x00000000e6300000| PB 0x00000000e6300000| Untracked 
| 100|0x00000000e6400000, 0x00000000e6400000, 0x00000000e6500000|  0%| F|  |TAMS 0x00000000e6400000| PB 0x00000000e6400000| Untracked 
| 101|0x00000000e6500000, 0x00000000e6500000, 0x00000000e6600000|  0%| F|  |TAMS 0x00000000e6500000| PB 0x00000000e6500000| Untracked 
| 102|0x00000000e6600000, 0x00000000e6600000, 0x00000000e6700000|  0%| F|  |TAMS 0x00000000e6600000| PB 0x00000000e6600000| Untracked 
| 103|0x00000000e6700000, 0x00000000e6700000, 0x00000000e6800000|  0%| F|  |TAMS 0x00000000e6700000| PB 0x00000000e6700000| Untracked 
| 104|0x00000000e6800000, 0x00000000e6800000, 0x00000000e6900000|  0%| F|  |TAMS 0x00000000e6800000| PB 0x00000000e6800000| Untracked 
| 105|0x00000000e6900000, 0x00000000e6900000, 0x00000000e6a00000|  0%| F|  |TAMS 0x00000000e6900000| PB 0x00000000e6900000| Untracked 
| 106|0x00000000e6a00000, 0x00000000e6a00000, 0x00000000e6b00000|  0%| F|  |TAMS 0x00000000e6a00000| PB 0x00000000e6a00000| Untracked 
| 107|0x00000000e6b00000, 0x00000000e6b00000, 0x00000000e6c00000|  0%| F|  |TAMS 0x00000000e6b00000| PB 0x00000000e6b00000| Untracked 
| 108|0x00000000e6c00000, 0x00000000e6c00000, 0x00000000e6d00000|  0%| F|  |TAMS 0x00000000e6c00000| PB 0x00000000e6c00000| Untracked 
| 109|0x00000000e6d00000, 0x00000000e6d00000, 0x00000000e6e00000|  0%| F|  |TAMS 0x00000000e6d00000| PB 0x00000000e6d00000| Untracked 
| 110|0x00000000e6e00000, 0x00000000e6e00000, 0x00000000e6f00000|  0%| F|  |TAMS 0x00000000e6e00000| PB 0x00000000e6e00000| Untracked 
| 111|0x00000000e6f00000, 0x00000000e6f00000, 0x00000000e7000000|  0%| F|  |TAMS 0x00000000e6f00000| PB 0x00000000e6f00000| Untracked 
| 112|0x00000000e7000000, 0x00000000e7000000, 0x00000000e7100000|  0%| F|  |TAMS 0x00000000e7000000| PB 0x00000000e7000000| Untracked 
| 113|0x00000000e7100000, 0x00000000e7100000, 0x00000000e7200000|  0%| F|  |TAMS 0x00000000e7100000| PB 0x00000000e7100000| Untracked 
| 114|0x00000000e7200000, 0x00000000e7200000, 0x00000000e7300000|  0%| F|  |TAMS 0x00000000e7200000| PB 0x00000000e7200000| Untracked 
| 115|0x00000000e7300000, 0x00000000e7300000, 0x00000000e7400000|  0%| F|  |TAMS 0x00000000e7300000| PB 0x00000000e7300000| Untracked 
| 116|0x00000000e7400000, 0x00000000e7400000, 0x00000000e7500000|  0%| F|  |TAMS 0x00000000e7400000| PB 0x00000000e7400000| Untracked 
| 117|0x00000000e7500000, 0x00000000e7500000, 0x00000000e7600000|  0%| F|  |TAMS 0x00000000e7500000| PB 0x00000000e7500000| Untracked 
| 118|0x00000000e7600000, 0x00000000e7600000, 0x00000000e7700000|  0%| F|  |TAMS 0x00000000e7600000| PB 0x00000000e7600000| Untracked 
| 119|0x00000000e7700000, 0x00000000e7700000, 0x00000000e7800000|  0%| F|  |TAMS 0x00000000e7700000| PB 0x00000000e7700000| Untracked 
| 120|0x00000000e7800000, 0x00000000e7800000, 0x00000000e7900000|  0%| F|  |TAMS 0x00000000e7800000| PB 0x00000000e7800000| Untracked 
| 121|0x00000000e7900000, 0x00000000e7900000, 0x00000000e7a00000|  0%| F|  |TAMS 0x00000000e7900000| PB 0x00000000e7900000| Untracked 
| 122|0x00000000e7a00000, 0x00000000e7a00000, 0x00000000e7b00000|  0%| F|  |TAMS 0x00000000e7a00000| PB 0x00000000e7a00000| Untracked 
| 123|0x00000000e7b00000, 0x00000000e7b00000, 0x00000000e7c00000|  0%| F|  |TAMS 0x00000000e7b00000| PB 0x00000000e7b00000| Untracked 
| 124|0x00000000e7c00000, 0x00000000e7c00000, 0x00000000e7d00000|  0%| F|  |TAMS 0x00000000e7c00000| PB 0x00000000e7c00000| Untracked 
| 125|0x00000000e7d00000, 0x00000000e7d00000, 0x00000000e7e00000|  0%| F|  |TAMS 0x00000000e7d00000| PB 0x00000000e7d00000| Untracked 
| 126|0x00000000e7e00000, 0x00000000e7e00000, 0x00000000e7f00000|  0%| F|  |TAMS 0x00000000e7e00000| PB 0x00000000e7e00000| Untracked 
| 127|0x00000000e7f00000, 0x00000000e7f00000, 0x00000000e8000000|  0%| F|  |TAMS 0x00000000e7f00000| PB 0x00000000e7f00000| Untracked 
| 128|0x00000000e8000000, 0x00000000e8000000, 0x00000000e8100000|  0%| F|  |TAMS 0x00000000e8000000| PB 0x00000000e8000000| Untracked 
| 129|0x00000000e8100000, 0x00000000e8100000, 0x00000000e8200000|  0%| F|  |TAMS 0x00000000e8100000| PB 0x00000000e8100000| Untracked 
| 130|0x00000000e8200000, 0x00000000e8200000, 0x00000000e8300000|  0%| F|  |TAMS 0x00000000e8200000| PB 0x00000000e8200000| Untracked 
| 131|0x00000000e8300000, 0x00000000e8300000, 0x00000000e8400000|  0%| F|  |TAMS 0x00000000e8300000| PB 0x00000000e8300000| Untracked 
| 132|0x00000000e8400000, 0x00000000e8400000, 0x00000000e8500000|  0%| F|  |TAMS 0x00000000e8400000| PB 0x00000000e8400000| Untracked 
| 133|0x00000000e8500000, 0x00000000e8500000, 0x00000000e8600000|  0%| F|  |TAMS 0x00000000e8500000| PB 0x00000000e8500000| Untracked 
| 134|0x00000000e8600000, 0x00000000e8600000, 0x00000000e8700000|  0%| F|  |TAMS 0x00000000e8600000| PB 0x00000000e8600000| Untracked 
| 135|0x00000000e8700000, 0x00000000e8700000, 0x00000000e8800000|  0%| F|  |TAMS 0x00000000e8700000| PB 0x00000000e8700000| Untracked 
| 136|0x00000000e8800000, 0x00000000e8800000, 0x00000000e8900000|  0%| F|  |TAMS 0x00000000e8800000| PB 0x00000000e8800000| Untracked 
| 137|0x00000000e8900000, 0x00000000e8900000, 0x00000000e8a00000|  0%| F|  |TAMS 0x00000000e8900000| PB 0x00000000e8900000| Untracked 
| 138|0x00000000e8a00000, 0x00000000e8a00000, 0x00000000e8b00000|  0%| F|  |TAMS 0x00000000e8a00000| PB 0x00000000e8a00000| Untracked 
| 139|0x00000000e8b00000, 0x00000000e8b00000, 0x00000000e8c00000|  0%| F|  |TAMS 0x00000000e8b00000| PB 0x00000000e8b00000| Untracked 
| 140|0x00000000e8c00000, 0x00000000e8c00000, 0x00000000e8d00000|  0%| F|  |TAMS 0x00000000e8c00000| PB 0x00000000e8c00000| Untracked 
| 141|0x00000000e8d00000, 0x00000000e8d00000, 0x00000000e8e00000|  0%| F|  |TAMS 0x00000000e8d00000| PB 0x00000000e8d00000| Untracked 
| 142|0x00000000e8e00000, 0x00000000e8e00000, 0x00000000e8f00000|  0%| F|  |TAMS 0x00000000e8e00000| PB 0x00000000e8e00000| Untracked 
| 143|0x00000000e8f00000, 0x00000000e8f00000, 0x00000000e9000000|  0%| F|  |TAMS 0x00000000e8f00000| PB 0x00000000e8f00000| Untracked 
| 144|0x00000000e9000000, 0x00000000e9000000, 0x00000000e9100000|  0%| F|  |TAMS 0x00000000e9000000| PB 0x00000000e9000000| Untracked 
| 145|0x00000000e9100000, 0x00000000e9100000, 0x00000000e9200000|  0%| F|  |TAMS 0x00000000e9100000| PB 0x00000000e9100000| Untracked 
| 146|0x00000000e9200000, 0x00000000e9200000, 0x00000000e9300000|  0%| F|  |TAMS 0x00000000e9200000| PB 0x00000000e9200000| Untracked 
| 147|0x00000000e9300000, 0x00000000e9300000, 0x00000000e9400000|  0%| F|  |TAMS 0x00000000e9300000| PB 0x00000000e9300000| Untracked 
| 148|0x00000000e9400000, 0x00000000e9400000, 0x00000000e9500000|  0%| F|  |TAMS 0x00000000e9400000| PB 0x00000000e9400000| Untracked 
| 149|0x00000000e9500000, 0x00000000e9500000, 0x00000000e9600000|  0%| F|  |TAMS 0x00000000e9500000| PB 0x00000000e9500000| Untracked 
| 150|0x00000000e9600000, 0x00000000e9600000, 0x00000000e9700000|  0%| F|  |TAMS 0x00000000e9600000| PB 0x00000000e9600000| Untracked 
| 151|0x00000000e9700000, 0x00000000e9700000, 0x00000000e9800000|  0%| F|  |TAMS 0x00000000e9700000| PB 0x00000000e9700000| Untracked 
| 152|0x00000000e9800000, 0x00000000e9800000, 0x00000000e9900000|  0%| F|  |TAMS 0x00000000e9800000| PB 0x00000000e9800000| Untracked 
| 153|0x00000000e9900000, 0x00000000e9900000, 0x00000000e9a00000|  0%| F|  |TAMS 0x00000000e9900000| PB 0x00000000e9900000| Untracked 
| 154|0x00000000e9a00000, 0x00000000e9a00000, 0x00000000e9b00000|  0%| F|  |TAMS 0x00000000e9a00000| PB 0x00000000e9a00000| Untracked 
| 155|0x00000000e9b00000, 0x00000000e9b00000, 0x00000000e9c00000|  0%| F|  |TAMS 0x00000000e9b00000| PB 0x00000000e9b00000| Untracked 
| 156|0x00000000e9c00000, 0x00000000e9c00000, 0x00000000e9d00000|  0%| F|  |TAMS 0x00000000e9c00000| PB 0x00000000e9c00000| Untracked 
| 157|0x00000000e9d00000, 0x00000000e9d96970, 0x00000000e9e00000| 58%| E|  |TAMS 0x00000000e9d00000| PB 0x00000000e9d00000| Complete 
| 158|0x00000000e9e00000, 0x00000000e9f00000, 0x00000000e9f00000|100%| E|CS|TAMS 0x00000000e9e00000| PB 0x00000000e9e00000| Complete 
| 159|0x00000000e9f00000, 0x00000000ea000000, 0x00000000ea000000|100%| E|CS|TAMS 0x00000000e9f00000| PB 0x00000000e9f00000| Complete 
| 160|0x00000000ea000000, 0x00000000ea100000, 0x00000000ea100000|100%| E|CS|TAMS 0x00000000ea000000| PB 0x00000000ea000000| Complete 
| 161|0x00000000ea100000, 0x00000000ea200000, 0x00000000ea200000|100%| E|CS|TAMS 0x00000000ea100000| PB 0x00000000ea100000| Complete 
| 162|0x00000000ea200000, 0x00000000ea300000, 0x00000000ea300000|100%| E|CS|TAMS 0x00000000ea200000| PB 0x00000000ea200000| Complete 
| 163|0x00000000ea300000, 0x00000000ea400000, 0x00000000ea400000|100%| E|CS|TAMS 0x00000000ea300000| PB 0x00000000ea300000| Complete 
| 164|0x00000000ea400000, 0x00000000ea500000, 0x00000000ea500000|100%| E|CS|TAMS 0x00000000ea400000| PB 0x00000000ea400000| Complete 
| 165|0x00000000ea500000, 0x00000000ea600000, 0x00000000ea600000|100%| E|CS|TAMS 0x00000000ea500000| PB 0x00000000ea500000| Complete 
| 166|0x00000000ea600000, 0x00000000ea700000, 0x00000000ea700000|100%| E|CS|TAMS 0x00000000ea600000| PB 0x00000000ea600000| Complete 
| 167|0x00000000ea700000, 0x00000000ea800000, 0x00000000ea800000|100%| E|CS|TAMS 0x00000000ea700000| PB 0x00000000ea700000| Complete 
| 168|0x00000000ea800000, 0x00000000ea900000, 0x00000000ea900000|100%| E|CS|TAMS 0x00000000ea800000| PB 0x00000000ea800000| Complete 
| 169|0x00000000ea900000, 0x00000000eaa00000, 0x00000000eaa00000|100%| E|CS|TAMS 0x00000000ea900000| PB 0x00000000ea900000| Complete 
| 170|0x00000000eaa00000, 0x00000000eab00000, 0x00000000eab00000|100%| E|CS|TAMS 0x00000000eaa00000| PB 0x00000000eaa00000| Complete 
| 171|0x00000000eab00000, 0x00000000eac00000, 0x00000000eac00000|100%| E|CS|TAMS 0x00000000eab00000| PB 0x00000000eab00000| Complete 
| 172|0x00000000eac00000, 0x00000000ead00000, 0x00000000ead00000|100%| E|CS|TAMS 0x00000000eac00000| PB 0x00000000eac00000| Complete 
| 173|0x00000000ead00000, 0x00000000eae00000, 0x00000000eae00000|100%| E|CS|TAMS 0x00000000ead00000| PB 0x00000000ead00000| Complete 
| 174|0x00000000eae00000, 0x00000000eaf00000, 0x00000000eaf00000|100%| E|CS|TAMS 0x00000000eae00000| PB 0x00000000eae00000| Complete 
| 175|0x00000000eaf00000, 0x00000000eb000000, 0x00000000eb000000|100%| E|CS|TAMS 0x00000000eaf00000| PB 0x00000000eaf00000| Complete 
| 176|0x00000000eb000000, 0x00000000eb100000, 0x00000000eb100000|100%| E|CS|TAMS 0x00000000eb000000| PB 0x00000000eb000000| Complete 
| 177|0x00000000eb100000, 0x00000000eb200000, 0x00000000eb200000|100%| E|CS|TAMS 0x00000000eb100000| PB 0x00000000eb100000| Complete 
| 178|0x00000000eb200000, 0x00000000eb300000, 0x00000000eb300000|100%| E|CS|TAMS 0x00000000eb200000| PB 0x00000000eb200000| Complete 
| 179|0x00000000eb300000, 0x00000000eb400000, 0x00000000eb400000|100%| E|CS|TAMS 0x00000000eb300000| PB 0x00000000eb300000| Complete 
| 180|0x00000000eb400000, 0x00000000eb500000, 0x00000000eb500000|100%| E|CS|TAMS 0x00000000eb400000| PB 0x00000000eb400000| Complete 
| 181|0x00000000eb500000, 0x00000000eb600000, 0x00000000eb600000|100%| E|CS|TAMS 0x00000000eb500000| PB 0x00000000eb500000| Complete 
| 182|0x00000000eb600000, 0x00000000eb700000, 0x00000000eb700000|100%| E|CS|TAMS 0x00000000eb600000| PB 0x00000000eb600000| Complete 
| 183|0x00000000eb700000, 0x00000000eb800000, 0x00000000eb800000|100%| E|CS|TAMS 0x00000000eb700000| PB 0x00000000eb700000| Complete 
| 184|0x00000000eb800000, 0x00000000eb900000, 0x00000000eb900000|100%| E|CS|TAMS 0x00000000eb800000| PB 0x00000000eb800000| Complete 
| 185|0x00000000eb900000, 0x00000000eba00000, 0x00000000eba00000|100%| E|CS|TAMS 0x00000000eb900000| PB 0x00000000eb900000| Complete 
| 186|0x00000000eba00000, 0x00000000ebb00000, 0x00000000ebb00000|100%| E|CS|TAMS 0x00000000eba00000| PB 0x00000000eba00000| Complete 
| 187|0x00000000ebb00000, 0x00000000ebc00000, 0x00000000ebc00000|100%| E|CS|TAMS 0x00000000ebb00000| PB 0x00000000ebb00000| Complete 
| 188|0x00000000ebc00000, 0x00000000ebd00000, 0x00000000ebd00000|100%| E|CS|TAMS 0x00000000ebc00000| PB 0x00000000ebc00000| Complete 
| 189|0x00000000ebd00000, 0x00000000ebe00000, 0x00000000ebe00000|100%| E|CS|TAMS 0x00000000ebd00000| PB 0x00000000ebd00000| Complete 
| 190|0x00000000ebe00000, 0x00000000ebf00000, 0x00000000ebf00000|100%| E|CS|TAMS 0x00000000ebe00000| PB 0x00000000ebe00000| Complete 
| 191|0x00000000ebf00000, 0x00000000ec000000, 0x00000000ec000000|100%| E|CS|TAMS 0x00000000ebf00000| PB 0x00000000ebf00000| Complete 
| 192|0x00000000ec000000, 0x00000000ec100000, 0x00000000ec100000|100%| E|CS|TAMS 0x00000000ec000000| PB 0x00000000ec000000| Complete 
| 193|0x00000000ec100000, 0x00000000ec200000, 0x00000000ec200000|100%| E|CS|TAMS 0x00000000ec100000| PB 0x00000000ec100000| Complete 
| 194|0x00000000ec200000, 0x00000000ec300000, 0x00000000ec300000|100%| E|CS|TAMS 0x00000000ec200000| PB 0x00000000ec200000| Complete 
| 195|0x00000000ec300000, 0x00000000ec400000, 0x00000000ec400000|100%| E|CS|TAMS 0x00000000ec300000| PB 0x00000000ec300000| Complete 
| 196|0x00000000ec400000, 0x00000000ec4463e0, 0x00000000ec500000| 27%| S|CS|TAMS 0x00000000ec400000| PB 0x00000000ec400000| Complete 
| 197|0x00000000ec500000, 0x00000000ec600000, 0x00000000ec600000|100%| S|CS|TAMS 0x00000000ec500000| PB 0x00000000ec500000| Complete 
| 198|0x00000000ec600000, 0x00000000ec700000, 0x00000000ec700000|100%| S|CS|TAMS 0x00000000ec600000| PB 0x00000000ec600000| Complete 
| 199|0x00000000ec700000, 0x00000000ec800000, 0x00000000ec800000|100%| S|CS|TAMS 0x00000000ec700000| PB 0x00000000ec700000| Complete 
| 200|0x00000000ec800000, 0x00000000ec900000, 0x00000000ec900000|100%| E|CS|TAMS 0x00000000ec800000| PB 0x00000000ec800000| Complete 
| 201|0x00000000ec900000, 0x00000000eca00000, 0x00000000eca00000|100%| E|CS|TAMS 0x00000000ec900000| PB 0x00000000ec900000| Complete 
| 202|0x00000000eca00000, 0x00000000ecb00000, 0x00000000ecb00000|100%| E|CS|TAMS 0x00000000eca00000| PB 0x00000000eca00000| Complete 
| 203|0x00000000ecb00000, 0x00000000ecc00000, 0x00000000ecc00000|100%| E|CS|TAMS 0x00000000ecb00000| PB 0x00000000ecb00000| Complete 
| 204|0x00000000ecc00000, 0x00000000ecd00000, 0x00000000ecd00000|100%| E|CS|TAMS 0x00000000ecc00000| PB 0x00000000ecc00000| Complete 
| 205|0x00000000ecd00000, 0x00000000ece00000, 0x00000000ece00000|100%| E|CS|TAMS 0x00000000ecd00000| PB 0x00000000ecd00000| Complete 
| 206|0x00000000ece00000, 0x00000000ecf00000, 0x00000000ecf00000|100%| E|CS|TAMS 0x00000000ece00000| PB 0x00000000ece00000| Complete 
| 207|0x00000000ecf00000, 0x00000000ed000000, 0x00000000ed000000|100%| E|CS|TAMS 0x00000000ecf00000| PB 0x00000000ecf00000| Complete 
| 208|0x00000000ed000000, 0x00000000ed100000, 0x00000000ed100000|100%| E|CS|TAMS 0x00000000ed000000| PB 0x00000000ed000000| Complete 
| 209|0x00000000ed100000, 0x00000000ed200000, 0x00000000ed200000|100%| E|CS|TAMS 0x00000000ed100000| PB 0x00000000ed100000| Complete 
| 210|0x00000000ed200000, 0x00000000ed300000, 0x00000000ed300000|100%| E|CS|TAMS 0x00000000ed200000| PB 0x00000000ed200000| Complete 
| 211|0x00000000ed300000, 0x00000000ed400000, 0x00000000ed400000|100%| E|CS|TAMS 0x00000000ed300000| PB 0x00000000ed300000| Complete 
| 212|0x00000000ed400000, 0x00000000ed500000, 0x00000000ed500000|100%| E|CS|TAMS 0x00000000ed400000| PB 0x00000000ed400000| Complete 
| 213|0x00000000ed500000, 0x00000000ed600000, 0x00000000ed600000|100%| E|CS|TAMS 0x00000000ed500000| PB 0x00000000ed500000| Complete 
| 214|0x00000000ed600000, 0x00000000ed700000, 0x00000000ed700000|100%| E|CS|TAMS 0x00000000ed600000| PB 0x00000000ed600000| Complete 
| 215|0x00000000ed700000, 0x00000000ed800000, 0x00000000ed800000|100%| E|CS|TAMS 0x00000000ed700000| PB 0x00000000ed700000| Complete 
| 216|0x00000000ed800000, 0x00000000ed900000, 0x00000000ed900000|100%| E|CS|TAMS 0x00000000ed800000| PB 0x00000000ed800000| Complete 
| 217|0x00000000ed900000, 0x00000000eda00000, 0x00000000eda00000|100%| E|CS|TAMS 0x00000000ed900000| PB 0x00000000ed900000| Complete 
| 218|0x00000000eda00000, 0x00000000edb00000, 0x00000000edb00000|100%| E|CS|TAMS 0x00000000eda00000| PB 0x00000000eda00000| Complete 
| 219|0x00000000edb00000, 0x00000000edc00000, 0x00000000edc00000|100%| E|CS|TAMS 0x00000000edb00000| PB 0x00000000edb00000| Complete 
| 220|0x00000000edc00000, 0x00000000edd00000, 0x00000000edd00000|100%| E|CS|TAMS 0x00000000edc00000| PB 0x00000000edc00000| Complete 
| 221|0x00000000edd00000, 0x00000000ede00000, 0x00000000ede00000|100%| E|CS|TAMS 0x00000000edd00000| PB 0x00000000edd00000| Complete 
| 222|0x00000000ede00000, 0x00000000edf00000, 0x00000000edf00000|100%| E|CS|TAMS 0x00000000ede00000| PB 0x00000000ede00000| Complete 
| 223|0x00000000edf00000, 0x00000000ee000000, 0x00000000ee000000|100%| E|CS|TAMS 0x00000000edf00000| PB 0x00000000edf00000| Complete 
| 224|0x00000000ee000000, 0x00000000ee100000, 0x00000000ee100000|100%| E|CS|TAMS 0x00000000ee000000| PB 0x00000000ee000000| Complete 
| 225|0x00000000ee100000, 0x00000000ee200000, 0x00000000ee200000|100%| E|CS|TAMS 0x00000000ee100000| PB 0x00000000ee100000| Complete 
| 226|0x00000000ee200000, 0x00000000ee300000, 0x00000000ee300000|100%| E|CS|TAMS 0x00000000ee200000| PB 0x00000000ee200000| Complete 
| 227|0x00000000ee300000, 0x00000000ee400000, 0x00000000ee400000|100%| E|CS|TAMS 0x00000000ee300000| PB 0x00000000ee300000| Complete 
| 228|0x00000000ee400000, 0x00000000ee500000, 0x00000000ee500000|100%| E|CS|TAMS 0x00000000ee400000| PB 0x00000000ee400000| Complete 
| 229|0x00000000ee500000, 0x00000000ee600000, 0x00000000ee600000|100%| E|CS|TAMS 0x00000000ee500000| PB 0x00000000ee500000| Complete 
| 230|0x00000000ee600000, 0x00000000ee700000, 0x00000000ee700000|100%| E|CS|TAMS 0x00000000ee600000| PB 0x00000000ee600000| Complete 
| 231|0x00000000ee700000, 0x00000000ee800000, 0x00000000ee800000|100%| E|CS|TAMS 0x00000000ee700000| PB 0x00000000ee700000| Complete 
| 232|0x00000000ee800000, 0x00000000ee900000, 0x00000000ee900000|100%| E|CS|TAMS 0x00000000ee800000| PB 0x00000000ee800000| Complete 
| 233|0x00000000ee900000, 0x00000000eea00000, 0x00000000eea00000|100%| E|CS|TAMS 0x00000000ee900000| PB 0x00000000ee900000| Complete 
| 234|0x00000000eea00000, 0x00000000eeb00000, 0x00000000eeb00000|100%| E|CS|TAMS 0x00000000eea00000| PB 0x00000000eea00000| Complete 
| 235|0x00000000eeb00000, 0x00000000eec00000, 0x00000000eec00000|100%| E|CS|TAMS 0x00000000eeb00000| PB 0x00000000eeb00000| Complete 
| 236|0x00000000eec00000, 0x00000000eed00000, 0x00000000eed00000|100%| E|CS|TAMS 0x00000000eec00000| PB 0x00000000eec00000| Complete 
| 237|0x00000000eed00000, 0x00000000eee00000, 0x00000000eee00000|100%| E|CS|TAMS 0x00000000eed00000| PB 0x00000000eed00000| Complete 
| 238|0x00000000eee00000, 0x00000000eef00000, 0x00000000eef00000|100%| E|CS|TAMS 0x00000000eee00000| PB 0x00000000eee00000| Complete 
| 239|0x00000000eef00000, 0x00000000ef000000, 0x00000000ef000000|100%| E|CS|TAMS 0x00000000eef00000| PB 0x00000000eef00000| Complete 
| 240|0x00000000ef000000, 0x00000000ef100000, 0x00000000ef100000|100%| E|CS|TAMS 0x00000000ef000000| PB 0x00000000ef000000| Complete 
| 241|0x00000000ef100000, 0x00000000ef200000, 0x00000000ef200000|100%| E|CS|TAMS 0x00000000ef100000| PB 0x00000000ef100000| Complete 
| 242|0x00000000ef200000, 0x00000000ef300000, 0x00000000ef300000|100%| E|CS|TAMS 0x00000000ef200000| PB 0x00000000ef200000| Complete 
| 243|0x00000000ef300000, 0x00000000ef400000, 0x00000000ef400000|100%| E|CS|TAMS 0x00000000ef300000| PB 0x00000000ef300000| Complete 
| 244|0x00000000ef400000, 0x00000000ef500000, 0x00000000ef500000|100%| E|CS|TAMS 0x00000000ef400000| PB 0x00000000ef400000| Complete 
| 245|0x00000000ef500000, 0x00000000ef600000, 0x00000000ef600000|100%| E|CS|TAMS 0x00000000ef500000| PB 0x00000000ef500000| Complete 
| 246|0x00000000ef600000, 0x00000000ef700000, 0x00000000ef700000|100%| E|CS|TAMS 0x00000000ef600000| PB 0x00000000ef600000| Complete 
| 247|0x00000000ef700000, 0x00000000ef800000, 0x00000000ef800000|100%| E|CS|TAMS 0x00000000ef700000| PB 0x00000000ef700000| Complete 
| 248|0x00000000ef800000, 0x00000000ef900000, 0x00000000ef900000|100%| E|CS|TAMS 0x00000000ef800000| PB 0x00000000ef800000| Complete 
| 249|0x00000000ef900000, 0x00000000efa00000, 0x00000000efa00000|100%| E|CS|TAMS 0x00000000ef900000| PB 0x00000000ef900000| Complete 
| 250|0x00000000efa00000, 0x00000000efb00000, 0x00000000efb00000|100%| E|CS|TAMS 0x00000000efa00000| PB 0x00000000efa00000| Complete 
| 251|0x00000000efb00000, 0x00000000efc00000, 0x00000000efc00000|100%| E|CS|TAMS 0x00000000efb00000| PB 0x00000000efb00000| Complete 
| 252|0x00000000efc00000, 0x00000000efd00000, 0x00000000efd00000|100%| E|CS|TAMS 0x00000000efc00000| PB 0x00000000efc00000| Complete 
| 253|0x00000000efd00000, 0x00000000efe00000, 0x00000000efe00000|100%| E|CS|TAMS 0x00000000efd00000| PB 0x00000000efd00000| Complete 
| 254|0x00000000efe00000, 0x00000000eff00000, 0x00000000eff00000|100%| E|CS|TAMS 0x00000000efe00000| PB 0x00000000efe00000| Complete 
| 255|0x00000000eff00000, 0x00000000f0000000, 0x00000000f0000000|100%| E|CS|TAMS 0x00000000eff00000| PB 0x00000000eff00000| Complete 

Card table byte_map: [0x000002902cbc0000,0x000002902ccc0000] _byte_map_base: 0x000002902c4c0000

Marking Bits: (CMBitMap*) 0x000002901a3990e0
 Bits: [0x000002902ccc0000, 0x000002902d4c0000)

Polling page: 0x00000290182d0000

Metaspace:

Usage:
  Non-class:     54.63 MB used.
      Class:      9.53 MB used.
       Both:     64.16 MB used.

Virtual space:
  Non-class space:       64.00 MB reserved,      55.75 MB ( 87%) committed,  1 nodes.
      Class space:      320.00 MB reserved,      10.62 MB (  3%) committed,  1 nodes.
             Both:      384.00 MB reserved,      66.38 MB ( 17%) committed. 

Chunk freelists:
   Non-Class:  7.97 MB
       Class:  5.33 MB
        Both:  13.30 MB

MaxMetaspaceSize: 384.00 MB
CompressedClassSpaceSize: 320.00 MB
Initial GC threshold: 21.00 MB
Current GC threshold: 97.94 MB
CDS: on
 - commit_granule_bytes: 65536.
 - commit_granule_words: 8192.
 - virtual_space_node_default_size: 8388608.
 - enlarge_chunks_in_place: 1.
 - use_allocation_guard: 0.


Internal statistics:

num_allocs_failed_limit: 9.
num_arena_births: 4072.
num_arena_deaths: 0.
num_vsnodes_births: 2.
num_vsnodes_deaths: 0.
num_space_committed: 1062.
num_space_uncommitted: 0.
num_chunks_returned_to_freelist: 9.
num_chunks_taken_from_freelist: 7453.
num_chunk_merges: 9.
num_chunk_splits: 4763.
num_chunks_enlarged: 2831.
num_inconsistent_stats: 0.

CodeHeap 'non-profiled nmethods': size=120000Kb used=5760Kb max_used=5760Kb free=114240Kb
 bounds [0x0000029025040000, 0x00000290255e0000, 0x000002902c570000]
CodeHeap 'profiled nmethods': size=120000Kb used=18568Kb max_used=18568Kb free=101431Kb
 bounds [0x000002901d570000, 0x000002901e7a0000, 0x0000029024aa0000]
CodeHeap 'non-nmethods': size=5760Kb used=1921Kb max_used=1962Kb free=3838Kb
 bounds [0x0000029024aa0000, 0x0000029024d10000, 0x0000029025040000]
CodeCache: size=245760Kb, used=26249Kb, max_used=26290Kb, free=219509Kb
 total_blobs=10508, nmethods=9720, adapters=692, full_count=0
Compilation: enabled, stopped_count=0, restarted_count=0

Compilation events (20 events):
Event: 340.478 Thread 0x000002903018b1d0 nmethod 10419 0x00000290255d9610 code [0x00000290255d97a0, 0x00000290255d9868]
Event: 340.676 Thread 0x000002903018a600 10420       4       org.gradle.internal.instantiation.generator.DependencyInjectingInstantiator::convertParameters (126 bytes)
Event: 340.746 Thread 0x000002903018a600 nmethod 10420 0x00000290255d9910 code [0x00000290255d9b20, 0x00000290255da2c8]
Event: 340.783 Thread 0x000002903018a600 10421       4       org.gradle.internal.instantiation.generator.AbstractClassGenerator$GeneratedClassImpl$GeneratedConstructorImpl::newInstance (15 bytes)
Event: 340.945 Thread 0x000002903018b1d0 10423       3       org.gradle.internal.event.BroadcastDispatch::empty (9 bytes)
Event: 340.955 Thread 0x000002903018b1d0 nmethod 10423 0x000002901e788710 code [0x000002901e7888e0, 0x000002901e788c60]
Event: 340.955 Thread 0x000002903018b1d0 10425       3       java.lang.invoke.LambdaForm$MH/0x00000290329b0800::invoke (63 bytes)
Event: 340.996 Thread 0x000002903018a600 nmethod 10421 0x00000290255da890 code [0x00000290255dac80, 0x00000290255dc798]
Event: 340.996 Thread 0x000002903018a600 10422   !   4       org.gradle.internal.instantiation.generator.DependencyInjectingInstantiator::doCreate (64 bytes)
Event: 341.031 Thread 0x000002903018b1d0 nmethod 10425 0x000002901e788e10 code [0x000002901e7891a0, 0x000002901e78a9f0]
Event: 341.031 Thread 0x000002903018b1d0 10424       3       org.gradle.internal.event.BroadcastDispatch$EmptyDispatch::<init> (7 bytes)
Event: 341.031 Thread 0x000002903018b1d0 nmethod 10424 0x000002901e78b210 code [0x000002901e78b3c0, 0x000002901e78b6a8]
Event: 341.105 Thread 0x000002903018a600 nmethod 10422 0x00000290255dd990 code [0x00000290255ddc60, 0x00000290255def10]
Event: 341.200 Thread 0x000002903018b1d0 10426  s    3       org.gradle.internal.event.ListenerBroadcast::add (14 bytes)
Event: 341.201 Thread 0x000002903018b1d0 nmethod 10426 0x000002901e78b810 code [0x000002901e78b9c0, 0x000002901e78bcc0]
Event: 341.201 Thread 0x000002903018b1d0 10428       3       org.gradle.internal.event.BroadcastDispatch::assertIsMethod (76 bytes)
Event: 341.213 Thread 0x000002903018b1d0 nmethod 10428 0x000002901e78be10 code [0x000002901e78c0e0, 0x000002901e78cf80]
Event: 341.213 Thread 0x000002903018b1d0 10427       3       org.gradle.internal.event.BroadcastDispatch::add (26 bytes)
Event: 341.218 Thread 0x000002903018b1d0 nmethod 10427 0x000002901e78d510 code [0x000002901e78d700, 0x000002901e78dc78]
Event: 344.354 Thread 0x000002903018a600 10429   !   4       org.gradle.internal.deprecation.DeprecationLogger::whileDisabled (22 bytes)

GC Heap History (16 events):
Event: 1.175 GC heap before
{Heap before GC invocations=0 (full 0):
 garbage-first heap   total 262144K, used 23552K [0x00000000e0000000, 0x0000000100000000)
  region size 1024K, 23 young (23552K), 0 survivors (0K)
 Metaspace       used 918K, committed 1088K, reserved 393216K
  class space    used 76K, committed 128K, reserved 327680K
}
Event: 1.180 GC heap after
{Heap after GC invocations=1 (full 0):
 garbage-first heap   total 262144K, used 1717K [0x00000000e0000000, 0x0000000100000000)
  region size 1024K, 2 young (2048K), 2 survivors (2048K)
 Metaspace       used 918K, committed 1088K, reserved 393216K
  class space    used 76K, committed 128K, reserved 327680K
}
Event: 3.929 GC heap before
{Heap before GC invocations=1 (full 0):
 garbage-first heap   total 262144K, used 41653K [0x00000000e0000000, 0x0000000100000000)
  region size 1024K, 38 young (38912K), 2 survivors (2048K)
 Metaspace       used 4605K, committed 4800K, reserved 393216K
  class space    used 588K, committed 704K, reserved 327680K
}
Event: 3.947 GC heap after
{Heap after GC invocations=2 (full 0):
 garbage-first heap   total 262144K, used 11642K [0x00000000e0000000, 0x0000000100000000)
  region size 1024K, 5 young (5120K), 5 survivors (5120K)
 Metaspace       used 4605K, committed 4800K, reserved 393216K
  class space    used 588K, committed 704K, reserved 327680K
}
Event: 21.784 GC heap before
{Heap before GC invocations=2 (full 0):
 garbage-first heap   total 262144K, used 150906K [0x00000000e0000000, 0x0000000100000000)
  region size 1024K, 139 young (142336K), 5 survivors (5120K)
 Metaspace       used 20876K, committed 21504K, reserved 393216K
  class space    used 2895K, committed 3200K, reserved 327680K
}
Event: 21.815 GC heap after
{Heap after GC invocations=3 (full 0):
 garbage-first heap   total 262144K, used 23930K [0x00000000e0000000, 0x0000000100000000)
  region size 1024K, 16 young (16384K), 16 survivors (16384K)
 Metaspace       used 20876K, committed 21504K, reserved 393216K
  class space    used 2895K, committed 3200K, reserved 327680K
}
Event: 30.905 GC heap before
{Heap before GC invocations=4 (full 0):
 garbage-first heap   total 262144K, used 129402K [0x00000000e0000000, 0x0000000100000000)
  region size 1024K, 121 young (123904K), 16 survivors (16384K)
 Metaspace       used 34659K, committed 35968K, reserved 393216K
  class space    used 5065K, committed 5696K, reserved 327680K
}
Event: 30.930 GC heap after
{Heap after GC invocations=5 (full 0):
 garbage-first heap   total 262144K, used 30936K [0x00000000e0000000, 0x0000000100000000)
  region size 1024K, 7 young (7168K), 7 survivors (7168K)
 Metaspace       used 34659K, committed 35968K, reserved 393216K
  class space    used 5065K, committed 5696K, reserved 327680K
}
Event: 57.793 GC heap before
{Heap before GC invocations=6 (full 0):
 garbage-first heap   total 262144K, used 180440K [0x00000000e0000000, 0x0000000100000000)
  region size 1024K, 153 young (156672K), 7 survivors (7168K)
 Metaspace       used 49511K, committed 51264K, reserved 393216K
  class space    used 7298K, committed 8128K, reserved 327680K
}
Event: 57.895 GC heap after
{Heap after GC invocations=7 (full 0):
 garbage-first heap   total 262144K, used 37762K [0x00000000e0000000, 0x0000000100000000)
  region size 1024K, 14 young (14336K), 14 survivors (14336K)
 Metaspace       used 49511K, committed 51264K, reserved 393216K
  class space    used 7298K, committed 8128K, reserved 327680K
}
Event: 91.624 GC heap before
{Heap before GC invocations=7 (full 0):
 garbage-first heap   total 262144K, used 166786K [0x00000000e0000000, 0x0000000100000000)
  region size 1024K, 142 young (145408K), 14 survivors (14336K)
 Metaspace       used 58052K, committed 60096K, reserved 393216K
  class space    used 8624K, committed 9600K, reserved 327680K
}
Event: 91.703 GC heap after
{Heap after GC invocations=8 (full 0):
 garbage-first heap   total 262144K, used 46060K [0x00000000e0000000, 0x0000000100000000)
  region size 1024K, 17 young (17408K), 17 survivors (17408K)
 Metaspace       used 58052K, committed 60096K, reserved 393216K
  class space    used 8624K, committed 9600K, reserved 327680K
}
Event: 202.334 GC heap before
{Heap before GC invocations=9 (full 0):
 garbage-first heap   total 262144K, used 185324K [0x00000000e0000000, 0x0000000100000000)
  region size 1024K, 153 young (156672K), 17 survivors (17408K)
 Metaspace       used 64605K, committed 66816K, reserved 393216K
  class space    used 9673K, committed 10752K, reserved 327680K
}
Event: 202.582 GC heap after
{Heap after GC invocations=10 (full 0):
 garbage-first heap   total 262144K, used 53278K [0x00000000e0000000, 0x0000000100000000)
  region size 1024K, 17 young (17408K), 17 survivors (17408K)
 Metaspace       used 64605K, committed 66816K, reserved 393216K
  class space    used 9673K, committed 10752K, reserved 327680K
}
Event: 239.960 GC heap before
{Heap before GC invocations=10 (full 0):
 garbage-first heap   total 262144K, used 110622K [0x00000000e0000000, 0x0000000100000000)
  region size 1024K, 73 young (74752K), 17 survivors (17408K)
 Metaspace       used 65280K, committed 67584K, reserved 393216K
  class space    used 9749K, committed 10880K, reserved 327680K
}
Event: 240.096 GC heap after
{Heap after GC invocations=11 (full 0):
 garbage-first heap   total 262144K, used 54010K [0x00000000e0000000, 0x0000000100000000)
  region size 1024K, 4 young (4096K), 4 survivors (4096K)
 Metaspace       used 65280K, committed 67584K, reserved 393216K
  class space    used 9749K, committed 10880K, reserved 327680K
}

Dll operation events (20 events):
Event: 0.196 Attempting to load shared library C:\Users\jeeho\.vscode\extensions\redhat.java-1.56.0-win32-x64\jre\21.0.12.1-win32-x86_64\bin\nio.dll
Event: 0.200 Loaded shared library C:\Users\jeeho\.vscode\extensions\redhat.java-1.56.0-win32-x64\jre\21.0.12.1-win32-x86_64\bin\nio.dll
Event: 0.208 Attempting to load shared library C:\Users\jeeho\.vscode\extensions\redhat.java-1.56.0-win32-x64\jre\21.0.12.1-win32-x86_64\bin\zip.dll
Event: 0.208 Loaded shared library C:\Users\jeeho\.vscode\extensions\redhat.java-1.56.0-win32-x64\jre\21.0.12.1-win32-x86_64\bin\zip.dll
Event: 1.188 Attempting to load shared library C:\Users\jeeho\.vscode\extensions\redhat.java-1.56.0-win32-x64\jre\21.0.12.1-win32-x86_64\bin\jimage.dll
Event: 1.188 Loaded shared library C:\Users\jeeho\.vscode\extensions\redhat.java-1.56.0-win32-x64\jre\21.0.12.1-win32-x86_64\bin\jimage.dll
Event: 1.871 Attempting to load shared library C:\Users\jeeho\.vscode\extensions\redhat.java-1.56.0-win32-x64\jre\21.0.12.1-win32-x86_64\bin\verify.dll
Event: 1.882 Loaded shared library C:\Users\jeeho\.vscode\extensions\redhat.java-1.56.0-win32-x64\jre\21.0.12.1-win32-x86_64\bin\verify.dll
Event: 1.984 Attempting to load shared library C:\Users\jeeho\.gradle\native\660c5614fbf4a5f2a75b1949f50a0caf5cd603558e7d8a26e50b933a0cfb79d1\windows-amd64\native-platform.dll
Event: 1.987 Loaded shared library C:\Users\jeeho\.gradle\native\660c5614fbf4a5f2a75b1949f50a0caf5cd603558e7d8a26e50b933a0cfb79d1\windows-amd64\native-platform.dll
Event: 2.026 Attempting to load shared library C:\Users\jeeho\.gradle\native\0.2.8\x86_64-windows-gnu\gradle-fileevents.dll
Event: 2.030 Loaded shared library C:\Users\jeeho\.gradle\native\0.2.8\x86_64-windows-gnu\gradle-fileevents.dll
Event: 9.124 Attempting to load shared library C:\Users\jeeho\.vscode\extensions\redhat.java-1.56.0-win32-x64\jre\21.0.12.1-win32-x86_64\bin\management.dll
Event: 9.133 Loaded shared library C:\Users\jeeho\.vscode\extensions\redhat.java-1.56.0-win32-x64\jre\21.0.12.1-win32-x86_64\bin\management.dll
Event: 9.222 Attempting to load shared library C:\Users\jeeho\.vscode\extensions\redhat.java-1.56.0-win32-x64\jre\21.0.12.1-win32-x86_64\bin\management_ext.dll
Event: 9.228 Loaded shared library C:\Users\jeeho\.vscode\extensions\redhat.java-1.56.0-win32-x64\jre\21.0.12.1-win32-x86_64\bin\management_ext.dll
Event: 11.186 Attempting to load shared library C:\Users\jeeho\.vscode\extensions\redhat.java-1.56.0-win32-x64\jre\21.0.12.1-win32-x86_64\bin\extnet.dll
Event: 11.191 Loaded shared library C:\Users\jeeho\.vscode\extensions\redhat.java-1.56.0-win32-x64\jre\21.0.12.1-win32-x86_64\bin\extnet.dll
Event: 14.742 Attempting to load shared library C:\Users\jeeho\.vscode\extensions\redhat.java-1.56.0-win32-x64\jre\21.0.12.1-win32-x86_64\bin\sunmscapi.dll
Event: 14.759 Loaded shared library C:\Users\jeeho\.vscode\extensions\redhat.java-1.56.0-win32-x64\jre\21.0.12.1-win32-x86_64\bin\sunmscapi.dll

Deoptimization events (20 events):
Event: 241.923 Thread 0x000002904b825de0 Uncommon trap: trap_request=0xffffffd6 fr.pc=0x00000290255769b0 relative=0x0000000000001890
Event: 241.923 Thread 0x000002904b825de0 Uncommon trap: reason=array_check action=maybe_recompile pc=0x00000290255769b0 method=org.gradle.internal.service.DefaultServiceRegistry$FactoryService.bind()V @ 281 c2
Event: 241.923 Thread 0x000002904b825de0 DEOPT PACKING pc=0x00000290255769b0 sp=0x0000009b496f72d0
Event: 241.923 Thread 0x000002904b825de0 DEOPT UNPACKING pc=0x0000029024af4422 sp=0x0000009b496f72a0 mode 2
Event: 241.923 Thread 0x000002904b825de0 Uncommon trap: trap_request=0xffffffd6 fr.pc=0x00000290255769b0 relative=0x0000000000001890
Event: 241.923 Thread 0x000002904b825de0 Uncommon trap: reason=array_check action=maybe_recompile pc=0x00000290255769b0 method=org.gradle.internal.service.DefaultServiceRegistry$FactoryService.bind()V @ 281 c2
Event: 241.923 Thread 0x000002904b825de0 DEOPT PACKING pc=0x00000290255769b0 sp=0x0000009b496f7060
Event: 241.923 Thread 0x000002904b825de0 DEOPT UNPACKING pc=0x0000029024af4422 sp=0x0000009b496f7030 mode 2
Event: 241.925 Thread 0x000002904b825de0 Uncommon trap: trap_request=0xffffffd6 fr.pc=0x00000290255769b0 relative=0x0000000000001890
Event: 241.925 Thread 0x000002904b825de0 Uncommon trap: reason=array_check action=maybe_recompile pc=0x00000290255769b0 method=org.gradle.internal.service.DefaultServiceRegistry$FactoryService.bind()V @ 281 c2
Event: 241.925 Thread 0x000002904b825de0 DEOPT PACKING pc=0x00000290255769b0 sp=0x0000009b496f91b0
Event: 241.925 Thread 0x000002904b825de0 DEOPT UNPACKING pc=0x0000029024af4422 sp=0x0000009b496f9180 mode 2
Event: 259.997 Thread 0x000002904b825de0 Uncommon trap: trap_request=0xffffffcc fr.pc=0x00000290255abbd4 relative=0x0000000000000294
Event: 259.997 Thread 0x000002904b825de0 Uncommon trap: reason=intrinsic_or_type_checked_inlining action=make_not_entrant pc=0x00000290255abbd4 method=java.util.Arrays.copyOfRange([Ljava/lang/Object;IILjava/lang/Class;)[Ljava/lang/Object; @ 84 c2
Event: 259.997 Thread 0x000002904b825de0 DEOPT PACKING pc=0x00000290255abbd4 sp=0x0000009b496fa720
Event: 259.997 Thread 0x000002904b825de0 DEOPT UNPACKING pc=0x0000029024af4422 sp=0x0000009b496fa6a0 mode 2
Event: 281.116 Thread 0x000002904b825de0 DEOPT PACKING pc=0x000002901d595486 sp=0x0000009b496f8ae0
Event: 281.221 Thread 0x000002904b825de0 DEOPT UNPACKING pc=0x0000029024af4bc2 sp=0x0000009b496f7fc8 mode 0
Event: 318.701 Thread 0x000002904b825de0 DEOPT PACKING pc=0x000002901e2dcb36 sp=0x0000009b496f5ed0
Event: 318.740 Thread 0x000002904b825de0 DEOPT UNPACKING pc=0x0000029024af4bc2 sp=0x0000009b496f5408 mode 0

Classes loaded (20 events):
Event: 196.740 Loading class java/io/ObjectInputFilter$Config$BuiltinFilterFactory
Event: 196.741 Loading class java/io/ObjectInputFilter$Config$BuiltinFilterFactory done
Event: 196.742 Loading class jdk/internal/access/JavaObjectInputFilterAccess
Event: 196.743 Loading class jdk/internal/access/JavaObjectInputFilterAccess done
Event: 196.752 Loading class jdk/internal/event/DeserializationEvent
Event: 196.754 Loading class jdk/internal/event/DeserializationEvent done
Event: 196.756 Loading class java/io/ObjectInputStream$FieldValues
Event: 196.761 Loading class java/io/ObjectInputStream$GetField
Event: 196.761 Loading class java/io/ObjectInputStream$GetField done
Event: 196.761 Loading class java/io/ObjectInputStream$FieldValues done
Event: 196.768 Loading class java/util/HashMap$UnsafeHolder
Event: 196.769 Loading class java/util/HashMap$UnsafeHolder done
Event: 205.498 Loading class java/util/stream/SortedOps$RefSortingSink
Event: 205.500 Loading class java/util/stream/SortedOps$RefSortingSink done
Event: 205.547 Loading class java/time/Ser
Event: 205.549 Loading class java/time/Ser done
Event: 241.284 Loading class java/util/concurrent/CompletableFuture$Signaller
Event: 241.297 Loading class java/util/concurrent/CompletableFuture$Signaller done
Event: 260.561 Loading class sun/net/ConnectionResetException
Event: 260.569 Loading class sun/net/ConnectionResetException done

Classes unloaded (0 events):
No events

Classes redefined (0 events):
No events

Internal exceptions (20 events):
Event: 241.658 Thread 0x000002904b825de0 Exception <a 'sun/nio/fs/WindowsException'{0x00000000ef036c08}> (0x00000000ef036c08) 
thrown [s\src\hotspot\share\prims\jni.cpp, line 520]
Event: 241.661 Thread 0x000002904b825de0 Exception <a 'sun/nio/fs/WindowsException'{0x00000000ef038398}> (0x00000000ef038398) 
thrown [s\src\hotspot\share\prims\jni.cpp, line 520]
Event: 241.670 Thread 0x000002904b825de0 Exception <a 'sun/nio/fs/WindowsException'{0x00000000ef039b18}> (0x00000000ef039b18) 
thrown [s\src\hotspot\share\prims\jni.cpp, line 520]
Event: 241.672 Thread 0x000002904b825de0 Exception <a 'sun/nio/fs/WindowsException'{0x00000000ef03ae90}> (0x00000000ef03ae90) 
thrown [s\src\hotspot\share\prims\jni.cpp, line 520]
Event: 242.687 Thread 0x000002904b825de0 Exception <a 'java/lang/NoClassDefFoundError'{0x00000000ed1d88c0}: org/jetbrains/kotlin/gradle/plugin/KotlinPluginWrapper> (0x00000000ed1d88c0) 
thrown [s\src\hotspot\share\oops\constantPool.cpp, line 873]
Event: 242.687 Thread 0x000002904b825de0 Exception <a 'java/lang/NoClassDefFoundError'{0x00000000ed1daf78}: org/graalvm/buildtools/gradle/NativeImagePlugin> (0x00000000ed1daf78) 
thrown [s\src\hotspot\share\oops\constantPool.cpp, line 873]
Event: 242.687 Thread 0x000002904b825de0 Exception <a 'java/lang/NoClassDefFoundError'{0x00000000ed1dd620}: org/cyclonedx/gradle/CycloneDxPlugin> (0x00000000ed1dd620) 
thrown [s\src\hotspot\share\oops\constantPool.cpp, line 873]
Event: 242.818 Thread 0x000002904b825de0 Exception <a 'sun/nio/fs/WindowsException'{0x00000000ecf22a50}> (0x00000000ecf22a50) 
thrown [s\src\hotspot\share\prims\jni.cpp, line 520]
Event: 260.570 Thread 0x000002904c6a6370 Exception <a 'sun/net/ConnectionResetException'{0x00000000eccd40a8}: Connection reset> (0x00000000eccd40a8) 
thrown [s\src\hotspot\share\prims\jni.cpp, line 539]
Event: 260.570 Thread 0x000002904c6a6a00 Exception <a 'sun/net/ConnectionResetException'{0x00000000ecbe1df8}: Connection reset> (0x00000000ecbe1df8) 
thrown [s\src\hotspot\share\prims\jni.cpp, line 539]
Event: 260.570 Thread 0x000002904c6a7090 Exception <a 'sun/net/ConnectionResetException'{0x00000000ecb33050}: Connection reset> (0x00000000ecb33050) 
thrown [s\src\hotspot\share\prims\jni.cpp, line 539]
Event: 260.570 Thread 0x000002904c6a7db0 Exception <a 'sun/net/ConnectionResetException'{0x00000000ecb01c38}: Connection reset> (0x00000000ecb01c38) 
thrown [s\src\hotspot\share\prims\jni.cpp, line 539]
Event: 260.570 Thread 0x000002904bacc200 Exception <a 'sun/net/ConnectionResetException'{0x00000000ec8005c8}: Connection reset> (0x00000000ec8005c8) 
thrown [s\src\hotspot\share\prims\jni.cpp, line 539]
Event: 262.046 Thread 0x000002904b825de0 Exception <a 'sun/nio/fs/WindowsException'{0x00000000ec16a018}> (0x00000000ec16a018) 
thrown [s\src\hotspot\share\prims\jni.cpp, line 520]
Event: 262.062 Thread 0x000002904b825de0 Exception <a 'sun/nio/fs/WindowsException'{0x00000000ec16b4f8}> (0x00000000ec16b4f8) 
thrown [s\src\hotspot\share\prims\jni.cpp, line 520]
Event: 262.078 Thread 0x000002904b825de0 Exception <a 'sun/nio/fs/WindowsException'{0x00000000ec16c9c8}> (0x00000000ec16c9c8) 
thrown [s\src\hotspot\share\prims\jni.cpp, line 520]
Event: 262.082 Thread 0x000002904b825de0 Exception <a 'sun/nio/fs/WindowsException'{0x00000000ec16da90}> (0x00000000ec16da90) 
thrown [s\src\hotspot\share\prims\jni.cpp, line 520]
Event: 338.852 Thread 0x000002904b825de0 Exception <a 'java/lang/NoClassDefFoundError'{0x00000000e9e7fbe8}: org/jetbrains/kotlin/gradle/plugin/KotlinPluginWrapper> (0x00000000e9e7fbe8) 
thrown [s\src\hotspot\share\oops\constantPool.cpp, line 873]
Event: 339.123 Thread 0x000002904b825de0 Exception <a 'java/lang/NoClassDefFoundError'{0x00000000e9ecadb0}: org/graalvm/buildtools/gradle/NativeImagePlugin> (0x00000000e9ecadb0) 
thrown [s\src\hotspot\share\oops\constantPool.cpp, line 873]
Event: 339.124 Thread 0x000002904b825de0 Exception <a 'java/lang/NoClassDefFoundError'{0x00000000e9ecd458}: org/cyclonedx/gradle/CycloneDxPlugin> (0x00000000e9ecd458) 
thrown [s\src\hotspot\share\oops\constantPool.cpp, line 873]

ZGC Phase Switch (0 events):
No events

VM Operations (20 events):
Event: 322.787 Executing safepoint VM operation: Cleanup
Event: 322.895 Executing safepoint VM operation: Cleanup done
Event: 324.919 Executing safepoint VM operation: Cleanup
Event: 324.980 Executing safepoint VM operation: Cleanup done
Event: 325.990 Executing safepoint VM operation: Cleanup
Event: 326.055 Executing safepoint VM operation: Cleanup done
Event: 333.134 Executing safepoint VM operation: Cleanup
Event: 333.134 Executing safepoint VM operation: Cleanup done
Event: 334.136 Executing safepoint VM operation: Cleanup
Event: 334.181 Executing safepoint VM operation: Cleanup done
Event: 335.193 Executing safepoint VM operation: Cleanup
Event: 335.358 Executing safepoint VM operation: Cleanup done
Event: 336.370 Executing safepoint VM operation: Cleanup
Event: 336.402 Executing safepoint VM operation: Cleanup done
Event: 337.409 Executing safepoint VM operation: Cleanup
Event: 337.534 Executing safepoint VM operation: Cleanup done
Event: 341.582 Executing safepoint VM operation: Cleanup
Event: 342.006 Executing safepoint VM operation: Cleanup done
Event: 343.019 Executing safepoint VM operation: Cleanup
Event: 343.215 Executing safepoint VM operation: Cleanup done

Memory protections (0 events):
No events

Nmethod flushes (20 events):
Event: 91.780 Thread 0x0000029030148e60 flushing  nmethod 0x000002901dba3c10
Event: 91.780 Thread 0x0000029030148e60 flushing  nmethod 0x000002901dbe4610
Event: 91.780 Thread 0x0000029030148e60 flushing  nmethod 0x000002902517d690
Event: 91.780 Thread 0x0000029030148e60 flushing  nmethod 0x000002901d6c4210
Event: 91.780 Thread 0x0000029030148e60 flushing  nmethod 0x000002901d723710
Event: 91.780 Thread 0x0000029030148e60 flushing  nmethod 0x000002901d723e10
Event: 91.780 Thread 0x0000029030148e60 flushing  nmethod 0x000002901d7d9710
Event: 91.780 Thread 0x0000029030148e60 flushing  nmethod 0x000002901d8a5e10
Event: 91.780 Thread 0x0000029030148e60 flushing  nmethod 0x000002901d8ac810
Event: 91.780 Thread 0x0000029030148e60 flushing  nmethod 0x000002901d8b0990
Event: 91.780 Thread 0x0000029030148e60 flushing  nmethod 0x000002901d8b2210
Event: 91.780 Thread 0x0000029030148e60 flushing  nmethod 0x000002901da24b10
Event: 91.780 Thread 0x0000029030148e60 flushing  nmethod 0x0000029025248490
Event: 91.780 Thread 0x0000029030148e60 flushing  nmethod 0x000002901d692410
Event: 91.780 Thread 0x0000029030148e60 flushing  nmethod 0x000002901d694e90
Event: 91.780 Thread 0x0000029030148e60 flushing  nmethod 0x000002901d696e10
Event: 91.780 Thread 0x0000029030148e60 flushing  nmethod 0x000002901d710310
Event: 91.780 Thread 0x0000029030148e60 flushing  nmethod 0x000002901d716290
Event: 91.780 Thread 0x0000029030148e60 flushing  nmethod 0x000002901da04910
Event: 91.780 Thread 0x0000029030148e60 flushing  nmethod 0x000002901da09010

Events (20 events):
Event: 319.329 Thread 0x000002904b825de0 Thread added: 0x000002904bacc200
Event: 319.562 Thread 0x000002904b825de0 Thread added: 0x000002904c6a6370
Event: 319.563 Thread 0x000002904b825de0 Thread added: 0x000002904c6a6a00
Event: 320.778 Thread 0x000002904c6a1b40 Thread exited: 0x000002904c6a1b40
Event: 320.782 Thread 0x000002904c6a8440 Thread exited: 0x000002904c6a8440
Event: 320.782 Thread 0x000002904c6a5650 Thread exited: 0x000002904c6a5650
Event: 320.790 Thread 0x000002904b828bd0 Thread exited: 0x000002904b828bd0
Event: 320.791 Thread 0x000002904b82aca0 Thread exited: 0x000002904b82aca0
Event: 320.792 Thread 0x000002904c6a2860 Thread exited: 0x000002904c6a2860
Event: 321.092 Thread 0x000002904b82d400 Thread exited: 0x000002904b82d400
Event: 321.094 Thread 0x000002904c6a14b0 Thread exited: 0x000002904c6a14b0
Event: 321.100 Thread 0x000002904c6a5ce0 Thread exited: 0x000002904c6a5ce0
Event: 321.460 Thread 0x000002904b8298f0 Thread exited: 0x000002904b8298f0
Event: 323.025 Thread 0x000002904c6a3580 Thread exited: 0x000002904c6a3580
Event: 324.003 Thread 0x000002904b03cd90 Thread exited: 0x000002904b03cd90
Event: 325.906 Thread 0x00000290304da900 Thread exited: 0x00000290304da900
Event: 326.845 Thread 0x000002904b03acc0 Thread exited: 0x000002904b03acc0
Event: 328.889 Thread 0x000002904b03e140 Thread exited: 0x000002904b03e140
Event: 330.214 Thread 0x000002904b03dab0 Thread exited: 0x000002904b03dab0
Event: 331.281 Thread 0x000002904b03b350 Thread exited: 0x000002904b03b350


Dynamic libraries:
0x00007ff6d40a0000 - 0x00007ff6d40ae000 	C:\Users\jeeho\.vscode\extensions\redhat.java-1.56.0-win32-x64\jre\21.0.12.1-win32-x86_64\bin\java.exe
0x00007ff89e780000 - 0x00007ff89e9e7000 	C:\WINDOWS\SYSTEM32\ntdll.dll
0x00007ff89d520000 - 0x00007ff89d5eb000 	C:\WINDOWS\System32\KERNEL32.DLL
0x00007ff89bc80000 - 0x00007ff89c082000 	C:\WINDOWS\System32\KERNELBASE.dll
0x00007ff89c340000 - 0x00007ff89c48c000 	C:\WINDOWS\System32\ucrtbase.dll
0x00007ff887a50000 - 0x00007ff887a6e000 	C:\Users\jeeho\.vscode\extensions\redhat.java-1.56.0-win32-x64\jre\21.0.12.1-win32-x86_64\bin\VCRUNTIME140.dll
0x00007ff887920000 - 0x00007ff887938000 	C:\Users\jeeho\.vscode\extensions\redhat.java-1.56.0-win32-x64\jre\21.0.12.1-win32-x86_64\bin\jli.dll
0x00007ff89e4e0000 - 0x00007ff89e6af000 	C:\WINDOWS\System32\USER32.dll
0x00007ff89ba30000 - 0x00007ff89ba57000 	C:\WINDOWS\System32\win32u.dll
0x00007ff89cc40000 - 0x00007ff89cc6b000 	C:\WINDOWS\System32\GDI32.dll
0x00007ff89c210000 - 0x00007ff89c339000 	C:\WINDOWS\System32\gdi32full.dll
0x00007ff89b980000 - 0x00007ff89ba23000 	C:\WINDOWS\System32\msvcp_win.dll
0x00007ff87f080000 - 0x00007ff87f310000 	C:\WINDOWS\WinSxS\amd64_microsoft.windows.common-controls_6595b64144ccf1df_6.0.26100.9278_none_3e0d1ba8e3303201\COMCTL32.dll
0x00007ff89d8d0000 - 0x00007ff89d979000 	C:\WINDOWS\System32\msvcrt.dll
0x00007ff89dbc0000 - 0x00007ff89dbf1000 	C:\WINDOWS\System32\IMM32.DLL
0x00007ff8960e0000 - 0x00007ff8960ec000 	C:\Users\jeeho\.vscode\extensions\redhat.java-1.56.0-win32-x64\jre\21.0.12.1-win32-x86_64\bin\vcruntime140_1.dll
0x00007ff844d90000 - 0x00007ff844e1d000 	C:\Users\jeeho\.vscode\extensions\redhat.java-1.56.0-win32-x64\jre\21.0.12.1-win32-x86_64\bin\msvcp140.dll
0x00007ff8000c0000 - 0x00007ff800e62000 	C:\Users\jeeho\.vscode\extensions\redhat.java-1.56.0-win32-x64\jre\21.0.12.1-win32-x86_64\bin\server\jvm.dll
0x00007ff89dc00000 - 0x00007ff89dcbc000 	C:\WINDOWS\System32\ADVAPI32.dll
0x00007ff89e350000 - 0x00007ff89e3f9000 	C:\WINDOWS\System32\sechost.dll
0x00007ff89c4b0000 - 0x00007ff89c5c8000 	C:\WINDOWS\System32\RPCRT4.dll
0x00007ff89d980000 - 0x00007ff89da00000 	C:\WINDOWS\System32\WS2_32.dll
0x00007ff89b7e0000 - 0x00007ff89b83e000 	C:\WINDOWS\SYSTEM32\POWRPROF.dll
0x00007ff883e70000 - 0x00007ff883ea6000 	C:\WINDOWS\SYSTEM32\WINMM.dll
0x00007ff87f4b0000 - 0x00007ff87f4bb000 	C:\WINDOWS\SYSTEM32\VERSION.dll
0x00007ff89b7c0000 - 0x00007ff89b7d5000 	C:\WINDOWS\SYSTEM32\UMPDC.dll
0x00007ff89a5b0000 - 0x00007ff89a5cb000 	C:\WINDOWS\SYSTEM32\kernel.appcore.dll
0x00007ff8960c0000 - 0x00007ff8960ca000 	C:\Users\jeeho\.vscode\extensions\redhat.java-1.56.0-win32-x64\jre\21.0.12.1-win32-x86_64\bin\jimage.dll
0x00007ff898ed0000 - 0x00007ff89911c000 	C:\WINDOWS\SYSTEM32\DBGHELP.DLL
0x00007ff89df00000 - 0x00007ff89e285000 	C:\WINDOWS\System32\combase.dll
0x00007ff89e400000 - 0x00007ff89e4d9000 	C:\WINDOWS\System32\OLEAUT32.dll
0x00007ff885300000 - 0x00007ff88533b000 	C:\WINDOWS\SYSTEM32\dbgcore.DLL
0x00007ff89c150000 - 0x00007ff89c1fc000 	C:\WINDOWS\System32\bcryptPrimitives.dll
0x00007ff891ba0000 - 0x00007ff891baf000 	C:\Users\jeeho\.vscode\extensions\redhat.java-1.56.0-win32-x64\jre\21.0.12.1-win32-x86_64\bin\instrument.dll
0x00007ff8836c0000 - 0x00007ff8836e0000 	C:\Users\jeeho\.vscode\extensions\redhat.java-1.56.0-win32-x64\jre\21.0.12.1-win32-x86_64\bin\java.dll
0x00007ff89cc70000 - 0x00007ff89d408000 	C:\WINDOWS\System32\SHELL32.dll
0x00007ff8993e0000 - 0x00007ff899c8e000 	C:\WINDOWS\SYSTEM32\windows.storage.dll
0x00007ff89d700000 - 0x00007ff89d7fb000 	C:\WINDOWS\System32\SHCORE.dll
0x00007ff89d850000 - 0x00007ff89d8b6000 	C:\WINDOWS\System32\shlwapi.dll
0x00007ff89b8a0000 - 0x00007ff89b8c9000 	C:\WINDOWS\SYSTEM32\profapi.dll
0x00007ff882690000 - 0x00007ff8826a8000 	C:\Users\jeeho\.vscode\extensions\redhat.java-1.56.0-win32-x64\jre\21.0.12.1-win32-x86_64\bin\zip.dll
0x00007ff895fb0000 - 0x00007ff895fc0000 	C:\Users\jeeho\.vscode\extensions\redhat.java-1.56.0-win32-x64\jre\21.0.12.1-win32-x86_64\bin\net.dll
0x00007ff88fb00000 - 0x00007ff88fc2a000 	C:\WINDOWS\SYSTEM32\WINHTTP.dll
0x00007ff89ac10000 - 0x00007ff89ac7c000 	C:\WINDOWS\system32\mswsock.dll
0x00007ff8825c0000 - 0x00007ff8825d6000 	C:\Users\jeeho\.vscode\extensions\redhat.java-1.56.0-win32-x64\jre\21.0.12.1-win32-x86_64\bin\nio.dll
0x00007ff889e60000 - 0x00007ff889e70000 	C:\Users\jeeho\.vscode\extensions\redhat.java-1.56.0-win32-x64\jre\21.0.12.1-win32-x86_64\bin\verify.dll
0x00007ff886930000 - 0x00007ff886957000 	C:\Users\jeeho\.gradle\native\660c5614fbf4a5f2a75b1949f50a0caf5cd603558e7d8a26e50b933a0cfb79d1\windows-amd64\native-platform.dll
0x00007ff866ef0000 - 0x00007ff866f67000 	C:\Users\jeeho\.gradle\native\0.2.8\x86_64-windows-gnu\gradle-fileevents.dll
0x00007ff8896e0000 - 0x00007ff8896ea000 	C:\Users\jeeho\.vscode\extensions\redhat.java-1.56.0-win32-x64\jre\21.0.12.1-win32-x86_64\bin\management.dll
0x00007ff8869b0000 - 0x00007ff8869bc000 	C:\Users\jeeho\.vscode\extensions\redhat.java-1.56.0-win32-x64\jre\21.0.12.1-win32-x86_64\bin\management_ext.dll
0x00007ff89d5f0000 - 0x00007ff89d5f8000 	C:\WINDOWS\System32\PSAPI.DLL
0x00007ff89a0b0000 - 0x00007ff89a0e3000 	C:\WINDOWS\SYSTEM32\IPHLPAPI.DLL
0x00007ff89d8c0000 - 0x00007ff89d8ca000 	C:\WINDOWS\System32\NSI.dll
0x00007ff886920000 - 0x00007ff886929000 	C:\Users\jeeho\.vscode\extensions\redhat.java-1.56.0-win32-x64\jre\21.0.12.1-win32-x86_64\bin\extnet.dll
0x00007ff89af00000 - 0x00007ff89af1b000 	C:\WINDOWS\SYSTEM32\CRYPTSP.dll
0x00007ff89a5d0000 - 0x00007ff89a609000 	C:\WINDOWS\system32\rsaenh.dll
0x00007ff89acc0000 - 0x00007ff89acf4000 	C:\WINDOWS\SYSTEM32\USERENV.dll
0x00007ff89b870000 - 0x00007ff89b89a000 	C:\WINDOWS\SYSTEM32\bcrypt.dll
0x00007ff89af20000 - 0x00007ff89af2c000 	C:\WINDOWS\SYSTEM32\CRYPTBASE.dll
0x00007ff8868c0000 - 0x00007ff8868ce000 	C:\Users\jeeho\.vscode\extensions\redhat.java-1.56.0-win32-x64\jre\21.0.12.1-win32-x86_64\bin\sunmscapi.dll
0x00007ff89baf0000 - 0x00007ff89bc6e000 	C:\WINDOWS\System32\CRYPT32.dll
0x00007ff89b140000 - 0x00007ff89b170000 	C:\WINDOWS\SYSTEM32\ncrypt.dll
0x00007ff89b0f0000 - 0x00007ff89b12f000 	C:\WINDOWS\SYSTEM32\NTASN1.dll
0x00007ff86f5e0000 - 0x00007ff86f5e8000 	C:\WINDOWS\system32\wshunix.dll

JVMTI agents:
C:\Users\jeeho\.gradle\wrapper\dists\gradle-9.2.0-bin\11i5gvueggl8a5cioxuftxrik\gradle-9.2.0\lib\agents\gradle-instrumentation-agent-9.2.0.jar path:C:\Users\jeeho\.vscode\extensions\redhat.java-1.56.0-win32-x64\jre\21.0.12.1-win32-x86_64\bin\instrument.dll, loaded, initialized, instrumentlib options:none

dbghelp: loaded successfully - version: 4.0.5 - missing functions: none
symbol engine: initialized successfully - sym options: 0x614 - pdb path: .;C:\Users\jeeho\.vscode\extensions\redhat.java-1.56.0-win32-x64\jre\21.0.12.1-win32-x86_64\bin;C:\WINDOWS\SYSTEM32;C:\WINDOWS\WinSxS\amd64_microsoft.windows.common-controls_6595b64144ccf1df_6.0.26100.9278_none_3e0d1ba8e3303201;C:\Users\jeeho\.vscode\extensions\redhat.java-1.56.0-win32-x64\jre\21.0.12.1-win32-x86_64\bin\server;C:\Users\jeeho\.gradle\native\660c5614fbf4a5f2a75b1949f50a0caf5cd603558e7d8a26e50b933a0cfb79d1\windows-amd64;C:\Users\jeeho\.gradle\native\0.2.8\x86_64-windows-gnu

VM Arguments:
jvm_args: --add-opens=java.base/java.lang=ALL-UNNAMED --add-opens=java.base/java.lang.invoke=ALL-UNNAMED --add-opens=java.base/java.util=ALL-UNNAMED --add-opens=java.prefs/java.util.prefs=ALL-UNNAMED --add-exports=jdk.compiler/com.sun.tools.javac.api=ALL-UNNAMED --add-exports=jdk.compiler/com.sun.tools.javac.util=ALL-UNNAMED --add-opens=java.base/java.util=ALL-UNNAMED --add-opens=java.prefs/java.util.prefs=ALL-UNNAMED --add-opens=java.base/java.nio.charset=ALL-UNNAMED --add-opens=java.base/java.net=ALL-UNNAMED --add-opens=java.base/java.util.concurrent=ALL-UNNAMED --add-opens=java.base/java.util.concurrent.atomic=ALL-UNNAMED --add-opens=java.xml/javax.xml.namespace=ALL-UNNAMED --add-opens=java.base/java.time=ALL-UNNAMED -XX:MaxMetaspaceSize=384m -XX:+HeapDumpOnOutOfMemoryError -Xms256m -Xmx512m -Dfile.encoding=UTF-8 -Duser.country=KR -Duser.language=ko -Duser.variant -javaagent:C:\Users\jeeho\.gradle\wrapper\dists\gradle-9.2.0-bin\11i5gvueggl8a5cioxuftxrik\gradle-9.2.0\lib\agents\gradle-instrumentation-agent-9.2.0.jar 
java_command: org.gradle.launcher.daemon.bootstrap.GradleDaemon 9.2.0
java_class_path (initial): C:\Users\jeeho\.gradle\wrapper\dists\gradle-9.2.0-bin\11i5gvueggl8a5cioxuftxrik\gradle-9.2.0\lib\gradle-daemon-main-9.2.0.jar
Launcher Type: SUN_STANDARD

[Global flags]
     intx CICompilerCount                          = 4                                         {product} {ergonomic}
   size_t CompressedClassSpaceSize                 = 335544320                                 {product} {ergonomic}
     uint ConcGCThreads                            = 3                                         {product} {ergonomic}
     uint G1ConcRefinementThreads                  = 10                                        {product} {ergonomic}
   size_t G1HeapRegionSize                         = 1048576                                   {product} {ergonomic}
    uintx GCDrainStackTargetSize                   = 64                                        {product} {ergonomic}
     bool HeapDumpOnOutOfMemoryError               = true                                   {manageable} {command line}
   size_t InitialHeapSize                          = 268435456                                 {product} {command line}
   size_t MarkStackSize                            = 4194304                                   {product} {ergonomic}
   size_t MaxHeapSize                              = 536870912                                 {product} {command line}
   size_t MaxMetaspaceSize                         = 402653184                                 {product} {command line}
   size_t MaxNewSize                               = 321912832                                 {product} {ergonomic}
   size_t MinHeapDeltaBytes                        = 1048576                                   {product} {ergonomic}
   size_t MinHeapSize                              = 268435456                                 {product} {command line}
    uintx NonNMethodCodeHeapSize                   = 5839372                                {pd product} {ergonomic}
    uintx NonProfiledCodeHeapSize                  = 122909434                              {pd product} {ergonomic}
    uintx ProfiledCodeHeapSize                     = 122909434                              {pd product} {ergonomic}
    uintx ReservedCodeCacheSize                    = 251658240                              {pd product} {ergonomic}
     bool SegmentedCodeCache                       = true                                      {product} {ergonomic}
   size_t SoftMaxHeapSize                          = 536870912                              {manageable} {ergonomic}
     bool UseCompressedOops                        = true                           {product lp64_product} {ergonomic}
     bool UseG1GC                                  = true                                      {product} {ergonomic}
     bool UseLargePagesIndividualAllocation        = false                                  {pd product} {ergonomic}

Logging:
Log output configuration:
 #0: stdout all=warning uptime,level,tags foldmultilines=false
 #1: stderr all=off uptime,level,tags foldmultilines=false

Release file:
JAVA_VERSION="21.0.12.1" 
MODULES="java.base java.compiler java.datatransfer java.xml java.prefs java.desktop java.instrument java.logging java.management java.security.sasl java.naming java.rmi java.management.rmi java.net.http java.scripting java.security.jgss java.transaction.xa java.sql java.sql.rowset java.xml.crypto java.se java.smartcardio jdk.accessibility jdk.internal.jvmstat jdk.attach jdk.charsets jdk.internal.opt jdk.zipfs jdk.compiler jdk.crypto.ec jdk.crypto.cryptoki jdk.crypto.mscapi jdk.dynalink jdk.internal.ed jdk.editpad jdk.hotspot.agent jdk.httpserver jdk.internal.le jdk.internal.vm.ci jdk.internal.vm.compiler jdk.internal.vm.compiler.management jdk.jartool jdk.javadoc jdk.jcmd jdk.management jdk.management.agent jdk.jconsole jdk.jdeps jdk.jdwp.agent jdk.jdi jdk.jfr jdk.jshell jdk.jsobject jdk.jstatd jdk.localedata jdk.management.jfr jdk.naming.dns jdk.naming.rmi jdk.net jdk.nio.mapmode jdk.random jdk.sctp jdk.security.auth jdk.security.jgss jdk.unsupported jdk.unsupported.desktop jdk.xml.dom" 

Environment Variables:
JAVA_HOME=C:\Program Files\Java\jdk-21.0.10
PATH=C:\Program Files\Common Files\Oracle\Java\javapath;C:\Program Files (x86)\NAT Service;C:\WINDOWS\system32;C:\WINDOWS;C:\WINDOWS\System32\Wbem;C:\WINDOWS\System32\WindowsPowerShell\v1.0\;C:\WINDOWS\System32\OpenSSH\;C:\Program Files\dotnet\;C:\Program Files\Git\cmd;C:\Program Files\Java\jdk-21.0.10\bin;C:\Program Files (x86)\Windows Kits\10\Windows Performance Toolkit\;C:\Users\jeeho\.local\bin;C:\Users\jeeho\AppData\Local\Programs\Python\Python313\Scripts\;C:\Users\jeeho\AppData\Local\Programs\Python\Python313\;C:\Users\jeeho\AppData\Local\Programs\Python\Launcher\;C:\Users\jeeho\AppData\Local\Microsoft\WindowsApps;C:\Users\jeeho\AppData\Local\Python\bin;C:\Users\jeeho\AppData\Local\SOOP;C:\Users\jeeho\AppData\Local\Programs\Microsoft VS Code\bin;C:\Users\jeeho\AppData\Local\GitHubDesktop\bin;C:\Users\jeeho\.dotnet\tools
USERNAME=jeeho
OS=Windows_NT
PROCESSOR_IDENTIFIER=Intel64 Family 6 Model 154 Stepping 4, GenuineIntel
TMP=C:\Users\jeeho\AppData\Local\Temp
TEMP=C:\Users\jeeho\AppData\Local\Temp




Periodic native trim disabled

---------------  S Y S T E M  ---------------

OS:
 Windows 11 , 64 bit Build 26100 (10.0.26100.9444)
OS uptime: 1 days 4:29 hours
Hyper-V role detected

CPU: total 12 (initial active 12) (6 cores per cpu, 2 threads per core) family 6 model 154 stepping 4 microcode 0x423, cx8, cmov, fxsr, ht, mmx, 3dnowpref, sse, sse2, sse3, ssse3, sse4.1, sse4.2, popcnt, lzcnt, tsc, tscinvbit, avx, avx2, aes, erms, clmul, bmi1, bmi2, adx, sha, fma, vzeroupper, clflush, clflushopt, clwb, hv, serialize, rdtscp, rdpid, fsrm, f16c, cet_ibt, cet_ss
Processor Information for processor 0
  Max Mhz: 1700, Current Mhz: 1700, Mhz Limit: 1700
Processor Information for processor 1
  Max Mhz: 1700, Current Mhz: 1700, Mhz Limit: 1700
Processor Information for processor 2
  Max Mhz: 1700, Current Mhz: 1700, Mhz Limit: 1700
Processor Information for processor 3
  Max Mhz: 1700, Current Mhz: 1700, Mhz Limit: 1700
Processor Information for processor 4
  Max Mhz: 1700, Current Mhz: 1200, Mhz Limit: 1190
Processor Information for processor 5
  Max Mhz: 1700, Current Mhz: 1200, Mhz Limit: 1190
Processor Information for processor 6
  Max Mhz: 1700, Current Mhz: 1200, Mhz Limit: 1190
Processor Information for processor 7
  Max Mhz: 1700, Current Mhz: 1200, Mhz Limit: 1190
Processor Information for processor 8
  Max Mhz: 1700, Current Mhz: 1200, Mhz Limit: 1190
Processor Information for processor 9
  Max Mhz: 1700, Current Mhz: 1200, Mhz Limit: 1190
Processor Information for processor 10
  Max Mhz: 1700, Current Mhz: 1200, Mhz Limit: 1190
Processor Information for processor 11
  Max Mhz: 1700, Current Mhz: 1200, Mhz Limit: 1190

Memory: 4k page, system-wide physical 7893M (141M free)
TotalPageFile size 32469M (AvailPageFile size 383M)
current process WorkingSet (physical memory assigned to process): 63M, peak: 329M
current process commit charge ("private bytes"): 495M, peak: 506M

vm_info: OpenJDK 64-Bit Server VM (21.0.12.1+1-LTS) for windows-amd64 JRE (21.0.12.1+1-LTS), built on 2026-08-18T00:00:00Z by "admin" with MS VC++ 17.12 (VS2022)

END.
