#
# There is insufficient memory for the Java Runtime Environment to continue.
# Native memory allocation (malloc) failed to allocate 1364720 bytes. Error detail: Chunk::new
# Possible reasons:
#   The system is out of physical RAM or swap space
#   This process is running with CompressedOops enabled, and the Java Heap may be blocking the growth of the native heap
# Possible solutions:
#   Reduce memory load on the system
#   Increase physical memory or swap space
#   Check if swap backing store is full
#   Decrease Java heap size (-Xmx/-Xms)
#   Decrease number of Java threads
#   Decrease Java thread stack sizes (-Xss)
#   Set larger code cache with -XX:ReservedCodeCacheSize=
#   JVM is running with Unscaled Compressed Oops mode in which the Java heap is
#     placed in the first 4GB address space. The Java Heap base address is the
#     maximum limit for the native heap growth. Please use -XX:HeapBaseMinAddress
#     to set the Java Heap base and to place the Java Heap above 4GB virtual address.
# This output file may be truncated or incomplete.
#
#  Out of Memory Error (arena.cpp:168), pid=17092, tid=33772
#
# JRE version: OpenJDK Runtime Environment Temurin-21.0.12.1+1 (21.0.12.1+1) (build 21.0.12.1+1-LTS)
# Java VM: OpenJDK 64-Bit Server VM Temurin-21.0.12.1+1 (21.0.12.1+1-LTS, mixed mode, sharing, tiered, compressed oops, compressed class ptrs, parallel gc, windows-amd64)
# No core dump will be written. Minidumps are not enabled by default on client versions of Windows
#

---------------  S U M M A R Y ------------

Command Line: --add-modules=ALL-SYSTEM --add-opens=java.base/java.util=ALL-UNNAMED --add-opens=java.base/java.lang=ALL-UNNAMED --add-opens=java.base/sun.nio.fs=ALL-UNNAMED -Declipse.application=org.eclipse.jdt.ls.core.id1 -Dosgi.bundles.defaultStartLevel=4 -Declipse.product=org.eclipse.jdt.ls.core.product -Djava.import.generatesMetadataFilesAtProjectRoot=false -Dm2e.project.cache.size=50 -DDetectVMInstallationsJob.disabled=true -Dfile.encoding=utf8 -XX:+UseParallelGC -XX:GCTimeRatio=4 -XX:AdaptiveSizePolicyWeight=90 -Dsun.zip.disableMemoryMapping=true -Xmx2G -Xms100m -Xlog:disable -javaagent:c:\Users\jeeho\.vscode\extensions\redhat.java-1.56.0-win32-x64\lombok\lombok-1.18.39-4050.jar -XX:+HeapDumpOnOutOfMemoryError -XX:HeapDumpPath=c:\Users\jeeho\AppData\Roaming\Code\User\workspaceStorage\7caecd79442af921e5ea7064fd4da5f2\redhat.java -Daether.dependencyCollector.impl=bf c:\Users\jeeho\.vscode\extensions\redhat.java-1.56.0-win32-x64\server\plugins\org.eclipse.equinox.launcher_1.8.0.v20260804-1928.jar -configuration c:\Users\jeeho\AppData\Roaming\Code\User\globalStorage\redhat.java\1.56.0\config_win -data c:\Users\jeeho\AppData\Roaming\Code\User\workspaceStorage\7caecd79442af921e5ea7064fd4da5f2\redhat.java\jdt_ws --stdio

Host: 12th Gen Intel(R) Core(TM) i7-1255U, 12 cores, 7G,  Windows 11 , 64 bit Build 26100 (10.0.26100.9444)
Time: Mon Sep 21 22:50:23 2026 elapsed time: 31.807067 seconds (0d 0h 0m 31s)

---------------  T H R E A D  ---------------

Current thread (0x000001d45faaddb0):  JavaThread "C2 CompilerThread0" daemon [_thread_in_native, id=33772, stack(0x000000569d800000,0x000000569d900000) (1024K)]


Current CompileTask:
C2:31808 4018       4       java.lang.invoke.MethodType::makeImpl (109 bytes)

Stack: [0x000000569d800000,0x000000569d900000]
Native frames: (J=compiled Java code, j=interpreted, Vv=VM code, C=native code)
V  [jvm.dll+0x6d83e9]
V  [jvm.dll+0x8b5736]
V  [jvm.dll+0x8b7cee]
V  [jvm.dll+0x8b83d3]
V  [jvm.dll+0x284596]
V  [jvm.dll+0xc685d]
V  [jvm.dll+0xc6da1]
V  [jvm.dll+0x3bf18b]
V  [jvm.dll+0x1e4149]
V  [jvm.dll+0x24c853]
V  [jvm.dll+0x24bce0]
V  [jvm.dll+0x1cb4ae]
V  [jvm.dll+0x25baad]
V  [jvm.dll+0x25a03a]
V  [jvm.dll+0x3f8aae]
V  [jvm.dll+0x8600cd]
V  [jvm.dll+0x6d6c1d]
C  [ucrtbase.dll+0x2cd30]
C  [KERNEL32.DLL+0x2cd87]
C  [ntdll.dll+0xacaec]


---------------  P R O C E S S  ---------------

Threads class SMR info:
_java_thread_list=0x000001d464cff0d0, length=23, elements={
0x000001d40616c970, 0x000001d45fa94c30, 0x000001d45fa95b50, 0x000001d45fa9ce00,
0x000001d45fa9d490, 0x000001d45faa0280, 0x000001d45fa9db20, 0x000001d45faaddb0,
0x000001d45fab16f0, 0x000001d45fa9f560, 0x000001d45fa9eed0, 0x000001d45fa9e840,
0x000001d45fa9e1b0, 0x000001d45fa9fbf0, 0x000001d464258400, 0x000001d464258a90,
0x000001d4642576e0, 0x000001d464259e40, 0x000001d464257050, 0x000001d464257d70,
0x000001d46425ab60, 0x000001d46425a4d0, 0x000001d46425b1f0
}

Java Threads: ( => current thread )
  0x000001d40616c970 JavaThread "main"                              [_thread_blocked, id=41224, stack(0x000000569ce00000,0x000000569cf00000) (1024K)]
  0x000001d45fa94c30 JavaThread "Reference Handler"          daemon [_thread_blocked, id=40324, stack(0x000000569d200000,0x000000569d300000) (1024K)]
  0x000001d45fa95b50 JavaThread "Finalizer"                  daemon [_thread_blocked, id=23092, stack(0x000000569d300000,0x000000569d400000) (1024K)]
  0x000001d45fa9ce00 JavaThread "Signal Dispatcher"          daemon [_thread_blocked, id=23304, stack(0x000000569d400000,0x000000569d500000) (1024K)]
  0x000001d45fa9d490 JavaThread "Attach Listener"            daemon [_thread_blocked, id=8748, stack(0x000000569d500000,0x000000569d600000) (1024K)]
  0x000001d45faa0280 JavaThread "Service Thread"             daemon [_thread_blocked, id=17628, stack(0x000000569d600000,0x000000569d700000) (1024K)]
  0x000001d45fa9db20 JavaThread "Monitor Deflation Thread"   daemon [_thread_blocked, id=36472, stack(0x000000569d700000,0x000000569d800000) (1024K)]
=>0x000001d45faaddb0 JavaThread "C2 CompilerThread0"         daemon [_thread_in_native, id=33772, stack(0x000000569d800000,0x000000569d900000) (1024K)]
  0x000001d45fab16f0 JavaThread "C1 CompilerThread0"         daemon [_thread_blocked, id=16888, stack(0x000000569d900000,0x000000569da00000) (1024K)]
  0x000001d45fa9f560 JavaThread "Common-Cleaner"             daemon [_thread_blocked, id=40520, stack(0x000000569da00000,0x000000569db00000) (1024K)]
  0x000001d45fa9eed0 JavaThread "Notification Thread"        daemon [_thread_blocked, id=39436, stack(0x000000569db00000,0x000000569dc00000) (1024K)]
  0x000001d45fa9e840 JavaThread "Active Thread: Equinox Container: ce556766-2382-4d0f-ba2b-30b2d892b4d1"        [_thread_blocked, id=34836, stack(0x000000569e200000,0x000000569e300000) (1024K)]
  0x000001d45fa9e1b0 JavaThread "Refresh Thread: Equinox Container: ce556766-2382-4d0f-ba2b-30b2d892b4d1" daemon [_thread_blocked, id=8320, stack(0x000000569e400000,0x000000569e500000) (1024K)]
  0x000001d45fa9fbf0 JavaThread "Framework Event Dispatcher: Equinox Container: ce556766-2382-4d0f-ba2b-30b2d892b4d1" daemon [_thread_blocked, id=29420, stack(0x000000569e500000,0x000000569e600000) (1024K)]
  0x000001d464258400 JavaThread "Start Level: Equinox Container: ce556766-2382-4d0f-ba2b-30b2d892b4d1" daemon [_thread_in_Java, id=4004, stack(0x000000569e600000,0x000000569e700000) (1024K)]
  0x000001d464258a90 JavaThread "Bundle File Closer"         daemon [_thread_blocked, id=10616, stack(0x000000569e900000,0x000000569ea00000) (1024K)]
  0x000001d4642576e0 JavaThread "SCR Component Actor"        daemon [_thread_blocked, id=32332, stack(0x000000569ea00000,0x000000569eb00000) (1024K)]
  0x000001d464259e40 JavaThread "Worker-JM"                         [_thread_blocked, id=28996, stack(0x000000569eb00000,0x000000569ec00000) (1024K)]
  0x000001d464257050 JavaThread "JNA Cleaner"                daemon [_thread_blocked, id=38448, stack(0x000000569ec00000,0x000000569ed00000) (1024K)]
  0x000001d464257d70 JavaThread "Worker-0: Repository registry initialization"        [_thread_blocked, id=37188, stack(0x000000569ed00000,0x000000569ee00000) (1024K)]
  0x000001d46425ab60 JavaThread "Worker-1: Updating Maven Dependencies"        [_thread_in_vm, id=23408, stack(0x000000569ee00000,0x000000569ef00000) (1024K)]
  0x000001d46425a4d0 JavaThread "Worker-2"                          [_thread_blocked, id=18584, stack(0x000000569ef00000,0x000000569f000000) (1024K)]
  0x000001d46425b1f0 JavaThread "Worker-3"                          [_thread_blocked, id=22092, stack(0x000000569f000000,0x000000569f100000) (1024K)]
Total: 23

Other Threads:
  0x000001d40622eb50 VMThread "VM Thread"                           [id=38664, stack(0x000000569d100000,0x000000569d200000) (1024K)]
  0x000001d405ffca00 WatcherThread "VM Periodic Task Thread"        [id=33736, stack(0x000000569d000000,0x000000569d100000) (1024K)]
  0x000001d40618b270 WorkerThread "GC Thread#0"                     [id=20440, stack(0x000000569cf00000,0x000000569d000000) (1024K)]
  0x000001d46432eca0 WorkerThread "GC Thread#1"                     [id=2276, stack(0x000000569dc00000,0x000000569dd00000) (1024K)]
  0x000001d464377aa0 WorkerThread "GC Thread#2"                     [id=13212, stack(0x000000569dd00000,0x000000569de00000) (1024K)]
  0x000001d464377e50 WorkerThread "GC Thread#3"                     [id=13552, stack(0x000000569de00000,0x000000569df00000) (1024K)]
  0x000001d464373540 WorkerThread "GC Thread#4"                     [id=34056, stack(0x000000569df00000,0x000000569e000000) (1024K)]
  0x000001d4643738f0 WorkerThread "GC Thread#5"                     [id=14996, stack(0x000000569e000000,0x000000569e100000) (1024K)]
  0x000001d464371050 WorkerThread "GC Thread#6"                     [id=13236, stack(0x000000569e100000,0x000000569e200000) (1024K)]
  0x000001d4644158f0 WorkerThread "GC Thread#7"                     [id=33824, stack(0x000000569e300000,0x000000569e400000) (1024K)]
  0x000001d464a29060 WorkerThread "GC Thread#8"                     [id=34460, stack(0x000000569e700000,0x000000569e800000) (1024K)]
  0x000001d464a29410 WorkerThread "GC Thread#9"                     [id=11216, stack(0x000000569e800000,0x000000569e900000) (1024K)]
Total: 12

Threads with active compile tasks:
C2 CompilerThread0  31969 4018       4       java.lang.invoke.MethodType::makeImpl (109 bytes)
Total: 1

VM state: not at safepoint (normal execution)

VM Mutex/Monitor currently owned by a thread: None

Heap address: 0x0000000080000000, size: 2048 MB, Compressed Oops mode: 32-bit

CDS archive(s) mapped at: [0x000001d41d000000-0x000001d41dba0000-0x000001d41dba0000), size 12189696, SharedBaseAddress: 0x000001d41d000000, ArchiveRelocationMode: 1.
Compressed class space mapped at: 0x000001d41e000000-0x000001d45e000000, reserved size: 1073741824
Narrow klass base: 0x000001d41d000000, Narrow klass shift: 0, Narrow klass range: 0x100000000

GC Precious Log:
 CardTable entry size: 512
 CPUs: 12 total, 12 available
 Memory: 7893M
 Large Page Support: Disabled
 NUMA Support: Disabled
 Compressed Oops: Enabled (32-bit)
 Alignments: Space 512K, Generation 512K, Heap 2M
 Heap Min Capacity: 100M
 Heap Initial Capacity: 100M
 Heap Max Capacity: 2G
 Pre-touch: Disabled
 Parallel Workers: 10

Heap:
 PSYoungGen      total 26112K, used 6053K [0x00000000d5580000, 0x00000000d7280000, 0x0000000100000000)
  eden space 23552K, 19% used [0x00000000d5580000,0x00000000d5a11fb0,0x00000000d6c80000)
  from space 2560K, 53% used [0x00000000d6e00000,0x00000000d6f57460,0x00000000d7080000)
  to   space 1536K, 0% used [0x00000000d7100000,0x00000000d7100000,0x00000000d7280000)
 ParOldGen       total 68608K, used 13289K [0x0000000080000000, 0x0000000084300000, 0x00000000d5580000)
  object space 68608K, 19% used [0x0000000080000000,0x0000000080cfa738,0x0000000084300000)
 Metaspace       used 26972K, committed 27840K, reserved 1114112K
  class space    used 2754K, committed 3136K, reserved 1048576K

Card table byte_map: [0x000001d405b10000,0x000001d405f20000] _byte_map_base: 0x000001d405710000

Marking Bits: (ParMarkBitMap*) 0x00007ff800d844a0
 Begin Bits: [0x000001d418620000, 0x000001d41a620000)
 End Bits:   [0x000001d41a620000, 0x000001d41c620000)

Polling page: 0x000001d404060000

Metaspace:

Usage:
  Non-class:     23.65 MB used.
      Class:      2.69 MB used.
       Both:     26.34 MB used.

Virtual space:
  Non-class space:       64.00 MB reserved,      24.12 MB ( 38%) committed,  1 nodes.
      Class space:        1.00 GB reserved,       3.06 MB ( <1%) committed,  1 nodes.
             Both:        1.06 GB reserved,      27.19 MB (  2%) committed. 

Chunk freelists:
   Non-Class:  7.48 MB
       Class:  12.86 MB
        Both:  20.34 MB

MaxMetaspaceSize: unlimited
CompressedClassSpaceSize: 1.00 GB
Initial GC threshold: 21.00 MB
Current GC threshold: 35.00 MB
CDS: on
 - commit_granule_bytes: 65536.
 - commit_granule_words: 8192.
 - virtual_space_node_default_size: 8388608.
 - enlarge_chunks_in_place: 1.
 - use_allocation_guard: 0.


Internal statistics:

num_allocs_failed_limit: 3.
num_arena_births: 722.
num_arena_deaths: 14.
num_vsnodes_births: 2.
num_vsnodes_deaths: 0.
num_space_committed: 435.
num_space_uncommitted: 0.
num_chunks_returned_to_freelist: 17.
num_chunks_taken_from_freelist: 1851.
num_chunk_merges: 7.
num_chunk_splits: 1169.
num_chunks_enlarged: 717.
num_inconsistent_stats: 0.

CodeHeap 'non-profiled nmethods': size=120000Kb used=1728Kb max_used=1728Kb free=118272Kb
 bounds [0x000001d410e40000, 0x000001d4110b0000, 0x000001d418370000]
CodeHeap 'profiled nmethods': size=120000Kb used=8639Kb max_used=8639Kb free=111360Kb
 bounds [0x000001d409370000, 0x000001d409be0000, 0x000001d4108a0000]
CodeHeap 'non-nmethods': size=5760Kb used=1334Kb max_used=1334Kb free=4425Kb
 bounds [0x000001d4108a0000, 0x000001d410b10000, 0x000001d410e40000]
CodeCache: size=245760Kb, used=11701Kb, max_used=11701Kb, free=234057Kb
 total_blobs=4689, nmethods=4067, adapters=528, full_count=0
Compilation: enabled, stopped_count=0, restarted_count=0

Compilation events (20 events):
Event: 31.315 Thread 0x000001d45fab16f0 4060       3       org.lombokweb.asm.ClassReader::<init> (359 bytes)
Event: 31.322 Thread 0x000001d45fab16f0 nmethod 4060 0x000001d409bc8790 code [0x000001d409bc8a80, 0x000001d409bc9c40]
Event: 31.322 Thread 0x000001d45fab16f0 4061 %     3       org.lombokweb.asm.SymbolTable::<init> @ 98 (554 bytes)
Event: 31.331 Thread 0x000001d45fab16f0 nmethod 4061% 0x000001d409bca210 code [0x000001d409bca820, 0x000001d409bcd4b0]
Event: 31.538 Thread 0x000001d45fab16f0 4062       3       java.lang.NamedPackage::<init> (59 bytes)
Event: 31.540 Thread 0x000001d45fab16f0 nmethod 4062 0x000001d409bce710 code [0x000001d409bce9a0, 0x000001d409bcf318]
Event: 31.633 Thread 0x000001d45fab16f0 4065       3       org.lombokweb.asm.SymbolTable::<init> (554 bytes)
Event: 31.639 Thread 0x000001d45fab16f0 nmethod 4065 0x000001d409bcf710 code [0x000001d409bcfce0, 0x000001d409bd2628]
Event: 31.642 Thread 0x000001d45fab16f0 4066       3       org.lombokweb.asm.MethodVisitor::visitJumpInsn (17 bytes)
Event: 31.642 Thread 0x000001d45fab16f0 nmethod 4066 0x000001d409bd3890 code [0x000001d409bd3a40, 0x000001d409bd3c48]
Event: 31.642 Thread 0x000001d45fab16f0 4067       3       org.lombokweb.asm.MethodVisitor::visitMethodInsn (80 bytes)
Event: 31.643 Thread 0x000001d45fab16f0 nmethod 4067 0x000001d409bd3d10 code [0x000001d409bd3f00, 0x000001d409bd43a8]
Event: 31.643 Thread 0x000001d45fab16f0 4069       3       java.lang.Enum::hashCode (21 bytes)
Event: 31.644 Thread 0x000001d45fab16f0 nmethod 4069 0x000001d409bd4510 code [0x000001d409bd46c0, 0x000001d409bd4848]
Event: 31.644 Thread 0x000001d45fab16f0 4068       1       lombok.patcher.MethodLogistics::getReturnOpcode (5 bytes)
Event: 31.644 Thread 0x000001d45fab16f0 nmethod 4068 0x000001d410fefd10 code [0x000001d410fefea0, 0x000001d410feff68]
Event: 31.644 Thread 0x000001d45fab16f0 4070       3       java.util.ArrayList$SubList::toArray (79 bytes)
Event: 31.646 Thread 0x000001d45fab16f0 nmethod 4070 0x000001d409bd4910 code [0x000001d409bd4b20, 0x000001d409bd51e0]
Event: 31.647 Thread 0x000001d45fab16f0 4071       3       org.lombokweb.asm.MethodWriter::visitFrame (811 bytes)
Event: 31.653 Thread 0x000001d45fab16f0 nmethod 4071 0x000001d409bd5410 code [0x000001d409bd5960, 0x000001d409bd7bd0]

GC Heap History (20 events):
Event: 2.396 GC heap before
{Heap before GC invocations=1 (full 0):
 PSYoungGen      total 29696K, used 25600K [0x00000000d5580000, 0x00000000d7680000, 0x0000000100000000)
  eden space 25600K, 100% used [0x00000000d5580000,0x00000000d6e80000,0x00000000d6e80000)
  from space 4096K, 0% used [0x00000000d7280000,0x00000000d7280000,0x00000000d7680000)
  to   space 4096K, 0% used [0x00000000d6e80000,0x00000000d6e80000,0x00000000d7280000)
 ParOldGen       total 68608K, used 0K [0x0000000080000000, 0x0000000084300000, 0x00000000d5580000)
  object space 68608K, 0% used [0x0000000080000000,0x0000000080000000,0x0000000084300000)
 Metaspace       used 4332K, committed 4608K, reserved 1114112K
  class space    used 477K, committed 576K, reserved 1048576K
}
Event: 2.412 GC heap after
{Heap after GC invocations=1 (full 0):
 PSYoungGen      total 29696K, used 3449K [0x00000000d5580000, 0x00000000d7680000, 0x0000000100000000)
  eden space 25600K, 0% used [0x00000000d5580000,0x00000000d5580000,0x00000000d6e80000)
  from space 4096K, 84% used [0x00000000d6e80000,0x00000000d71de758,0x00000000d7280000)
  to   space 4096K, 0% used [0x00000000d7280000,0x00000000d7280000,0x00000000d7680000)
 ParOldGen       total 68608K, used 16K [0x0000000080000000, 0x0000000084300000, 0x00000000d5580000)
  object space 68608K, 0% used [0x0000000080000000,0x0000000080004000,0x0000000084300000)
 Metaspace       used 4332K, committed 4608K, reserved 1114112K
  class space    used 477K, committed 576K, reserved 1048576K
}
Event: 14.226 GC heap before
{Heap before GC invocations=2 (full 0):
 PSYoungGen      total 29696K, used 29049K [0x00000000d5580000, 0x00000000d7680000, 0x0000000100000000)
  eden space 25600K, 100% used [0x00000000d5580000,0x00000000d6e80000,0x00000000d6e80000)
  from space 4096K, 84% used [0x00000000d6e80000,0x00000000d71de758,0x00000000d7280000)
  to   space 4096K, 0% used [0x00000000d7280000,0x00000000d7280000,0x00000000d7680000)
 ParOldGen       total 68608K, used 16K [0x0000000080000000, 0x0000000084300000, 0x00000000d5580000)
  object space 68608K, 0% used [0x0000000080000000,0x0000000080004000,0x0000000084300000)
 Metaspace       used 8075K, committed 8384K, reserved 1114112K
  class space    used 837K, committed 960K, reserved 1048576K
}
Event: 14.243 GC heap after
{Heap after GC invocations=2 (full 0):
 PSYoungGen      total 29696K, used 4079K [0x00000000d5580000, 0x00000000d7680000, 0x0000000100000000)
  eden space 25600K, 0% used [0x00000000d5580000,0x00000000d5580000,0x00000000d6e80000)
  from space 4096K, 99% used [0x00000000d7280000,0x00000000d767be10,0x00000000d7680000)
  to   space 4096K, 0% used [0x00000000d6e80000,0x00000000d6e80000,0x00000000d7280000)
 ParOldGen       total 68608K, used 2184K [0x0000000080000000, 0x0000000084300000, 0x00000000d5580000)
  object space 68608K, 3% used [0x0000000080000000,0x0000000080222318,0x0000000084300000)
 Metaspace       used 8075K, committed 8384K, reserved 1114112K
  class space    used 837K, committed 960K, reserved 1048576K
}
Event: 17.311 GC heap before
{Heap before GC invocations=3 (full 0):
 PSYoungGen      total 29696K, used 29679K [0x00000000d5580000, 0x00000000d7680000, 0x0000000100000000)
  eden space 25600K, 100% used [0x00000000d5580000,0x00000000d6e80000,0x00000000d6e80000)
  from space 4096K, 99% used [0x00000000d7280000,0x00000000d767be10,0x00000000d7680000)
  to   space 4096K, 0% used [0x00000000d6e80000,0x00000000d6e80000,0x00000000d7280000)
 ParOldGen       total 68608K, used 2184K [0x0000000080000000, 0x0000000084300000, 0x00000000d5580000)
  object space 68608K, 3% used [0x0000000080000000,0x0000000080222318,0x0000000084300000)
 Metaspace       used 9531K, committed 9856K, reserved 1114112K
  class space    used 1014K, committed 1152K, reserved 1048576K
}
Event: 17.332 GC heap after
{Heap after GC invocations=3 (full 0):
 PSYoungGen      total 29696K, used 4067K [0x00000000d5580000, 0x00000000d7680000, 0x0000000100000000)
  eden space 25600K, 0% used [0x00000000d5580000,0x00000000d5580000,0x00000000d6e80000)
  from space 4096K, 99% used [0x00000000d6e80000,0x00000000d7278cb8,0x00000000d7280000)
  to   space 4096K, 0% used [0x00000000d7280000,0x00000000d7280000,0x00000000d7680000)
 ParOldGen       total 68608K, used 4923K [0x0000000080000000, 0x0000000084300000, 0x00000000d5580000)
  object space 68608K, 7% used [0x0000000080000000,0x00000000804cee10,0x0000000084300000)
 Metaspace       used 9531K, committed 9856K, reserved 1114112K
  class space    used 1014K, committed 1152K, reserved 1048576K
}
Event: 21.494 GC heap before
{Heap before GC invocations=4 (full 0):
 PSYoungGen      total 29696K, used 29667K [0x00000000d5580000, 0x00000000d7680000, 0x0000000100000000)
  eden space 25600K, 100% used [0x00000000d5580000,0x00000000d6e80000,0x00000000d6e80000)
  from space 4096K, 99% used [0x00000000d6e80000,0x00000000d7278cb8,0x00000000d7280000)
  to   space 4096K, 0% used [0x00000000d7280000,0x00000000d7280000,0x00000000d7680000)
 ParOldGen       total 68608K, used 4923K [0x0000000080000000, 0x0000000084300000, 0x00000000d5580000)
  object space 68608K, 7% used [0x0000000080000000,0x00000000804cee10,0x0000000084300000)
 Metaspace       used 11617K, committed 12032K, reserved 1114112K
  class space    used 1222K, committed 1408K, reserved 1048576K
}
Event: 21.506 GC heap after
{Heap after GC invocations=4 (full 0):
 PSYoungGen      total 29696K, used 4082K [0x00000000d5580000, 0x00000000d7680000, 0x0000000100000000)
  eden space 25600K, 0% used [0x00000000d5580000,0x00000000d5580000,0x00000000d6e80000)
  from space 4096K, 99% used [0x00000000d7280000,0x00000000d767c8c0,0x00000000d7680000)
  to   space 4096K, 0% used [0x00000000d6e80000,0x00000000d6e80000,0x00000000d7280000)
 ParOldGen       total 68608K, used 7045K [0x0000000080000000, 0x0000000084300000, 0x00000000d5580000)
  object space 68608K, 10% used [0x0000000080000000,0x00000000806e1470,0x0000000084300000)
 Metaspace       used 11617K, committed 12032K, reserved 1114112K
  class space    used 1222K, committed 1408K, reserved 1048576K
}
Event: 24.604 GC heap before
{Heap before GC invocations=5 (full 0):
 PSYoungGen      total 29696K, used 29682K [0x00000000d5580000, 0x00000000d7680000, 0x0000000100000000)
  eden space 25600K, 100% used [0x00000000d5580000,0x00000000d6e80000,0x00000000d6e80000)
  from space 4096K, 99% used [0x00000000d7280000,0x00000000d767c8c0,0x00000000d7680000)
  to   space 4096K, 0% used [0x00000000d6e80000,0x00000000d6e80000,0x00000000d7280000)
 ParOldGen       total 68608K, used 7045K [0x0000000080000000, 0x0000000084300000, 0x00000000d5580000)
  object space 68608K, 10% used [0x0000000080000000,0x00000000806e1470,0x0000000084300000)
 Metaspace       used 15631K, committed 16256K, reserved 1114112K
  class space    used 1618K, committed 1920K, reserved 1048576K
}
Event: 24.621 GC heap after
{Heap after GC invocations=5 (full 0):
 PSYoungGen      total 29184K, used 4071K [0x00000000d5580000, 0x00000000d7900000, 0x0000000100000000)
  eden space 25088K, 0% used [0x00000000d5580000,0x00000000d5580000,0x00000000d6e00000)
  from space 4096K, 99% used [0x00000000d6e80000,0x00000000d7279ce8,0x00000000d7280000)
  to   space 5632K, 0% used [0x00000000d7380000,0x00000000d7380000,0x00000000d7900000)
 ParOldGen       total 68608K, used 8148K [0x0000000080000000, 0x0000000084300000, 0x00000000d5580000)
  object space 68608K, 11% used [0x0000000080000000,0x00000000807f51a8,0x0000000084300000)
 Metaspace       used 15631K, committed 16256K, reserved 1114112K
  class space    used 1618K, committed 1920K, reserved 1048576K
}
Event: 27.360 GC heap before
{Heap before GC invocations=6 (full 0):
 PSYoungGen      total 29184K, used 29159K [0x00000000d5580000, 0x00000000d7900000, 0x0000000100000000)
  eden space 25088K, 99% used [0x00000000d5580000,0x00000000d6dffff8,0x00000000d6e00000)
  from space 4096K, 99% used [0x00000000d6e80000,0x00000000d7279ce8,0x00000000d7280000)
  to   space 5632K, 0% used [0x00000000d7380000,0x00000000d7380000,0x00000000d7900000)
 ParOldGen       total 68608K, used 8148K [0x0000000080000000, 0x0000000084300000, 0x00000000d5580000)
  object space 68608K, 11% used [0x0000000080000000,0x00000000807f51a8,0x0000000084300000)
 Metaspace       used 18790K, committed 19520K, reserved 1114112K
  class space    used 1974K, committed 2240K, reserved 1048576K
}
Event: 27.381 GC heap after
{Heap after GC invocations=6 (full 0):
 PSYoungGen      total 29696K, used 5036K [0x00000000d5580000, 0x00000000d7880000, 0x0000000100000000)
  eden space 24576K, 0% used [0x00000000d5580000,0x00000000d5580000,0x00000000d6d80000)
  from space 5120K, 98% used [0x00000000d7380000,0x00000000d786b200,0x00000000d7880000)
  to   space 5632K, 0% used [0x00000000d6d80000,0x00000000d6d80000,0x00000000d7300000)
 ParOldGen       total 68608K, used 8156K [0x0000000080000000, 0x0000000084300000, 0x00000000d5580000)
  object space 68608K, 11% used [0x0000000080000000,0x00000000807f71a8,0x0000000084300000)
 Metaspace       used 18790K, committed 19520K, reserved 1114112K
  class space    used 1974K, committed 2240K, reserved 1048576K
}
Event: 29.688 GC heap before
{Heap before GC invocations=7 (full 0):
 PSYoungGen      total 29696K, used 25056K [0x00000000d5580000, 0x00000000d7880000, 0x0000000100000000)
  eden space 24576K, 81% used [0x00000000d5580000,0x00000000d690d008,0x00000000d6d80000)
  from space 5120K, 98% used [0x00000000d7380000,0x00000000d786b200,0x00000000d7880000)
  to   space 5632K, 0% used [0x00000000d6d80000,0x00000000d6d80000,0x00000000d7300000)
 ParOldGen       total 68608K, used 8156K [0x0000000080000000, 0x0000000084300000, 0x00000000d5580000)
  object space 68608K, 11% used [0x0000000080000000,0x00000000807f71a8,0x0000000084300000)
 Metaspace       used 20687K, committed 21504K, reserved 1114112K
  class space    used 2195K, committed 2560K, reserved 1048576K
}
Event: 29.701 GC heap after
{Heap after GC invocations=7 (full 0):
 PSYoungGen      total 29184K, used 4130K [0x00000000d5580000, 0x00000000d7680000, 0x0000000100000000)
  eden space 24576K, 0% used [0x00000000d5580000,0x00000000d5580000,0x00000000d6d80000)
  from space 4608K, 89% used [0x00000000d6d80000,0x00000000d7188bf8,0x00000000d7200000)
  to   space 4608K, 0% used [0x00000000d7200000,0x00000000d7200000,0x00000000d7680000)
 ParOldGen       total 68608K, used 9921K [0x0000000080000000, 0x0000000084300000, 0x00000000d5580000)
  object space 68608K, 14% used [0x0000000080000000,0x00000000809b0480,0x0000000084300000)
 Metaspace       used 20687K, committed 21504K, reserved 1114112K
  class space    used 2195K, committed 2560K, reserved 1048576K
}
Event: 29.701 GC heap before
{Heap before GC invocations=8 (full 1):
 PSYoungGen      total 29184K, used 4130K [0x00000000d5580000, 0x00000000d7680000, 0x0000000100000000)
  eden space 24576K, 0% used [0x00000000d5580000,0x00000000d5580000,0x00000000d6d80000)
  from space 4608K, 89% used [0x00000000d6d80000,0x00000000d7188bf8,0x00000000d7200000)
  to   space 4608K, 0% used [0x00000000d7200000,0x00000000d7200000,0x00000000d7680000)
 ParOldGen       total 68608K, used 9921K [0x0000000080000000, 0x0000000084300000, 0x00000000d5580000)
  object space 68608K, 14% used [0x0000000080000000,0x00000000809b0480,0x0000000084300000)
 Metaspace       used 20687K, committed 21504K, reserved 1114112K
  class space    used 2195K, committed 2560K, reserved 1048576K
}
Event: 29.798 GC heap after
{Heap after GC invocations=8 (full 1):
 PSYoungGen      total 29184K, used 0K [0x00000000d5580000, 0x00000000d7680000, 0x0000000100000000)
  eden space 24576K, 0% used [0x00000000d5580000,0x00000000d5580000,0x00000000d6d80000)
  from space 4608K, 0% used [0x00000000d6d80000,0x00000000d6d80000,0x00000000d7200000)
  to   space 4608K, 0% used [0x00000000d7200000,0x00000000d7200000,0x00000000d7680000)
 ParOldGen       total 68608K, used 13281K [0x0000000080000000, 0x0000000084300000, 0x00000000d5580000)
  object space 68608K, 19% used [0x0000000080000000,0x0000000080cf8738,0x0000000084300000)
 Metaspace       used 20674K, committed 21504K, reserved 1114112K
  class space    used 2191K, committed 2560K, reserved 1048576K
}
Event: 30.765 GC heap before
{Heap before GC invocations=9 (full 1):
 PSYoungGen      total 29184K, used 24576K [0x00000000d5580000, 0x00000000d7680000, 0x0000000100000000)
  eden space 24576K, 100% used [0x00000000d5580000,0x00000000d6d80000,0x00000000d6d80000)
  from space 4608K, 0% used [0x00000000d6d80000,0x00000000d6d80000,0x00000000d7200000)
  to   space 4608K, 0% used [0x00000000d7200000,0x00000000d7200000,0x00000000d7680000)
 ParOldGen       total 68608K, used 13281K [0x0000000080000000, 0x0000000084300000, 0x00000000d5580000)
  object space 68608K, 19% used [0x0000000080000000,0x0000000080cf8738,0x0000000084300000)
 Metaspace       used 23050K, committed 23808K, reserved 1114112K
  class space    used 2362K, committed 2688K, reserved 1048576K
}
Event: 30.769 GC heap after
{Heap after GC invocations=9 (full 1):
 PSYoungGen      total 25088K, used 983K [0x00000000d5580000, 0x00000000d7300000, 0x0000000100000000)
  eden space 24064K, 0% used [0x00000000d5580000,0x00000000d5580000,0x00000000d6d00000)
  from space 1024K, 96% used [0x00000000d7200000,0x00000000d72f5d58,0x00000000d7300000)
  to   space 2560K, 0% used [0x00000000d6e00000,0x00000000d6e00000,0x00000000d7080000)
 ParOldGen       total 68608K, used 13281K [0x0000000080000000, 0x0000000084300000, 0x00000000d5580000)
  object space 68608K, 19% used [0x0000000080000000,0x0000000080cf8738,0x0000000084300000)
 Metaspace       used 23050K, committed 23808K, reserved 1114112K
  class space    used 2362K, committed 2688K, reserved 1048576K
}
Event: 31.747 GC heap before
{Heap before GC invocations=10 (full 1):
 PSYoungGen      total 25088K, used 25047K [0x00000000d5580000, 0x00000000d7300000, 0x0000000100000000)
  eden space 24064K, 99% used [0x00000000d5580000,0x00000000d6cffff8,0x00000000d6d00000)
  from space 1024K, 96% used [0x00000000d7200000,0x00000000d72f5d58,0x00000000d7300000)
  to   space 2560K, 0% used [0x00000000d6e00000,0x00000000d6e00000,0x00000000d7080000)
 ParOldGen       total 68608K, used 13281K [0x0000000080000000, 0x0000000084300000, 0x00000000d5580000)
  object space 68608K, 19% used [0x0000000080000000,0x0000000080cf8738,0x0000000084300000)
 Metaspace       used 26625K, committed 27456K, reserved 1114112K
  class space    used 2714K, committed 3072K, reserved 1048576K
}
Event: 31.752 GC heap after
{Heap after GC invocations=10 (full 1):
 PSYoungGen      total 26112K, used 1373K [0x00000000d5580000, 0x00000000d7280000, 0x0000000100000000)
  eden space 23552K, 0% used [0x00000000d5580000,0x00000000d5580000,0x00000000d6c80000)
  from space 2560K, 53% used [0x00000000d6e00000,0x00000000d6f57460,0x00000000d7080000)
  to   space 1536K, 0% used [0x00000000d7100000,0x00000000d7100000,0x00000000d7280000)
 ParOldGen       total 68608K, used 13289K [0x0000000080000000, 0x0000000084300000, 0x00000000d5580000)
  object space 68608K, 19% used [0x0000000080000000,0x0000000080cfa738,0x0000000084300000)
 Metaspace       used 26625K, committed 27456K, reserved 1114112K
  class space    used 2714K, committed 3072K, reserved 1048576K
}

Dll operation events (20 events):
Event: 0.059 Attempting to load shared library c:\Users\jeeho\.vscode\extensions\redhat.java-1.56.0-win32-x64\jre\21.0.12.1-win32-x86_64\bin\java.dll
Event: 0.059 Loaded shared library c:\Users\jeeho\.vscode\extensions\redhat.java-1.56.0-win32-x64\jre\21.0.12.1-win32-x86_64\bin\java.dll
Event: 0.141 Attempting to load shared library c:\Users\jeeho\.vscode\extensions\redhat.java-1.56.0-win32-x64\jre\21.0.12.1-win32-x86_64\bin\zip.dll
Event: 0.148 Loaded shared library c:\Users\jeeho\.vscode\extensions\redhat.java-1.56.0-win32-x64\jre\21.0.12.1-win32-x86_64\bin\zip.dll
Event: 0.310 Attempting to load shared library C:\Users\jeeho\.vscode\extensions\redhat.java-1.56.0-win32-x64\jre\21.0.12.1-win32-x86_64\bin\instrument.dll
Event: 0.310 Loaded shared library C:\Users\jeeho\.vscode\extensions\redhat.java-1.56.0-win32-x64\jre\21.0.12.1-win32-x86_64\bin\instrument.dll
Event: 0.321 Attempting to load shared library C:\Users\jeeho\.vscode\extensions\redhat.java-1.56.0-win32-x64\jre\21.0.12.1-win32-x86_64\bin\net.dll
Event: 0.328 Loaded shared library C:\Users\jeeho\.vscode\extensions\redhat.java-1.56.0-win32-x64\jre\21.0.12.1-win32-x86_64\bin\net.dll
Event: 0.336 Attempting to load shared library C:\Users\jeeho\.vscode\extensions\redhat.java-1.56.0-win32-x64\jre\21.0.12.1-win32-x86_64\bin\nio.dll
Event: 0.339 Loaded shared library C:\Users\jeeho\.vscode\extensions\redhat.java-1.56.0-win32-x64\jre\21.0.12.1-win32-x86_64\bin\nio.dll
Event: 0.347 Attempting to load shared library C:\Users\jeeho\.vscode\extensions\redhat.java-1.56.0-win32-x64\jre\21.0.12.1-win32-x86_64\bin\zip.dll
Event: 0.347 Loaded shared library C:\Users\jeeho\.vscode\extensions\redhat.java-1.56.0-win32-x64\jre\21.0.12.1-win32-x86_64\bin\zip.dll
Event: 0.391 Attempting to load shared library C:\Users\jeeho\.vscode\extensions\redhat.java-1.56.0-win32-x64\jre\21.0.12.1-win32-x86_64\bin\jimage.dll
Event: 0.391 Loaded shared library C:\Users\jeeho\.vscode\extensions\redhat.java-1.56.0-win32-x64\jre\21.0.12.1-win32-x86_64\bin\jimage.dll
Event: 0.596 Attempting to load shared library c:\Users\jeeho\.vscode\extensions\redhat.java-1.56.0-win32-x64\jre\21.0.12.1-win32-x86_64\bin\verify.dll
Event: 0.605 Loaded shared library c:\Users\jeeho\.vscode\extensions\redhat.java-1.56.0-win32-x64\jre\21.0.12.1-win32-x86_64\bin\verify.dll
Event: 15.121 Attempting to load shared library C:\Users\jeeho\AppData\Roaming\Code\User\globalStorage\redhat.java\1.56.0\config_win\org.eclipse.equinox.launcher\org.eclipse.equinox.launcher.win32.win32.x86_64_1.3.100.v20260804-1928\eclipse_11924.dll
Event: 15.148 Loaded shared library C:\Users\jeeho\AppData\Roaming\Code\User\globalStorage\redhat.java\1.56.0\config_win\org.eclipse.equinox.launcher\org.eclipse.equinox.launcher.win32.win32.x86_64_1.3.100.v20260804-1928\eclipse_11924.dll
Event: 25.215 Attempting to load shared library C:\Users\jeeho\AppData\Local\Temp\jna-101002513\jna5469854069527509893.dll
Event: 25.374 Loaded shared library C:\Users\jeeho\AppData\Local\Temp\jna-101002513\jna5469854069527509893.dll

Deoptimization events (20 events):
Event: 31.001 Thread 0x000001d46425ab60 Uncommon trap: trap_request=0xffffffde fr.pc=0x000001d410fe60b8 relative=0x00000000000000f8
Event: 31.001 Thread 0x000001d46425ab60 Uncommon trap: reason=class_check action=maybe_recompile pc=0x000001d410fe60b8 method=java.lang.Character.codePointAt(Ljava/lang/CharSequence;I)I @ 2 c2
Event: 31.001 Thread 0x000001d46425ab60 DEOPT PACKING pc=0x000001d410fe60b8 sp=0x000000569eefe400
Event: 31.001 Thread 0x000001d46425ab60 DEOPT UNPACKING pc=0x000001d4108f3aa2 sp=0x000000569eefe388 mode 2
Event: 31.001 Thread 0x000001d46425ab60 Uncommon trap: trap_request=0xffffffde fr.pc=0x000001d410fe60b8 relative=0x00000000000000f8
Event: 31.001 Thread 0x000001d46425ab60 Uncommon trap: reason=class_check action=maybe_recompile pc=0x000001d410fe60b8 method=java.lang.Character.codePointAt(Ljava/lang/CharSequence;I)I @ 2 c2
Event: 31.001 Thread 0x000001d46425ab60 DEOPT PACKING pc=0x000001d410fe60b8 sp=0x000000569eefe400
Event: 31.001 Thread 0x000001d46425ab60 DEOPT UNPACKING pc=0x000001d4108f3aa2 sp=0x000000569eefe388 mode 2
Event: 31.001 Thread 0x000001d46425ab60 Uncommon trap: trap_request=0xffffffde fr.pc=0x000001d410fe60b8 relative=0x00000000000000f8
Event: 31.001 Thread 0x000001d46425ab60 Uncommon trap: reason=class_check action=maybe_recompile pc=0x000001d410fe60b8 method=java.lang.Character.codePointAt(Ljava/lang/CharSequence;I)I @ 2 c2
Event: 31.001 Thread 0x000001d46425ab60 DEOPT PACKING pc=0x000001d410fe60b8 sp=0x000000569eefe400
Event: 31.001 Thread 0x000001d46425ab60 DEOPT UNPACKING pc=0x000001d4108f3aa2 sp=0x000000569eefe388 mode 2
Event: 31.001 Thread 0x000001d46425ab60 Uncommon trap: trap_request=0xffffffde fr.pc=0x000001d410fc9d0c relative=0x000000000000038c
Event: 31.001 Thread 0x000001d46425ab60 Uncommon trap: reason=class_check action=maybe_recompile pc=0x000001d410fc9d0c method=java.util.regex.Pattern$BmpCharPropertyGreedy.match(Ljava/util/regex/Matcher;ILjava/lang/CharSequence;)Z @ 21 c2
Event: 31.001 Thread 0x000001d46425ab60 DEOPT PACKING pc=0x000001d410fc9d0c sp=0x000000569eefe330
Event: 31.001 Thread 0x000001d46425ab60 DEOPT UNPACKING pc=0x000001d4108f3aa2 sp=0x000000569eefe2e0 mode 2
Event: 31.001 Thread 0x000001d46425ab60 Uncommon trap: trap_request=0xffffffde fr.pc=0x000001d410fc9d0c relative=0x000000000000038c
Event: 31.001 Thread 0x000001d46425ab60 Uncommon trap: reason=class_check action=maybe_recompile pc=0x000001d410fc9d0c method=java.util.regex.Pattern$BmpCharPropertyGreedy.match(Ljava/util/regex/Matcher;ILjava/lang/CharSequence;)Z @ 21 c2
Event: 31.001 Thread 0x000001d46425ab60 DEOPT PACKING pc=0x000001d410fc9d0c sp=0x000000569eefe230
Event: 31.001 Thread 0x000001d46425ab60 DEOPT UNPACKING pc=0x000001d4108f3aa2 sp=0x000000569eefe1c0 mode 2

Classes loaded (20 events):
Event: 30.906 Loading class java/lang/invoke/MethodHandleImpl$Makers$1
Event: 30.906 Loading class java/lang/invoke/MethodHandleImpl$Makers$1 done
Event: 30.907 Loading class java/lang/invoke/MethodHandleImpl$Makers$2
Event: 30.907 Loading class java/lang/invoke/MethodHandleImpl$Makers$2 done
Event: 30.907 Loading class java/lang/invoke/MethodHandleImpl$Makers$3
Event: 30.907 Loading class java/lang/invoke/MethodHandleImpl$Makers$3 done
Event: 30.920 Loading class java/lang/runtime/ObjectMethods$1
Event: 30.920 Loading class java/lang/runtime/ObjectMethods$1 done
Event: 30.956 Loading class java/lang/invoke/MethodHandleImpl$CountingWrapper
Event: 30.956 Loading class java/lang/invoke/MethodHandleImpl$CountingWrapper done
Event: 30.999 Loading class java/io/FileReader
Event: 30.999 Loading class java/io/FileReader done
Event: 31.151 Loading class java/util/concurrent/atomic/AtomicReferenceFieldUpdater
Event: 31.151 Loading class java/util/concurrent/atomic/AtomicReferenceFieldUpdater done
Event: 31.151 Loading class java/util/concurrent/atomic/AtomicReferenceFieldUpdater$AtomicReferenceFieldUpdaterImpl
Event: 31.152 Loading class java/util/concurrent/atomic/AtomicReferenceFieldUpdater$AtomicReferenceFieldUpdaterImpl done
Event: 31.152 Loading class java/util/concurrent/atomic/AtomicReferenceFieldUpdater$AtomicReferenceFieldUpdaterImpl$1
Event: 31.152 Loading class java/util/concurrent/atomic/AtomicReferenceFieldUpdater$AtomicReferenceFieldUpdaterImpl$1 done
Event: 31.541 Loading class java/io/FilterReader
Event: 31.541 Loading class java/io/FilterReader done

Classes unloaded (7 events):
Event: 29.716 Thread 0x000001d40622eb50 Unloading class 0x000001d41e1b1000 'java/lang/invoke/LambdaForm$MH+0x000001d41e1b1000'
Event: 29.716 Thread 0x000001d40622eb50 Unloading class 0x000001d41e1b0c00 'java/lang/invoke/LambdaForm$MH+0x000001d41e1b0c00'
Event: 29.716 Thread 0x000001d40622eb50 Unloading class 0x000001d41e1b0800 'java/lang/invoke/LambdaForm$MH+0x000001d41e1b0800'
Event: 29.716 Thread 0x000001d40622eb50 Unloading class 0x000001d41e1b0400 'java/lang/invoke/LambdaForm$MH+0x000001d41e1b0400'
Event: 29.716 Thread 0x000001d40622eb50 Unloading class 0x000001d41e1b0000 'java/lang/invoke/LambdaForm$BMH+0x000001d41e1b0000'
Event: 29.716 Thread 0x000001d40622eb50 Unloading class 0x000001d41e1afc00 'java/lang/invoke/LambdaForm$DMH+0x000001d41e1afc00'
Event: 29.716 Thread 0x000001d40622eb50 Unloading class 0x000001d41e1aec00 'java/lang/invoke/LambdaForm$DMH+0x000001d41e1aec00'

Classes redefined (0 events):
No events

Internal exceptions (20 events):
Event: 27.349 Thread 0x000001d464258400 Exception <a 'java/lang/NoSuchMethodError'{0x00000000d6df5468}: 'java.lang.Object java.lang.invoke.Invokers$Holder.linkToTargetMethod(java.lang.Object, long, java.lang.Object, java.lang.Object)'> (0x00000000d6df5468) 
thrown [s\src\hotspot\share\interpreter\linkResolver.cpp, line 773]
Event: 28.355 Thread 0x000001d464258400 Exception <a 'java/io/FileNotFoundException'{0x00000000d5e22130}> (0x00000000d5e22130) 
thrown [s\src\hotspot\share\prims\jni.cpp, line 520]
Event: 28.361 Thread 0x000001d464258400 Exception <a 'java/lang/NoSuchMethodError'{0x00000000d5e2aaa8}: 'java.lang.Object java.lang.invoke.DirectMethodHandle$Holder.newInvokeSpecial(java.lang.Object, int, java.lang.Object, java.lang.Object)'> (0x00000000d5e2aaa8) 
thrown [s\src\hotspot\share\interpreter\linkResolver.cpp, line 773]
Event: 29.357 Thread 0x000001d464258400 Exception <a 'java/lang/NoSuchMethodError'{0x00000000d66e0b98}: 'long java.lang.invoke.Invokers$Holder.invokeExact_MT(java.lang.Object, java.lang.Object)'> (0x00000000d66e0b98) 
thrown [s\src\hotspot\share\interpreter\linkResolver.cpp, line 773]
Event: 30.072 Thread 0x000001d464258400 Exception <a 'java/lang/NoSuchMethodError'{0x00000000d5a5f210}: 'double java.lang.invoke.DirectMethodHandle$Holder.invokeStatic(java.lang.Object, java.lang.Object)'> (0x00000000d5a5f210) 
thrown [s\src\hotspot\share\interpreter\linkResolver.cpp, line 773]
Event: 30.073 Thread 0x000001d464258400 Exception <a 'java/lang/NoSuchMethodError'{0x00000000d5a628a0}: 'double java.lang.invoke.DirectMethodHandle$Holder.invokeStaticInit(java.lang.Object, java.lang.Object)'> (0x00000000d5a628a0) 
thrown [s\src\hotspot\share\interpreter\linkResolver.cpp, line 773]
Event: 30.902 Thread 0x000001d46425ab60 Exception <a 'java/lang/NoSuchMethodError'{0x00000000d5ac4430}: 'java.lang.Object java.lang.invoke.DirectMethodHandle$Holder.invokeStaticInit(java.lang.Object, java.lang.Object, java.lang.Object, java.lang.Object, java.lang.Object, java.lang.Object, java.lang.Object)'> (0x00000000d5ac4430) 
thrown [s\src\hotspot\share\interpreter\linkResolver.cpp, line 773]
Event: 30.905 Thread 0x000001d46425ab60 Exception <a 'java/lang/NoSuchMethodError'{0x00000000d5ac8c08}: 'java.lang.Object java.lang.invoke.Invokers$Holder.invoke_MT(java.lang.Object, java.lang.Object, java.lang.Object, java.lang.Object, java.lang.Object, java.lang.Object, java.lang.Object, java.lang.Object, java.lang.Object)'> (0x00000000d5ac8c08) 
thrown [s\src\hotspot\share\interpreter\linkResolver.cpp, line 773]
Event: 30.921 Thread 0x000001d46425ab60 Exception <a 'java/lang/NoSuchMethodError'{0x00000000d5b7bc38}: 'int java.lang.invoke.DirectMethodHandle$Holder.invokeVirtual(java.lang.Object, java.lang.Object, java.lang.Object)'> (0x00000000d5b7bc38) 
thrown [s\src\hotspot\share\interpreter\linkResolver.cpp, line 773]
Event: 30.922 Thread 0x000001d46425ab60 Exception <a 'java/lang/NoSuchMethodError'{0x00000000d5b7fe20}: 'int java.lang.invoke.DirectMethodHandle$Holder.invokeStaticInit(java.lang.Object, int, int)'> (0x00000000d5b7fe20) 
thrown [s\src\hotspot\share\interpreter\linkResolver.cpp, line 773]
Event: 30.925 Thread 0x000001d46425ab60 Exception <a 'java/lang/NoSuchMethodError'{0x00000000d5b87450}: 'int java.lang.invoke.DirectMethodHandle$Holder.invokeStaticInit(java.lang.Object, long, long)'> (0x00000000d5b87450) 
thrown [s\src\hotspot\share\interpreter\linkResolver.cpp, line 773]
Event: 30.928 Thread 0x000001d46425ab60 Exception <a 'java/lang/NoSuchMethodError'{0x00000000d5b8dde8}: 'int java.lang.invoke.DirectMethodHandle$Holder.invokeStaticInit(java.lang.Object, float, float)'> (0x00000000d5b8dde8) 
thrown [s\src\hotspot\share\interpreter\linkResolver.cpp, line 773]
Event: 30.931 Thread 0x000001d46425ab60 Exception <a 'java/lang/NoSuchMethodError'{0x00000000d5b94a38}: 'int java.lang.invoke.DirectMethodHandle$Holder.invokeStaticInit(java.lang.Object, double, double)'> (0x00000000d5b94a38) 
thrown [s\src\hotspot\share\interpreter\linkResolver.cpp, line 773]
Event: 30.932 Thread 0x000001d46425ab60 Exception <a 'java/lang/NoSuchMethodError'{0x00000000d5c07868}: 'int java.lang.invoke.DirectMethodHandle$Holder.invokeStatic(java.lang.Object, long)'> (0x00000000d5c07868) 
thrown [s\src\hotspot\share\interpreter\linkResolver.cpp, line 773]
Event: 30.940 Thread 0x000001d46425ab60 Exception <a 'java/lang/NoSuchMethodError'{0x00000000d5c3a840}: 'int java.lang.invoke.Invokers$Holder.linkToTargetMethod(java.lang.Object, java.lang.Object)'> (0x00000000d5c3a840) 
thrown [s\src\hotspot\share\interpreter\linkResolver.cpp, line 773]
Event: 30.946 Thread 0x000001d464257d70 Exception <a 'java/lang/NoSuchMethodError'{0x00000000d5c4a008}: 'int java.lang.invoke.DirectMethodHandle$Holder.invokeSpecial(java.lang.Object, java.lang.Object, java.lang.Object, java.lang.Object)'> (0x00000000d5c4a008) 
thrown [s\src\hotspot\share\interpreter\linkResolver.cpp, line 773]
Event: 30.952 Thread 0x000001d464257d70 Exception <a 'java/lang/NoSuchMethodError'{0x00000000d5c7fbb0}: 'java.lang.Object java.lang.invoke.DirectMethodHandle$Holder.invokeStatic(java.lang.Object, int, java.lang.Object, java.lang.Object)'> (0x00000000d5c7fbb0) 
thrown [s\src\hotspot\share\interpreter\linkResolver.cpp, line 773]
Event: 30.954 Thread 0x000001d464257d70 Exception <a 'java/lang/NoSuchMethodError'{0x00000000d5c833b0}: 'java.lang.Object java.lang.invoke.DelegatingMethodHandle$Holder.delegate(java.lang.Object, int, java.lang.Object, java.lang.Object)'> (0x00000000d5c833b0) 
thrown [s\src\hotspot\share\interpreter\linkResolver.cpp, line 773]
Event: 30.972 Thread 0x000001d464257d70 Exception <a 'java/lang/NoSuchMethodError'{0x00000000d5d0da70}: 'int java.lang.invoke.Invokers$Holder.linkToTargetMethod(java.lang.Object, java.lang.Object, java.lang.Object)'> (0x00000000d5d0da70) 
thrown [s\src\hotspot\share\interpreter\linkResolver.cpp, line 773]
Event: 31.077 Thread 0x000001d46425ab60 Exception <a 'java/lang/NoSuchMethodError'{0x00000000d60a3110}: 'java.lang.Object java.lang.invoke.DirectMethodHandle$Holder.invokeSpecialIFC(java.lang.Object, java.lang.Object, java.lang.Object, java.lang.Object)'> (0x00000000d60a3110) 
thrown [s\src\hotspot\share\interpreter\linkResolver.cpp, line 773]

ZGC Phase Switch (0 events):
No events

VM Operations (20 events):
Event: 26.387 Executing non-safepoint VM operation: HandshakeAllThreads (Deoptimize)
Event: 26.388 Executing non-safepoint VM operation: HandshakeAllThreads (Deoptimize) done
Event: 26.421 Executing non-safepoint VM operation: HandshakeAllThreads (Deoptimize)
Event: 26.421 Executing non-safepoint VM operation: HandshakeAllThreads (Deoptimize) done
Event: 26.581 Executing non-safepoint VM operation: HandshakeAllThreads (Deoptimize)
Event: 26.582 Executing non-safepoint VM operation: HandshakeAllThreads (Deoptimize) done
Event: 27.360 Executing safepoint VM operation: ParallelGCFailedAllocation (Allocation Failure)
Event: 27.382 Executing safepoint VM operation: ParallelGCFailedAllocation (Allocation Failure) done
Event: 28.386 Executing safepoint VM operation: Cleanup
Event: 28.386 Executing safepoint VM operation: Cleanup done
Event: 29.391 Executing safepoint VM operation: Cleanup
Event: 29.391 Executing safepoint VM operation: Cleanup done
Event: 29.688 Executing safepoint VM operation: CollectForMetadataAllocation (Metadata GC Threshold)
Event: 29.798 Executing safepoint VM operation: CollectForMetadataAllocation (Metadata GC Threshold) done
Event: 30.765 Executing safepoint VM operation: ParallelGCFailedAllocation (Allocation Failure)
Event: 30.769 Executing safepoint VM operation: ParallelGCFailedAllocation (Allocation Failure) done
Event: 30.958 Executing non-safepoint VM operation: HandshakeAllThreads (Deoptimize)
Event: 30.959 Executing non-safepoint VM operation: HandshakeAllThreads (Deoptimize) done
Event: 31.746 Executing safepoint VM operation: ParallelGCFailedAllocation (Allocation Failure)
Event: 31.752 Executing safepoint VM operation: ParallelGCFailedAllocation (Allocation Failure) done

Memory protections (0 events):
No events

Nmethod flushes (0 events):
No events

Events (20 events):
Event: 0.177 Thread 0x000001d40616c970 Thread added: 0x000001d45fa9ce00
Event: 0.178 Thread 0x000001d40616c970 Thread added: 0x000001d45fa9d490
Event: 0.178 Thread 0x000001d40616c970 Thread added: 0x000001d45faa0280
Event: 0.178 Thread 0x000001d40616c970 Thread added: 0x000001d45fa9db20
Event: 0.179 Thread 0x000001d40616c970 Thread added: 0x000001d45faaddb0
Event: 0.179 Thread 0x000001d40616c970 Thread added: 0x000001d45fab16f0
Event: 0.315 Thread 0x000001d40616c970 Thread added: 0x000001d45fa9f560
Event: 1.041 Thread 0x000001d40616c970 Thread added: 0x000001d45fa9eed0
Event: 11.835 Thread 0x000001d40616c970 Thread added: 0x000001d45fa9e840
Event: 15.078 Thread 0x000001d40616c970 Thread added: 0x000001d45fa9e1b0
Event: 15.429 Thread 0x000001d45fa9e1b0 Thread added: 0x000001d45fa9fbf0
Event: 15.458 Thread 0x000001d40616c970 Thread added: 0x000001d464258400
Event: 17.800 Thread 0x000001d464258400 Thread added: 0x000001d464258a90
Event: 20.715 Thread 0x000001d464258400 Thread added: 0x000001d4642576e0
Event: 23.223 Thread 0x000001d464258400 Thread added: 0x000001d464259e40
Event: 25.485 Thread 0x000001d464258400 Thread added: 0x000001d464257050
Event: 25.719 Thread 0x000001d464258400 Thread added: 0x000001d464257d70
Event: 25.853 Thread 0x000001d464258400 Thread added: 0x000001d46425ab60
Event: 30.932 Thread 0x000001d464257d70 Thread added: 0x000001d46425a4d0
Event: 31.092 Thread 0x000001d46425a4d0 Thread added: 0x000001d46425b1f0


Dynamic libraries:
0x00007ff6d40a0000 - 0x00007ff6d40ae000 	c:\Users\jeeho\.vscode\extensions\redhat.java-1.56.0-win32-x64\jre\21.0.12.1-win32-x86_64\bin\java.exe
0x00007ff89e780000 - 0x00007ff89e9e7000 	C:\WINDOWS\SYSTEM32\ntdll.dll
0x00007ff89d520000 - 0x00007ff89d5eb000 	C:\WINDOWS\System32\KERNEL32.DLL
0x00007ff89bc80000 - 0x00007ff89c082000 	C:\WINDOWS\System32\KERNELBASE.dll
0x00007ff89c340000 - 0x00007ff89c48c000 	C:\WINDOWS\System32\ucrtbase.dll
0x00007ff887920000 - 0x00007ff887938000 	c:\Users\jeeho\.vscode\extensions\redhat.java-1.56.0-win32-x64\jre\21.0.12.1-win32-x86_64\bin\jli.dll
0x00007ff89e4e0000 - 0x00007ff89e6af000 	C:\WINDOWS\System32\USER32.dll
0x00007ff89ba30000 - 0x00007ff89ba57000 	C:\WINDOWS\System32\win32u.dll
0x00007ff89cc40000 - 0x00007ff89cc6b000 	C:\WINDOWS\System32\GDI32.dll
0x00007ff89c210000 - 0x00007ff89c339000 	C:\WINDOWS\System32\gdi32full.dll
0x00007ff89b980000 - 0x00007ff89ba23000 	C:\WINDOWS\System32\msvcp_win.dll
0x00007ff887a50000 - 0x00007ff887a6e000 	c:\Users\jeeho\.vscode\extensions\redhat.java-1.56.0-win32-x64\jre\21.0.12.1-win32-x86_64\bin\VCRUNTIME140.dll
0x00007ff87f080000 - 0x00007ff87f310000 	C:\WINDOWS\WinSxS\amd64_microsoft.windows.common-controls_6595b64144ccf1df_6.0.26100.9278_none_3e0d1ba8e3303201\COMCTL32.dll
0x00007ff89d8d0000 - 0x00007ff89d979000 	C:\WINDOWS\System32\msvcrt.dll
0x00007ff89dbc0000 - 0x00007ff89dbf1000 	C:\WINDOWS\System32\IMM32.DLL
0x00007ff8960e0000 - 0x00007ff8960ec000 	c:\Users\jeeho\.vscode\extensions\redhat.java-1.56.0-win32-x64\jre\21.0.12.1-win32-x86_64\bin\vcruntime140_1.dll
0x00007ff844d90000 - 0x00007ff844e1d000 	c:\Users\jeeho\.vscode\extensions\redhat.java-1.56.0-win32-x64\jre\21.0.12.1-win32-x86_64\bin\msvcp140.dll
0x00007ff8000c0000 - 0x00007ff800e62000 	c:\Users\jeeho\.vscode\extensions\redhat.java-1.56.0-win32-x64\jre\21.0.12.1-win32-x86_64\bin\server\jvm.dll
0x00007ff89dc00000 - 0x00007ff89dcbc000 	C:\WINDOWS\System32\ADVAPI32.dll
0x00007ff89e350000 - 0x00007ff89e3f9000 	C:\WINDOWS\System32\sechost.dll
0x00007ff89c4b0000 - 0x00007ff89c5c8000 	C:\WINDOWS\System32\RPCRT4.dll
0x00007ff89d980000 - 0x00007ff89da00000 	C:\WINDOWS\System32\WS2_32.dll
0x00007ff89b7e0000 - 0x00007ff89b83e000 	C:\WINDOWS\SYSTEM32\POWRPROF.dll
0x00007ff883e70000 - 0x00007ff883ea6000 	C:\WINDOWS\SYSTEM32\WINMM.dll
0x00007ff87f4b0000 - 0x00007ff87f4bb000 	C:\WINDOWS\SYSTEM32\VERSION.dll
0x00007ff89b7c0000 - 0x00007ff89b7d5000 	C:\WINDOWS\SYSTEM32\UMPDC.dll
0x00007ff89a5b0000 - 0x00007ff89a5cb000 	C:\WINDOWS\SYSTEM32\kernel.appcore.dll
0x00007ff8960c0000 - 0x00007ff8960ca000 	c:\Users\jeeho\.vscode\extensions\redhat.java-1.56.0-win32-x64\jre\21.0.12.1-win32-x86_64\bin\jimage.dll
0x00007ff898ed0000 - 0x00007ff89911c000 	C:\WINDOWS\SYSTEM32\DBGHELP.DLL
0x00007ff89df00000 - 0x00007ff89e285000 	C:\WINDOWS\System32\combase.dll
0x00007ff89e400000 - 0x00007ff89e4d9000 	C:\WINDOWS\System32\OLEAUT32.dll
0x00007ff885300000 - 0x00007ff88533b000 	C:\WINDOWS\SYSTEM32\dbgcore.DLL
0x00007ff89c150000 - 0x00007ff89c1fc000 	C:\WINDOWS\System32\bcryptPrimitives.dll
0x00007ff891ba0000 - 0x00007ff891baf000 	c:\Users\jeeho\.vscode\extensions\redhat.java-1.56.0-win32-x64\jre\21.0.12.1-win32-x86_64\bin\instrument.dll
0x00007ff8836c0000 - 0x00007ff8836e0000 	c:\Users\jeeho\.vscode\extensions\redhat.java-1.56.0-win32-x64\jre\21.0.12.1-win32-x86_64\bin\java.dll
0x00007ff89cc70000 - 0x00007ff89d408000 	C:\WINDOWS\System32\SHELL32.dll
0x00007ff8993e0000 - 0x00007ff899c8e000 	C:\WINDOWS\SYSTEM32\windows.storage.dll
0x00007ff89d700000 - 0x00007ff89d7fb000 	C:\WINDOWS\System32\SHCORE.dll
0x00007ff89d850000 - 0x00007ff89d8b6000 	C:\WINDOWS\System32\shlwapi.dll
0x00007ff89b8a0000 - 0x00007ff89b8c9000 	C:\WINDOWS\SYSTEM32\profapi.dll
0x00007ff882690000 - 0x00007ff8826a8000 	c:\Users\jeeho\.vscode\extensions\redhat.java-1.56.0-win32-x64\jre\21.0.12.1-win32-x86_64\bin\zip.dll
0x00007ff895fb0000 - 0x00007ff895fc0000 	C:\Users\jeeho\.vscode\extensions\redhat.java-1.56.0-win32-x64\jre\21.0.12.1-win32-x86_64\bin\net.dll
0x00007ff88fb00000 - 0x00007ff88fc2a000 	C:\WINDOWS\SYSTEM32\WINHTTP.dll
0x00007ff89ac10000 - 0x00007ff89ac7c000 	C:\WINDOWS\system32\mswsock.dll
0x00007ff8825c0000 - 0x00007ff8825d6000 	C:\Users\jeeho\.vscode\extensions\redhat.java-1.56.0-win32-x64\jre\21.0.12.1-win32-x86_64\bin\nio.dll
0x00007ff889e60000 - 0x00007ff889e70000 	c:\Users\jeeho\.vscode\extensions\redhat.java-1.56.0-win32-x64\jre\21.0.12.1-win32-x86_64\bin\verify.dll
0x00007ff85ef80000 - 0x00007ff85efc5000 	C:\Users\jeeho\AppData\Roaming\Code\User\globalStorage\redhat.java\1.56.0\config_win\org.eclipse.equinox.launcher\org.eclipse.equinox.launcher.win32.win32.x86_64_1.3.100.v20260804-1928\eclipse_11924.dll
0x00007ff89dcd0000 - 0x00007ff89de6a000 	C:\WINDOWS\System32\ole32.dll
0x00007ff89af00000 - 0x00007ff89af1b000 	C:\WINDOWS\SYSTEM32\CRYPTSP.dll
0x00007ff89a5d0000 - 0x00007ff89a609000 	C:\WINDOWS\system32\rsaenh.dll
0x00007ff89acc0000 - 0x00007ff89acf4000 	C:\WINDOWS\SYSTEM32\USERENV.dll
0x00007ff89b870000 - 0x00007ff89b89a000 	C:\WINDOWS\SYSTEM32\bcrypt.dll
0x00007ff89af20000 - 0x00007ff89af2c000 	C:\WINDOWS\SYSTEM32\CRYPTBASE.dll
0x00007ff89a0b0000 - 0x00007ff89a0e3000 	C:\WINDOWS\SYSTEM32\IPHLPAPI.DLL
0x00007ff89d8c0000 - 0x00007ff89d8ca000 	C:\WINDOWS\System32\NSI.dll
0x00007ff85b300000 - 0x00007ff85b349000 	C:\Users\jeeho\AppData\Local\Temp\jna-101002513\jna5469854069527509893.dll
0x00007ff89d5f0000 - 0x00007ff89d5f8000 	C:\WINDOWS\System32\PSAPI.DLL

JVMTI agents:
c:\Users\jeeho\.vscode\extensions\redhat.java-1.56.0-win32-x64\lombok\lombok-1.18.39-4050.jar path:c:\Users\jeeho\.vscode\extensions\redhat.java-1.56.0-win32-x64\jre\21.0.12.1-win32-x86_64\bin\instrument.dll, loaded, initialized, instrumentlib options:none

dbghelp: loaded successfully - version: 4.0.5 - missing functions: none
symbol engine: initialized successfully - sym options: 0x614 - pdb path: .;c:\Users\jeeho\.vscode\extensions\redhat.java-1.56.0-win32-x64\jre\21.0.12.1-win32-x86_64\bin;C:\WINDOWS\SYSTEM32;C:\WINDOWS\WinSxS\amd64_microsoft.windows.common-controls_6595b64144ccf1df_6.0.26100.9278_none_3e0d1ba8e3303201;c:\Users\jeeho\.vscode\extensions\redhat.java-1.56.0-win32-x64\jre\21.0.12.1-win32-x86_64\bin\server;C:\Users\jeeho\AppData\Roaming\Code\User\globalStorage\redhat.java\1.56.0\config_win\org.eclipse.equinox.launcher\org.eclipse.equinox.launcher.win32.win32.x86_64_1.3.100.v20260804-1928;C:\Users\jeeho\AppData\Local\Temp\jna-101002513

VM Arguments:
jvm_args: --add-modules=ALL-SYSTEM --add-opens=java.base/java.util=ALL-UNNAMED --add-opens=java.base/java.lang=ALL-UNNAMED --add-opens=java.base/sun.nio.fs=ALL-UNNAMED -Declipse.application=org.eclipse.jdt.ls.core.id1 -Dosgi.bundles.defaultStartLevel=4 -Declipse.product=org.eclipse.jdt.ls.core.product -Djava.import.generatesMetadataFilesAtProjectRoot=false -Dm2e.project.cache.size=50 -DDetectVMInstallationsJob.disabled=true -Dfile.encoding=utf8 -XX:+UseParallelGC -XX:GCTimeRatio=4 -XX:AdaptiveSizePolicyWeight=90 -Dsun.zip.disableMemoryMapping=true -Xmx2G -Xms100m -Xlog:disable -javaagent:c:\Users\jeeho\.vscode\extensions\redhat.java-1.56.0-win32-x64\lombok\lombok-1.18.39-4050.jar -XX:+HeapDumpOnOutOfMemoryError -XX:HeapDumpPath=c:\Users\jeeho\AppData\Roaming\Code\User\workspaceStorage\7caecd79442af921e5ea7064fd4da5f2\redhat.java -Daether.dependencyCollector.impl=bf 
java_command: c:\Users\jeeho\.vscode\extensions\redhat.java-1.56.0-win32-x64\server\plugins\org.eclipse.equinox.launcher_1.8.0.v20260804-1928.jar -configuration c:\Users\jeeho\AppData\Roaming\Code\User\globalStorage\redhat.java\1.56.0\config_win -data c:\Users\jeeho\AppData\Roaming\Code\User\workspaceStorage\7caecd79442af921e5ea7064fd4da5f2\redhat.java\jdt_ws --stdio
java_class_path (initial): c:\Users\jeeho\.vscode\extensions\redhat.java-1.56.0-win32-x64\server\plugins\org.eclipse.equinox.launcher_1.8.0.v20260804-1928.jar
Launcher Type: SUN_STANDARD

[Global flags]
    uintx AdaptiveSizePolicyWeight                 = 90                                        {product} {command line}
     intx CICompilerCount                          = 4                                         {product} {ergonomic}
    uintx GCTimeRatio                              = 4                                         {product} {command line}
     bool HeapDumpOnOutOfMemoryError               = true                                   {manageable} {command line}
    ccstr HeapDumpPath                             = c:\Users\jeeho\AppData\Roaming\Code\User\workspaceStorage\7caecd79442af921e5ea7064fd4da5f2\redhat.java         {manageable} {command line}
   size_t InitialHeapSize                          = 104857600                                 {product} {command line}
   size_t MaxHeapSize                              = 2147483648                                {product} {command line}
   size_t MaxNewSize                               = 715653120                                 {product} {ergonomic}
   size_t MinHeapDeltaBytes                        = 524288                                    {product} {ergonomic}
   size_t MinHeapSize                              = 104857600                                 {product} {command line}
   size_t NewSize                                  = 34603008                                  {product} {ergonomic}
    uintx NonNMethodCodeHeapSize                   = 5839372                                {pd product} {ergonomic}
    uintx NonProfiledCodeHeapSize                  = 122909434                              {pd product} {ergonomic}
   size_t OldSize                                  = 70254592                                  {product} {ergonomic}
    uintx ProfiledCodeHeapSize                     = 122909434                              {pd product} {ergonomic}
    uintx ReservedCodeCacheSize                    = 251658240                              {pd product} {ergonomic}
     bool SegmentedCodeCache                       = true                                      {product} {ergonomic}
   size_t SoftMaxHeapSize                          = 2147483648                             {manageable} {ergonomic}
     bool UseCompressedOops                        = true                           {product lp64_product} {ergonomic}
     bool UseLargePagesIndividualAllocation        = false                                  {pd product} {ergonomic}
     bool UseParallelGC                            = true                                      {product} {command line}

Logging:
Log output configuration:
 #0: stdout all=off uptime,level,tags foldmultilines=false
 #1: stderr all=off uptime,level,tags foldmultilines=false

Release file:
JAVA_VERSION="21.0.12.1" 
MODULES="java.base java.compiler java.datatransfer java.xml java.prefs java.desktop java.instrument java.logging java.management java.security.sasl java.naming java.rmi java.management.rmi java.net.http java.scripting java.security.jgss java.transaction.xa java.sql java.sql.rowset java.xml.crypto java.se java.smartcardio jdk.accessibility jdk.internal.jvmstat jdk.attach jdk.charsets jdk.internal.opt jdk.zipfs jdk.compiler jdk.crypto.ec jdk.crypto.cryptoki jdk.crypto.mscapi jdk.dynalink jdk.internal.ed jdk.editpad jdk.hotspot.agent jdk.httpserver jdk.internal.le jdk.internal.vm.ci jdk.internal.vm.compiler jdk.internal.vm.compiler.management jdk.jartool jdk.javadoc jdk.jcmd jdk.management jdk.management.agent jdk.jconsole jdk.jdeps jdk.jdwp.agent jdk.jdi jdk.jfr jdk.jshell jdk.jsobject jdk.jstatd jdk.localedata jdk.management.jfr jdk.naming.dns jdk.naming.rmi jdk.net jdk.nio.mapmode jdk.random jdk.sctp jdk.security.auth jdk.security.jgss jdk.unsupported jdk.unsupported.desktop jdk.xml.dom" 

Environment Variables:
JAVA_HOME=C:\Program Files\Java\jdk-21.0.10
PATH=C:\Program Files\Common Files\Oracle\Java\javapath;C:\Program Files (x86)\NAT Service;C:\WINDOWS\system32;C:\WINDOWS;C:\WINDOWS\System32\Wbem;C:\WINDOWS\System32\WindowsPowerShell\v1.0\;C:\WINDOWS\System32\OpenSSH\;C:\Program Files\dotnet\;C:\Program Files\Git\cmd;C:\Program Files\Java\jdk-21.0.10\bin;C:\Program Files (x86)\Windows Kits\10\Windows Performance Toolkit\;C:\Users\jeeho\.local\bin;C:\Users\jeeho\AppData\Local\Programs\Python\Python313\Scripts\;C:\Users\jeeho\AppData\Local\Programs\Python\Python313\;C:\Users\jeeho\AppData\Local\Programs\Python\Launcher\;C:\Users\jeeho\AppData\Local\Microsoft\WindowsApps;C:\Users\jeeho\AppData\Local\Python\bin;C:\Users\jeeho\AppData\Local\SOOP;C:\Users\jeeho\AppData\Local\Programs\Microsoft VS Code\bin;C:\Users\jeeho\AppData\Local\GitHubDesktop\bin;C:\Users\jeeho\.dotnet\tools
USERNAME=jeeho
OS=Windows_NT
PROCESSOR_IDENTIFIER=Intel64 Family 6 Model 154 Stepping 4, GenuineIntel
TMP=C:\Users\jeeho\AppData\Local\Temp
TEMP=C:\Users\jeeho\AppData\Local\Temp




Periodic native trim disabled

---------------  S Y S T E M  ---------------

OS:
 Windows 11 , 64 bit Build 26100 (10.0.26100.9444)
OS uptime: 1 days 5:24 hours
Hyper-V role detected

CPU: total 12 (initial active 12) (6 cores per cpu, 2 threads per core) family 6 model 154 stepping 4 microcode 0x423, cx8, cmov, fxsr, ht, mmx, 3dnowpref, sse, sse2, sse3, ssse3, sse4.1, sse4.2, popcnt, lzcnt, tsc, tscinvbit, avx, avx2, aes, erms, clmul, bmi1, bmi2, adx, sha, fma, vzeroupper, clflush, clflushopt, clwb, hv, serialize, rdtscp, rdpid, fsrm, f16c, cet_ibt, cet_ss
Processor Information for processor 0
  Max Mhz: 1700, Current Mhz: 1700, Mhz Limit: 1700
Processor Information for processor 1
  Max Mhz: 1700, Current Mhz: 1700, Mhz Limit: 1700
Processor Information for processor 2
  Max Mhz: 1700, Current Mhz: 1700, Mhz Limit: 1700
Processor Information for processor 3
  Max Mhz: 1700, Current Mhz: 1700, Mhz Limit: 1700
Processor Information for processor 4
  Max Mhz: 1700, Current Mhz: 1200, Mhz Limit: 1190
Processor Information for processor 5
  Max Mhz: 1700, Current Mhz: 1200, Mhz Limit: 1190
Processor Information for processor 6
  Max Mhz: 1700, Current Mhz: 1200, Mhz Limit: 1190
Processor Information for processor 7
  Max Mhz: 1700, Current Mhz: 1200, Mhz Limit: 1190
Processor Information for processor 8
  Max Mhz: 1700, Current Mhz: 1200, Mhz Limit: 1190
Processor Information for processor 9
  Max Mhz: 1700, Current Mhz: 1200, Mhz Limit: 1190
Processor Information for processor 10
  Max Mhz: 1700, Current Mhz: 1200, Mhz Limit: 1190
Processor Information for processor 11
  Max Mhz: 1700, Current Mhz: 1200, Mhz Limit: 1190

Memory: 4k page, system-wide physical 7893M (95M free)
TotalPageFile size 32469M (AvailPageFile size 3M)
current process WorkingSet (physical memory assigned to process): 146M, peak: 148M
current process commit charge ("private bytes"): 295M, peak: 297M

vm_info: OpenJDK 64-Bit Server VM (21.0.12.1+1-LTS) for windows-amd64 JRE (21.0.12.1+1-LTS), built on 2026-08-18T00:00:00Z by "admin" with MS VC++ 17.12 (VS2022)

END.
