#
# There is insufficient memory for the Java Runtime Environment to continue.
# Native memory allocation (malloc) failed to allocate 131088 bytes. Error detail: Chunk::new
# Possible reasons:
#   The system is out of physical RAM or swap space
#   This process is running with CompressedOops enabled, and the Java Heap may be blocking the growth of the native heap
# Possible solutions:
#   Reduce memory load on the system
#   Increase physical memory or swap space
#   Check if swap backing store is full
#   Decrease Java heap size (-Xmx/-Xms)
#   Decrease number of Java threads
#   Decrease Java thread stack sizes (-Xss)
#   Set larger code cache with -XX:ReservedCodeCacheSize=
#   JVM is running with Unscaled Compressed Oops mode in which the Java heap is
#     placed in the first 4GB address space. The Java Heap base address is the
#     maximum limit for the native heap growth. Please use -XX:HeapBaseMinAddress
#     to set the Java Heap base and to place the Java Heap above 4GB virtual address.
# This output file may be truncated or incomplete.
#
#  Out of Memory Error (arena.cpp:168), pid=28444, tid=37528
#
# JRE version: OpenJDK Runtime Environment Temurin-21.0.12.1+1 (21.0.12.1+1) (build 21.0.12.1+1-LTS)
# Java VM: OpenJDK 64-Bit Server VM Temurin-21.0.12.1+1 (21.0.12.1+1-LTS, mixed mode, sharing, tiered, compressed oops, compressed class ptrs, parallel gc, windows-amd64)
# No core dump will be written. Minidumps are not enabled by default on client versions of Windows
#

---------------  S U M M A R Y ------------

Command Line: --add-modules=ALL-SYSTEM --add-opens=java.base/java.util=ALL-UNNAMED --add-opens=java.base/java.lang=ALL-UNNAMED --add-opens=java.base/sun.nio.fs=ALL-UNNAMED -Declipse.application=org.eclipse.jdt.ls.core.id1 -Dosgi.bundles.defaultStartLevel=4 -Declipse.product=org.eclipse.jdt.ls.core.product -Djava.import.generatesMetadataFilesAtProjectRoot=false -Dm2e.project.cache.size=50 -DDetectVMInstallationsJob.disabled=true -Dfile.encoding=utf8 -XX:+UseParallelGC -XX:GCTimeRatio=4 -XX:AdaptiveSizePolicyWeight=90 -Dsun.zip.disableMemoryMapping=true -Xmx2G -Xms100m -Xlog:disable -javaagent:c:\Users\jeeho\.vscode\extensions\redhat.java-1.56.0-win32-x64\lombok\lombok-1.18.39-4050.jar -XX:+HeapDumpOnOutOfMemoryError -XX:HeapDumpPath=c:\Users\jeeho\AppData\Roaming\Code\User\workspaceStorage\7caecd79442af921e5ea7064fd4da5f2\redhat.java -Daether.dependencyCollector.impl=bf c:\Users\jeeho\.vscode\extensions\redhat.java-1.56.0-win32-x64\server\plugins\org.eclipse.equinox.launcher_1.8.0.v20260804-1928.jar -configuration c:\Users\jeeho\AppData\Roaming\Code\User\globalStorage\redhat.java\1.56.0\config_win -data c:\Users\jeeho\AppData\Roaming\Code\User\workspaceStorage\7caecd79442af921e5ea7064fd4da5f2\redhat.java\jdt_ws --stdio

Host: 12th Gen Intel(R) Core(TM) i7-1255U, 12 cores, 7G,  Windows 11 , 64 bit Build 26100 (10.0.26100.9444)
Time: Mon Sep 21 22:50:45 2026 elapsed time: 21.858973 seconds (0d 0h 0m 21s)

---------------  T H R E A D  ---------------

Current thread (0x00000196f0c0d850):  JavaThread "C2 CompilerThread0" daemon [_thread_in_native, id=37528, stack(0x000000072cf00000,0x000000072d000000) (1024K)]


Current CompileTask:
C2:21859 4289       4       org.lombokweb.asm.ClassReader::readMethod (1070 bytes)

Stack: [0x000000072cf00000,0x000000072d000000]
Native frames: (J=compiled Java code, j=interpreted, Vv=VM code, C=native code)
V  [jvm.dll+0x6d83e9]
V  [jvm.dll+0x8b5736]
V  [jvm.dll+0x8b7cee]
V  [jvm.dll+0x8b83d3]
V  [jvm.dll+0x284596]
V  [jvm.dll+0xc685d]
V  [jvm.dll+0xc6da1]
V  [jvm.dll+0xc6985]
V  [jvm.dll+0x144157]
V  [jvm.dll+0x22eb6b]
V  [jvm.dll+0x1e3cd2]
V  [jvm.dll+0x24c853]
V  [jvm.dll+0x24bce0]
V  [jvm.dll+0x1cb4ae]
V  [jvm.dll+0x25baad]
V  [jvm.dll+0x25a03a]
V  [jvm.dll+0x3f8aae]
V  [jvm.dll+0x8600cd]
V  [jvm.dll+0x6d6c1d]
C  [ucrtbase.dll+0x2cd30]
C  [KERNEL32.DLL+0x2cd87]
C  [ntdll.dll+0xacaec]


---------------  P R O C E S S  ---------------

Threads class SMR info:
_java_thread_list=0x00000196f0c567a0, length=23, elements={
0x000001969721c880, 0x00000196adccc3c0, 0x00000196adcce900, 0x00000196f0bf70b0,
0x00000196f0bf81f0, 0x00000196f0bfd950, 0x00000196f0c06f60, 0x00000196f0c0d850,
0x00000196f0c11a40, 0x00000196f0dfdc20, 0x00000196f0fc04d0, 0x00000196f568ae70,
0x00000196f57a86f0, 0x00000196f5643bc0, 0x00000196f5644230, 0x00000196f5b5bf10,
0x00000196f55ea910, 0x00000196f50e7a70, 0x00000196f0dbbc40, 0x00000196f0dbdd10,
0x00000196f0dbe3a0, 0x00000196f0dbb5b0, 0x00000196f0dbaf20
}

Java Threads: ( => current thread )
  0x000001969721c880 JavaThread "main"                              [_thread_blocked, id=20432, stack(0x000000072c500000,0x000000072c600000) (1024K)]
  0x00000196adccc3c0 JavaThread "Reference Handler"          daemon [_thread_blocked, id=27684, stack(0x000000072c900000,0x000000072ca00000) (1024K)]
  0x00000196adcce900 JavaThread "Finalizer"                  daemon [_thread_blocked, id=18908, stack(0x000000072ca00000,0x000000072cb00000) (1024K)]
  0x00000196f0bf70b0 JavaThread "Signal Dispatcher"          daemon [_thread_blocked, id=27092, stack(0x000000072cb00000,0x000000072cc00000) (1024K)]
  0x00000196f0bf81f0 JavaThread "Attach Listener"            daemon [_thread_blocked, id=13964, stack(0x000000072cc00000,0x000000072cd00000) (1024K)]
  0x00000196f0bfd950 JavaThread "Service Thread"             daemon [_thread_blocked, id=33976, stack(0x000000072cd00000,0x000000072ce00000) (1024K)]
  0x00000196f0c06f60 JavaThread "Monitor Deflation Thread"   daemon [_thread_blocked, id=26424, stack(0x000000072ce00000,0x000000072cf00000) (1024K)]
=>0x00000196f0c0d850 JavaThread "C2 CompilerThread0"         daemon [_thread_in_native, id=37528, stack(0x000000072cf00000,0x000000072d000000) (1024K)]
  0x00000196f0c11a40 JavaThread "C1 CompilerThread0"         daemon [_thread_blocked, id=41164, stack(0x000000072d000000,0x000000072d100000) (1024K)]
  0x00000196f0dfdc20 JavaThread "Common-Cleaner"             daemon [_thread_blocked, id=25956, stack(0x000000072d100000,0x000000072d200000) (1024K)]
  0x00000196f0fc04d0 JavaThread "Notification Thread"        daemon [_thread_blocked, id=32092, stack(0x000000072d200000,0x000000072d300000) (1024K)]
  0x00000196f568ae70 JavaThread "Active Thread: Equinox Container: fa37feac-2327-41d8-ba8d-12b5423b8338"        [_thread_blocked, id=38368, stack(0x000000072d900000,0x000000072da00000) (1024K)]
  0x00000196f57a86f0 JavaThread "Refresh Thread: Equinox Container: fa37feac-2327-41d8-ba8d-12b5423b8338" daemon [_thread_blocked, id=11216, stack(0x000000072db00000,0x000000072dc00000) (1024K)]
  0x00000196f5643bc0 JavaThread "Framework Event Dispatcher: Equinox Container: fa37feac-2327-41d8-ba8d-12b5423b8338" daemon [_thread_blocked, id=36032, stack(0x000000072dc00000,0x000000072dd00000) (1024K)]
  0x00000196f5644230 JavaThread "Start Level: Equinox Container: fa37feac-2327-41d8-ba8d-12b5423b8338" daemon [_thread_in_Java, id=33772, stack(0x000000072dd00000,0x000000072de00000) (1024K)]
  0x00000196f5b5bf10 JavaThread "Bundle File Closer"         daemon [_thread_blocked, id=14788, stack(0x000000072e000000,0x000000072e100000) (1024K)]
  0x00000196f55ea910 JavaThread "SCR Component Actor"        daemon [_thread_blocked, id=37756, stack(0x000000072e100000,0x000000072e200000) (1024K)]
  0x00000196f50e7a70 JavaThread "Worker-JM"                         [_thread_blocked, id=28996, stack(0x000000072e200000,0x000000072e300000) (1024K)]
  0x00000196f0dbbc40 JavaThread "JNA Cleaner"                daemon [_thread_blocked, id=15344, stack(0x000000072e300000,0x000000072e400000) (1024K)]
  0x00000196f0dbdd10 JavaThread "Worker-0: Repository registry initialization"        [_thread_in_Java, id=27784, stack(0x000000072e400000,0x000000072e500000) (1024K)]
  0x00000196f0dbe3a0 JavaThread "Worker-1"                          [_thread_blocked, id=12320, stack(0x000000072e500000,0x000000072e600000) (1024K)]
  0x00000196f0dbb5b0 JavaThread "Worker-2"                          [_thread_blocked, id=37188, stack(0x000000072e600000,0x000000072e700000) (1024K)]
  0x00000196f0dbaf20 JavaThread "Worker-3"                          [_thread_blocked, id=22920, stack(0x000000072e700000,0x000000072e800000) (1024K)]
Total: 23

Other Threads:
  0x00000196972de8f0 VMThread "VM Thread"                           [id=13772, stack(0x000000072c800000,0x000000072c900000) (1024K)]
  0x00000196adbaca00 WatcherThread "VM Periodic Task Thread"        [id=14552, stack(0x000000072c700000,0x000000072c800000) (1024K)]
  0x000001969723b010 WorkerThread "GC Thread#0"                     [id=15732, stack(0x000000072c600000,0x000000072c700000) (1024K)]
  0x00000196f5246970 WorkerThread "GC Thread#1"                     [id=41312, stack(0x000000072d300000,0x000000072d400000) (1024K)]
  0x00000196f5247120 WorkerThread "GC Thread#2"                     [id=34332, stack(0x000000072d400000,0x000000072d500000) (1024K)]
  0x00000196f51fa6c0 WorkerThread "GC Thread#3"                     [id=35012, stack(0x000000072d500000,0x000000072d600000) (1024K)]
  0x00000196f51faa70 WorkerThread "GC Thread#4"                     [id=33600, stack(0x000000072d600000,0x000000072d700000) (1024K)]
  0x00000196f51f46c0 WorkerThread "GC Thread#5"                     [id=37584, stack(0x000000072d700000,0x000000072d800000) (1024K)]
  0x00000196f51f4a70 WorkerThread "GC Thread#6"                     [id=41076, stack(0x000000072d800000,0x000000072d900000) (1024K)]
  0x00000196f5621c80 WorkerThread "GC Thread#7"                     [id=14996, stack(0x000000072da00000,0x000000072db00000) (1024K)]
  0x00000196f5b8ec90 WorkerThread "GC Thread#8"                     [id=31704, stack(0x000000072de00000,0x000000072df00000) (1024K)]
  0x00000196f57f9b80 WorkerThread "GC Thread#9"                     [id=8084, stack(0x000000072df00000,0x000000072e000000) (1024K)]
Total: 12

Threads with active compile tasks:
C2 CompilerThread0  21973 4289       4       org.lombokweb.asm.ClassReader::readMethod (1070 bytes)
Total: 1

VM state: not at safepoint (normal execution)

VM Mutex/Monitor currently owned by a thread: None

OutOfMemory and StackOverflow Exception counts:
OutOfMemoryError java_heap_errors=1
LinkageErrors=80

Heap address: 0x0000000080000000, size: 2048 MB, Compressed Oops mode: 32-bit

CDS archive(s) mapped at: [0x00000196ae000000-0x00000196aeba0000-0x00000196aeba0000), size 12189696, SharedBaseAddress: 0x00000196ae000000, ArchiveRelocationMode: 1.
Compressed class space mapped at: 0x00000196af000000-0x00000196ef000000, reserved size: 1073741824
Narrow klass base: 0x00000196ae000000, Narrow klass shift: 0, Narrow klass range: 0x100000000

GC Precious Log:
 CardTable entry size: 512
 CPUs: 12 total, 12 available
 Memory: 7893M
 Large Page Support: Disabled
 NUMA Support: Disabled
 Compressed Oops: Enabled (32-bit)
 Alignments: Space 512K, Generation 512K, Heap 2M
 Heap Min Capacity: 100M
 Heap Initial Capacity: 100M
 Heap Max Capacity: 2G
 Pre-touch: Disabled
 Parallel Workers: 10

Heap:
 PSYoungGen      total 26624K, used 11187K [0x00000000d5580000, 0x00000000d7280000, 0x0000000100000000)
  eden space 23040K, 44% used [0x00000000d5580000,0x00000000d5f9f858,0x00000000d6c00000)
  from space 3584K, 23% used [0x00000000d6c80000,0x00000000d6d53360,0x00000000d7000000)
  to   space 2048K, 0% used [0x00000000d7080000,0x00000000d7080000,0x00000000d7280000)
 ParOldGen       total 68608K, used 16354K [0x0000000080000000, 0x0000000084300000, 0x00000000d5580000)
  object space 68608K, 23% used [0x0000000080000000,0x0000000080ff8b90,0x0000000084300000)
 Metaspace       used 31184K, committed 32256K, reserved 1114112K
  class space    used 3199K, committed 3648K, reserved 1048576K

Card table byte_map: [0x0000019696bd0000,0x0000019696fe0000] _byte_map_base: 0x00000196967d0000

Marking Bits: (ParMarkBitMap*) 0x00007ff800d844a0
 Begin Bits: [0x00000196a96d0000, 0x00000196ab6d0000)
 End Bits:   [0x00000196ab6d0000, 0x00000196ad6d0000)

Polling page: 0x0000019695100000

Metaspace:

Usage:
  Non-class:     27.33 MB used.
      Class:      3.12 MB used.
       Both:     30.45 MB used.

Virtual space:
  Non-class space:       64.00 MB reserved,      27.94 MB ( 44%) committed,  1 nodes.
      Class space:        1.00 GB reserved,       3.56 MB ( <1%) committed,  1 nodes.
             Both:        1.06 GB reserved,      31.50 MB (  3%) committed. 

Chunk freelists:
   Non-Class:  4.11 MB
       Class:  12.46 MB
        Both:  16.57 MB

MaxMetaspaceSize: unlimited
CompressedClassSpaceSize: 1.00 GB
Initial GC threshold: 21.00 MB
Current GC threshold: 35.00 MB
CDS: on
 - commit_granule_bytes: 65536.
 - commit_granule_words: 8192.
 - virtual_space_node_default_size: 8388608.
 - enlarge_chunks_in_place: 1.
 - use_allocation_guard: 0.


Internal statistics:

num_allocs_failed_limit: 3.
num_arena_births: 726.
num_arena_deaths: 14.
num_vsnodes_births: 2.
num_vsnodes_deaths: 0.
num_space_committed: 504.
num_space_uncommitted: 0.
num_chunks_returned_to_freelist: 17.
num_chunks_taken_from_freelist: 2088.
num_chunk_merges: 7.
num_chunk_splits: 1287.
num_chunks_enlarged: 725.
num_inconsistent_stats: 0.

CodeHeap 'non-profiled nmethods': size=120000Kb used=1995Kb max_used=1995Kb free=118005Kb
 bounds [0x00000196a1ef0000, 0x00000196a2160000, 0x00000196a9420000]
CodeHeap 'profiled nmethods': size=120000Kb used=9590Kb max_used=9590Kb free=110410Kb
 bounds [0x000001969a420000, 0x000001969ad80000, 0x00000196a1950000]
CodeHeap 'non-nmethods': size=5760Kb used=1345Kb max_used=1393Kb free=4414Kb
 bounds [0x00000196a1950000, 0x00000196a1bc0000, 0x00000196a1ef0000]
CodeCache: size=245760Kb, used=12930Kb, max_used=12978Kb, free=232829Kb
 total_blobs=5050, nmethods=4413, adapters=543, full_count=0
Compilation: enabled, stopped_count=0, restarted_count=0

Compilation events (20 events):
Event: 21.754 Thread 0x00000196f0c11a40 4378       1       com.google.common.cache.LocalCache$StrongValueReference::get (5 bytes)
Event: 21.754 Thread 0x00000196f0c11a40 nmethod 4378 0x00000196a20e1710 code [0x00000196a20e18a0, 0x00000196a20e1968]
Event: 21.757 Thread 0x00000196f0c11a40 4379       3       java.util.Spliterators$ArraySpliterator::forEachRemaining (68 bytes)
Event: 21.757 Thread 0x00000196f0c11a40 nmethod 4379 0x000001969ad5c310 code [0x000001969ad5c4e0, 0x000001969ad5c938]
Event: 21.757 Thread 0x00000196f0c11a40 4380       3       com.google.inject.internal.MoreTypes::isFullySpecified (48 bytes)
Event: 21.758 Thread 0x00000196f0c11a40 nmethod 4380 0x000001969ad5cb10 code [0x000001969ad5cd40, 0x000001969ad5d628]
Event: 21.758 Thread 0x00000196f0c11a40 4381       3       com.google.inject.internal.MoreTypes::canonicalizeForKey (103 bytes)
Event: 21.759 Thread 0x00000196f0c11a40 nmethod 4381 0x000001969ad5d790 code [0x000001969ad5daa0, 0x000001969ad5ea88]
Event: 21.762 Thread 0x00000196f0c11a40 4382       3       sun.reflect.annotation.AnnotatedTypeFactory::isArray (32 bytes)
Event: 21.763 Thread 0x00000196f0c11a40 nmethod 4382 0x000001969ad5f010 code [0x000001969ad5f1e0, 0x000001969ad5f6e8]
Event: 21.810 Thread 0x00000196f0c11a40 4383       3       jdk.internal.misc.InternalLock::<init> (16 bytes)
Event: 21.812 Thread 0x00000196f0c11a40 nmethod 4383 0x000001969ad5f810 code [0x000001969ad5fa00, 0x000001969ad5fef0]
Event: 21.816 Thread 0x00000196f0c11a40 4384       3       com.sun.org.apache.xerces.internal.impl.XMLDocumentFragmentScannerImpl::getPropertyDefault (36 bytes)
Event: 21.816 Thread 0x00000196f0c11a40 nmethod 4384 0x000001969ad60110 code [0x000001969ad602e0, 0x000001969ad60570]
Event: 21.816 Thread 0x00000196f0c11a40 4385   !   3       com.sun.org.apache.xerces.internal.parsers.XML11Configuration::setFeature (143 bytes)
Event: 21.817 Thread 0x00000196f0c11a40 nmethod 4385 0x000001969ad60690 code [0x000001969ad60960, 0x000001969ad619a0]
Event: 21.818 Thread 0x00000196f0c11a40 4386       3       java.io.BufferedReader::readLine (7 bytes)
Event: 21.819 Thread 0x00000196f0c11a40 nmethod 4386 0x000001969ad61d90 code [0x000001969ad61f40, 0x000001969ad620a8]
Event: 21.819 Thread 0x00000196f0c11a40 4387   !   3       java.io.BufferedReader::readLine (72 bytes)
Event: 21.821 Thread 0x00000196f0c11a40 nmethod 4387 0x000001969ad62190 code [0x000001969ad62420, 0x000001969ad63258]

GC Heap History (20 events):
Event: 6.381 GC heap before
{Heap before GC invocations=3 (full 0):
 PSYoungGen      total 29696K, used 29695K [0x00000000d5580000, 0x00000000d7680000, 0x0000000100000000)
  eden space 25600K, 99% used [0x00000000d5580000,0x00000000d6e7feb0,0x00000000d6e80000)
  from space 4096K, 99% used [0x00000000d7280000,0x00000000d767fe20,0x00000000d7680000)
  to   space 4096K, 0% used [0x00000000d6e80000,0x00000000d6e80000,0x00000000d7280000)
 ParOldGen       total 68608K, used 2181K [0x0000000080000000, 0x0000000084300000, 0x00000000d5580000)
  object space 68608K, 3% used [0x0000000080000000,0x00000000802216b8,0x0000000084300000)
 Metaspace       used 9532K, committed 9856K, reserved 1114112K
  class space    used 1015K, committed 1152K, reserved 1048576K
}
Event: 6.392 GC heap after
{Heap after GC invocations=3 (full 0):
 PSYoungGen      total 29696K, used 4076K [0x00000000d5580000, 0x00000000d7680000, 0x0000000100000000)
  eden space 25600K, 0% used [0x00000000d5580000,0x00000000d5580000,0x00000000d6e80000)
  from space 4096K, 99% used [0x00000000d6e80000,0x00000000d727b3c8,0x00000000d7280000)
  to   space 4096K, 0% used [0x00000000d7280000,0x00000000d7280000,0x00000000d7680000)
 ParOldGen       total 68608K, used 4905K [0x0000000080000000, 0x0000000084300000, 0x00000000d5580000)
  object space 68608K, 7% used [0x0000000080000000,0x00000000804ca520,0x0000000084300000)
 Metaspace       used 9532K, committed 9856K, reserved 1114112K
  class space    used 1015K, committed 1152K, reserved 1048576K
}
Event: 9.676 GC heap before
{Heap before GC invocations=4 (full 0):
 PSYoungGen      total 29696K, used 29676K [0x00000000d5580000, 0x00000000d7680000, 0x0000000100000000)
  eden space 25600K, 100% used [0x00000000d5580000,0x00000000d6e80000,0x00000000d6e80000)
  from space 4096K, 99% used [0x00000000d6e80000,0x00000000d727b3c8,0x00000000d7280000)
  to   space 4096K, 0% used [0x00000000d7280000,0x00000000d7280000,0x00000000d7680000)
 ParOldGen       total 68608K, used 4905K [0x0000000080000000, 0x0000000084300000, 0x00000000d5580000)
  object space 68608K, 7% used [0x0000000080000000,0x00000000804ca520,0x0000000084300000)
 Metaspace       used 11665K, committed 12096K, reserved 1114112K
  class space    used 1229K, committed 1408K, reserved 1048576K
}
Event: 9.685 GC heap after
{Heap after GC invocations=4 (full 0):
 PSYoungGen      total 29696K, used 4083K [0x00000000d5580000, 0x00000000d7680000, 0x0000000100000000)
  eden space 25600K, 0% used [0x00000000d5580000,0x00000000d5580000,0x00000000d6e80000)
  from space 4096K, 99% used [0x00000000d7280000,0x00000000d767ce88,0x00000000d7680000)
  to   space 4096K, 0% used [0x00000000d6e80000,0x00000000d6e80000,0x00000000d7280000)
 ParOldGen       total 68608K, used 6955K [0x0000000080000000, 0x0000000084300000, 0x00000000d5580000)
  object space 68608K, 10% used [0x0000000080000000,0x00000000806cac18,0x0000000084300000)
 Metaspace       used 11665K, committed 12096K, reserved 1114112K
  class space    used 1229K, committed 1408K, reserved 1048576K
}
Event: 14.146 GC heap before
{Heap before GC invocations=5 (full 0):
 PSYoungGen      total 29696K, used 29683K [0x00000000d5580000, 0x00000000d7680000, 0x0000000100000000)
  eden space 25600K, 100% used [0x00000000d5580000,0x00000000d6e80000,0x00000000d6e80000)
  from space 4096K, 99% used [0x00000000d7280000,0x00000000d767ce88,0x00000000d7680000)
  to   space 4096K, 0% used [0x00000000d6e80000,0x00000000d6e80000,0x00000000d7280000)
 ParOldGen       total 68608K, used 6955K [0x0000000080000000, 0x0000000084300000, 0x00000000d5580000)
  object space 68608K, 10% used [0x0000000080000000,0x00000000806cac18,0x0000000084300000)
 Metaspace       used 15680K, committed 16384K, reserved 1114112K
  class space    used 1624K, committed 1920K, reserved 1048576K
}
Event: 14.153 GC heap after
{Heap after GC invocations=5 (full 0):
 PSYoungGen      total 29184K, used 4085K [0x00000000d5580000, 0x00000000d7900000, 0x0000000100000000)
  eden space 25088K, 0% used [0x00000000d5580000,0x00000000d5580000,0x00000000d6e00000)
  from space 4096K, 99% used [0x00000000d6e80000,0x00000000d727d448,0x00000000d7280000)
  to   space 5632K, 0% used [0x00000000d7380000,0x00000000d7380000,0x00000000d7900000)
 ParOldGen       total 68608K, used 7955K [0x0000000080000000, 0x0000000084300000, 0x00000000d5580000)
  object space 68608K, 11% used [0x0000000080000000,0x00000000807c4c28,0x0000000084300000)
 Metaspace       used 15680K, committed 16384K, reserved 1114112K
  class space    used 1624K, committed 1920K, reserved 1048576K
}
Event: 17.182 GC heap before
{Heap before GC invocations=6 (full 0):
 PSYoungGen      total 29184K, used 29173K [0x00000000d5580000, 0x00000000d7900000, 0x0000000100000000)
  eden space 25088K, 100% used [0x00000000d5580000,0x00000000d6e00000,0x00000000d6e00000)
  from space 4096K, 99% used [0x00000000d6e80000,0x00000000d727d448,0x00000000d7280000)
  to   space 5632K, 0% used [0x00000000d7380000,0x00000000d7380000,0x00000000d7900000)
 ParOldGen       total 68608K, used 7955K [0x0000000080000000, 0x0000000084300000, 0x00000000d5580000)
  object space 68608K, 11% used [0x0000000080000000,0x00000000807c4c28,0x0000000084300000)
 Metaspace       used 18776K, committed 19520K, reserved 1114112K
  class space    used 1970K, committed 2240K, reserved 1048576K
}
Event: 17.189 GC heap after
{Heap after GC invocations=6 (full 0):
 PSYoungGen      total 29696K, used 4949K [0x00000000d5580000, 0x00000000d7880000, 0x0000000100000000)
  eden space 24576K, 0% used [0x00000000d5580000,0x00000000d5580000,0x00000000d6d80000)
  from space 5120K, 96% used [0x00000000d7380000,0x00000000d7855460,0x00000000d7880000)
  to   space 5120K, 0% used [0x00000000d6e80000,0x00000000d6e80000,0x00000000d7380000)
 ParOldGen       total 68608K, used 7963K [0x0000000080000000, 0x0000000084300000, 0x00000000d5580000)
  object space 68608K, 11% used [0x0000000080000000,0x00000000807c6c28,0x0000000084300000)
 Metaspace       used 18776K, committed 19520K, reserved 1114112K
  class space    used 1970K, committed 2240K, reserved 1048576K
}
Event: 18.403 GC heap before
{Heap before GC invocations=7 (full 0):
 PSYoungGen      total 29696K, used 23867K [0x00000000d5580000, 0x00000000d7880000, 0x0000000100000000)
  eden space 24576K, 76% used [0x00000000d5580000,0x00000000d67f9b48,0x00000000d6d80000)
  from space 5120K, 96% used [0x00000000d7380000,0x00000000d7855460,0x00000000d7880000)
  to   space 5120K, 0% used [0x00000000d6e80000,0x00000000d6e80000,0x00000000d7380000)
 ParOldGen       total 68608K, used 7963K [0x0000000080000000, 0x0000000084300000, 0x00000000d5580000)
  object space 68608K, 11% used [0x0000000080000000,0x00000000807c6c28,0x0000000084300000)
 Metaspace       used 20597K, committed 21504K, reserved 1114112K
  class space    used 2186K, committed 2560K, reserved 1048576K
}
Event: 18.411 GC heap after
{Heap after GC invocations=7 (full 0):
 PSYoungGen      total 29184K, used 4114K [0x00000000d5580000, 0x00000000d7680000, 0x0000000100000000)
  eden space 24576K, 0% used [0x00000000d5580000,0x00000000d5580000,0x00000000d6d80000)
  from space 4608K, 89% used [0x00000000d6e80000,0x00000000d7284ba0,0x00000000d7300000)
  to   space 3584K, 0% used [0x00000000d7300000,0x00000000d7300000,0x00000000d7680000)
 ParOldGen       total 68608K, used 9778K [0x0000000080000000, 0x0000000084300000, 0x00000000d5580000)
  object space 68608K, 14% used [0x0000000080000000,0x000000008098cbc0,0x0000000084300000)
 Metaspace       used 20597K, committed 21504K, reserved 1114112K
  class space    used 2186K, committed 2560K, reserved 1048576K
}
Event: 18.411 GC heap before
{Heap before GC invocations=8 (full 1):
 PSYoungGen      total 29184K, used 4114K [0x00000000d5580000, 0x00000000d7680000, 0x0000000100000000)
  eden space 24576K, 0% used [0x00000000d5580000,0x00000000d5580000,0x00000000d6d80000)
  from space 4608K, 89% used [0x00000000d6e80000,0x00000000d7284ba0,0x00000000d7300000)
  to   space 3584K, 0% used [0x00000000d7300000,0x00000000d7300000,0x00000000d7680000)
 ParOldGen       total 68608K, used 9778K [0x0000000080000000, 0x0000000084300000, 0x00000000d5580000)
  object space 68608K, 14% used [0x0000000080000000,0x000000008098cbc0,0x0000000084300000)
 Metaspace       used 20597K, committed 21504K, reserved 1114112K
  class space    used 2186K, committed 2560K, reserved 1048576K
}
Event: 18.482 GC heap after
{Heap after GC invocations=8 (full 1):
 PSYoungGen      total 29184K, used 0K [0x00000000d5580000, 0x00000000d7680000, 0x0000000100000000)
  eden space 24576K, 0% used [0x00000000d5580000,0x00000000d5580000,0x00000000d6d80000)
  from space 4608K, 0% used [0x00000000d6e80000,0x00000000d6e80000,0x00000000d7300000)
  to   space 3584K, 0% used [0x00000000d7300000,0x00000000d7300000,0x00000000d7680000)
 ParOldGen       total 68608K, used 13365K [0x0000000080000000, 0x0000000084300000, 0x00000000d5580000)
  object space 68608K, 19% used [0x0000000080000000,0x0000000080d0d478,0x0000000084300000)
 Metaspace       used 20584K, committed 21504K, reserved 1114112K
  class space    used 2182K, committed 2560K, reserved 1048576K
}
Event: 19.342 GC heap before
{Heap before GC invocations=9 (full 1):
 PSYoungGen      total 29184K, used 24347K [0x00000000d5580000, 0x00000000d7680000, 0x0000000100000000)
  eden space 24576K, 99% used [0x00000000d5580000,0x00000000d6d46d88,0x00000000d6d80000)
  from space 4608K, 0% used [0x00000000d6e80000,0x00000000d6e80000,0x00000000d7300000)
  to   space 3584K, 0% used [0x00000000d7300000,0x00000000d7300000,0x00000000d7680000)
 ParOldGen       total 68608K, used 13365K [0x0000000080000000, 0x0000000084300000, 0x00000000d5580000)
  object space 68608K, 19% used [0x0000000080000000,0x0000000080d0d478,0x0000000084300000)
 Metaspace       used 22785K, committed 23744K, reserved 1114112K
  class space    used 2360K, committed 2752K, reserved 1048576K
}
Event: 19.345 GC heap after
{Heap after GC invocations=9 (full 1):
 PSYoungGen      total 25600K, used 1200K [0x00000000d5580000, 0x00000000d7480000, 0x0000000100000000)
  eden space 24064K, 0% used [0x00000000d5580000,0x00000000d5580000,0x00000000d6d00000)
  from space 1536K, 78% used [0x00000000d7300000,0x00000000d742c1e8,0x00000000d7480000)
  to   space 2560K, 0% used [0x00000000d6f80000,0x00000000d6f80000,0x00000000d7200000)
 ParOldGen       total 68608K, used 13365K [0x0000000080000000, 0x0000000084300000, 0x00000000d5580000)
  object space 68608K, 19% used [0x0000000080000000,0x0000000080d0d478,0x0000000084300000)
 Metaspace       used 22785K, committed 23744K, reserved 1114112K
  class space    used 2360K, committed 2752K, reserved 1048576K
}
Event: 20.192 GC heap before
{Heap before GC invocations=10 (full 1):
 PSYoungGen      total 25600K, used 25264K [0x00000000d5580000, 0x00000000d7480000, 0x0000000100000000)
  eden space 24064K, 100% used [0x00000000d5580000,0x00000000d6d00000,0x00000000d6d00000)
  from space 1536K, 78% used [0x00000000d7300000,0x00000000d742c1e8,0x00000000d7480000)
  to   space 2560K, 0% used [0x00000000d6f80000,0x00000000d6f80000,0x00000000d7200000)
 ParOldGen       total 68608K, used 13365K [0x0000000080000000, 0x0000000084300000, 0x00000000d5580000)
  object space 68608K, 19% used [0x0000000080000000,0x0000000080d0d478,0x0000000084300000)
 Metaspace       used 26494K, committed 27456K, reserved 1114112K
  class space    used 2703K, committed 3072K, reserved 1048576K
}
Event: 20.195 GC heap after
{Heap after GC invocations=10 (full 1):
 PSYoungGen      total 26112K, used 1382K [0x00000000d5580000, 0x00000000d7380000, 0x0000000100000000)
  eden space 23552K, 0% used [0x00000000d5580000,0x00000000d5580000,0x00000000d6c80000)
  from space 2560K, 54% used [0x00000000d6f80000,0x00000000d70d9b08,0x00000000d7200000)
  to   space 1536K, 0% used [0x00000000d7200000,0x00000000d7200000,0x00000000d7380000)
 ParOldGen       total 68608K, used 13373K [0x0000000080000000, 0x0000000084300000, 0x00000000d5580000)
  object space 68608K, 19% used [0x0000000080000000,0x0000000080d0f478,0x0000000084300000)
 Metaspace       used 26494K, committed 27456K, reserved 1114112K
  class space    used 2703K, committed 3072K, reserved 1048576K
}
Event: 20.618 GC heap before
{Heap before GC invocations=11 (full 1):
 PSYoungGen      total 26112K, used 24934K [0x00000000d5580000, 0x00000000d7380000, 0x0000000100000000)
  eden space 23552K, 100% used [0x00000000d5580000,0x00000000d6c80000,0x00000000d6c80000)
  from space 2560K, 54% used [0x00000000d6f80000,0x00000000d70d9b08,0x00000000d7200000)
  to   space 1536K, 0% used [0x00000000d7200000,0x00000000d7200000,0x00000000d7380000)
 ParOldGen       total 68608K, used 13381K [0x0000000080000000, 0x0000000084300000, 0x00000000d5580000)
  object space 68608K, 19% used [0x0000000080000000,0x0000000080d11488,0x0000000084300000)
 Metaspace       used 28770K, committed 29760K, reserved 1114112K
  class space    used 2911K, committed 3328K, reserved 1048576K
}
Event: 20.621 GC heap after
{Heap after GC invocations=11 (full 1):
 PSYoungGen      total 25088K, used 1531K [0x00000000d5580000, 0x00000000d7380000, 0x0000000100000000)
  eden space 23552K, 0% used [0x00000000d5580000,0x00000000d5580000,0x00000000d6c80000)
  from space 1536K, 99% used [0x00000000d7200000,0x00000000d737eda0,0x00000000d7380000)
  to   space 3584K, 0% used [0x00000000d6c80000,0x00000000d6c80000,0x00000000d7000000)
 ParOldGen       total 68608K, used 14940K [0x0000000080000000, 0x0000000084300000, 0x00000000d5580000)
  object space 68608K, 21% used [0x0000000080000000,0x0000000080e97390,0x0000000084300000)
 Metaspace       used 28770K, committed 29760K, reserved 1114112K
  class space    used 2911K, committed 3328K, reserved 1048576K
}
Event: 21.515 GC heap before
{Heap before GC invocations=12 (full 1):
 PSYoungGen      total 25088K, used 25083K [0x00000000d5580000, 0x00000000d7380000, 0x0000000100000000)
  eden space 23552K, 100% used [0x00000000d5580000,0x00000000d6c80000,0x00000000d6c80000)
  from space 1536K, 99% used [0x00000000d7200000,0x00000000d737eda0,0x00000000d7380000)
  to   space 3584K, 0% used [0x00000000d6c80000,0x00000000d6c80000,0x00000000d7000000)
 ParOldGen       total 68608K, used 14942K [0x0000000080000000, 0x0000000084300000, 0x00000000d5580000)
  object space 68608K, 21% used [0x0000000080000000,0x0000000080e97b78,0x0000000084300000)
 Metaspace       used 30224K, committed 31168K, reserved 1114112K
  class space    used 3107K, committed 3520K, reserved 1048576K
}
Event: 21.518 GC heap after
{Heap after GC invocations=12 (full 1):
 PSYoungGen      total 26624K, used 844K [0x00000000d5580000, 0x00000000d7280000, 0x0000000100000000)
  eden space 23040K, 0% used [0x00000000d5580000,0x00000000d5580000,0x00000000d6c00000)
  from space 3584K, 23% used [0x00000000d6c80000,0x00000000d6d53360,0x00000000d7000000)
  to   space 2048K, 0% used [0x00000000d7080000,0x00000000d7080000,0x00000000d7280000)
 ParOldGen       total 68608K, used 16354K [0x0000000080000000, 0x0000000084300000, 0x00000000d5580000)
  object space 68608K, 23% used [0x0000000080000000,0x0000000080ff8b90,0x0000000084300000)
 Metaspace       used 30224K, committed 31168K, reserved 1114112K
  class space    used 3107K, committed 3520K, reserved 1048576K
}

Dll operation events (20 events):
Event: 0.039 Attempting to load shared library c:\Users\jeeho\.vscode\extensions\redhat.java-1.56.0-win32-x64\jre\21.0.12.1-win32-x86_64\bin\java.dll
Event: 0.039 Loaded shared library c:\Users\jeeho\.vscode\extensions\redhat.java-1.56.0-win32-x64\jre\21.0.12.1-win32-x86_64\bin\java.dll
Event: 0.111 Attempting to load shared library c:\Users\jeeho\.vscode\extensions\redhat.java-1.56.0-win32-x64\jre\21.0.12.1-win32-x86_64\bin\zip.dll
Event: 0.116 Loaded shared library c:\Users\jeeho\.vscode\extensions\redhat.java-1.56.0-win32-x64\jre\21.0.12.1-win32-x86_64\bin\zip.dll
Event: 0.232 Attempting to load shared library C:\Users\jeeho\.vscode\extensions\redhat.java-1.56.0-win32-x64\jre\21.0.12.1-win32-x86_64\bin\instrument.dll
Event: 0.232 Loaded shared library C:\Users\jeeho\.vscode\extensions\redhat.java-1.56.0-win32-x64\jre\21.0.12.1-win32-x86_64\bin\instrument.dll
Event: 0.242 Attempting to load shared library C:\Users\jeeho\.vscode\extensions\redhat.java-1.56.0-win32-x64\jre\21.0.12.1-win32-x86_64\bin\net.dll
Event: 0.249 Loaded shared library C:\Users\jeeho\.vscode\extensions\redhat.java-1.56.0-win32-x64\jre\21.0.12.1-win32-x86_64\bin\net.dll
Event: 0.255 Attempting to load shared library C:\Users\jeeho\.vscode\extensions\redhat.java-1.56.0-win32-x64\jre\21.0.12.1-win32-x86_64\bin\nio.dll
Event: 0.261 Loaded shared library C:\Users\jeeho\.vscode\extensions\redhat.java-1.56.0-win32-x64\jre\21.0.12.1-win32-x86_64\bin\nio.dll
Event: 0.269 Attempting to load shared library C:\Users\jeeho\.vscode\extensions\redhat.java-1.56.0-win32-x64\jre\21.0.12.1-win32-x86_64\bin\zip.dll
Event: 0.269 Loaded shared library C:\Users\jeeho\.vscode\extensions\redhat.java-1.56.0-win32-x64\jre\21.0.12.1-win32-x86_64\bin\zip.dll
Event: 0.306 Attempting to load shared library C:\Users\jeeho\.vscode\extensions\redhat.java-1.56.0-win32-x64\jre\21.0.12.1-win32-x86_64\bin\jimage.dll
Event: 0.306 Loaded shared library C:\Users\jeeho\.vscode\extensions\redhat.java-1.56.0-win32-x64\jre\21.0.12.1-win32-x86_64\bin\jimage.dll
Event: 0.451 Attempting to load shared library c:\Users\jeeho\.vscode\extensions\redhat.java-1.56.0-win32-x64\jre\21.0.12.1-win32-x86_64\bin\verify.dll
Event: 0.453 Loaded shared library c:\Users\jeeho\.vscode\extensions\redhat.java-1.56.0-win32-x64\jre\21.0.12.1-win32-x86_64\bin\verify.dll
Event: 4.710 Attempting to load shared library C:\Users\jeeho\AppData\Roaming\Code\User\globalStorage\redhat.java\1.56.0\config_win\org.eclipse.equinox.launcher\org.eclipse.equinox.launcher.win32.win32.x86_64_1.3.100.v20260804-1928\eclipse_11924.dll
Event: 4.719 Loaded shared library C:\Users\jeeho\AppData\Roaming\Code\User\globalStorage\redhat.java\1.56.0\config_win\org.eclipse.equinox.launcher\org.eclipse.equinox.launcher.win32.win32.x86_64_1.3.100.v20260804-1928\eclipse_11924.dll
Event: 15.209 Attempting to load shared library C:\Users\jeeho\AppData\Local\Temp\jna-101002513\jna16660003338015032536.dll
Event: 15.668 Loaded shared library C:\Users\jeeho\AppData\Local\Temp\jna-101002513\jna16660003338015032536.dll

Deoptimization events (20 events):
Event: 21.172 Thread 0x00000196f0dbe3a0 Uncommon trap: trap_request=0xffffffde fr.pc=0x00000196a2075f90 relative=0x0000000000000390
Event: 21.172 Thread 0x00000196f0dbe3a0 Uncommon trap: reason=class_check action=maybe_recompile pc=0x00000196a2075f90 method=java.util.regex.Pattern$BmpCharPropertyGreedy.match(Ljava/util/regex/Matcher;ILjava/lang/CharSequence;)Z @ 21 c2
Event: 21.172 Thread 0x00000196f0dbe3a0 DEOPT PACKING pc=0x00000196a2075f90 sp=0x000000072e5fdc60
Event: 21.172 Thread 0x00000196f0dbe3a0 DEOPT UNPACKING pc=0x00000196a19a3aa2 sp=0x000000072e5fdbf0 mode 2
Event: 21.260 Thread 0x00000196f0dbe3a0 Uncommon trap: trap_request=0xffffff45 fr.pc=0x00000196a201ec54 relative=0x0000000000000134
Event: 21.260 Thread 0x00000196f0dbe3a0 Uncommon trap: reason=unstable_if action=reinterpret pc=0x00000196a201ec54 method=java.util.ArrayList.indexOfRange(Ljava/lang/Object;II)I @ 7 c2
Event: 21.260 Thread 0x00000196f0dbe3a0 DEOPT PACKING pc=0x00000196a201ec54 sp=0x000000072e5fe1f0
Event: 21.260 Thread 0x00000196f0dbe3a0 DEOPT UNPACKING pc=0x00000196a19a3aa2 sp=0x000000072e5fe0b0 mode 2
Event: 21.310 Thread 0x00000196f0dbe3a0 Uncommon trap: trap_request=0xffffff45 fr.pc=0x00000196a2014330 relative=0x0000000000000110
Event: 21.311 Thread 0x00000196f0dbe3a0 Uncommon trap: reason=unstable_if action=reinterpret pc=0x00000196a2014330 method=java.util.ArrayList.indexOfRange(Ljava/lang/Object;II)I @ 7 c2
Event: 21.312 Thread 0x00000196f0dbe3a0 DEOPT PACKING pc=0x00000196a2014330 sp=0x000000072e5fe110
Event: 21.312 Thread 0x00000196f0dbe3a0 DEOPT UNPACKING pc=0x00000196a19a3aa2 sp=0x000000072e5fe0b0 mode 2
Event: 21.571 Thread 0x00000196f0dbe3a0 Uncommon trap: trap_request=0xffffff45 fr.pc=0x00000196a20cb6bc relative=0x00000000000016fc
Event: 21.571 Thread 0x00000196f0dbe3a0 Uncommon trap: reason=unstable_if action=reinterpret pc=0x00000196a20cb6bc method=sun.nio.cs.StreamDecoder.lockedRead0()I @ 30 c2
Event: 21.571 Thread 0x00000196f0dbe3a0 DEOPT PACKING pc=0x00000196a20cb6bc sp=0x000000072e5fdff0
Event: 21.571 Thread 0x00000196f0dbe3a0 DEOPT UNPACKING pc=0x00000196a19a3aa2 sp=0x000000072e5fde48 mode 2
Event: 21.585 Thread 0x00000196f0dbe3a0 Uncommon trap: trap_request=0xffffff45 fr.pc=0x00000196a20d8f30 relative=0x0000000000000a50
Event: 21.585 Thread 0x00000196f0dbe3a0 Uncommon trap: reason=unstable_if action=reinterpret pc=0x00000196a20d8f30 method=org.codehaus.plexus.util.xml.pull.MXParser.nextImpl()I @ 241 c2
Event: 21.585 Thread 0x00000196f0dbe3a0 DEOPT PACKING pc=0x00000196a20d8f30 sp=0x000000072e5fe320
Event: 21.585 Thread 0x00000196f0dbe3a0 DEOPT UNPACKING pc=0x00000196a19a3aa2 sp=0x000000072e5fe290 mode 2

Classes loaded (20 events):
Event: 21.831 Loading class com/sun/org/apache/xerces/internal/dom/NodeImpl done
Event: 21.831 Loading class com/sun/org/apache/xerces/internal/dom/ChildNode done
Event: 21.831 Loading class com/sun/org/apache/xerces/internal/dom/ParentNode done
Event: 21.831 Loading class com/sun/org/apache/xerces/internal/dom/CoreDocumentImpl done
Event: 21.831 Loading class com/sun/org/apache/xerces/internal/dom/DocumentImpl done
Event: 21.832 Loading class com/sun/org/apache/xerces/internal/dom/DeferredDocumentImpl done
Event: 21.835 Loading class com/sun/org/apache/xerces/internal/dom/DocumentTypeImpl
Event: 21.837 Loading class org/w3c/dom/DocumentType
Event: 21.838 Loading class org/w3c/dom/DocumentType done
Event: 21.838 Loading class com/sun/org/apache/xerces/internal/dom/DocumentTypeImpl done
Event: 21.838 Loading class com/sun/org/apache/xerces/internal/dom/ElementImpl
Event: 21.838 Loading class org/w3c/dom/Element
Event: 21.840 Loading class org/w3c/dom/Element done
Event: 21.840 Loading class org/w3c/dom/ElementTraversal
Event: 21.840 Loading class org/w3c/dom/ElementTraversal done
Event: 21.840 Loading class org/w3c/dom/TypeInfo
Event: 21.841 Loading class org/w3c/dom/TypeInfo done
Event: 21.843 Loading class com/sun/org/apache/xerces/internal/dom/ElementImpl done
Event: 21.843 Loading class com/sun/org/apache/xerces/internal/dom/NodeListCache
Event: 21.851 Loading class com/sun/org/apache/xerces/internal/dom/NodeListCache done

Classes unloaded (7 events):
Event: 18.422 Thread 0x00000196972de8f0 Unloading class 0x00000196af1ab000 'java/lang/invoke/LambdaForm$MH+0x00000196af1ab000'
Event: 18.423 Thread 0x00000196972de8f0 Unloading class 0x00000196af1aac00 'java/lang/invoke/LambdaForm$MH+0x00000196af1aac00'
Event: 18.423 Thread 0x00000196972de8f0 Unloading class 0x00000196af1aa800 'java/lang/invoke/LambdaForm$MH+0x00000196af1aa800'
Event: 18.423 Thread 0x00000196972de8f0 Unloading class 0x00000196af1aa400 'java/lang/invoke/LambdaForm$MH+0x00000196af1aa400'
Event: 18.423 Thread 0x00000196972de8f0 Unloading class 0x00000196af1aa000 'java/lang/invoke/LambdaForm$BMH+0x00000196af1aa000'
Event: 18.423 Thread 0x00000196972de8f0 Unloading class 0x00000196af1a9c00 'java/lang/invoke/LambdaForm$DMH+0x00000196af1a9c00'
Event: 18.423 Thread 0x00000196972de8f0 Unloading class 0x00000196af1a8c00 'java/lang/invoke/LambdaForm$DMH+0x00000196af1a8c00'

Classes redefined (0 events):
No events

Internal exceptions (20 events):
Event: 18.334 Thread 0x00000196f5644230 Exception <a 'java/lang/NoSuchMethodError'{0x00000000d66821f0}: 'long java.lang.invoke.Invokers$Holder.invokeExact_MT(java.lang.Object, java.lang.Object)'> (0x00000000d66821f0) 
thrown [s\src\hotspot\share\interpreter\linkResolver.cpp, line 773]
Event: 18.774 Thread 0x00000196f5644230 Exception <a 'java/lang/NoSuchMethodError'{0x00000000d5afe0c8}: 'double java.lang.invoke.DirectMethodHandle$Holder.invokeStatic(java.lang.Object, java.lang.Object)'> (0x00000000d5afe0c8) 
thrown [s\src\hotspot\share\interpreter\linkResolver.cpp, line 773]
Event: 18.775 Thread 0x00000196f5644230 Exception <a 'java/lang/NoSuchMethodError'{0x00000000d5b01758}: 'double java.lang.invoke.DirectMethodHandle$Holder.invokeStaticInit(java.lang.Object, java.lang.Object)'> (0x00000000d5b01758) 
thrown [s\src\hotspot\share\interpreter\linkResolver.cpp, line 773]
Event: 19.652 Thread 0x00000196f0dbdd10 Exception <a 'java/lang/NoSuchMethodError'{0x00000000d5c42118}: 'java.lang.Object java.lang.invoke.DirectMethodHandle$Holder.invokeStaticInit(java.lang.Object, java.lang.Object, java.lang.Object, java.lang.Object, java.lang.Object, java.lang.Object, java.lang.Object)'> (0x00000000d5c42118) 
thrown [s\src\hotspot\share\interpreter\linkResolver.cpp, line 773]
Event: 19.660 Thread 0x00000196f0dbdd10 Exception <a 'java/lang/NoSuchMethodError'{0x00000000d5cc6e40}: 'java.lang.Object java.lang.invoke.Invokers$Holder.invoke_MT(java.lang.Object, java.lang.Object, java.lang.Object, java.lang.Object, java.lang.Object, java.lang.Object, java.lang.Object, java.lang.Object, java.lang.Object)'> (0x00000000d5cc6e40) 
thrown [s\src\hotspot\share\interpreter\linkResolver.cpp, line 773]
Event: 19.694 Thread 0x00000196f0dbdd10 Exception <a 'java/lang/NoSuchMethodError'{0x00000000d5d21c10}: 'int java.lang.invoke.DirectMethodHandle$Holder.invokeVirtual(java.lang.Object, java.lang.Object, java.lang.Object)'> (0x00000000d5d21c10) 
thrown [s\src\hotspot\share\interpreter\linkResolver.cpp, line 773]
Event: 19.698 Thread 0x00000196f0dbdd10 Exception <a 'java/lang/NoSuchMethodError'{0x00000000d5d28a88}: 'int java.lang.invoke.DirectMethodHandle$Holder.invokeStaticInit(java.lang.Object, int, int)'> (0x00000000d5d28a88) 
thrown [s\src\hotspot\share\interpreter\linkResolver.cpp, line 773]
Event: 19.701 Thread 0x00000196f0dbdd10 Exception <a 'java/lang/NoSuchMethodError'{0x00000000d5d2fee8}: 'int java.lang.invoke.DirectMethodHandle$Holder.invokeStaticInit(java.lang.Object, long, long)'> (0x00000000d5d2fee8) 
thrown [s\src\hotspot\share\interpreter\linkResolver.cpp, line 773]
Event: 19.706 Thread 0x00000196f0dbdd10 Exception <a 'java/lang/NoSuchMethodError'{0x00000000d5d36818}: 'int java.lang.invoke.DirectMethodHandle$Holder.invokeStaticInit(java.lang.Object, float, float)'> (0x00000000d5d36818) 
thrown [s\src\hotspot\share\interpreter\linkResolver.cpp, line 773]
Event: 19.709 Thread 0x00000196f0dbdd10 Exception <a 'java/lang/NoSuchMethodError'{0x00000000d5d3cef8}: 'int java.lang.invoke.DirectMethodHandle$Holder.invokeStaticInit(java.lang.Object, double, double)'> (0x00000000d5d3cef8) 
thrown [s\src\hotspot\share\interpreter\linkResolver.cpp, line 773]
Event: 19.715 Thread 0x00000196f0dbdd10 Exception <a 'java/lang/NoSuchMethodError'{0x00000000d5dbef88}: 'int java.lang.invoke.DirectMethodHandle$Holder.invokeStatic(java.lang.Object, long)'> (0x00000000d5dbef88) 
thrown [s\src\hotspot\share\interpreter\linkResolver.cpp, line 773]
Event: 19.725 Thread 0x00000196f0dbe3a0 Exception <a 'java/lang/NoSuchMethodError'{0x00000000d5dd7158}: 'int java.lang.invoke.Invokers$Holder.linkToTargetMethod(java.lang.Object, java.lang.Object)'> (0x00000000d5dd7158) 
thrown [s\src\hotspot\share\interpreter\linkResolver.cpp, line 773]
Event: 19.729 Thread 0x00000196f0dbdd10 Exception <a 'java/lang/NoSuchMethodError'{0x00000000d5e561b8}: 'int java.lang.invoke.DirectMethodHandle$Holder.invokeSpecial(java.lang.Object, java.lang.Object, java.lang.Object, java.lang.Object)'> (0x00000000d5e561b8) 
thrown [s\src\hotspot\share\interpreter\linkResolver.cpp, line 773]
Event: 19.742 Thread 0x00000196f0dbdd10 Exception <a 'java/lang/NoSuchMethodError'{0x00000000d5e6a368}: 'java.lang.Object java.lang.invoke.DirectMethodHandle$Holder.invokeStatic(java.lang.Object, int, java.lang.Object, java.lang.Object)'> (0x00000000d5e6a368) 
thrown [s\src\hotspot\share\interpreter\linkResolver.cpp, line 773]
Event: 19.743 Thread 0x00000196f0dbdd10 Exception <a 'java/lang/NoSuchMethodError'{0x00000000d5f78bf8}: 'java.lang.Object java.lang.invoke.DelegatingMethodHandle$Holder.delegate(java.lang.Object, int, java.lang.Object, java.lang.Object)'> (0x00000000d5f78bf8) 
thrown [s\src\hotspot\share\interpreter\linkResolver.cpp, line 773]
Event: 19.749 Thread 0x00000196f0dbdd10 Exception <a 'java/lang/NoSuchMethodError'{0x00000000d5fa0150}: 'int java.lang.invoke.Invokers$Holder.linkToTargetMethod(java.lang.Object, java.lang.Object, java.lang.Object)'> (0x00000000d5fa0150) 
thrown [s\src\hotspot\share\interpreter\linkResolver.cpp, line 773]
Event: 19.920 Thread 0x00000196f0dbe3a0 Exception <a 'java/lang/NoSuchMethodError'{0x00000000d636b368}: 'java.lang.Object java.lang.invoke.DirectMethodHandle$Holder.invokeSpecialIFC(java.lang.Object, java.lang.Object, java.lang.Object, java.lang.Object)'> (0x00000000d636b368) 
thrown [s\src\hotspot\share\interpreter\linkResolver.cpp, line 773]
Event: 20.629 Thread 0x00000196f5644230 Exception <a 'java/io/FileNotFoundException'{0x00000000d58ce348}> (0x00000000d58ce348) 
thrown [s\src\hotspot\share\prims\jni.cpp, line 520]
Event: 20.631 Thread 0x00000196f5644230 Exception <a 'java/io/FileNotFoundException'{0x00000000d58cf598}> (0x00000000d58cf598) 
thrown [s\src\hotspot\share\prims\jni.cpp, line 520]
Event: 21.148 Thread 0x00000196f0dbe3a0 Exception <a 'java/lang/NoClassDefFoundError'{0x00000000d6214560}: javax/enterprise/inject/Typed> (0x00000000d6214560) 
thrown [s\src\hotspot\share\classfile\systemDictionary.cpp, line 302]

ZGC Phase Switch (0 events):
No events

VM Operations (20 events):
Event: 17.182 Executing safepoint VM operation: ParallelGCFailedAllocation (Allocation Failure)
Event: 17.189 Executing safepoint VM operation: ParallelGCFailedAllocation (Allocation Failure) done
Event: 18.199 Executing safepoint VM operation: Cleanup
Event: 18.199 Executing safepoint VM operation: Cleanup done
Event: 18.403 Executing safepoint VM operation: CollectForMetadataAllocation (Metadata GC Threshold)
Event: 18.482 Executing safepoint VM operation: CollectForMetadataAllocation (Metadata GC Threshold) done
Event: 19.342 Executing safepoint VM operation: ParallelGCFailedAllocation (Allocation Failure)
Event: 19.345 Executing safepoint VM operation: ParallelGCFailedAllocation (Allocation Failure) done
Event: 19.751 Executing non-safepoint VM operation: HandshakeAllThreads (Deoptimize)
Event: 19.751 Executing non-safepoint VM operation: HandshakeAllThreads (Deoptimize) done
Event: 20.192 Executing safepoint VM operation: ParallelGCFailedAllocation (Allocation Failure)
Event: 20.195 Executing safepoint VM operation: ParallelGCFailedAllocation (Allocation Failure) done
Event: 20.617 Executing safepoint VM operation: ParallelGCFailedAllocation (Allocation Failure)
Event: 20.617 Executing safepoint VM operation: ParallelGCFailedAllocation (Allocation Failure) done
Event: 20.617 Executing safepoint VM operation: ParallelGCSystemGC (GCLocker Initiated GC)
Event: 20.621 Executing safepoint VM operation: ParallelGCSystemGC (GCLocker Initiated GC) done
Event: 21.124 Executing non-safepoint VM operation: HandshakeAllThreads (Deoptimize)
Event: 21.124 Executing non-safepoint VM operation: HandshakeAllThreads (Deoptimize) done
Event: 21.515 Executing safepoint VM operation: ParallelGCFailedAllocation (Allocation Failure)
Event: 21.518 Executing safepoint VM operation: ParallelGCFailedAllocation (Allocation Failure) done

Memory protections (0 events):
No events

Nmethod flushes (0 events):
No events

Events (20 events):
Event: 0.137 Thread 0x000001969721c880 Thread added: 0x00000196f0bf70b0
Event: 0.138 Thread 0x000001969721c880 Thread added: 0x00000196f0bf81f0
Event: 0.138 Thread 0x000001969721c880 Thread added: 0x00000196f0bfd950
Event: 0.138 Thread 0x000001969721c880 Thread added: 0x00000196f0c06f60
Event: 0.138 Thread 0x000001969721c880 Thread added: 0x00000196f0c0d850
Event: 0.138 Thread 0x000001969721c880 Thread added: 0x00000196f0c11a40
Event: 0.236 Thread 0x000001969721c880 Thread added: 0x00000196f0dfdc20
Event: 0.614 Thread 0x000001969721c880 Thread added: 0x00000196f0fc04d0
Event: 3.143 Thread 0x000001969721c880 Thread added: 0x00000196f568ae70
Event: 4.691 Thread 0x000001969721c880 Thread added: 0x00000196f57a86f0
Event: 4.989 Thread 0x00000196f57a86f0 Thread added: 0x00000196f5643bc0
Event: 5.007 Thread 0x000001969721c880 Thread added: 0x00000196f5644230
Event: 6.586 Thread 0x00000196f5644230 Thread added: 0x00000196f5b5bf10
Event: 9.084 Thread 0x00000196f5644230 Thread added: 0x00000196f55ea910
Event: 11.269 Thread 0x00000196f5644230 Thread added: 0x00000196f50e7a70
Event: 15.772 Thread 0x00000196f5644230 Thread added: 0x00000196f0dbbc40
Event: 15.986 Thread 0x00000196f5644230 Thread added: 0x00000196f0dbdd10
Event: 16.167 Thread 0x00000196f5644230 Thread added: 0x00000196f0dbe3a0
Event: 19.643 Thread 0x00000196f0dbdd10 Thread added: 0x00000196f0dbb5b0
Event: 19.862 Thread 0x00000196f0dbb5b0 Thread added: 0x00000196f0dbaf20


Dynamic libraries:
0x00007ff6d40a0000 - 0x00007ff6d40ae000 	c:\Users\jeeho\.vscode\extensions\redhat.java-1.56.0-win32-x64\jre\21.0.12.1-win32-x86_64\bin\java.exe
0x00007ff89e780000 - 0x00007ff89e9e7000 	C:\WINDOWS\SYSTEM32\ntdll.dll
0x00007ff89d520000 - 0x00007ff89d5eb000 	C:\WINDOWS\System32\KERNEL32.DLL
0x00007ff89bc80000 - 0x00007ff89c082000 	C:\WINDOWS\System32\KERNELBASE.dll
0x00007ff89c340000 - 0x00007ff89c48c000 	C:\WINDOWS\System32\ucrtbase.dll
0x00007ff887a50000 - 0x00007ff887a6e000 	c:\Users\jeeho\.vscode\extensions\redhat.java-1.56.0-win32-x64\jre\21.0.12.1-win32-x86_64\bin\VCRUNTIME140.dll
0x00007ff887920000 - 0x00007ff887938000 	c:\Users\jeeho\.vscode\extensions\redhat.java-1.56.0-win32-x64\jre\21.0.12.1-win32-x86_64\bin\jli.dll
0x00007ff89e4e0000 - 0x00007ff89e6af000 	C:\WINDOWS\System32\USER32.dll
0x00007ff89ba30000 - 0x00007ff89ba57000 	C:\WINDOWS\System32\win32u.dll
0x00007ff89cc40000 - 0x00007ff89cc6b000 	C:\WINDOWS\System32\GDI32.dll
0x00007ff89c210000 - 0x00007ff89c339000 	C:\WINDOWS\System32\gdi32full.dll
0x00007ff87f080000 - 0x00007ff87f310000 	C:\WINDOWS\WinSxS\amd64_microsoft.windows.common-controls_6595b64144ccf1df_6.0.26100.9278_none_3e0d1ba8e3303201\COMCTL32.dll
0x00007ff89b980000 - 0x00007ff89ba23000 	C:\WINDOWS\System32\msvcp_win.dll
0x00007ff89d8d0000 - 0x00007ff89d979000 	C:\WINDOWS\System32\msvcrt.dll
0x00007ff89dbc0000 - 0x00007ff89dbf1000 	C:\WINDOWS\System32\IMM32.DLL
0x00007ff8960e0000 - 0x00007ff8960ec000 	c:\Users\jeeho\.vscode\extensions\redhat.java-1.56.0-win32-x64\jre\21.0.12.1-win32-x86_64\bin\vcruntime140_1.dll
0x00007ff844d90000 - 0x00007ff844e1d000 	c:\Users\jeeho\.vscode\extensions\redhat.java-1.56.0-win32-x64\jre\21.0.12.1-win32-x86_64\bin\msvcp140.dll
0x00007ff8000c0000 - 0x00007ff800e62000 	c:\Users\jeeho\.vscode\extensions\redhat.java-1.56.0-win32-x64\jre\21.0.12.1-win32-x86_64\bin\server\jvm.dll
0x00007ff89dc00000 - 0x00007ff89dcbc000 	C:\WINDOWS\System32\ADVAPI32.dll
0x00007ff89e350000 - 0x00007ff89e3f9000 	C:\WINDOWS\System32\sechost.dll
0x00007ff89c4b0000 - 0x00007ff89c5c8000 	C:\WINDOWS\System32\RPCRT4.dll
0x00007ff89d980000 - 0x00007ff89da00000 	C:\WINDOWS\System32\WS2_32.dll
0x00007ff89b7e0000 - 0x00007ff89b83e000 	C:\WINDOWS\SYSTEM32\POWRPROF.dll
0x00007ff883e70000 - 0x00007ff883ea6000 	C:\WINDOWS\SYSTEM32\WINMM.dll
0x00007ff87f4b0000 - 0x00007ff87f4bb000 	C:\WINDOWS\SYSTEM32\VERSION.dll
0x00007ff89b7c0000 - 0x00007ff89b7d5000 	C:\WINDOWS\SYSTEM32\UMPDC.dll
0x00007ff89a5b0000 - 0x00007ff89a5cb000 	C:\WINDOWS\SYSTEM32\kernel.appcore.dll
0x00007ff8960c0000 - 0x00007ff8960ca000 	c:\Users\jeeho\.vscode\extensions\redhat.java-1.56.0-win32-x64\jre\21.0.12.1-win32-x86_64\bin\jimage.dll
0x00007ff898ed0000 - 0x00007ff89911c000 	C:\WINDOWS\SYSTEM32\DBGHELP.DLL
0x00007ff89df00000 - 0x00007ff89e285000 	C:\WINDOWS\System32\combase.dll
0x00007ff89e400000 - 0x00007ff89e4d9000 	C:\WINDOWS\System32\OLEAUT32.dll
0x00007ff885300000 - 0x00007ff88533b000 	C:\WINDOWS\SYSTEM32\dbgcore.DLL
0x00007ff89c150000 - 0x00007ff89c1fc000 	C:\WINDOWS\System32\bcryptPrimitives.dll
0x00007ff891ba0000 - 0x00007ff891baf000 	c:\Users\jeeho\.vscode\extensions\redhat.java-1.56.0-win32-x64\jre\21.0.12.1-win32-x86_64\bin\instrument.dll
0x00007ff8836c0000 - 0x00007ff8836e0000 	c:\Users\jeeho\.vscode\extensions\redhat.java-1.56.0-win32-x64\jre\21.0.12.1-win32-x86_64\bin\java.dll
0x00007ff89cc70000 - 0x00007ff89d408000 	C:\WINDOWS\System32\SHELL32.dll
0x00007ff8993e0000 - 0x00007ff899c8e000 	C:\WINDOWS\SYSTEM32\windows.storage.dll
0x00007ff89d700000 - 0x00007ff89d7fb000 	C:\WINDOWS\System32\SHCORE.dll
0x00007ff89d850000 - 0x00007ff89d8b6000 	C:\WINDOWS\System32\shlwapi.dll
0x00007ff89b8a0000 - 0x00007ff89b8c9000 	C:\WINDOWS\SYSTEM32\profapi.dll
0x00007ff882690000 - 0x00007ff8826a8000 	c:\Users\jeeho\.vscode\extensions\redhat.java-1.56.0-win32-x64\jre\21.0.12.1-win32-x86_64\bin\zip.dll
0x00007ff895fb0000 - 0x00007ff895fc0000 	C:\Users\jeeho\.vscode\extensions\redhat.java-1.56.0-win32-x64\jre\21.0.12.1-win32-x86_64\bin\net.dll
0x00007ff88fb00000 - 0x00007ff88fc2a000 	C:\WINDOWS\SYSTEM32\WINHTTP.dll
0x00007ff89ac10000 - 0x00007ff89ac7c000 	C:\WINDOWS\system32\mswsock.dll
0x00007ff8825c0000 - 0x00007ff8825d6000 	C:\Users\jeeho\.vscode\extensions\redhat.java-1.56.0-win32-x64\jre\21.0.12.1-win32-x86_64\bin\nio.dll
0x00007ff889e60000 - 0x00007ff889e70000 	c:\Users\jeeho\.vscode\extensions\redhat.java-1.56.0-win32-x64\jre\21.0.12.1-win32-x86_64\bin\verify.dll
0x00007ff8819f0000 - 0x00007ff881a35000 	C:\Users\jeeho\AppData\Roaming\Code\User\globalStorage\redhat.java\1.56.0\config_win\org.eclipse.equinox.launcher\org.eclipse.equinox.launcher.win32.win32.x86_64_1.3.100.v20260804-1928\eclipse_11924.dll
0x00007ff89dcd0000 - 0x00007ff89de6a000 	C:\WINDOWS\System32\ole32.dll
0x00007ff89af00000 - 0x00007ff89af1b000 	C:\WINDOWS\SYSTEM32\CRYPTSP.dll
0x00007ff89a5d0000 - 0x00007ff89a609000 	C:\WINDOWS\system32\rsaenh.dll
0x00007ff89acc0000 - 0x00007ff89acf4000 	C:\WINDOWS\SYSTEM32\USERENV.dll
0x00007ff89b870000 - 0x00007ff89b89a000 	C:\WINDOWS\SYSTEM32\bcrypt.dll
0x00007ff89af20000 - 0x00007ff89af2c000 	C:\WINDOWS\SYSTEM32\CRYPTBASE.dll
0x00007ff89a0b0000 - 0x00007ff89a0e3000 	C:\WINDOWS\SYSTEM32\IPHLPAPI.DLL
0x00007ff89d8c0000 - 0x00007ff89d8ca000 	C:\WINDOWS\System32\NSI.dll
0x00007ff85b300000 - 0x00007ff85b349000 	C:\Users\jeeho\AppData\Local\Temp\jna-101002513\jna16660003338015032536.dll
0x00007ff89d5f0000 - 0x00007ff89d5f8000 	C:\WINDOWS\System32\PSAPI.DLL

JVMTI agents:
c:\Users\jeeho\.vscode\extensions\redhat.java-1.56.0-win32-x64\lombok\lombok-1.18.39-4050.jar path:c:\Users\jeeho\.vscode\extensions\redhat.java-1.56.0-win32-x64\jre\21.0.12.1-win32-x86_64\bin\instrument.dll, loaded, initialized, instrumentlib options:none

dbghelp: loaded successfully - version: 4.0.5 - missing functions: none
symbol engine: initialized successfully - sym options: 0x614 - pdb path: .;c:\Users\jeeho\.vscode\extensions\redhat.java-1.56.0-win32-x64\jre\21.0.12.1-win32-x86_64\bin;C:\WINDOWS\SYSTEM32;C:\WINDOWS\WinSxS\amd64_microsoft.windows.common-controls_6595b64144ccf1df_6.0.26100.9278_none_3e0d1ba8e3303201;c:\Users\jeeho\.vscode\extensions\redhat.java-1.56.0-win32-x64\jre\21.0.12.1-win32-x86_64\bin\server;C:\Users\jeeho\AppData\Roaming\Code\User\globalStorage\redhat.java\1.56.0\config_win\org.eclipse.equinox.launcher\org.eclipse.equinox.launcher.win32.win32.x86_64_1.3.100.v20260804-1928;C:\Users\jeeho\AppData\Local\Temp\jna-101002513

VM Arguments:
jvm_args: --add-modules=ALL-SYSTEM --add-opens=java.base/java.util=ALL-UNNAMED --add-opens=java.base/java.lang=ALL-UNNAMED --add-opens=java.base/sun.nio.fs=ALL-UNNAMED -Declipse.application=org.eclipse.jdt.ls.core.id1 -Dosgi.bundles.defaultStartLevel=4 -Declipse.product=org.eclipse.jdt.ls.core.product -Djava.import.generatesMetadataFilesAtProjectRoot=false -Dm2e.project.cache.size=50 -DDetectVMInstallationsJob.disabled=true -Dfile.encoding=utf8 -XX:+UseParallelGC -XX:GCTimeRatio=4 -XX:AdaptiveSizePolicyWeight=90 -Dsun.zip.disableMemoryMapping=true -Xmx2G -Xms100m -Xlog:disable -javaagent:c:\Users\jeeho\.vscode\extensions\redhat.java-1.56.0-win32-x64\lombok\lombok-1.18.39-4050.jar -XX:+HeapDumpOnOutOfMemoryError -XX:HeapDumpPath=c:\Users\jeeho\AppData\Roaming\Code\User\workspaceStorage\7caecd79442af921e5ea7064fd4da5f2\redhat.java -Daether.dependencyCollector.impl=bf 
java_command: c:\Users\jeeho\.vscode\extensions\redhat.java-1.56.0-win32-x64\server\plugins\org.eclipse.equinox.launcher_1.8.0.v20260804-1928.jar -configuration c:\Users\jeeho\AppData\Roaming\Code\User\globalStorage\redhat.java\1.56.0\config_win -data c:\Users\jeeho\AppData\Roaming\Code\User\workspaceStorage\7caecd79442af921e5ea7064fd4da5f2\redhat.java\jdt_ws --stdio
java_class_path (initial): c:\Users\jeeho\.vscode\extensions\redhat.java-1.56.0-win32-x64\server\plugins\org.eclipse.equinox.launcher_1.8.0.v20260804-1928.jar
Launcher Type: SUN_STANDARD

[Global flags]
    uintx AdaptiveSizePolicyWeight                 = 90                                        {product} {command line}
     intx CICompilerCount                          = 4                                         {product} {ergonomic}
    uintx GCTimeRatio                              = 4                                         {product} {command line}
     bool HeapDumpOnOutOfMemoryError               = true                                   {manageable} {command line}
    ccstr HeapDumpPath                             = c:\Users\jeeho\AppData\Roaming\Code\User\workspaceStorage\7caecd79442af921e5ea7064fd4da5f2\redhat.java         {manageable} {command line}
   size_t InitialHeapSize                          = 104857600                                 {product} {command line}
   size_t MaxHeapSize                              = 2147483648                                {product} {command line}
   size_t MaxNewSize                               = 715653120                                 {product} {ergonomic}
   size_t MinHeapDeltaBytes                        = 524288                                    {product} {ergonomic}
   size_t MinHeapSize                              = 104857600                                 {product} {command line}
   size_t NewSize                                  = 34603008                                  {product} {ergonomic}
    uintx NonNMethodCodeHeapSize                   = 5839372                                {pd product} {ergonomic}
    uintx NonProfiledCodeHeapSize                  = 122909434                              {pd product} {ergonomic}
   size_t OldSize                                  = 70254592                                  {product} {ergonomic}
    uintx ProfiledCodeHeapSize                     = 122909434                              {pd product} {ergonomic}
    uintx ReservedCodeCacheSize                    = 251658240                              {pd product} {ergonomic}
     bool SegmentedCodeCache                       = true                                      {product} {ergonomic}
   size_t SoftMaxHeapSize                          = 2147483648                             {manageable} {ergonomic}
     bool UseCompressedOops                        = true                           {product lp64_product} {ergonomic}
     bool UseLargePagesIndividualAllocation        = false                                  {pd product} {ergonomic}
     bool UseParallelGC                            = true                                      {product} {command line}

Logging:
Log output configuration:
 #0: stdout all=off uptime,level,tags foldmultilines=false
 #1: stderr all=off uptime,level,tags foldmultilines=false

Release file:
JAVA_VERSION="21.0.12.1" 
MODULES="java.base java.compiler java.datatransfer java.xml java.prefs java.desktop java.instrument java.logging java.management java.security.sasl java.naming java.rmi java.management.rmi java.net.http java.scripting java.security.jgss java.transaction.xa java.sql java.sql.rowset java.xml.crypto java.se java.smartcardio jdk.accessibility jdk.internal.jvmstat jdk.attach jdk.charsets jdk.internal.opt jdk.zipfs jdk.compiler jdk.crypto.ec jdk.crypto.cryptoki jdk.crypto.mscapi jdk.dynalink jdk.internal.ed jdk.editpad jdk.hotspot.agent jdk.httpserver jdk.internal.le jdk.internal.vm.ci jdk.internal.vm.compiler jdk.internal.vm.compiler.management jdk.jartool jdk.javadoc jdk.jcmd jdk.management jdk.management.agent jdk.jconsole jdk.jdeps jdk.jdwp.agent jdk.jdi jdk.jfr jdk.jshell jdk.jsobject jdk.jstatd jdk.localedata jdk.management.jfr jdk.naming.dns jdk.naming.rmi jdk.net jdk.nio.mapmode jdk.random jdk.sctp jdk.security.auth jdk.security.jgss jdk.unsupported jdk.unsupported.desktop jdk.xml.dom" 

Environment Variables:
JAVA_HOME=C:\Program Files\Java\jdk-21.0.10
PATH=C:\Program Files\Common Files\Oracle\Java\javapath;C:\Program Files (x86)\NAT Service;C:\WINDOWS\system32;C:\WINDOWS;C:\WINDOWS\System32\Wbem;C:\WINDOWS\System32\WindowsPowerShell\v1.0\;C:\WINDOWS\System32\OpenSSH\;C:\Program Files\dotnet\;C:\Program Files\Git\cmd;C:\Program Files\Java\jdk-21.0.10\bin;C:\Program Files (x86)\Windows Kits\10\Windows Performance Toolkit\;C:\Users\jeeho\.local\bin;C:\Users\jeeho\AppData\Local\Programs\Python\Python313\Scripts\;C:\Users\jeeho\AppData\Local\Programs\Python\Python313\;C:\Users\jeeho\AppData\Local\Programs\Python\Launcher\;C:\Users\jeeho\AppData\Local\Microsoft\WindowsApps;C:\Users\jeeho\AppData\Local\Python\bin;C:\Users\jeeho\AppData\Local\SOOP;C:\Users\jeeho\AppData\Local\Programs\Microsoft VS Code\bin;C:\Users\jeeho\AppData\Local\GitHubDesktop\bin;C:\Users\jeeho\.dotnet\tools
USERNAME=jeeho
OS=Windows_NT
PROCESSOR_IDENTIFIER=Intel64 Family 6 Model 154 Stepping 4, GenuineIntel
TMP=C:\Users\jeeho\AppData\Local\Temp
TEMP=C:\Users\jeeho\AppData\Local\Temp




Periodic native trim disabled

---------------  S Y S T E M  ---------------

OS:
 Windows 11 , 64 bit Build 26100 (10.0.26100.9444)
OS uptime: 1 days 5:25 hours
Hyper-V role detected

CPU: total 12 (initial active 12) (6 cores per cpu, 2 threads per core) family 6 model 154 stepping 4 microcode 0x423, cx8, cmov, fxsr, ht, mmx, 3dnowpref, sse, sse2, sse3, ssse3, sse4.1, sse4.2, popcnt, lzcnt, tsc, tscinvbit, avx, avx2, aes, erms, clmul, bmi1, bmi2, adx, sha, fma, vzeroupper, clflush, clflushopt, clwb, hv, serialize, rdtscp, rdpid, fsrm, f16c, cet_ibt, cet_ss
Processor Information for processor 0
  Max Mhz: 1700, Current Mhz: 1700, Mhz Limit: 1700
Processor Information for processor 1
  Max Mhz: 1700, Current Mhz: 1700, Mhz Limit: 1700
Processor Information for processor 2
  Max Mhz: 1700, Current Mhz: 1700, Mhz Limit: 1700
Processor Information for processor 3
  Max Mhz: 1700, Current Mhz: 1700, Mhz Limit: 1700
Processor Information for processor 4
  Max Mhz: 1700, Current Mhz: 1200, Mhz Limit: 1190
Processor Information for processor 5
  Max Mhz: 1700, Current Mhz: 1200, Mhz Limit: 1190
Processor Information for processor 6
  Max Mhz: 1700, Current Mhz: 1200, Mhz Limit: 1190
Processor Information for processor 7
  Max Mhz: 1700, Current Mhz: 1200, Mhz Limit: 1190
Processor Information for processor 8
  Max Mhz: 1700, Current Mhz: 1200, Mhz Limit: 1190
Processor Information for processor 9
  Max Mhz: 1700, Current Mhz: 1200, Mhz Limit: 1190
Processor Information for processor 10
  Max Mhz: 1700, Current Mhz: 1200, Mhz Limit: 1190
Processor Information for processor 11
  Max Mhz: 1700, Current Mhz: 1200, Mhz Limit: 1190

Memory: 4k page, system-wide physical 7893M (170M free)
TotalPageFile size 32469M (AvailPageFile size 0M)
current process WorkingSet (physical memory assigned to process): 166M, peak: 167M
current process commit charge ("private bytes"): 302M, peak: 307M

vm_info: OpenJDK 64-Bit Server VM (21.0.12.1+1-LTS) for windows-amd64 JRE (21.0.12.1+1-LTS), built on 2026-08-18T00:00:00Z by "admin" with MS VC++ 17.12 (VS2022)

END.
